2025-07-30 08:43:19,081 - INFO - Total 3337 links found in bomayhanhchinh_1.txt
2025-07-30 08:43:19,081 - INFO - Processing batch 0 to 1
2025-07-30 08:43:21,010 - ERROR - Error saving document TXT 0: Message: Unable to obtain driver for chrome; For documentation on this error, please visit: https://www.selenium.dev/documentation/webdriver/troubleshooting/errors/driver_location

2025-07-30 08:43:26,669 - INFO - Total 3337 links found in bomayhanhchinh_1.txt
2025-07-30 08:43:26,669 - INFO - Processing batch 0 to 1
2025-07-30 08:43:44,393 - INFO - ⏳ Waiting 3.02s for user emulation...
2025-07-30 08:43:48,895 - INFO - ⏳ Waiting 3.76s for user emulation...
2025-07-30 08:43:53,998 - INFO - Saved txt: download_bomayhanhchinh_1/1_Quyet-dinh-1603-QD-UBND-2025-cong-bo-Danh-muc-thu-tuc-hanh-chinh-So-Xay-dung-Lai-Chau-662696.txt
2025-07-30 08:43:54,063 - INFO - ⏳ 4.34s between batches...
2025-07-30 08:43:58,407 - INFO - Processing batch 1 to 2
2025-07-30 08:44:00,565 - INFO - ⏳ Waiting 3.71s for user emulation...
2025-07-30 08:44:05,714 - INFO - ⏳ Waiting 4.80s for user emulation...
2025-07-30 08:44:12,064 - INFO - Saved txt: download_bomayhanhchinh_1/2_Quyet-dinh-1600-QD-UBND-2025-cong-bo-thu-tuc-hanh-chinh-An-toan-thuc-pham-So-Y-te-Lai-Chau-663058.txt
2025-07-30 08:44:12,128 - INFO - ⏳ 4.87s between batches...
2025-07-30 08:44:16,997 - INFO - Processing batch 2 to 3
2025-07-30 08:44:19,098 - INFO - ⏳ Waiting 2.23s for user emulation...
2025-07-30 08:44:23,510 - INFO - ⏳ Waiting 3.32s for user emulation...
2025-07-30 08:44:27,452 - INFO - Saved txt: download_bomayhanhchinh_1/3_Thong-tu-11-2025-TT-BTP-sua-doi-Thong-tu-linh-vuc-quan-ly-nha-nuoc-cua-Bo-Tu-phap-662710.txt
2025-07-30 08:44:27,516 - INFO - ⏳ 4.09s between batches...
2025-07-30 08:44:31,605 - INFO - Processing batch 3 to 4
2025-07-30 08:44:33,216 - INFO - ⏳ Waiting 3.36s for user emulation...
2025-07-30 08:44:38,066 - INFO - ⏳ Waiting 4.26s for user emulation...
2025-07-30 08:44:42,968 - INFO - Saved txt: download_bomayhanhchinh_1/4_Thong-tu-02-2025-TT-TTCP-thuc-hien-quy-dinh-quan-ly-nha-nuoc-cua-Thanh-tra-Chinh-phu-662807.txt
2025-07-30 08:44:43,033 - INFO - ⏳ 4.73s between batches...
2025-07-30 08:44:47,762 - INFO - Processing batch 4 to 5
2025-07-30 08:44:49,376 - INFO - ⏳ Waiting 3.09s for user emulation...
2025-07-30 08:44:54,295 - INFO - ⏳ Waiting 5.62s for user emulation...
2025-07-30 08:45:01,133 - INFO - Saved txt: download_bomayhanhchinh_1/5_Thong-tu-57-2025-TT-BTC-huong-dan-chuc-nang-nhiem-vu-So-Tai-chinh-thuoc-Uy-ban-cap-tinh-662965.txt
2025-07-30 08:45:01,198 - INFO - ⏳ 3.16s between batches...
2025-07-30 08:45:04,354 - INFO - Processing batch 5 to 6
2025-07-30 08:45:06,052 - INFO - ⏳ Waiting 3.90s for user emulation...
2025-07-30 08:45:12,246 - INFO - ⏳ Waiting 4.48s for user emulation...
2025-07-30 08:45:18,092 - INFO - Saved txt: download_bomayhanhchinh_1/6_Quyet-dinh-1693-QD-BGDDT-2025-cong-bo-thu-tuc-hanh-chinh-sua-doi-linh-vuc-giao-duc-trung-hoc-662877.txt
2025-07-30 08:45:18,158 - INFO - ⏳ 4.15s between batches...
2025-07-30 08:45:22,313 - INFO - Processing batch 6 to 7
2025-07-30 08:45:24,131 - INFO - ⏳ Waiting 3.08s for user emulation...
2025-07-30 08:45:29,195 - INFO - ⏳ Waiting 4.03s for user emulation...
2025-07-30 08:45:34,438 - INFO - Saved txt: download_bomayhanhchinh_1/7_Quyet-dinh-1466-QD-BKHCN-2025-cong-bo-thu-tuc-hanh-chinh-Tieu-chuan-Do-luong-Chat-luong-662983.txt
2025-07-30 08:45:34,502 - INFO - ⏳ 4.52s between batches...
2025-07-30 08:45:39,020 - INFO - Processing batch 7 to 8
2025-07-30 08:45:41,302 - INFO - ⏳ Waiting 2.91s for user emulation...
2025-07-30 08:45:45,703 - INFO - ⏳ Waiting 5.29s for user emulation...
2025-07-30 08:45:51,964 - INFO - Saved txt: download_bomayhanhchinh_1/8_Quyet-dinh-594-QD-UBND-2025-cong-bo-thu-tuc-hanh-chinh-linh-vuc-viec-lam-So-Noi-vu-Gia-Lai-662452.txt
2025-07-30 08:45:52,027 - INFO - ⏳ 3.85s between batches...
2025-07-30 08:45:55,879 - INFO - Processing batch 8 to 9
2025-07-30 08:45:58,096 - INFO - ⏳ Waiting 3.81s for user emulation...
2025-07-30 08:46:03,409 - INFO - ⏳ Waiting 3.47s for user emulation...
2025-07-30 08:46:07,892 - INFO - Saved txt: download_bomayhanhchinh_1/9_Quyet-dinh-598-QD-UBND-2025-cong-bo-thu-tuc-hanh-chinhlinh-vuc-Bao-chi-So-Van-hoa-Gia-Lai-662451.txt
2025-07-30 08:46:07,956 - INFO - ⏳ 3.44s between batches...
2025-07-30 08:46:11,397 - INFO - Processing batch 9 to 10
2025-07-30 08:46:13,038 - INFO - ⏳ Waiting 3.19s for user emulation...
2025-07-30 08:46:18,086 - INFO - ⏳ Waiting 4.76s for user emulation...
2025-07-30 08:46:23,909 - INFO - Saved txt: download_bomayhanhchinh_1/10_Luat-Thanh-tra-2025-so-84-2025-QH15-655378.txt
2025-07-30 08:46:23,975 - INFO - ⏳ 4.87s between batches...
2025-07-30 08:46:28,843 - INFO - Processing batch 10 to 11
2025-07-30 08:46:30,585 - INFO - ⏳ Waiting 3.98s for user emulation...
2025-07-30 08:46:36,113 - INFO - ⏳ Waiting 5.77s for user emulation...
2025-07-30 08:46:42,793 - INFO - Saved txt: download_bomayhanhchinh_1/11_Quyet-dinh-1340-QD-TTg-2025-giai-the-to-chuc-phoi-hop-lien-nganh-662499.txt
2025-07-30 08:46:42,857 - INFO - ⏳ 3.23s between batches...
2025-07-30 08:46:46,088 - INFO - Processing batch 11 to 12
2025-07-30 08:46:48,357 - INFO - ⏳ Waiting 2.88s for user emulation...
2025-07-30 08:46:53,377 - INFO - ⏳ Waiting 3.52s for user emulation...
2025-07-30 08:46:57,543 - INFO - Saved txt: download_bomayhanhchinh_1/12_Thong-tu-06-2025-TT-BDTTG-he-thong-chi-tieu-thong-ke-cong-tac-dan-toc-tin-nguong-ton-giao-663699.txt
2025-07-30 08:46:57,610 - INFO - ⏳ 4.81s between batches...
2025-07-30 08:47:02,420 - INFO - Processing batch 12 to 13
2025-07-30 08:47:04,488 - INFO - ⏳ Waiting 3.69s for user emulation...
2025-07-30 08:47:10,093 - INFO - ⏳ Waiting 3.10s for user emulation...
2025-07-30 08:47:14,551 - INFO - Saved txt: download_bomayhanhchinh_1/13_Luat-Ban-hanh-van-ban-quy-pham-phap-luat-sua-doi-2025-so-87-2025-QH15-662673.txt
2025-07-30 08:47:14,616 - INFO - ⏳ 3.86s between batches...
2025-07-30 08:47:18,478 - INFO - Processing batch 13 to 14
2025-07-30 08:47:20,572 - INFO - ⏳ Waiting 2.84s for user emulation...
2025-07-30 08:47:25,119 - INFO - ⏳ Waiting 5.30s for user emulation...
2025-07-30 08:47:31,538 - INFO - Saved txt: download_bomayhanhchinh_1/14_Quyet-dinh-587-QD-TTCP-2025-cong-bo-thu-tuc-hanh-chinh-cap-xa-sua-doi-cua-Thanh-tra-Chinh-phu-663554.txt
2025-07-30 08:47:31,603 - INFO - ⏳ 4.26s between batches...
2025-07-30 08:47:35,859 - INFO - Processing batch 14 to 15
2025-07-30 08:47:37,612 - INFO - ⏳ Waiting 3.14s for user emulation...
2025-07-30 08:47:43,158 - INFO - ⏳ Waiting 5.73s for user emulation...
2025-07-30 08:47:50,437 - INFO - Saved txt: download_bomayhanhchinh_1/15_Quyet-dinh-1877-QD-BTP-2025-cong-bo-thu-tuc-hanh-chinh-thuc-hien-dich-vu-cong-truc-tuyen-toan-trinh-663555.txt
2025-07-30 08:47:50,507 - INFO - ⏳ 4.51s between batches...
2025-07-30 08:47:55,015 - INFO - Processing batch 15 to 16
2025-07-30 08:47:56,623 - INFO - ⏳ Waiting 2.95s for user emulation...
2025-07-30 08:48:01,173 - INFO - ⏳ Waiting 4.96s for user emulation...
2025-07-30 08:48:07,389 - INFO - Saved txt: download_bomayhanhchinh_1/16_Quyet-dinh-2145-QD-BVHTTDL-2025-cong-bo-thu-tuc-hanh-chinh-phan-dinh-tham-quyen-cua-Bo-Van-hoa-662666.txt
2025-07-30 08:48:07,455 - INFO - ⏳ 4.94s between batches...
2025-07-30 08:48:12,394 - INFO - Processing batch 16 to 17
2025-07-30 08:48:14,055 - INFO - ⏳ Waiting 2.19s for user emulation...
2025-07-30 08:48:17,881 - INFO - ⏳ Waiting 4.20s for user emulation...
2025-07-30 08:48:23,237 - INFO - Saved txt: download_bomayhanhchinh_1/17_Quyet-dinh-593-QD-UBND-2025-%e2%80%8bcong-bo-thu-tuc-hanh-chinh-linh-vuc-lao-dong-So-Noi-vu-Gia-Lai-662449.txt
2025-07-30 08:48:23,303 - INFO - ⏳ 3.77s between batches...
2025-07-30 08:48:27,078 - INFO - Processing batch 17 to 18
2025-07-30 08:48:28,893 - INFO - ⏳ Waiting 2.75s for user emulation...
2025-07-30 08:48:33,038 - INFO - ⏳ Waiting 5.93s for user emulation...
2025-07-30 08:48:40,243 - INFO - Saved txt: download_bomayhanhchinh_1/18_Nghi-quyet-572-2025-NQ-HDND-chinh-sach-ho-tro-mot-lan-ve-cong-tac-tai-tinh-Phu-Tho-sau-sap-xep-Hoa-Binh-662867.txt
2025-07-30 08:48:40,307 - INFO - ⏳ 3.76s between batches...
2025-07-30 08:48:44,064 - INFO - Processing batch 18 to 19
2025-07-30 08:48:46,059 - INFO - ⏳ Waiting 3.87s for user emulation...
2025-07-30 08:48:51,456 - INFO - ⏳ Waiting 3.31s for user emulation...
2025-07-30 08:48:55,730 - INFO - Saved txt: download_bomayhanhchinh_1/19_Quyet-dinh-53-2025-QD-UBND-chuc-nang-nhiem-vu-Truong-Cao-dang-nghe-Tay-Ninh-662822.txt
2025-07-30 08:48:55,794 - INFO - ⏳ 4.70s between batches...
2025-07-30 08:49:00,499 - INFO - Processing batch 19 to 20
2025-07-30 08:49:02,140 - INFO - ⏳ Waiting 3.92s for user emulation...
2025-07-30 08:49:07,716 - INFO - ⏳ Waiting 3.98s for user emulation...
2025-07-30 08:49:13,174 - INFO - Saved txt: download_bomayhanhchinh_1/20_Quyet-dinh-52-2025-QD-UBND-chuc-nang-nhiem-vu-Truong-Trung-cap-Kinh-te-Ky-thuat-Tay-Ninh-662821.txt
2025-07-30 08:49:13,238 - INFO - ⏳ 3.73s between batches...
2025-07-30 08:49:16,972 - INFO - Processing batch 20 to 21
2025-07-30 08:49:18,717 - INFO - ⏳ Waiting 3.87s for user emulation...
2025-07-30 08:49:24,521 - INFO - ⏳ Waiting 5.55s for user emulation...
2025-07-30 08:49:31,420 - INFO - Saved txt: download_bomayhanhchinh_1/21_Nghi-dinh-159-2025-ND-CP-huong-dan-Luat-Bao-hiem-xa-hoi-ve-bao-hiem-xa-hoi-tu-nguyen-634788.txt
2025-07-30 08:49:31,485 - INFO - ⏳ 4.53s between batches...
2025-07-30 08:49:36,015 - INFO - Processing batch 21 to 22
2025-07-30 08:49:37,644 - INFO - ⏳ Waiting 2.68s for user emulation...
2025-07-30 08:49:42,187 - INFO - ⏳ Waiting 5.71s for user emulation...
2025-07-30 08:49:48,884 - INFO - Saved txt: download_bomayhanhchinh_1/22_Nghi-quyet-208-2025-QH15-sua-doi-Nghi-quyet-71-2022-QH15-Noi-quy-ky-hop-Quoc-hoi-662769.txt
2025-07-30 08:49:48,949 - INFO - ⏳ 4.96s between batches...
2025-07-30 08:49:53,908 - INFO - Processing batch 22 to 23
2025-07-30 08:49:55,607 - INFO - ⏳ Waiting 2.46s for user emulation...
2025-07-30 08:49:59,945 - INFO - ⏳ Waiting 5.00s for user emulation...
2025-07-30 08:50:06,375 - INFO - Saved txt: download_bomayhanhchinh_1/23_Luat-sua-doi-Bo-luat-To-tung-dan-su-Luat-To-tung-hanh-chinh-Luat-Tu-phap-nguoi-chua-thanh-nien-2025-651570.txt
2025-07-30 08:50:06,439 - INFO - ⏳ 4.39s between batches...
2025-07-30 08:50:10,825 - INFO - Processing batch 23 to 24
2025-07-30 08:50:12,435 - INFO - ⏳ Waiting 3.26s for user emulation...
2025-07-30 08:50:17,382 - INFO - ⏳ Waiting 5.38s for user emulation...
2025-07-30 08:50:24,001 - INFO - Saved txt: download_bomayhanhchinh_1/24_Nghi-quyet-210-2025-QH15-so-thanh-vien-Uy-ban-Thuong-vu-Quoc-hoi-khoa-XV-662911.txt
2025-07-30 08:50:24,064 - INFO - ⏳ 3.33s between batches...
2025-07-30 08:50:27,395 - INFO - Processing batch 24 to 25
2025-07-30 08:50:29,200 - INFO - ⏳ Waiting 3.11s for user emulation...
2025-07-30 08:50:33,934 - INFO - ⏳ Waiting 3.71s for user emulation...
2025-07-30 08:50:38,768 - INFO - Saved txt: download_bomayhanhchinh_1/25_Thong-tu-01-2025-TT-VPCP-sua-doi-Thong-tu-01-2022-TT-VPCP-chuc-nang-Van-phong-Uy-ban-tinh-662726.txt
2025-07-30 08:50:38,833 - INFO - ⏳ 4.39s between batches...
2025-07-30 08:50:43,224 - INFO - Processing batch 25 to 26
2025-07-30 08:50:44,908 - INFO - ⏳ Waiting 2.58s for user emulation...
2025-07-30 08:50:49,069 - INFO - ⏳ Waiting 3.95s for user emulation...
2025-07-30 08:50:54,445 - INFO - Saved txt: download_bomayhanhchinh_1/26_Quyet-dinh-599-QD-UBND-2025-cong-bo-thu-tuc-hanh-chinh-nguoi-co-cong-So-Noi-vu-Gia-Lai-662450.txt
2025-07-30 08:50:54,509 - INFO - ⏳ 4.33s between batches...
2025-07-30 08:50:58,840 - INFO - Processing batch 26 to 27
2025-07-30 08:51:00,537 - INFO - ⏳ Waiting 3.12s for user emulation...
2025-07-30 08:51:05,449 - INFO - ⏳ Waiting 3.18s for user emulation...
2025-07-30 08:51:10,098 - INFO - Saved txt: download_bomayhanhchinh_1/27_Nghi-dinh-157-2025-ND-CP-huong-dan-Luat-Bao-hiem-xa-hoi-ve-bao-hiem-xa-hoi-bat-buoc-quan-nhan-662578.txt
2025-07-30 08:51:10,169 - INFO - ⏳ 3.28s between batches...
2025-07-30 08:51:13,450 - INFO - Processing batch 27 to 28
2025-07-30 08:51:14,976 - INFO - ⏳ Waiting 2.98s for user emulation...
2025-07-30 08:51:20,211 - INFO - ⏳ Waiting 4.42s for user emulation...
2025-07-30 08:51:25,866 - INFO - Saved txt: download_bomayhanhchinh_1/28_Quyet-dinh-1013-QD-UBND-2025-dich-vu-cong-truc-tuyen-toan-trinh-Ban-Quan-ly-Khu-cong-nghiep-Quang-Ngai-662643.txt
2025-07-30 08:51:25,930 - INFO - ⏳ 3.67s between batches...
2025-07-30 08:51:29,596 - INFO - Processing batch 28 to 29
2025-07-30 08:51:31,271 - INFO - ⏳ Waiting 2.08s for user emulation...
2025-07-30 08:51:35,231 - INFO - ⏳ Waiting 4.76s for user emulation...
2025-07-30 08:51:40,941 - INFO - Saved txt: download_bomayhanhchinh_1/29_Thong-tu-07-2025-TT-BDTTG-che-do-bao-cao-thong-ke-cong-tac-dan-toc-tin-nguong-ton-giao-663517.txt
2025-07-30 08:51:41,005 - INFO - ⏳ 4.09s between batches...
2025-07-30 08:51:45,099 - INFO - Processing batch 29 to 30
2025-07-30 08:51:46,686 - INFO - ⏳ Waiting 2.78s for user emulation...
2025-07-30 08:51:51,092 - INFO - ⏳ Waiting 3.99s for user emulation...
2025-07-30 08:51:55,866 - INFO - Saved txt: download_bomayhanhchinh_1/30_Quyet-dinh-2352-QD-BNNMT-2025-cong-bo-chuan-hoa-thu-tuc-hanh-chinh-linh-vuc-quan-ly-de-dieu-662594.txt
2025-07-30 08:51:55,930 - INFO - ⏳ 3.83s between batches...
2025-07-30 08:51:59,762 - INFO - Processing batch 30 to 31
2025-07-30 08:52:01,487 - INFO - ⏳ Waiting 2.62s for user emulation...
2025-07-30 08:52:05,553 - INFO - ⏳ Waiting 3.65s for user emulation...
2025-07-30 08:52:10,087 - INFO - Saved txt: download_bomayhanhchinh_1/31_Quyet-dinh-1898-QD-BTP-2025-nhiem-vu-quyen-han-Cuc-Quan-ly-Thi-hanh-an-dan-su-663249.txt
2025-07-30 08:52:10,151 - INFO - ⏳ 4.16s between batches...
2025-07-30 08:52:14,315 - INFO - Processing batch 31 to 32
2025-07-30 08:52:15,977 - INFO - ⏳ Waiting 2.43s for user emulation...
2025-07-30 08:52:19,874 - INFO - ⏳ Waiting 3.84s for user emulation...
2025-07-30 08:52:24,763 - INFO - Saved txt: download_bomayhanhchinh_1/32_Nghi-quyet-571-2025-NQ-HDND-muc-tro-cap-dac-thu-si-quan-lam-viec-tai-co-so-cai-nghien-ma-tuy-Hoa-Binh-662614.txt
2025-07-30 08:52:24,827 - INFO - ⏳ 4.45s between batches...
2025-07-30 08:52:29,276 - INFO - Processing batch 32 to 33
2025-07-30 08:52:30,955 - INFO - ⏳ Waiting 2.00s for user emulation...
2025-07-30 08:52:34,553 - INFO - ⏳ Waiting 5.18s for user emulation...
2025-07-30 08:52:41,025 - INFO - Saved txt: download_bomayhanhchinh_1/33_Quyet-dinh-41-2025-QD-UBND-bai-bo-Quyet-dinh-02-2021-QD-UBND-Hai-Phong-663010.txt
2025-07-30 08:52:41,089 - INFO - ⏳ 4.51s between batches...
2025-07-30 08:52:45,598 - INFO - Processing batch 33 to 34
2025-07-30 08:52:47,212 - INFO - ⏳ Waiting 3.33s for user emulation...
2025-07-30 08:52:52,126 - INFO - ⏳ Waiting 4.71s for user emulation...
2025-07-30 08:52:57,560 - INFO - Saved txt: download_bomayhanhchinh_1/34_Nghi-quyet-03-2025-NQ-HDND-chinh-sach-ho-tro-can-bo-tai-Trung-tam-hanh-chinh-Dong-Nai-663007.txt
2025-07-30 08:52:57,626 - INFO - ⏳ 3.13s between batches...
2025-07-30 08:53:00,760 - INFO - Processing batch 34 to 35
2025-07-30 08:53:02,362 - INFO - ⏳ Waiting 2.57s for user emulation...
2025-07-30 08:53:06,554 - INFO - ⏳ Waiting 4.96s for user emulation...
2025-07-30 08:53:12,308 - INFO - Saved txt: download_bomayhanhchinh_1/35_Quyet-dinh-36-2025-QD-UBND-chuc-nang-nhiem-vu-quyen-han-co-cau-to-chuc-Thanh-tra-Ha-Tinh-663191.txt
2025-07-30 08:53:12,372 - INFO - ⏳ 3.49s between batches...
2025-07-30 08:53:15,863 - INFO - Processing batch 35 to 36
2025-07-30 08:53:17,542 - INFO - ⏳ Waiting 2.53s for user emulation...
2025-07-30 08:53:21,688 - INFO - ⏳ Waiting 4.90s for user emulation...
2025-07-30 08:53:27,571 - INFO - Saved txt: download_bomayhanhchinh_1/36_Quyet-dinh-1270-QD-TTg-2025-danh-sach-don-vi-su-nghiep-cong-lap-truc-thuoc-Bo-Van-hoa-662468.txt
2025-07-30 08:53:27,635 - INFO - ⏳ 3.55s between batches...
2025-07-30 08:53:31,187 - INFO - Processing batch 36 to 37
2025-07-30 08:53:32,850 - INFO - ⏳ Waiting 3.83s for user emulation...
2025-07-30 08:53:39,819 - INFO - ⏳ Waiting 3.89s for user emulation...
2025-07-30 08:53:45,227 - INFO - Saved txt: download_bomayhanhchinh_1/37_Quyet-dinh-1672-QD-BGDDT-2025-cong-bo-thu-tuc-hanh-chinh-sua-doi-linh-vuc-giao-duc-giao-duc-662884.txt
2025-07-30 08:53:45,291 - INFO - ⏳ 3.69s between batches...
2025-07-30 08:53:48,977 - INFO - Processing batch 37 to 38
2025-07-30 08:53:50,553 - INFO - ⏳ Waiting 2.87s for user emulation...
2025-07-30 08:53:55,772 - INFO - ⏳ Waiting 4.24s for user emulation...
2025-07-30 08:54:01,537 - INFO - Saved txt: download_bomayhanhchinh_1/38_Quyet-dinh-1674-QD-BGDDT-2025-cong-bo-thu-tuc-hanh-chinh-sua-doi-linh-vuc-giao-duc-nghe-nghiep-662880.txt
2025-07-30 08:54:01,601 - INFO - ⏳ 4.70s between batches...
2025-07-30 08:54:06,305 - INFO - Processing batch 38 to 39
2025-07-30 08:54:07,921 - INFO - ⏳ Waiting 3.72s for user emulation...
2025-07-30 08:54:13,631 - INFO - ⏳ Waiting 3.46s for user emulation...
2025-07-30 08:54:17,704 - INFO - Saved txt: download_bomayhanhchinh_1/39_Quyet-dinh-364-QD-BDTTG-2025-cong-bo-thu-tuc-hanh-chinh-sua-doi-thuoc-Bo-Dan-toc-Ton-giao-662885.txt
2025-07-30 08:54:17,768 - INFO - ⏳ 3.66s between batches...
2025-07-30 08:54:21,429 - INFO - Processing batch 39 to 40
2025-07-30 08:54:23,075 - INFO - ⏳ Waiting 2.64s for user emulation...
2025-07-30 08:54:28,598 - INFO - ⏳ Waiting 3.28s for user emulation...
2025-07-30 08:54:32,966 - INFO - Saved txt: download_bomayhanhchinh_1/40_Quyet-dinh-900-QD-BXD-2025-cong-bo-thu-tuc-hanh-chinh-sua-doi-linh-vuc-duong-sat-662692.txt
2025-07-30 08:54:33,031 - INFO - ⏳ 4.14s between batches...
2025-07-30 08:54:37,176 - INFO - Processing batch 40 to 41
2025-07-30 08:54:38,800 - INFO - ⏳ Waiting 3.04s for user emulation...
2025-07-30 08:54:43,564 - INFO - ⏳ Waiting 3.39s for user emulation...
2025-07-30 08:54:48,421 - INFO - Saved txt: download_bomayhanhchinh_1/41_Quyet-dinh-2122-QD-BTC-2025-cong-bo-thu-tuc-hanh-chinh-linh-vuc-quan-ly-thue-hai-quan-662250.txt
2025-07-30 08:54:48,485 - INFO - ⏳ 3.02s between batches...
2025-07-30 08:54:51,503 - INFO - Processing batch 41 to 42
2025-07-30 08:54:53,117 - INFO - ⏳ Waiting 3.38s for user emulation...
2025-07-30 08:54:58,257 - INFO - ⏳ Waiting 5.18s for user emulation...
2025-07-30 08:55:04,325 - INFO - Saved txt: download_bomayhanhchinh_1/42_Quyet-dinh-1254-QD-TTg-2025-kien-toan-Ban-Quan-ly-Quy-Den-on-dap-nghia-Trung-uong-662433.txt
2025-07-30 08:55:04,389 - INFO - ⏳ 3.22s between batches...
2025-07-30 08:55:07,605 - INFO - Processing batch 42 to 43
2025-07-30 08:55:09,382 - INFO - ⏳ Waiting 3.51s for user emulation...
2025-07-30 08:55:14,365 - INFO - ⏳ Waiting 3.31s for user emulation...
2025-07-30 08:55:18,936 - INFO - Saved txt: download_bomayhanhchinh_1/43_Chi-thi-08-CT-UBND-2025-to-chuc-thuc-hien-Tong-dieu-tra-nong-thon-nong-nghiep-Bac-Ninh-662376.txt
2025-07-30 08:55:19,000 - INFO - ⏳ 3.99s between batches...
2025-07-30 08:55:22,992 - INFO - Processing batch 43 to 44
2025-07-30 08:55:24,827 - INFO - ⏳ Waiting 3.64s for user emulation...
2025-07-30 08:55:30,521 - INFO - ⏳ Waiting 3.75s for user emulation...
2025-07-30 08:55:35,119 - INFO - Saved txt: download_bomayhanhchinh_1/44_Quyet-dinh-267-QD-VP-2025-cong-bo-thu-tuc-hanh-chinh-dau-gia-tai-san-So-Tu-phap-Tuyen-Quang-662224.txt
2025-07-30 08:55:35,183 - INFO - ⏳ 4.47s between batches...
2025-07-30 08:55:39,650 - INFO - Processing batch 44 to 45
2025-07-30 08:55:41,878 - INFO - ⏳ Waiting 2.45s for user emulation...
2025-07-30 08:55:46,302 - INFO - ⏳ Waiting 3.46s for user emulation...
2025-07-30 08:55:51,011 - INFO - Saved txt: download_bomayhanhchinh_1/45_Quyet-dinh-2113-QD-UBND-2025-cong-bo-thu-tuc-hanh-chinh-truc-tuyen-toan-trinh-So-Nong-nghiep-Thanh-Hoa-662456.txt
2025-07-30 08:55:51,075 - INFO - ⏳ 3.88s between batches...
2025-07-30 08:55:54,957 - INFO - Processing batch 45 to 46
2025-07-30 08:55:57,021 - INFO - ⏳ Waiting 2.01s for user emulation...
2025-07-30 08:56:00,846 - INFO - ⏳ Waiting 4.29s for user emulation...
2025-07-30 08:56:06,584 - INFO - Saved txt: download_bomayhanhchinh_1/46_Quyet-dinh-2117-QD-UBND-2025-cong-bo-thu-tuc-hanh-chinh-linh-vuc-Kham-benh-So-Y-te-Thanh-Hoa-662454.txt
2025-07-30 08:56:06,648 - INFO - ⏳ 3.67s between batches...
2025-07-30 08:56:10,316 - INFO - Processing batch 46 to 47
2025-07-30 08:56:11,958 - INFO - ⏳ Waiting 3.96s for user emulation...
2025-07-30 08:56:17,517 - INFO - ⏳ Waiting 5.59s for user emulation...
2025-07-30 08:56:24,208 - INFO - Saved txt: download_bomayhanhchinh_1/47_Quyet-dinh-2096-QD-UBND-2025-cong-bo-thu-tuc-hanh-chinh-linh-vuc-Lao-dong-So-Noi-vu-Thanh-Hoa-662223.txt
2025-07-30 08:56:24,272 - INFO - ⏳ 3.09s between batches...
2025-07-30 08:56:27,360 - INFO - Processing batch 47 to 48
2025-07-30 08:56:29,011 - INFO - ⏳ Waiting 2.15s for user emulation...
2025-07-30 08:56:33,887 - INFO - ⏳ Waiting 4.07s for user emulation...
2025-07-30 08:56:38,906 - INFO - Saved txt: download_bomayhanhchinh_1/48_Quyet-dinh-2074-QD-BYT-2025-cong-bo-thu-tuc-hanh-chinh-linh-vuc-Y-Duoc-co-truyen-662256.txt
2025-07-30 08:56:38,970 - INFO - ⏳ 3.77s between batches...
2025-07-30 08:56:42,741 - INFO - Processing batch 48 to 49
2025-07-30 08:56:44,364 - INFO - ⏳ Waiting 3.62s for user emulation...
2025-07-30 08:56:49,108 - INFO - ⏳ Waiting 5.29s for user emulation...
2025-07-30 08:57:03,311 - ERROR - ❌ Main content not found at https://thuvienphapluat.vn/van-ban/Bo-may-hanh-chinh/Quyet-dinh-2075-QD-BYT-2025-cong-bo-thu-tuc-hanh-chinh-Thiet-bi-y-te-tai-Nghi-dinh-148-2025-ND-CP-662255.aspx - saved image error download_bomayhanhchinh_1/error_file_967.5586228254184_new1.png
2025-07-30 08:57:03,375 - INFO - ⏳ 3.00s between batches...
2025-07-30 08:57:06,380 - INFO - Processing batch 49 to 50
2025-07-30 08:57:07,932 - INFO - ⏳ Waiting 3.45s for user emulation...
2025-07-30 08:57:13,046 - INFO - ⏳ Waiting 3.71s for user emulation...
2025-07-30 08:57:17,439 - INFO - Saved txt: download_bomayhanhchinh_1/50_Quyet-dinh-2075-QD-BYT-2025-cong-bo-thu-tuc-hanh-chinh-moi-bi-bai-bo-linh-vuc-thiet-bi-y-te-662508.txt
2025-07-30 08:57:17,503 - INFO - ⏳ 4.62s between batches...
2025-07-30 08:57:22,119 - INFO - Processing batch 50 to 51
2025-07-30 08:57:23,649 - INFO - ⏳ Waiting 2.44s for user emulation...
2025-07-30 08:57:27,537 - INFO - ⏳ Waiting 4.28s for user emulation...
2025-07-30 08:57:33,250 - INFO - Saved txt: download_bomayhanhchinh_1/51_Quyet-dinh-5919-QD-KBNN-2025-chuc-nang-Phong-Giao-dich-thuoc-Kho-bac-Nha-nuoc-khu-vuc-663654.txt
2025-07-30 08:57:33,314 - INFO - ⏳ 3.05s between batches...
2025-07-30 08:57:36,362 - INFO - Processing batch 51 to 52
2025-07-30 08:57:37,925 - INFO - ⏳ Waiting 2.48s for user emulation...
2025-07-30 08:57:43,028 - INFO - ⏳ Waiting 3.27s for user emulation...
2025-07-30 08:57:47,770 - INFO - Saved txt: download_bomayhanhchinh_1/52_Thong-tu-09-2025-TT-NHNN-sua-doi-Thong-tu-25-2023-TT-NHNN-thi-dua-khen-thuong-nganh-Ngan-hang-662553.txt
2025-07-30 08:57:47,833 - INFO - ⏳ 4.61s between batches...
2025-07-30 08:57:52,446 - INFO - Processing batch 52 to 53
2025-07-30 08:57:54,095 - INFO - ⏳ Waiting 3.08s for user emulation...
2025-07-30 08:57:59,210 - INFO - ⏳ Waiting 3.92s for user emulation...
2025-07-30 08:58:04,121 - INFO - Saved txt: download_bomayhanhchinh_1/53_Quyet-dinh-2093-QD-BYT-2025-cong-bo-thu-tuc-hanh-chinh-linh-vuc-phong-benh-tai-148-2025-ND-CP-662415.txt
2025-07-30 08:58:04,184 - INFO - ⏳ 4.80s between batches...
2025-07-30 08:58:08,983 - INFO - Processing batch 53 to 54
2025-07-30 08:58:10,582 - INFO - ⏳ Waiting 2.79s for user emulation...
2025-07-30 08:58:15,083 - INFO - ⏳ Waiting 3.82s for user emulation...
2025-07-30 08:58:19,749 - INFO - Saved txt: download_bomayhanhchinh_1/54_Quyet-dinh-736-QD-UBND-2025-Phuong-an-cat-giam-thu-tuc-hanh-chinh-hoat-dong-san-xuat-Tuyen-Quang-662176.txt
2025-07-30 08:58:19,813 - INFO - ⏳ 3.34s between batches...
2025-07-30 08:58:23,157 - INFO - Processing batch 54 to 55
2025-07-30 08:58:24,699 - INFO - ⏳ Waiting 3.61s for user emulation...
2025-07-30 08:58:29,399 - INFO - ⏳ Waiting 4.34s for user emulation...
2025-07-30 08:58:43,364 - ERROR - ❌ Main content not found at https://thuvienphapluat.vn/van-ban/Bo-may-hanh-chinh/Quyet-dinh-1547-QD-UBND-2025-cong-bo-thu-tuc-hanh-chinh-Kham-benh-chua-benh-So-Y-te-Lai-Chau-662453.aspx - saved image error download_bomayhanhchinh_1/error_file_479.09904744075345_new1.png
2025-07-30 08:58:43,427 - INFO - ⏳ 4.98s between batches...
2025-07-30 08:58:48,404 - INFO - Processing batch 55 to 56
2025-07-30 08:58:50,480 - INFO - ⏳ Waiting 3.98s for user emulation...
2025-07-30 08:58:55,578 - INFO - ⏳ Waiting 4.36s for user emulation...
2025-07-30 08:59:09,496 - ERROR - ❌ Main content not found at https://thuvienphapluat.vn/van-ban/Bo-may-hanh-chinh/Quyet-dinh-965-QD-UBND-2025-cong-bo-thu-tuc-hanh-chinh-linh-vuc-duoc-pham-So-Y-te-Quang-Ngai-662457.aspx - saved image error download_bomayhanhchinh_1/error_file_529.4902165404761_new1.png
2025-07-30 08:59:09,560 - INFO - ⏳ 3.32s between batches...
2025-07-30 08:59:12,879 - INFO - Processing batch 56 to 57
2025-07-30 08:59:14,986 - INFO - ⏳ Waiting 3.39s for user emulation...
2025-07-30 08:59:19,474 - INFO - ⏳ Waiting 5.72s for user emulation...
2025-07-30 08:59:34,045 - ERROR - ❌ Main content not found at https://thuvienphapluat.vn/van-ban/Bo-may-hanh-chinh/Quyet-dinh-2205-QD-UBND-2025-cong-bo-thu-tuc-hanh-chinh-linh-vuc-Duoc-pham-So-Y-te-Quang-Binh-662455.aspx - saved image error download_bomayhanhchinh_1/error_file_902.1727854991661_new1.png
2025-07-30 08:59:34,109 - INFO - ⏳ 4.17s between batches...
2025-07-30 08:59:38,278 - INFO - Processing batch 57 to 58
2025-07-30 08:59:40,355 - INFO - ⏳ Waiting 2.85s for user emulation...
2025-07-30 08:59:44,262 - INFO - ⏳ Waiting 4.11s for user emulation...
2025-07-30 08:59:57,477 - ERROR - ❌ Main content not found at https://thuvienphapluat.vn/van-ban/Bo-may-hanh-chinh/Quyet-dinh-903-QD-BXD-2025-cong-bo-thu-tuc-hanh-chinh-nha-o-lien-quan-den-sap-xep-to-chuc-bo-may-663557.aspx - saved image error download_bomayhanhchinh_1/error_file_694.2752517737139_new1.png
2025-07-30 08:59:57,543 - INFO - ⏳ 3.16s between batches...
2025-07-30 09:00:00,707 - INFO - Processing batch 58 to 59
2025-07-30 09:00:02,305 - INFO - ⏳ Waiting 3.19s for user emulation...
2025-07-30 09:00:06,673 - INFO - ⏳ Waiting 3.13s for user emulation...
2025-07-30 09:00:19,177 - ERROR - ❌ Main content not found at https://thuvienphapluat.vn/van-ban/Bo-may-hanh-chinh/Thong-tu-02-2025-TT-BDTTG-huong-dan-chuc-nang-So-Dan-toc-va-Ton-giao-thuoc-Uy-ban-tinh-662559.aspx - saved image error download_bomayhanhchinh_1/error_file_1057.1291591823397_new1.png
2025-07-30 09:00:19,241 - INFO - ⏳ 3.45s between batches...
2025-07-30 09:00:22,691 - INFO - Processing batch 59 to 60
2025-07-30 09:00:24,459 - INFO - ⏳ Waiting 3.00s for user emulation...
2025-07-30 09:00:28,605 - INFO - ⏳ Waiting 4.53s for user emulation...
2025-07-30 09:00:42,025 - ERROR - ❌ Main content not found at https://thuvienphapluat.vn/van-ban/Bo-may-hanh-chinh/Quyet-dinh-897-QD-TTPVHCC-2025-cong-bo-thu-tuc-hanh-chinh-linh-vuc-Tai-chinh-Uy-ban-Thanh-pho-Ha-Noi-662153.aspx - saved image error download_bomayhanhchinh_1/error_file_534.3620117785522_new1.png
2025-07-30 09:00:42,089 - INFO - ⏳ 4.49s between batches...
2025-07-30 09:00:46,582 - INFO - Processing batch 60 to 61
2025-07-30 09:00:48,165 - INFO - ⏳ Waiting 2.30s for user emulation...
2025-07-30 09:00:51,606 - INFO - ⏳ Waiting 4.69s for user emulation...
2025-07-30 09:01:05,743 - ERROR - ❌ Main content not found at https://thuvienphapluat.vn/van-ban/Bo-may-hanh-chinh/Quyet-dinh-49-2025-QD-UBND-bai-bo-Quyet-dinh-51-2016-QD-UBND-Lao-Cai-663023.aspx - saved image error download_bomayhanhchinh_1/error_file_785.2356048359227_new1.png
2025-07-30 09:01:05,809 - INFO - ⏳ 3.88s between batches...
2025-07-30 09:01:09,686 - INFO - Processing batch 61 to 62
2025-07-30 09:01:11,742 - INFO - ⏳ Waiting 3.16s for user emulation...
2025-07-30 09:01:16,029 - INFO - ⏳ Waiting 5.03s for user emulation...
2025-07-30 09:01:30,790 - ERROR - ❌ Main content not found at https://thuvienphapluat.vn/van-ban/Bo-may-hanh-chinh/Quyet-dinh-44-2025-QD-UBND-bai-bo-cac-Quyet-dinh-cua-Uy-ban-nhan-dan-Bac-Ninh-662375.aspx - saved image error download_bomayhanhchinh_1/error_file_556.0591646563212_new1.png
2025-07-30 09:01:30,854 - INFO - ⏳ 3.63s between batches...
2025-07-30 09:01:34,482 - INFO - Processing batch 62 to 63
2025-07-30 09:01:36,515 - INFO - ⏳ Waiting 2.10s for user emulation...
2025-07-30 09:01:39,790 - INFO - ⏳ Waiting 5.76s for user emulation...
2025-07-30 09:01:54,873 - ERROR - ❌ Main content not found at https://thuvienphapluat.vn/van-ban/Bo-may-hanh-chinh/Nghi-quyet-206-2025-QH15-co-che-dac-biet-xu-ly-kho-khan-vuong-mac-do-quy-dinh-cua-phap-luat-662225.aspx - saved image error download_bomayhanhchinh_1/error_file_882.8299474188156_new1.png
2025-07-30 09:01:54,937 - INFO - ⏳ 3.10s between batches...
2025-07-30 09:01:58,039 - INFO - Processing batch 63 to 64
2025-07-30 09:01:59,610 - INFO - ⏳ Waiting 2.37s for user emulation...
2025-07-30 09:02:03,048 - INFO - ⏳ Waiting 5.88s for user emulation...
2025-07-30 09:02:18,655 - ERROR - ❌ Main content not found at https://thuvienphapluat.vn/van-ban/Bo-may-hanh-chinh/Nghi-quyet-03-2025-NQ-HDND-bai-bo-mot-so-Nghi-quyet-cua-Hoi-dong-nhan-dan-tinh-Tien-Giang-662869.aspx - saved image error download_bomayhanhchinh_1/error_file_860.580850851679_new1.png
2025-07-30 09:02:18,718 - INFO - ⏳ 3.22s between batches...
2025-07-30 09:02:21,942 - INFO - Processing batch 64 to 65
2025-07-30 09:02:23,796 - INFO - ⏳ Waiting 2.81s for user emulation...
2025-07-30 09:02:27,723 - INFO - ⏳ Waiting 5.16s for user emulation...
2025-07-30 09:02:41,737 - ERROR - ❌ Main content not found at https://thuvienphapluat.vn/van-ban/Lao-dong-Tien-luong/Nghi-quyet-11-2025-NQ-HDND-bai-bo-Nghi-quyet-03-2025-NQ-HDND-Thai-Binh-663017.aspx - saved image error download_bomayhanhchinh_1/error_file_730.328489025365_new1.png
2025-07-30 09:02:41,801 - INFO - ⏳ 4.51s between batches...
2025-07-30 09:02:46,313 - INFO - Processing batch 65 to 66
2025-07-30 09:02:48,013 - INFO - ⏳ Waiting 2.05s for user emulation...
2025-07-30 09:02:51,232 - INFO - ⏳ Waiting 5.85s for user emulation...
2025-07-30 09:03:06,469 - ERROR - ❌ Main content not found at https://thuvienphapluat.vn/van-ban/Bo-may-hanh-chinh/Luat-To-chuc-Toa-an-nhan-dan-sua-doi-2025-so-81-2025-QH15-660533.aspx - saved image error download_bomayhanhchinh_1/error_file_362.5885611429418_new1.png
2025-07-30 09:03:06,536 - INFO - ⏳ 3.60s between batches...
2025-07-30 09:03:10,141 - INFO - Processing batch 66 to 67
2025-07-30 09:03:12,237 - INFO - ⏳ Waiting 2.88s for user emulation...
2025-07-30 09:03:16,247 - INFO - ⏳ Waiting 4.16s for user emulation...
2025-07-30 09:03:29,786 - ERROR - ❌ Main content not found at https://thuvienphapluat.vn/van-ban/Bo-may-hanh-chinh/Quyet-dinh-34-2025-QD-UBND-chuc-nang-nhiem-vu-quyen-han-So-Noi-vu-Dak-Lak-663112.aspx - saved image error download_bomayhanhchinh_1/error_file_182.445012201429_new1.png
2025-07-30 09:03:29,849 - INFO - ⏳ 4.52s between batches...
2025-07-30 09:03:34,372 - INFO - Processing batch 67 to 68
2025-07-30 09:03:36,381 - INFO - ⏳ Waiting 3.61s for user emulation...
2025-07-30 09:03:41,045 - INFO - ⏳ Waiting 5.62s for user emulation...
2025-07-30 09:03:55,556 - ERROR - ❌ Main content not found at https://thuvienphapluat.vn/van-ban/Bo-may-hanh-chinh/Quyet-dinh-902-QD-BXD-2025-cong-bo-thu-tuc-hanh-chinh-linh-vuc-hang-hai-duong-thuy-noi-dia-662365.aspx - saved image error download_bomayhanhchinh_1/error_file_894.2219229007246_new1.png
2025-07-30 09:03:55,619 - INFO - ⏳ 4.26s between batches...
2025-07-30 09:03:59,878 - INFO - Processing batch 68 to 69
2025-07-30 09:04:01,463 - INFO - ⏳ Waiting 2.02s for user emulation...
2025-07-30 09:04:04,588 - INFO - ⏳ Waiting 4.07s for user emulation...
2025-07-30 09:04:17,866 - ERROR - ❌ Main content not found at https://thuvienphapluat.vn/van-ban/Bo-may-hanh-chinh/Thong-tu-03-2025-TT-BDTTG-huong-dan-Luat-Thi-dua-khen-thuong-linh-vuc-cong-tac-dan-toc-663713.aspx - saved image error download_bomayhanhchinh_1/error_file_365.1922042089689_new1.png
2025-07-30 09:04:17,930 - INFO - ⏳ 4.90s between batches...
2025-07-30 09:04:22,833 - INFO - Processing batch 69 to 70
2025-07-30 09:04:24,547 - INFO - ⏳ Waiting 3.11s for user emulation...
2025-07-30 09:04:28,797 - INFO - ⏳ Waiting 3.84s for user emulation...
2025-07-30 09:04:41,933 - ERROR - ❌ Main content not found at https://thuvienphapluat.vn/van-ban/Bo-may-hanh-chinh/Luat-To-chuc-Vien-kiem-sat-nhan-dan-sua-doi-2025-so-82-2025-QH15-660530.aspx - saved image error download_bomayhanhchinh_1/error_file_502.37709800372716_new1.png
2025-07-30 09:04:41,996 - INFO - ⏳ 4.06s between batches...
2025-07-30 09:04:46,055 - INFO - Processing batch 70 to 71
2025-07-30 09:04:47,792 - INFO - ⏳ Waiting 3.38s for user emulation...
2025-07-30 09:04:52,303 - INFO - ⏳ Waiting 5.43s for user emulation...
2025-07-30 09:05:06,765 - ERROR - ❌ Main content not found at https://thuvienphapluat.vn/van-ban/Bo-may-hanh-chinh/Luat-Can-bo-cong-chuc-2025-so-80-2025-QH15-649688.aspx - saved image error download_bomayhanhchinh_1/error_file_494.73440003649273_new1.png
2025-07-30 09:05:06,829 - INFO - ⏳ 3.03s between batches...
2025-07-30 09:05:09,856 - INFO - Processing batch 71 to 72
2025-07-30 09:05:11,892 - INFO - ⏳ Waiting 2.71s for user emulation...
2025-07-30 09:05:15,740 - INFO - ⏳ Waiting 3.28s for user emulation...
2025-07-30 09:05:27,905 - ERROR - ❌ Main content not found at https://thuvienphapluat.vn/van-ban/Bo-may-hanh-chinh/Quyet-dinh-2082-QD-BYT-2025-cong-bo-thu-tuc-hanh-chinh-linh-vuc-Dan-so-663207.aspx - saved image error download_bomayhanhchinh_1/error_file_586.239991160283_new1.png
2025-07-30 09:05:27,969 - INFO - ⏳ 4.34s between batches...
2025-07-30 09:05:32,311 - INFO - Processing batch 72 to 73
2025-07-30 09:05:34,359 - INFO - ⏳ Waiting 3.93s for user emulation...
2025-07-30 09:05:39,391 - INFO - ⏳ Waiting 3.54s for user emulation...
2025-07-30 09:05:52,031 - ERROR - ❌ Main content not found at https://thuvienphapluat.vn/van-ban/Bo-may-hanh-chinh/Quyet-dinh-35-2025-QD-UBND-chuc-nang-nhiem-vu-quyen-han-Thanh-tra-tinh-Dien-Bien-662870.aspx - saved image error download_bomayhanhchinh_1/error_file_525.308278674695_new1.png
2025-07-30 09:05:52,095 - INFO - ⏳ 4.14s between batches...
2025-07-30 09:05:56,235 - INFO - Processing batch 73 to 74
2025-07-30 09:05:58,351 - INFO - ⏳ Waiting 2.19s for user emulation...
2025-07-30 09:06:01,642 - INFO - ⏳ Waiting 4.16s for user emulation...
2025-07-30 09:06:14,729 - ERROR - ❌ Main content not found at https://thuvienphapluat.vn/van-ban/Bo-may-hanh-chinh/Nghi-quyet-117-2025-NQ-HDND-bai-bo-cac-Nghi-quyet-cua-Hoi-dong-nhan-dan-tinh-Gia-Lai-662694.aspx - saved image error download_bomayhanhchinh_1/error_file_723.8422725783579_new1.png
2025-07-30 09:06:14,793 - INFO - ⏳ 3.61s between batches...
2025-07-30 09:06:18,402 - INFO - Processing batch 74 to 75
2025-07-30 09:06:20,172 - INFO - ⏳ Waiting 2.29s for user emulation...
2025-07-30 09:06:23,784 - INFO - ⏳ Waiting 4.22s for user emulation...
2025-07-30 09:06:37,096 - ERROR - ❌ Main content not found at https://thuvienphapluat.vn/van-ban/Bo-may-hanh-chinh/Quyet-dinh-2209-QD-UBND-2025-Phuong-an-don-gian-hoa-thu-tuc-hanh-chinh-nong-nghiep-Ben-Tre-664018.aspx - saved image error download_bomayhanhchinh_1/error_file_457.4026698002258_new1.png
2025-07-30 09:06:37,159 - INFO - ⏳ 4.19s between batches...
2025-07-30 09:06:41,351 - INFO - Processing batch 75 to 76
2025-07-30 09:06:42,909 - INFO - ⏳ Waiting 2.44s for user emulation...
2025-07-30 09:06:46,529 - INFO - ⏳ Waiting 3.51s for user emulation...
2025-07-30 09:06:50,623 - WARNING - Retrying (Retry(total=2, connect=None, read=None, redirect=None, status=None)) after connection broken by 'NewConnectionError('<urllib3.connection.HTTPConnection object at 0x755af2ff54f0>: Failed to establish a new connection: [Errno 111] Connection refused')': /session/0b36f7aa0474f7273d8a3631962e8ff2/execute/sync
2025-07-30 09:06:50,624 - WARNING - Retrying (Retry(total=1, connect=None, read=None, redirect=None, status=None)) after connection broken by 'NewConnectionError('<urllib3.connection.HTTPConnection object at 0x755af2ff6900>: Failed to establish a new connection: [Errno 111] Connection refused')': /session/0b36f7aa0474f7273d8a3631962e8ff2/execute/sync
2025-07-30 09:06:50,624 - WARNING - Retrying (Retry(total=0, connect=None, read=None, redirect=None, status=None)) after connection broken by 'NewConnectionError('<urllib3.connection.HTTPConnection object at 0x755af2ff6a80>: Failed to establish a new connection: [Errno 111] Connection refused')': /session/0b36f7aa0474f7273d8a3631962e8ff2/execute/sync
2025-07-30 09:06:50,626 - WARNING - Retrying (Retry(total=2, connect=None, read=None, redirect=None, status=None)) after connection broken by 'NewConnectionError('<urllib3.connection.HTTPConnection object at 0x755af3b21130>: Failed to establish a new connection: [Errno 111] Connection refused')': /session/0b36f7aa0474f7273d8a3631962e8ff2/element
2025-07-30 09:06:50,626 - WARNING - Retrying (Retry(total=1, connect=None, read=None, redirect=None, status=None)) after connection broken by 'NewConnectionError('<urllib3.connection.HTTPConnection object at 0x755af3e78a40>: Failed to establish a new connection: [Errno 111] Connection refused')': /session/0b36f7aa0474f7273d8a3631962e8ff2/element
2025-07-30 09:06:50,627 - WARNING - Retrying (Retry(total=0, connect=None, read=None, redirect=None, status=None)) after connection broken by 'NewConnectionError('<urllib3.connection.HTTPConnection object at 0x755af2c32c00>: Failed to establish a new connection: [Errno 111] Connection refused')': /session/0b36f7aa0474f7273d8a3631962e8ff2/element
2025-07-30 09:06:50,627 - WARNING - Retrying (Retry(total=2, connect=None, read=None, redirect=None, status=None)) after connection broken by 'NewConnectionError('<urllib3.connection.HTTPConnection object at 0x755af2f883e0>: Failed to establish a new connection: [Errno 111] Connection refused')': /session/0b36f7aa0474f7273d8a3631962e8ff2/screenshot
2025-07-30 09:06:50,628 - WARNING - Retrying (Retry(total=1, connect=None, read=None, redirect=None, status=None)) after connection broken by 'NewConnectionError('<urllib3.connection.HTTPConnection object at 0x755af2f88d70>: Failed to establish a new connection: [Errno 111] Connection refused')': /session/0b36f7aa0474f7273d8a3631962e8ff2/screenshot
2025-07-30 09:06:50,628 - WARNING - Retrying (Retry(total=0, connect=None, read=None, redirect=None, status=None)) after connection broken by 'NewConnectionError('<urllib3.connection.HTTPConnection object at 0x755af2f88890>: Failed to establish a new connection: [Errno 111] Connection refused')': /session/0b36f7aa0474f7273d8a3631962e8ff2/screenshot
2025-07-30 09:06:50,629 - ERROR - Error saving document TXT 75: HTTPConnectionPool(host='localhost', port=39459): Max retries exceeded with url: /session/0b36f7aa0474f7273d8a3631962e8ff2/screenshot (Caused by NewConnectionError('<urllib3.connection.HTTPConnection object at 0x755af2f88740>: Failed to establish a new connection: [Errno 111] Connection refused'))
2025-07-30 09:06:50,629 - WARNING - Retrying (Retry(total=2, connect=None, read=None, redirect=None, status=None)) after connection broken by 'NewConnectionError('<urllib3.connection.HTTPConnection object at 0x755af2f88b30>: Failed to establish a new connection: [Errno 111] Connection refused')': /session/0b36f7aa0474f7273d8a3631962e8ff2/screenshot
2025-07-30 09:06:50,630 - WARNING - Retrying (Retry(total=1, connect=None, read=None, redirect=None, status=None)) after connection broken by 'NewConnectionError('<urllib3.connection.HTTPConnection object at 0x755af2b9b920>: Failed to establish a new connection: [Errno 111] Connection refused')': /session/0b36f7aa0474f7273d8a3631962e8ff2/screenshot
2025-07-30 09:06:50,630 - WARNING - Retrying (Retry(total=0, connect=None, read=None, redirect=None, status=None)) after connection broken by 'NewConnectionError('<urllib3.connection.HTTPConnection object at 0x755af3386510>: Failed to establish a new connection: [Errno 111] Connection refused')': /session/0b36f7aa0474f7273d8a3631962e8ff2/screenshot
2025-07-30 09:06:50,631 - WARNING - Retrying (Retry(total=2, connect=None, read=None, redirect=None, status=None)) after connection broken by 'NewConnectionError('<urllib3.connection.HTTPConnection object at 0x755af2d6b6e0>: Failed to establish a new connection: [Errno 111] Connection refused')': /session/0b36f7aa0474f7273d8a3631962e8ff2
2025-07-30 09:06:50,633 - WARNING - Retrying (Retry(total=1, connect=None, read=None, redirect=None, status=None)) after connection broken by 'NewConnectionError('<urllib3.connection.HTTPConnection object at 0x755af2ff69c0>: Failed to establish a new connection: [Errno 111] Connection refused')': /session/0b36f7aa0474f7273d8a3631962e8ff2
2025-07-30 09:06:50,633 - WARNING - Retrying (Retry(total=0, connect=None, read=None, redirect=None, status=None)) after connection broken by 'NewConnectionError('<urllib3.connection.HTTPConnection object at 0x755af353d6a0>: Failed to establish a new connection: [Errno 111] Connection refused')': /session/0b36f7aa0474f7273d8a3631962e8ff2
2025-07-30 09:08:29,256 - INFO - Total 3337 links found in bomayhanhchinh_1.txt
2025-07-30 09:08:29,256 - INFO - Processing batch 0 to 1
2025-07-30 09:08:31,339 - INFO - ⏳ Waiting 3.76s for user emulation...
2025-07-30 09:08:36,239 - INFO - ⏳ Waiting 3.75s for user emulation...
2025-07-30 09:08:49,357 - ERROR - ❌ Main content not found at https://thuvienphapluat.vn/van-ban/Bo-may-hanh-chinh/Quyet-dinh-1603-QD-UBND-2025-cong-bo-Danh-muc-thu-tuc-hanh-chinh-So-Xay-dung-Lai-Chau-662696.aspx - saved image error download_bomayhanhchinh_1/error_file_15.30793553833162_new1.png
2025-07-30 09:08:49,421 - INFO - ⏳ 4.52s between batches...
2025-07-30 09:08:53,943 - INFO - Processing batch 1 to 2
2025-07-30 09:08:56,107 - INFO - ⏳ Waiting 2.63s for user emulation...
2025-07-30 09:08:58,742 - WARNING - Retrying (Retry(total=2, connect=None, read=None, redirect=None, status=None)) after connection broken by 'NewConnectionError('<urllib3.connection.HTTPConnection object at 0x77825bb90200>: Failed to establish a new connection: [Errno 111] Connection refused')': /session/0dd2cdbe5faae58a01ecd4dbc02cc0bf/cookie
2025-07-30 09:08:58,742 - WARNING - Retrying (Retry(total=1, connect=None, read=None, redirect=None, status=None)) after connection broken by 'NewConnectionError('<urllib3.connection.HTTPConnection object at 0x77825bb92960>: Failed to establish a new connection: [Errno 111] Connection refused')': /session/0dd2cdbe5faae58a01ecd4dbc02cc0bf/cookie
2025-07-30 09:08:58,743 - WARNING - Retrying (Retry(total=0, connect=None, read=None, redirect=None, status=None)) after connection broken by 'NewConnectionError('<urllib3.connection.HTTPConnection object at 0x77825bb92cc0>: Failed to establish a new connection: [Errno 111] Connection refused')': /session/0dd2cdbe5faae58a01ecd4dbc02cc0bf/cookie
2025-07-30 09:08:58,743 - WARNING - Could not add cookie: HTTPConnectionPool(host='localhost', port=38357): Max retries exceeded with url: /session/0dd2cdbe5faae58a01ecd4dbc02cc0bf/cookie (Caused by NewConnectionError('<urllib3.connection.HTTPConnection object at 0x77825bb92ea0>: Failed to establish a new connection: [Errno 111] Connection refused'))
2025-07-30 09:08:58,744 - WARNING - Retrying (Retry(total=2, connect=None, read=None, redirect=None, status=None)) after connection broken by 'NewConnectionError('<urllib3.connection.HTTPConnection object at 0x77825bb930e0>: Failed to establish a new connection: [Errno 111] Connection refused')': /session/0dd2cdbe5faae58a01ecd4dbc02cc0bf/cookie
2025-07-30 09:08:58,744 - WARNING - Retrying (Retry(total=1, connect=None, read=None, redirect=None, status=None)) after connection broken by 'NewConnectionError('<urllib3.connection.HTTPConnection object at 0x77825bb92900>: Failed to establish a new connection: [Errno 111] Connection refused')': /session/0dd2cdbe5faae58a01ecd4dbc02cc0bf/cookie
2025-07-30 09:08:58,745 - WARNING - Retrying (Retry(total=0, connect=None, read=None, redirect=None, status=None)) after connection broken by 'NewConnectionError('<urllib3.connection.HTTPConnection object at 0x77825bb92ed0>: Failed to establish a new connection: [Errno 111] Connection refused')': /session/0dd2cdbe5faae58a01ecd4dbc02cc0bf/cookie
2025-07-30 09:08:58,745 - WARNING - Could not add cookie: HTTPConnectionPool(host='localhost', port=38357): Max retries exceeded with url: /session/0dd2cdbe5faae58a01ecd4dbc02cc0bf/cookie (Caused by NewConnectionError('<urllib3.connection.HTTPConnection object at 0x77825bb92d20>: Failed to establish a new connection: [Errno 111] Connection refused'))
2025-07-30 09:08:58,746 - WARNING - Retrying (Retry(total=2, connect=None, read=None, redirect=None, status=None)) after connection broken by 'NewConnectionError('<urllib3.connection.HTTPConnection object at 0x77825bb92a80>: Failed to establish a new connection: [Errno 111] Connection refused')': /session/0dd2cdbe5faae58a01ecd4dbc02cc0bf/cookie
2025-07-30 09:08:58,746 - WARNING - Retrying (Retry(total=1, connect=None, read=None, redirect=None, status=None)) after connection broken by 'NewConnectionError('<urllib3.connection.HTTPConnection object at 0x77825bb932c0>: Failed to establish a new connection: [Errno 111] Connection refused')': /session/0dd2cdbe5faae58a01ecd4dbc02cc0bf/cookie
2025-07-30 09:08:58,747 - WARNING - Retrying (Retry(total=0, connect=None, read=None, redirect=None, status=None)) after connection broken by 'NewConnectionError('<urllib3.connection.HTTPConnection object at 0x77825bb934a0>: Failed to establish a new connection: [Errno 111] Connection refused')': /session/0dd2cdbe5faae58a01ecd4dbc02cc0bf/cookie
2025-07-30 09:08:58,747 - WARNING - Could not add cookie: HTTPConnectionPool(host='localhost', port=38357): Max retries exceeded with url: /session/0dd2cdbe5faae58a01ecd4dbc02cc0bf/cookie (Caused by NewConnectionError('<urllib3.connection.HTTPConnection object at 0x77825bb93680>: Failed to establish a new connection: [Errno 111] Connection refused'))
2025-07-30 09:08:58,748 - WARNING - Retrying (Retry(total=2, connect=None, read=None, redirect=None, status=None)) after connection broken by 'NewConnectionError('<urllib3.connection.HTTPConnection object at 0x77825bb938c0>: Failed to establish a new connection: [Errno 111] Connection refused')': /session/0dd2cdbe5faae58a01ecd4dbc02cc0bf/cookie
2025-07-30 09:08:58,748 - WARNING - Retrying (Retry(total=1, connect=None, read=None, redirect=None, status=None)) after connection broken by 'NewConnectionError('<urllib3.connection.HTTPConnection object at 0x77825bb93aa0>: Failed to establish a new connection: [Errno 111] Connection refused')': /session/0dd2cdbe5faae58a01ecd4dbc02cc0bf/cookie
2025-07-30 09:08:58,749 - WARNING - Retrying (Retry(total=0, connect=None, read=None, redirect=None, status=None)) after connection broken by 'NewConnectionError('<urllib3.connection.HTTPConnection object at 0x77825bb93c80>: Failed to establish a new connection: [Errno 111] Connection refused')': /session/0dd2cdbe5faae58a01ecd4dbc02cc0bf/cookie
2025-07-30 09:08:58,749 - WARNING - Could not add cookie: HTTPConnectionPool(host='localhost', port=38357): Max retries exceeded with url: /session/0dd2cdbe5faae58a01ecd4dbc02cc0bf/cookie (Caused by NewConnectionError('<urllib3.connection.HTTPConnection object at 0x77825bb93e60>: Failed to establish a new connection: [Errno 111] Connection refused'))
2025-07-30 09:08:58,750 - WARNING - Retrying (Retry(total=2, connect=None, read=None, redirect=None, status=None)) after connection broken by 'NewConnectionError('<urllib3.connection.HTTPConnection object at 0x77825ba58170>: Failed to establish a new connection: [Errno 111] Connection refused')': /session/0dd2cdbe5faae58a01ecd4dbc02cc0bf/cookie
2025-07-30 09:08:58,750 - WARNING - Retrying (Retry(total=1, connect=None, read=None, redirect=None, status=None)) after connection broken by 'NewConnectionError('<urllib3.connection.HTTPConnection object at 0x77825ba58380>: Failed to establish a new connection: [Errno 111] Connection refused')': /session/0dd2cdbe5faae58a01ecd4dbc02cc0bf/cookie
2025-07-30 09:08:58,751 - WARNING - Retrying (Retry(total=0, connect=None, read=None, redirect=None, status=None)) after connection broken by 'NewConnectionError('<urllib3.connection.HTTPConnection object at 0x77825ba585c0>: Failed to establish a new connection: [Errno 111] Connection refused')': /session/0dd2cdbe5faae58a01ecd4dbc02cc0bf/cookie
2025-07-30 09:08:58,751 - WARNING - Could not add cookie: HTTPConnectionPool(host='localhost', port=38357): Max retries exceeded with url: /session/0dd2cdbe5faae58a01ecd4dbc02cc0bf/cookie (Caused by NewConnectionError('<urllib3.connection.HTTPConnection object at 0x77825ba58800>: Failed to establish a new connection: [Errno 111] Connection refused'))
2025-07-30 09:08:58,752 - WARNING - Retrying (Retry(total=2, connect=None, read=None, redirect=None, status=None)) after connection broken by 'NewConnectionError('<urllib3.connection.HTTPConnection object at 0x77825bb93b90>: Failed to establish a new connection: [Errno 111] Connection refused')': /session/0dd2cdbe5faae58a01ecd4dbc02cc0bf/refresh
2025-07-30 09:08:58,753 - WARNING - Retrying (Retry(total=1, connect=None, read=None, redirect=None, status=None)) after connection broken by 'NewConnectionError('<urllib3.connection.HTTPConnection object at 0x77825bb93c80>: Failed to establish a new connection: [Errno 111] Connection refused')': /session/0dd2cdbe5faae58a01ecd4dbc02cc0bf/refresh
2025-07-30 09:08:58,753 - WARNING - Retrying (Retry(total=0, connect=None, read=None, redirect=None, status=None)) after connection broken by 'NewConnectionError('<urllib3.connection.HTTPConnection object at 0x77825bb939e0>: Failed to establish a new connection: [Errno 111] Connection refused')': /session/0dd2cdbe5faae58a01ecd4dbc02cc0bf/refresh
2025-07-30 09:08:58,754 - ERROR - Error saving document TXT 1: HTTPConnectionPool(host='localhost', port=38357): Max retries exceeded with url: /session/0dd2cdbe5faae58a01ecd4dbc02cc0bf/refresh (Caused by NewConnectionError('<urllib3.connection.HTTPConnection object at 0x77825bb90200>: Failed to establish a new connection: [Errno 111] Connection refused'))
2025-07-30 09:08:58,754 - WARNING - Retrying (Retry(total=2, connect=None, read=None, redirect=None, status=None)) after connection broken by 'NewConnectionError('<urllib3.connection.HTTPConnection object at 0x77825bb93710>: Failed to establish a new connection: [Errno 111] Connection refused')': /session/0dd2cdbe5faae58a01ecd4dbc02cc0bf/screenshot
2025-07-30 09:08:58,755 - WARNING - Retrying (Retry(total=1, connect=None, read=None, redirect=None, status=None)) after connection broken by 'NewConnectionError('<urllib3.connection.HTTPConnection object at 0x77825bb93500>: Failed to establish a new connection: [Errno 111] Connection refused')': /session/0dd2cdbe5faae58a01ecd4dbc02cc0bf/screenshot
2025-07-30 09:08:58,755 - WARNING - Retrying (Retry(total=0, connect=None, read=None, redirect=None, status=None)) after connection broken by 'NewConnectionError('<urllib3.connection.HTTPConnection object at 0x77825bb93290>: Failed to establish a new connection: [Errno 111] Connection refused')': /session/0dd2cdbe5faae58a01ecd4dbc02cc0bf/screenshot
2025-07-30 09:08:58,756 - WARNING - Retrying (Retry(total=2, connect=None, read=None, redirect=None, status=None)) after connection broken by 'NewConnectionError('<urllib3.connection.HTTPConnection object at 0x77825bb92d20>: Failed to establish a new connection: [Errno 111] Connection refused')': /session/0dd2cdbe5faae58a01ecd4dbc02cc0bf
2025-07-30 09:08:58,756 - WARNING - Retrying (Retry(total=1, connect=None, read=None, redirect=None, status=None)) after connection broken by 'NewConnectionError('<urllib3.connection.HTTPConnection object at 0x77825bb92f30>: Failed to establish a new connection: [Errno 111] Connection refused')': /session/0dd2cdbe5faae58a01ecd4dbc02cc0bf
2025-07-30 09:08:58,757 - WARNING - Retrying (Retry(total=0, connect=None, read=None, redirect=None, status=None)) after connection broken by 'NewConnectionError('<urllib3.connection.HTTPConnection object at 0x77825bb927b0>: Failed to establish a new connection: [Errno 111] Connection refused')': /session/0dd2cdbe5faae58a01ecd4dbc02cc0bf
2025-08-07 01:56:10,155 - INFO - 📄 Tổng cộng 1989 liên kết sẽ được xử lý
2025-08-07 01:56:10,155 - INFO - 📦 Xử lý batch 0 đến 1
2025-08-07 01:56:37,762 - INFO - ✅ Đã lưu: download_bomayhanhchinh_1/bomayhanhchinh_1_1_Quyet-dinh-1435-QD-UBND-2025-cong-bo-thu-tuc-hanh-chinh-Phat-trien-nong-thon-So-Nong-nghiep-Thanh-Hoa-656658.txt
2025-08-07 01:56:38,828 - INFO - ⏳ Tạm dừng 3.79 giây giữa các batch...
2025-08-07 01:56:42,615 - INFO - 📦 Xử lý batch 1 đến 2
2025-08-07 01:56:54,551 - INFO - ✅ Đã lưu: download_bomayhanhchinh_1/bomayhanhchinh_1_2_Quyet-dinh-1437-QD-UBND-2025-cong-bo-thu-tuc-hanh-chinh-linh-vuc-Tong-hop-So-Nong-nghiep-Thanh-Hoa-656656.txt
2025-08-07 01:56:55,618 - INFO - ⏳ Tạm dừng 4.38 giây giữa các batch...
2025-08-07 01:56:59,996 - INFO - 📦 Xử lý batch 2 đến 3
2025-08-07 01:57:10,336 - INFO - ✅ Đã lưu: download_bomayhanhchinh_1/bomayhanhchinh_1_3_Quyet-dinh-1434-QD-UBND-2025-cong-bo-thu-tuc-hanh-chinh-linh-vuc-Thuy-loi-So-Nong-nghiep-Thanh-Hoa-656657.txt
2025-08-07 01:57:11,401 - INFO - ⏳ Tạm dừng 4.89 giây giữa các batch...
2025-08-07 01:57:16,289 - INFO - 📦 Xử lý batch 3 đến 4
2025-08-07 01:57:28,839 - INFO - ✅ Đã lưu: download_bomayhanhchinh_1/bomayhanhchinh_1_4_Quyet-dinh-47-2025-QD-UBND-chuc-nang-nhiem-vu-quyen-han-So-Y-te-Long-An-656673.txt
2025-08-07 01:57:29,903 - INFO - ⏳ Tạm dừng 3.54 giây giữa các batch...
2025-08-07 01:57:33,444 - INFO - 📦 Xử lý batch 4 đến 5
2025-08-07 01:57:44,078 - INFO - ✅ Đã lưu: download_bomayhanhchinh_1/bomayhanhchinh_1_5_Quyet-dinh-533-QD-UBND-2025-Quy-trinh-thu-tuc-hanh-chinh-bien-phap-bao-dam-So-Tu-phap-Ninh-Binh-657639.txt
2025-08-07 01:57:45,143 - INFO - ⏳ Tạm dừng 4.74 giây giữa các batch...
2025-08-07 01:57:49,882 - INFO - 📦 Xử lý batch 5 đến 6
2025-08-07 01:58:00,482 - INFO - ✅ Đã lưu: download_bomayhanhchinh_1/bomayhanhchinh_1_6_Quyet-dinh-71-2025-QD-UBND-bai-bo-cac-Quyet-dinh-cua-Uy-ban-nhan-dan-tinh-Ninh-Binh-657615.txt
2025-08-07 01:58:01,549 - INFO - ⏳ Tạm dừng 4.69 giây giữa các batch...
2025-08-07 01:58:06,242 - INFO - 📦 Xử lý batch 6 đến 7
2025-08-07 01:58:16,902 - INFO - ✅ Đã lưu: download_bomayhanhchinh_1/bomayhanhchinh_1_7_Quyet-dinh-41-2025-QD-UBND-phan-cap-quan-ly-nhiem-vu-khoa-hoc-ngan-sach-nha-nuoc-Quang-Ninh-657614.txt
2025-08-07 01:58:17,968 - INFO - ⏳ Tạm dừng 3.99 giây giữa các batch...
2025-08-07 01:58:21,957 - INFO - 📦 Xử lý batch 7 đến 8
2025-08-07 01:58:32,453 - INFO - ✅ Đã lưu: download_bomayhanhchinh_1/bomayhanhchinh_1_8_Quyet-dinh-817-QD-UBND-2025-cong-bo-thu-tuc-hanh-chinh-dich-vu-cong-truc-tuyen-So-Y-te-Bac-Ninh-658134.txt
2025-08-07 01:58:33,517 - INFO - ⏳ Tạm dừng 4.37 giây giữa các batch...
2025-08-07 01:58:37,883 - INFO - 📦 Xử lý batch 8 đến 9
2025-08-07 01:58:47,710 - INFO - ✅ Đã lưu: download_bomayhanhchinh_1/bomayhanhchinh_1_9_Quyet-dinh-981-QD-UBND-2025-cong-bo-thu-tuc-hanh-chinh-dang-ky-bao-dam-So-Tu-phap-Dien-Bien-658097.txt
2025-08-07 01:58:48,775 - INFO - ⏳ Tạm dừng 3.13 giây giữa các batch...
2025-08-07 01:58:51,905 - INFO - 📦 Xử lý batch 9 đến 10
2025-08-07 01:59:02,658 - INFO - ✅ Đã lưu: download_bomayhanhchinh_1/bomayhanhchinh_1_10_Quyet-dinh-818-QD-UBND-2025-cong-bo-thu-tuc-hanh-chinh-giao-duc-dao-tao-So-Giao-duc-Bac-Ninh-658133.txt
2025-08-07 01:59:03,723 - INFO - ⏳ Tạm dừng 3.52 giây giữa các batch...
2025-08-07 01:59:07,241 - INFO - 📦 Xử lý batch 10 đến 11
2025-08-07 01:59:17,448 - INFO - ✅ Đã lưu: download_bomayhanhchinh_1/bomayhanhchinh_1_11_Quyet-dinh-32-2025-QD-UBND-chuc-nang-nhiem-vu-So-Nong-nghiep-va-Moi-truong-Bac-Ninh-658359.txt
2025-08-07 01:59:18,516 - INFO - ⏳ Tạm dừng 3.47 giây giữa các batch...
2025-08-07 01:59:21,984 - INFO - 📦 Xử lý batch 11 đến 12
2025-08-07 01:59:35,809 - INFO - ✅ Đã lưu: download_bomayhanhchinh_1/bomayhanhchinh_1_12_Quyet-dinh-1246-QD-UBND-2025-Phuong-an-cat-giam-thoi-gian-thu-tuc-So-Tu-phap-Khanh-Hoa-658391.txt
2025-08-07 01:59:36,876 - INFO - ⏳ Tạm dừng 4.41 giây giữa các batch...
2025-08-07 01:59:41,291 - INFO - 📦 Xử lý batch 12 đến 13
2025-08-07 01:59:54,204 - INFO - ✅ Đã lưu: download_bomayhanhchinh_1/bomayhanhchinh_1_13_Quyet-dinh-1617-QD-UBND-2025-cong-bo-thu-tuc-hanh-chinh-dau-tu-Ban-Quan-ly-Khu-kinh-te-Binh-Dinh-657560.txt
2025-08-07 01:59:55,268 - INFO - ⏳ Tạm dừng 3.27 giây giữa các batch...
2025-08-07 01:59:58,543 - INFO - 📦 Xử lý batch 13 đến 14
2025-08-07 02:00:11,508 - INFO - ✅ Đã lưu: download_bomayhanhchinh_1/bomayhanhchinh_1_14_Quyet-dinh-1313-QD-BGDDT-2025-cong-bo-thu-tuc-hanh-chinh-noi-bo-linh-vuc-Noi-vu-656821.txt
2025-08-07 02:00:12,580 - INFO - ⏳ Tạm dừng 3.96 giây giữa các batch...
2025-08-07 02:00:16,541 - INFO - 📦 Xử lý batch 14 đến 15
2025-08-07 02:00:28,418 - INFO - ✅ Đã lưu: download_bomayhanhchinh_1/bomayhanhchinh_1_15_Quyet-dinh-1284-QD-BGDDT-2025-cong-bo-thu-tuc-hanh-chinh-linh-vuc-giao-duc-nghe-nghiep-656820.txt
2025-08-07 02:00:29,482 - INFO - ⏳ Tạm dừng 4.78 giây giữa các batch...
2025-08-07 02:00:34,262 - INFO - 📦 Xử lý batch 15 đến 16
2025-08-07 02:00:45,810 - INFO - ✅ Đã lưu: download_bomayhanhchinh_1/bomayhanhchinh_1_16_Quyet-dinh-1619-QD-UBND-2025-cong-bo-thu-tuc-hanh-chinh-Lao-dong-Ban-Quan-ly-Khu-kinh-te-Binh-Dinh-658286.txt
2025-08-07 02:00:46,875 - INFO - ⏳ Tạm dừng 4.43 giây giữa các batch...
2025-08-07 02:00:51,302 - INFO - 📦 Xử lý batch 16 đến 17
2025-08-07 02:01:02,666 - INFO - ✅ Đã lưu: download_bomayhanhchinh_1/bomayhanhchinh_1_17_Quyet-dinh-1102-QD-UBND-2025-cong-bo-thu-tuc-hanh-chinh-to-chuc-bien-che-So-Noi-vu-Tra-Vinh-657128.txt
2025-08-07 02:01:03,730 - INFO - ⏳ Tạm dừng 3.99 giây giữa các batch...
2025-08-07 02:01:07,724 - INFO - 📦 Xử lý batch 17 đến 18
2025-08-07 02:01:18,571 - INFO - ✅ Đã lưu: download_bomayhanhchinh_1/bomayhanhchinh_1_18_Quyet-dinh-1311-QD-BGDDT-2025-Chuong-trinh-boi-duong-theo-tieu-chuan-vien-chuc-tu-van-hoc-sinh-656825.txt
2025-08-07 02:01:19,635 - INFO - ⏳ Tạm dừng 4.01 giây giữa các batch...
2025-08-07 02:01:23,649 - INFO - 📦 Xử lý batch 18 đến 19
2025-08-07 02:01:35,505 - INFO - ✅ Đã lưu: download_bomayhanhchinh_1/bomayhanhchinh_1_19_Quyet-dinh-1227-QD-UBND-2025-cong-bo-thu-tuc-hanh-chinh-bien-phap-bao-dam-So-Nong-nghiep-Khanh-Hoa-658735.txt
2025-08-07 02:01:36,575 - INFO - ⏳ Tạm dừng 3.14 giây giữa các batch...
2025-08-07 02:01:39,713 - INFO - 📦 Xử lý batch 19 đến 20
2025-08-07 02:01:50,104 - INFO - ✅ Đã lưu: download_bomayhanhchinh_1/bomayhanhchinh_1_20_Quyet-dinh-901-QD-UBND-2025-cong-bo-thu-tuc-hanh-chinh-hoat-dong-dau-tu-So-Tu-phap-Ca-Mau-661176.txt
2025-08-07 02:01:51,168 - INFO - ⏳ Tạm dừng 3.96 giây giữa các batch...
2025-08-07 02:01:55,132 - INFO - 📦 Xử lý batch 20 đến 21
2025-08-07 02:02:07,505 - INFO - ✅ Đã lưu: download_bomayhanhchinh_1/bomayhanhchinh_1_21_Quyet-dinh-902-QD-UBND-2025-cong-bo-thu-tuc-hanh-chinh-cat-giam-hoat-dong-dau-tu-So-Khoa-hoc-Ca-Mau-660686.txt
2025-08-07 02:02:08,569 - INFO - ⏳ Tạm dừng 4.32 giây giữa các batch...
2025-08-07 02:02:12,887 - INFO - 📦 Xử lý batch 21 đến 22
2025-08-07 02:02:25,854 - INFO - ✅ Đã lưu: download_bomayhanhchinh_1/bomayhanhchinh_1_22_Quyet-dinh-899-QD-UBND-2025-thu-tuc-hanh-chinh-cat-giam-thoi-gian-dau-tu-So-Cong-Thuong-Ca-Mau-660685.txt
2025-08-07 02:02:26,918 - INFO - ⏳ Tạm dừng 3.66 giây giữa các batch...
2025-08-07 02:02:30,580 - INFO - 📦 Xử lý batch 22 đến 23
2025-08-07 02:02:43,394 - INFO - ✅ Đã lưu: download_bomayhanhchinh_1/bomayhanhchinh_1_23_Quyet-dinh-5115-QD-UBND-2025-cong-bo-thu-tuc-hanh-chinh-bao-chi-So-Van-hoa-Long-An-660779.txt
2025-08-07 02:02:44,459 - INFO - ⏳ Tạm dừng 3.40 giây giữa các batch...
2025-08-07 02:02:47,856 - INFO - 📦 Xử lý batch 23 đến 24
2025-08-07 02:02:58,967 - INFO - ✅ Đã lưu: download_bomayhanhchinh_1/bomayhanhchinh_1_24_Quyet-dinh-26-2025-QD-UBND-bai-bo-van-ban-quy-pham-phap-luat-Lam-Dong-656851.txt
2025-08-07 02:03:00,032 - INFO - ⏳ Tạm dừng 4.92 giây giữa các batch...
2025-08-07 02:03:04,956 - INFO - 📦 Xử lý batch 24 đến 25
2025-08-07 02:03:15,608 - INFO - ✅ Đã lưu: download_bomayhanhchinh_1/bomayhanhchinh_1_25_Quyet-dinh-24-2025-QD-UBND-chuc-nang-nhiem-vu-quyen-han-So-Tai-chinh-Binh-Thuan-656582.txt
2025-08-07 02:03:16,673 - INFO - ⏳ Tạm dừng 3.61 giây giữa các batch...
2025-08-07 02:03:20,287 - INFO - 📦 Xử lý batch 25 đến 26
2025-08-07 02:03:29,144 - INFO - ✅ Đã lưu: download_bomayhanhchinh_1/bomayhanhchinh_1_26_Quyet-dinh-23-2025-QD-UBND-chuc-nang-nhiem-vu-So-Nong-nghiep-va-Moi-truong-Binh-Thuan-656557.txt
2025-08-07 02:03:30,210 - INFO - ⏳ Tạm dừng 3.15 giây giữa các batch...
2025-08-07 02:03:33,360 - INFO - 📦 Xử lý batch 26 đến 27
2025-08-07 02:03:42,980 - INFO - ✅ Đã lưu: download_bomayhanhchinh_1/bomayhanhchinh_1_27_Quyet-dinh-22-2025-QD-UBND-chuc-nang-nhiem-vu-So-Khoa-hoc-va-Cong-nghe-Binh-Thuan-656555.txt
2025-08-07 02:03:44,044 - INFO - ⏳ Tạm dừng 3.73 giây giữa các batch...
2025-08-07 02:03:47,778 - INFO - 📦 Xử lý batch 27 đến 28
2025-08-07 02:03:57,193 - INFO - ✅ Đã lưu: download_bomayhanhchinh_1/bomayhanhchinh_1_28_Quyet-dinh-21-2025-QD-UBND-chuc-nang-nhiem-vu-So-Giao-duc-Dao-tao-Binh-Thuan-656554.txt
2025-08-07 02:03:58,258 - INFO - ⏳ Tạm dừng 3.46 giây giữa các batch...
2025-08-07 02:04:01,720 - INFO - 📦 Xử lý batch 28 đến 29
2025-08-07 02:04:13,681 - INFO - ✅ Đã lưu: download_bomayhanhchinh_1/bomayhanhchinh_1_29_Quyet-dinh-20-2025-QD-UBND-chuc-nang-nhiem-vu-So-Van-hoa-The-thao-va-Du-lich-Binh-Thuan-656553.txt
2025-08-07 02:04:14,745 - INFO - ⏳ Tạm dừng 4.43 giây giữa các batch...
2025-08-07 02:04:19,176 - INFO - 📦 Xử lý batch 29 đến 30
2025-08-07 02:04:30,495 - INFO - ✅ Đã lưu: download_bomayhanhchinh_1/bomayhanhchinh_1_30_Quyet-dinh-19-2025-QD-UBND-chuc-nang-nhiem-vu-quyen-han-So-Dan-toc-va-Ton-giao-Binh-Thuan-656552.txt
2025-08-07 02:04:31,561 - INFO - ⏳ Tạm dừng 4.19 giây giữa các batch...
2025-08-07 02:04:35,749 - INFO - 📦 Xử lý batch 30 đến 31
2025-08-07 02:04:44,830 - INFO - ✅ Đã lưu: download_bomayhanhchinh_1/bomayhanhchinh_1_31_Quyet-dinh-43-2025-QD-UBND-phan-cap-So-Xay-dung-cap-giay-phep-xay-dung-Thanh-Hoa-656840.txt
2025-08-07 02:04:45,894 - INFO - ⏳ Tạm dừng 4.69 giây giữa các batch...
2025-08-07 02:04:50,584 - INFO - 📦 Xử lý batch 31 đến 32
2025-08-07 02:04:59,112 - INFO - ✅ Đã lưu: download_bomayhanhchinh_1/bomayhanhchinh_1_32_Quyet-dinh-992-QD-UBND-2025-Quy-trinh-giai-quyet-thu-tuc-hanh-chinh-Ban-Quan-ly-Khu-kinh-te-Binh-Phuoc-656946.txt
2025-08-07 02:05:00,176 - INFO - ⏳ Tạm dừng 4.34 giây giữa các batch...
2025-08-07 02:05:04,516 - INFO - 📦 Xử lý batch 32 đến 33
2025-08-07 02:05:14,535 - INFO - ✅ Đã lưu: download_bomayhanhchinh_1/bomayhanhchinh_1_33_Quyet-dinh-991-QD-UBND-2025-cong-bo-thu-tuc-hanh-chinh-Lam-nghiep-nganh-Nong-nghiep-Binh-Phuoc-656495.txt
2025-08-07 02:05:15,600 - INFO - ⏳ Tạm dừng 4.85 giây giữa các batch...
2025-08-07 02:05:20,453 - INFO - 📦 Xử lý batch 33 đến 34
2025-08-07 02:05:32,428 - INFO - ✅ Đã lưu: download_bomayhanhchinh_1/bomayhanhchinh_1_34_Quyet-dinh-518-QD-UBND-HC-2025-cong-bo-thu-tuc-hanh-chinh-linh-vuc-noi-vu-Uy-ban-tinh-Dong-Thap-657812.txt
2025-08-07 02:05:33,492 - INFO - ⏳ Tạm dừng 3.34 giây giữa các batch...
2025-08-07 02:05:36,832 - INFO - 📦 Xử lý batch 34 đến 35
2025-08-07 02:05:47,050 - INFO - ✅ Đã lưu: download_bomayhanhchinh_1/bomayhanhchinh_1_35_Quyet-dinh-517-QD-UBND-HC-2025-cong-bo-thu-tuc-hanh-chinh-Cong-Thuong-cap-tinh-Dong-Thap-657811.txt
2025-08-07 02:05:48,114 - INFO - ⏳ Tạm dừng 4.86 giây giữa các batch...
2025-08-07 02:05:52,977 - INFO - 📦 Xử lý batch 35 đến 36
2025-08-07 02:06:05,545 - INFO - ✅ Đã lưu: download_bomayhanhchinh_1/bomayhanhchinh_1_36_Quyet-dinh-397-QD-UBND-2025-cong-bo-thu-tuc-hanh-chinh-dang-ky-bien-phap-bao-dam-Kon-Tum-657184.txt
2025-08-07 02:06:06,610 - INFO - ⏳ Tạm dừng 3.34 giây giữa các batch...
2025-08-07 02:06:09,948 - INFO - 📦 Xử lý batch 36 đến 37
2025-08-07 02:06:22,230 - INFO - ✅ Đã lưu: download_bomayhanhchinh_1/bomayhanhchinh_1_37_Quyet-dinh-394-QD-UBND-2025-quy-trinh-thu-tuc-hanh-chinh-Giao-duc-thuong-xuyen-So-Giao-duc-Kon-Tum-657186.txt
2025-08-07 02:06:23,295 - INFO - ⏳ Tạm dừng 3.04 giây giữa các batch...
2025-08-07 02:06:26,338 - INFO - 📦 Xử lý batch 37 đến 38
2025-08-07 02:06:37,284 - INFO - ✅ Đã lưu: download_bomayhanhchinh_1/bomayhanhchinh_1_38_Quyet-dinh-49-2025-QD-UBND-chuc-nang-nhiem-vu-Chi-cuc-Trong-trot-Bao-ve-thuc-vat-Ninh-Thuan-657393.txt
2025-08-07 02:06:38,348 - INFO - ⏳ Tạm dừng 3.09 giây giữa các batch...
2025-08-07 02:06:41,439 - INFO - 📦 Xử lý batch 38 đến 39
2025-08-07 02:06:52,221 - INFO - ✅ Đã lưu: download_bomayhanhchinh_1/bomayhanhchinh_1_39_Quyet-dinh-48-2025-QD-UBND-chuc-nang-nhiem-vu-Chi-cuc-Chan-nuoi-va-Thu-y-Ninh-Thuan-657392.txt
2025-08-07 02:06:53,286 - INFO - ⏳ Tạm dừng 4.32 giây giữa các batch...
2025-08-07 02:06:57,603 - INFO - 📦 Xử lý batch 39 đến 40
2025-08-07 02:07:10,313 - INFO - ✅ Đã lưu: download_bomayhanhchinh_1/bomayhanhchinh_1_40_Quyet-dinh-620-QD-UBND-2025-cong-bo-thu-tuc-hanh-chinh-giao-duc-dao-tao-So-Giao-duc-Ninh-Thuan-657354.txt
2025-08-07 02:07:11,377 - INFO - ⏳ Tạm dừng 4.93 giây giữa các batch...
2025-08-07 02:07:16,307 - INFO - 📦 Xử lý batch 40 đến 41
2025-08-07 02:07:28,969 - INFO - ✅ Đã lưu: download_bomayhanhchinh_1/bomayhanhchinh_1_41_Quyet-dinh-1336-QD-UBND-2025-quy-trinh-thu-tuc-hanh-chinh-linh-vuc-Khen-thuong-Nghe-An-656559.txt
2025-08-07 02:07:30,033 - INFO - ⏳ Tạm dừng 4.13 giây giữa các batch...
2025-08-07 02:07:34,161 - INFO - 📦 Xử lý batch 41 đến 42
2025-08-07 02:07:43,849 - INFO - ✅ Đã lưu: download_bomayhanhchinh_1/bomayhanhchinh_1_42_Quyet-dinh-1350-QD-UBND-2025-cong-bo-thu-tuc-hanh-chinh-dang-ky-bao-dam-So-Tu-phap-Nghe-An-656662.txt
2025-08-07 02:07:44,914 - INFO - ⏳ Tạm dừng 4.34 giây giữa các batch...
2025-08-07 02:07:49,258 - INFO - 📦 Xử lý batch 42 đến 43
2025-08-07 02:08:00,986 - INFO - ✅ Đã lưu: download_bomayhanhchinh_1/bomayhanhchinh_1_43_Quyet-dinh-1345-QD-UBND-2025-cong-bo-thu-tuc-hanh-chinh-luu-thong-hang-hoa-So-Cong-Thuong-Nghe-An-656608.txt
2025-08-07 02:08:02,051 - INFO - ⏳ Tạm dừng 4.29 giây giữa các batch...
2025-08-07 02:08:06,338 - INFO - 📦 Xử lý batch 43 đến 44
2025-08-07 02:08:18,247 - INFO - ✅ Đã lưu: download_bomayhanhchinh_1/bomayhanhchinh_1_44_Quyet-dinh-1337-QD-UBND-2025-Bo-chi-so-phuc-vu-chi-dao-dieu-hanh-tren-moi-truong-dien-tu-Nghe-An-656586.txt
2025-08-07 02:08:19,311 - INFO - ⏳ Tạm dừng 4.38 giây giữa các batch...
2025-08-07 02:08:23,687 - INFO - 📦 Xử lý batch 44 đến 45
2025-08-07 02:08:36,143 - INFO - ✅ Đã lưu: download_bomayhanhchinh_1/bomayhanhchinh_1_45_Quyet-dinh-1375-QD-UBND-2025-cong-bo-thu-tuc-hanh-chinh-linh-vuc-viec-lam-So-Noi-vu-Nam-Dinh-656661.txt
2025-08-07 02:08:37,208 - INFO - ⏳ Tạm dừng 4.23 giây giữa các batch...
2025-08-07 02:08:41,439 - INFO - 📦 Xử lý batch 45 đến 46
2025-08-07 02:08:53,081 - INFO - ✅ Đã lưu: download_bomayhanhchinh_1/bomayhanhchinh_1_46_Quyet-dinh-1368-QD-UBND-2025-giai-quyet-thu-tuc-hanh-chinh-linh-vuc-tin-nguong-So-Noi-vu-Hue-657664.txt
2025-08-07 02:08:54,149 - INFO - ⏳ Tạm dừng 3.92 giây giữa các batch...
2025-08-07 02:08:58,068 - INFO - 📦 Xử lý batch 46 đến 47
2025-08-07 02:09:11,040 - INFO - ✅ Đã lưu: download_bomayhanhchinh_1/bomayhanhchinh_1_47_Quyet-dinh-1367-QD-UBND-2025-giai-quyet-thu-tuc-hanh-chinh-linh-vuc-Ho-tich-So-Tu-phap-Hue-657662.txt
2025-08-07 02:09:12,106 - INFO - ⏳ Tạm dừng 4.46 giây giữa các batch...
2025-08-07 02:09:16,564 - INFO - 📦 Xử lý batch 47 đến 48
2025-08-07 02:09:28,224 - INFO - ✅ Đã lưu: download_bomayhanhchinh_1/bomayhanhchinh_1_48_Quyet-dinh-1366-QD-UBND-2025-quy-trinh-noi-bo-giai-quyet-thu-tuc-hanh-chinh-So-Giao-duc-Hue-657657.txt
2025-08-07 02:09:29,288 - INFO - ⏳ Tạm dừng 4.44 giây giữa các batch...
2025-08-07 02:09:33,725 - INFO - 📦 Xử lý batch 48 đến 49
2025-08-07 02:09:46,075 - INFO - ✅ Đã lưu: download_bomayhanhchinh_1/bomayhanhchinh_1_49_Quyet-dinh-1187-QD-UBND-2025-quy-trinh-noi-bo-giai-quyet-thu-tuc-hanh-chinh-So-Y-te-Can-Tho-656558.txt
2025-08-07 02:09:47,139 - INFO - ⏳ Tạm dừng 3.23 giây giữa các batch...
2025-08-07 02:09:50,365 - INFO - 📦 Xử lý batch 49 đến 50
2025-08-07 02:10:01,060 - INFO - ✅ Đã lưu: download_bomayhanhchinh_1/bomayhanhchinh_1_50_Quyet-dinh-1186-QD-UBND-2025-cong-bo-Danh-muc-thu-tuc-hanh-chinh-So-Giao-duc-Can-Tho-656523.txt
2025-08-07 02:10:02,124 - INFO - ⏳ Tạm dừng 3.82 giây giữa các batch...
2025-08-07 02:10:05,940 - INFO - 📦 Xử lý batch 50 đến 51
2025-08-07 02:10:16,936 - INFO - ✅ Đã lưu: download_bomayhanhchinh_1/bomayhanhchinh_1_51_Quyet-dinh-606-QD-UBND-2025-Quy-trinh-thu-tuc-hanh-chinh-cong-tac-dan-toc-Uy-ban-huyen-Cao-Bang-662936.txt
2025-08-07 02:10:18,001 - INFO - ⏳ Tạm dừng 3.94 giây giữa các batch...
2025-08-07 02:10:21,946 - INFO - 📦 Xử lý batch 51 đến 52
2025-08-07 02:10:34,719 - INFO - ✅ Đã lưu: download_bomayhanhchinh_1/bomayhanhchinh_1_52_Quyet-dinh-1547-QD-UBND-2025-cong-bo-thu-tuc-hanh-chinh-bien-phap-bao-dam-nganh-Nong-nghiep-Dong-Nai-661662.txt
2025-08-07 02:10:35,783 - INFO - ⏳ Tạm dừng 3.24 giây giữa các batch...
2025-08-07 02:10:39,028 - INFO - 📦 Xử lý batch 52 đến 53
2025-08-07 02:10:49,815 - INFO - ✅ Đã lưu: download_bomayhanhchinh_1/bomayhanhchinh_1_53_Quyet-dinh-34-2025-QD-UBND-bai-bo-mot-phan-cac-quyet-dinh-Uy-ban-nhan-dan-Gia-Lai-656841.txt
2025-08-07 02:10:50,879 - INFO - ⏳ Tạm dừng 3.69 giây giữa các batch...
2025-08-07 02:10:54,571 - INFO - 📦 Xử lý batch 53 đến 54
2025-08-07 02:11:05,998 - INFO - ✅ Đã lưu: download_bomayhanhchinh_1/bomayhanhchinh_1_54_Quyet-dinh-1054-QD-UBND-2025-cong-bo-thu-tuc-hanh-chinh-linh-vuc-Lam-nghiep-So-Nong-nghiep-Dak-Lak-656660.txt
2025-08-07 02:11:07,065 - INFO - ⏳ Tạm dừng 4.50 giây giữa các batch...
2025-08-07 02:11:11,560 - INFO - 📦 Xử lý batch 54 đến 55
2025-08-07 02:11:22,978 - INFO - ✅ Đã lưu: download_bomayhanhchinh_1/bomayhanhchinh_1_55_Quyet-dinh-1464-QD-UBND-2025-thu-tuc-hanh-chinh-luu-thong-hang-hoa-So-Cong-Thuong-Ben-Tre-658452.txt
2025-08-07 02:11:24,042 - INFO - ⏳ Tạm dừng 3.02 giây giữa các batch...
2025-08-07 02:11:27,066 - INFO - 📦 Xử lý batch 55 đến 56
2025-08-07 02:11:38,446 - INFO - ✅ Đã lưu: download_bomayhanhchinh_1/bomayhanhchinh_1_56_Quyet-dinh-752-QD-UBND-2025-cong-bo-thu-tuc-hanh-chinh-linh-vuc-giao-duc-So-Giao-duc-An-Giang-656607.txt
2025-08-07 02:11:39,511 - INFO - ⏳ Tạm dừng 3.92 giây giữa các batch...
2025-08-07 02:11:43,427 - INFO - 📦 Xử lý batch 56 đến 57
2025-08-07 02:11:55,309 - INFO - ✅ Đã lưu: download_bomayhanhchinh_1/bomayhanhchinh_1_57_Quyet-dinh-726-QD-UBND-2025-Quy-trinh-thu-tuc-hanh-chinh-dat-dai-So-Nong-nghiep-Quang-Ngai-657042.txt
2025-08-07 02:11:56,373 - INFO - ⏳ Tạm dừng 3.98 giây giữa các batch...
2025-08-07 02:12:00,354 - INFO - 📦 Xử lý batch 57 đến 58
2025-08-07 02:12:10,742 - INFO - ✅ Đã lưu: download_bomayhanhchinh_1/bomayhanhchinh_1_58_Quyet-dinh-725-QD-UBND-2025-cong-bo-thu-tuc-hanh-chinh-bien-phap-bao-dam-So-Tu-phap-Quang-Ngai-656947.txt
2025-08-07 02:12:11,807 - INFO - ⏳ Tạm dừng 4.07 giây giữa các batch...
2025-08-07 02:12:15,878 - INFO - 📦 Xử lý batch 58 đến 59
2025-08-07 02:12:27,945 - INFO - ✅ Đã lưu: download_bomayhanhchinh_1/bomayhanhchinh_1_59_Quyet-dinh-735-QD-TTPVHCC-2025-cong-bo-thu-tuc-hanh-chinh-giao-duc-dao-tao-So-Giao-duc-Ha-Noi-657059.txt
2025-08-07 02:12:29,009 - INFO - ⏳ Tạm dừng 4.39 giây giữa các batch...
2025-08-07 02:12:33,401 - INFO - 📦 Xử lý batch 59 đến 60
2025-08-07 02:12:45,240 - INFO - ✅ Đã lưu: download_bomayhanhchinh_1/bomayhanhchinh_1_60_Quyet-dinh-734-QD-TTPVHCC-2025-cong-bo-thu-tuc-hanh-chinh-linh-vuc-giao-duc-So-Giao-duc-Ha-Noi-656585.txt
2025-08-07 02:12:46,305 - INFO - ⏳ Tạm dừng 4.24 giây giữa các batch...
2025-08-07 02:12:50,548 - INFO - 📦 Xử lý batch 60 đến 61
2025-08-07 02:13:02,019 - INFO - ✅ Đã lưu: download_bomayhanhchinh_1/bomayhanhchinh_1_61_Quyet-dinh-863-QD-UBND-2025-cong-bo-thu-tuc-hanh-chinh-dang-ky-bao-dam-So-Tu-phap-Binh-Thuan-656518.txt
2025-08-07 02:13:03,083 - INFO - ⏳ Tạm dừng 4.72 giây giữa các batch...
2025-08-07 02:13:07,802 - INFO - 📦 Xử lý batch 61 đến 62
2025-08-07 02:13:18,949 - INFO - ✅ Đã lưu: download_bomayhanhchinh_1/bomayhanhchinh_1_62_Quyet-dinh-839-QD-UBND-2025-cong-bo-thu-tuc-hanh-chinh-linh-vuc-Xay-dung-So-Xay-dung-Thai-Binh-656945.txt
2025-08-07 02:13:20,014 - INFO - ⏳ Tạm dừng 4.21 giây giữa các batch...
2025-08-07 02:13:24,223 - INFO - 📦 Xử lý batch 62 đến 63
2025-08-07 02:13:36,049 - INFO - ✅ Đã lưu: download_bomayhanhchinh_1/bomayhanhchinh_1_63_Quyet-dinh-838-QD-UBND-2025-cong-bo-bo-sung-thu-tuc-hanh-chinh-tai-chinh-cap-tinh-Thai-Binh-656618.txt
2025-08-07 02:13:37,114 - INFO - ⏳ Tạm dừng 3.29 giây giữa các batch...
2025-08-07 02:13:40,407 - INFO - 📦 Xử lý batch 63 đến 64
2025-08-07 02:13:51,020 - INFO - ✅ Đã lưu: download_bomayhanhchinh_1/bomayhanhchinh_1_64_Quyet-dinh-1319-QD-UBND-2025-cong-bo-thu-tuc-hanh-chinh-bien-hai-dao-So-Nong-nghiep-Vung-Tau-656950.txt
2025-08-07 02:13:52,085 - INFO - ⏳ Tạm dừng 4.47 giây giữa các batch...
2025-08-07 02:13:56,550 - INFO - 📦 Xử lý batch 64 đến 65
2025-08-07 02:14:08,340 - INFO - ✅ Đã lưu: download_bomayhanhchinh_1/bomayhanhchinh_1_65_Quyet-dinh-1318-QD-UBND-2025-cong-bo-thu-tuc-hanh-chinh-linh-vuc-thuy-san-Uy-ban-huyen-Vung-Tau-656952.txt
2025-08-07 02:14:09,404 - INFO - ⏳ Tạm dừng 4.84 giây giữa các batch...
2025-08-07 02:14:14,249 - INFO - 📦 Xử lý batch 65 đến 66
2025-08-07 02:14:23,763 - INFO - ✅ Đã lưu: download_bomayhanhchinh_1/bomayhanhchinh_1_66_Quyet-dinh-1317-QD-UBND-2025-cong-bo-thu-tuc-hanh-chinh-linh-vuc-thuy-loi-Uy-ban-xa-Vung-Tau-656954.txt
2025-08-07 02:14:24,828 - INFO - ⏳ Tạm dừng 4.80 giây giữa các batch...
2025-08-07 02:14:29,631 - INFO - 📦 Xử lý batch 66 đến 67
2025-08-07 02:14:40,413 - INFO - ✅ Đã lưu: download_bomayhanhchinh_1/bomayhanhchinh_1_67_Quyet-dinh-1548-QD-UBND-2025-cong-bo-thu-tuc-hanh-chinh-chuan-hoa-So-Khoa-hoc-Cong-nghe-Dong-Nai-661664.txt
2025-08-07 02:14:41,478 - INFO - ⏳ Tạm dừng 3.66 giây giữa các batch...
2025-08-07 02:14:45,142 - INFO - 📦 Xử lý batch 67 đến 68
2025-08-07 02:14:58,105 - INFO - ✅ Đã lưu: download_bomayhanhchinh_1/bomayhanhchinh_1_68_Quyet-dinh-806-QD-UBND-2025-cong-bo-thu-tuc-hanh-chinh-duoc-chuan-hoa-So-Khoa-hoc-Lai-Chau-657928.txt
2025-08-07 02:14:59,171 - INFO - ⏳ Tạm dừng 3.09 giây giữa các batch...
2025-08-07 02:15:02,258 - INFO - 📦 Xử lý batch 68 đến 69
2025-08-07 02:15:11,999 - INFO - ✅ Đã lưu: download_bomayhanhchinh_1/bomayhanhchinh_1_69_Quyet-dinh-1411-QD-BNNMT-2025-cong-bo-thu-tuc-hanh-chinh-noi-bo-linh-vuc-giam-ngheo-656819.txt
2025-08-07 02:15:13,064 - INFO - ⏳ Tạm dừng 4.96 giây giữa các batch...
2025-08-07 02:15:18,027 - INFO - 📦 Xử lý batch 69 đến 70
2025-08-07 02:15:30,140 - INFO - ✅ Đã lưu: download_bomayhanhchinh_1/bomayhanhchinh_1_70_Quyet-dinh-1487-QD-UBND-2025-cong-bo-thu-tuc-hanh-chinh-chinh-quyen-dia-phuong-Hai-Phong-657336.txt
2025-08-07 02:15:31,205 - INFO - ⏳ Tạm dừng 4.96 giây giữa các batch...
2025-08-07 02:15:36,170 - INFO - 📦 Xử lý batch 70 đến 71
2025-08-07 02:15:48,124 - INFO - ✅ Đã lưu: download_bomayhanhchinh_1/bomayhanhchinh_1_71_Quyet-dinh-32-2025-QD-UBND-Quy-che-phoi-hop-thuc-hien-chuc-nang-Trung-tam-Phat-trien-quy-dat-Khanh-Hoa-657511.txt
2025-08-07 02:15:49,188 - INFO - ⏳ Tạm dừng 3.74 giây giữa các batch...
2025-08-07 02:15:52,924 - INFO - 📦 Xử lý batch 71 đến 72
2025-08-07 02:16:05,772 - INFO - ✅ Đã lưu: download_bomayhanhchinh_1/bomayhanhchinh_1_72_Quyet-dinh-1221-QD-UBND-2025-thu-tuc-hanh-chinh-linh-vuc-ho-tich-du-lieu-dien-tu-Khanh-Hoa-657645.txt
2025-08-07 02:16:06,841 - INFO - ⏳ Tạm dừng 4.94 giây giữa các batch...
2025-08-07 02:16:11,778 - INFO - 📦 Xử lý batch 72 đến 73
2025-08-07 02:16:24,867 - INFO - ✅ Đã lưu: download_bomayhanhchinh_1/bomayhanhchinh_1_73_Quyet-dinh-36-2025-QD-UBND-chuc-nang-nhiem-vu-Chi-cuc-Trong-trot-va-Bao-ve-thuc-vat-Tay-Ninh-658117.txt
2025-08-07 02:16:25,931 - INFO - ⏳ Tạm dừng 3.45 giây giữa các batch...
2025-08-07 02:16:29,380 - INFO - 📦 Xử lý batch 73 đến 74
2025-08-07 02:16:41,101 - INFO - ✅ Đã lưu: download_bomayhanhchinh_1/bomayhanhchinh_1_74_Quyet-dinh-35-2025-QD-UBND-chuc-nang-nhiem-vu-Chi-cuc-Kiem-lam-Tay-Ninh-658118.txt
2025-08-07 02:16:42,165 - INFO - ⏳ Tạm dừng 4.81 giây giữa các batch...
2025-08-07 02:16:46,976 - INFO - 📦 Xử lý batch 74 đến 75
2025-08-07 02:16:56,756 - INFO - ✅ Đã lưu: download_bomayhanhchinh_1/bomayhanhchinh_1_75_Quyet-dinh-34-2025-QD-UBND-chuc-nang-nhiem-vu-Chi-cuc-Chan-nuoi-Thu-y-Tay-Ninh-658119.txt
2025-08-07 02:16:57,820 - INFO - ⏳ Tạm dừng 4.77 giây giữa các batch...
2025-08-07 02:17:02,586 - INFO - 📦 Xử lý batch 75 đến 76
2025-08-07 02:17:14,534 - INFO - ✅ Đã lưu: download_bomayhanhchinh_1/bomayhanhchinh_1_76_Quyet-dinh-37-2025-QD-UBND-chuc-nang-nhiem-vu-quyen-han-Chi-cuc-Thuy-loi-Tay-Ninh-658116.txt
2025-08-07 02:17:15,599 - INFO - ⏳ Tạm dừng 4.88 giây giữa các batch...
2025-08-07 02:17:20,478 - INFO - 📦 Xử lý batch 76 đến 77
2025-08-07 02:17:31,448 - INFO - ✅ Đã lưu: download_bomayhanhchinh_1/bomayhanhchinh_1_77_Quyet-dinh-966-QD-UBND-2025-quy-trinh-thu-tuc-hanh-chinh-cong-tac-dan-toc-So-Dan-toc-Dien-Bien-658094.txt
2025-08-07 02:17:32,513 - INFO - ⏳ Tạm dừng 4.62 giây giữa các batch...
2025-08-07 02:17:37,131 - INFO - 📦 Xử lý batch 77 đến 78
2025-08-07 02:17:47,224 - INFO - ✅ Đã lưu: download_bomayhanhchinh_1/bomayhanhchinh_1_78_Quyet-dinh-965-QD-UBND-2025-cong-bo-thu-tuc-hanh-chinh-che-do-nha-giao-So-Giao-duc-Dien-Bien-658095.txt
2025-08-07 02:17:48,288 - INFO - ⏳ Tạm dừng 3.39 giây giữa các batch...
2025-08-07 02:17:51,681 - INFO - 📦 Xử lý batch 78 đến 79
2025-08-07 02:18:02,070 - INFO - ✅ Đã lưu: download_bomayhanhchinh_1/bomayhanhchinh_1_79_Quyet-dinh-1235-QD-UBND-2025-quy-trinh-thu-tuc-hanh-chinh-dien-luc-So-Cong-Thuong-Khanh-Hoa-660617.txt
2025-08-07 02:18:03,138 - INFO - ⏳ Tạm dừng 3.75 giây giữa các batch...
2025-08-07 02:18:06,890 - INFO - 📦 Xử lý batch 79 đến 80
2025-08-07 02:18:16,110 - INFO - ✅ Đã lưu: download_bomayhanhchinh_1/bomayhanhchinh_1_80_Quyet-dinh-41-2025-QD-UBND-chuc-nang-Trung-tam-Khoa-hoc-cong-nghe-doi-moi-sang-tao-Phu-Tho-657124.txt
2025-08-07 02:18:17,174 - INFO - ⏳ Tạm dừng 3.47 giây giữa các batch...
2025-08-07 02:18:20,641 - INFO - 📦 Xử lý batch 80 đến 81
2025-08-07 02:18:31,132 - INFO - ✅ Đã lưu: download_bomayhanhchinh_1/bomayhanhchinh_1_81_Cong-dien-62-CD-TTg-2025-thuc-hien-chinh-sach-can-bo-sap-xep-to-chuc-bo-may-chinh-tri-656526.txt
2025-08-07 02:18:32,199 - INFO - ⏳ Tạm dừng 3.08 giây giữa các batch...
2025-08-07 02:18:35,277 - INFO - 📦 Xử lý batch 81 đến 82
2025-08-07 02:18:48,417 - INFO - ✅ Đã lưu: download_bomayhanhchinh_1/bomayhanhchinh_1_82_Quyet-dinh-1589-QD-UBND-2025-phe-duyet-Dieu-le-Lien-doan-Co-Binh-Dinh-657653.txt
2025-08-07 02:18:49,482 - INFO - ⏳ Tạm dừng 3.88 giây giữa các batch...
2025-08-07 02:18:53,363 - INFO - 📦 Xử lý batch 82 đến 83
2025-08-07 02:19:04,188 - INFO - ✅ Đã lưu: download_bomayhanhchinh_1/bomayhanhchinh_1_83_Quyet-dinh-1598-QD-UBND-2025-cong-bo-thu-tuc-hanh-chinh-Dau-tu-tai-Viet-Nam-So-Tai-chinh-Binh-Dinh-658285.txt
2025-08-07 02:19:05,252 - INFO - ⏳ Tạm dừng 4.86 giây giữa các batch...
2025-08-07 02:19:10,109 - INFO - 📦 Xử lý batch 83 đến 84
2025-08-07 02:19:19,377 - INFO - ✅ Đã lưu: download_bomayhanhchinh_1/bomayhanhchinh_1_84_Quyet-dinh-1590-QD-UBND-2025-cong-bo-thu-tuc-hanh-chinh-Buu-chinh-So-Khoa-hoc-Binh-Dinh-657559.txt
2025-08-07 02:19:20,441 - INFO - ⏳ Tạm dừng 4.63 giây giữa các batch...
2025-08-07 02:19:25,073 - INFO - 📦 Xử lý batch 84 đến 85
2025-08-07 02:19:35,596 - INFO - ✅ Đã lưu: download_bomayhanhchinh_1/bomayhanhchinh_1_85_Quyet-dinh-73-2025-QD-UBND-sua-doi-khoan-4-Dieu-3-Quyet-dinh-10-2025-QD-UBND-Vinh-Long-658686.txt
2025-08-07 02:19:36,661 - INFO - ⏳ Tạm dừng 3.76 giây giữa các batch...
2025-08-07 02:19:40,423 - INFO - 📦 Xử lý batch 85 đến 86
2025-08-07 02:19:54,484 - INFO - ✅ Đã lưu: download_bomayhanhchinh_1/bomayhanhchinh_1_86_Quyet-dinh-1003-QD-UBND-2025-cong-bo-thu-tuc-hanh-chinh-linh-vuc-Dia-chat-cap-tinh-Phu-Tho-656425.txt
2025-08-07 02:19:55,549 - INFO - ⏳ Tạm dừng 3.83 giây giữa các batch...
2025-08-07 02:19:59,382 - INFO - 📦 Xử lý batch 86 đến 87
2025-08-07 02:20:17,800 - INFO - ✅ Đã lưu: download_bomayhanhchinh_1/bomayhanhchinh_1_87_Quyet-dinh-1280-QD-BGDDT-2025-cong-bo-thu-tuc-hanh-chinh-che-do-chinh-sach-nha-giao-656822.txt
2025-08-07 02:20:18,865 - INFO - ⏳ Tạm dừng 3.09 giây giữa các batch...
2025-08-07 02:20:21,960 - INFO - 📦 Xử lý batch 87 đến 88
2025-08-07 02:20:34,181 - INFO - ✅ Đã lưu: download_bomayhanhchinh_1/bomayhanhchinh_1_88_Quyet-dinh-1004-QD-UBND-2025-cong-bo-thu-tuc-hanh-chinh-linh-vuc-Tai-nguyen-nuoc-Phu-Tho-657122.txt
2025-08-07 02:20:35,248 - INFO - ⏳ Tạm dừng 4.81 giây giữa các batch...
2025-08-07 02:20:40,055 - INFO - 📦 Xử lý batch 88 đến 89
2025-08-07 02:20:50,720 - INFO - ✅ Đã lưu: download_bomayhanhchinh_1/bomayhanhchinh_1_89_Quyet-dinh-1005-QD-UBND-2025-thu-tuc-hanh-chinh-Bao-ton-thien-nhien-cac-cap-chinh-quyen-Phu-Tho-657123.txt
2025-08-07 02:20:51,784 - INFO - ⏳ Tạm dừng 4.40 giây giữa các batch...
2025-08-07 02:20:56,182 - INFO - 📦 Xử lý batch 89 đến 90
2025-08-07 02:21:07,346 - INFO - ✅ Đã lưu: download_bomayhanhchinh_1/bomayhanhchinh_1_90_Quyet-dinh-1010-QD-UBND-2025-cong-bo-thu-tuc-hanh-chinh-Khoa-hoc-Cong-nghe-cap-tinh-Phu-Tho-657121.txt
2025-08-07 02:21:08,410 - INFO - ⏳ Tạm dừng 3.10 giây giữa các batch...
2025-08-07 02:21:11,508 - INFO - 📦 Xử lý batch 90 đến 91
2025-08-07 02:21:23,924 - INFO - ✅ Đã lưu: download_bomayhanhchinh_1/bomayhanhchinh_1_91_Quyet-dinh-1015-QD-UBND-2025-cong-bo-thu-tuc-hanh-chinh-Khi-tuong-thuy-van-cap-tinh-Phu-Tho-657119.txt
2025-08-07 02:21:24,989 - INFO - ⏳ Tạm dừng 4.32 giây giữa các batch...
2025-08-07 02:21:29,306 - INFO - 📦 Xử lý batch 91 đến 92
2025-08-07 02:21:41,665 - INFO - ✅ Đã lưu: download_bomayhanhchinh_1/bomayhanhchinh_1_92_Quyet-dinh-1456-QD-BH%ce%a7%ce%97-2025-chuc-nang-nhiem-vu-quyen-han-Bao-hiem-xa-hoi-khu-vuc-659578.txt
2025-08-07 02:21:42,730 - INFO - ⏳ Tạm dừng 3.39 giây giữa các batch...
2025-08-07 02:21:46,123 - INFO - 📦 Xử lý batch 92 đến 93
2025-08-07 02:21:56,797 - INFO - ✅ Đã lưu: download_bomayhanhchinh_1/bomayhanhchinh_1_93_Thong-tu-08-2025-TT-BGDDT-thoi-han-luu-tru-ho-so-tai-lieu-thuoc-linh-vuc-giao-duc-dao-tao-656813.txt
2025-08-07 02:21:57,862 - INFO - ⏳ Tạm dừng 4.24 giây giữa các batch...
2025-08-07 02:22:02,104 - INFO - 📦 Xử lý batch 93 đến 94
2025-08-07 02:22:13,793 - INFO - ✅ Đã lưu: download_bomayhanhchinh_1/bomayhanhchinh_1_94_Quyet-dinh-890-QD-UBND-2025-cong-bo-thu-tuc-hanh-chinh-linh-vuc-duong-bo-So-Xay-dung-Ca-Mau-660582.txt
2025-08-07 02:22:14,863 - INFO - ⏳ Tạm dừng 3.25 giây giữa các batch...
2025-08-07 02:22:18,114 - INFO - 📦 Xử lý batch 94 đến 95
2025-08-07 02:22:31,009 - INFO - ✅ Đã lưu: download_bomayhanhchinh_1/bomayhanhchinh_1_95_Chi-thi-04-CT-UBND-2025-quan-ly-cong-tac-van-thu-luu-tru-sap-xep-to-chuc-bo-may-Ninh-Thuan-657370.txt
2025-08-07 02:22:32,074 - INFO - ⏳ Tạm dừng 4.89 giây giữa các batch...
2025-08-07 02:22:36,967 - INFO - 📦 Xử lý batch 95 đến 96
2025-08-07 02:22:48,601 - INFO - ✅ Đã lưu: download_bomayhanhchinh_1/bomayhanhchinh_1_96_Quyet-dinh-1594-QD-UBND-2025-quy-trinh-thu-tuc-hanh-chinh-Nguoi-co-cong-So-Noi-vu-Binh-Dinh-656671.txt
2025-08-07 02:22:49,666 - INFO - ⏳ Tạm dừng 4.46 giây giữa các batch...
2025-08-07 02:22:54,128 - INFO - 📦 Xử lý batch 96 đến 97
2025-08-07 02:23:04,499 - INFO - ✅ Đã lưu: download_bomayhanhchinh_1/bomayhanhchinh_1_97_Quyet-dinh-1592-QD-UBND-2025-Khung-danh-muc-nhiem-vu-co-quan-chi-so-SIPAS-Binh-Dinh-656719.txt
2025-08-07 02:23:05,563 - INFO - ⏳ Tạm dừng 4.83 giây giữa các batch...
2025-08-07 02:23:10,396 - INFO - 📦 Xử lý batch 97 đến 98
2025-08-07 02:23:20,717 - INFO - ✅ Đã lưu: download_bomayhanhchinh_1/bomayhanhchinh_1_98_Quyet-dinh-1602-QD-UBND-2025-chuc-nang-nhiem-vu-Chi-cuc-Chan-nuoi-Thu-y-Binh-Dinh-656715.txt
2025-08-07 02:23:21,781 - INFO - ⏳ Tạm dừng 3.51 giây giữa các batch...
2025-08-07 02:23:25,296 - INFO - 📦 Xử lý batch 98 đến 99
2025-08-07 02:23:35,785 - INFO - ✅ Đã lưu: download_bomayhanhchinh_1/bomayhanhchinh_1_99_Quyet-dinh-1601-QD-UBND-2025-chuc-nang-nhiem-vu-Chi-cuc-Kiem-lam-So-Nong-nghiep-Binh-Dinh-656718.txt
2025-08-07 02:23:36,849 - INFO - ⏳ Tạm dừng 3.04 giây giữa các batch...
2025-08-07 02:23:39,891 - INFO - 📦 Xử lý batch 99 đến 100
2025-08-07 02:23:51,783 - INFO - ✅ Đã lưu: download_bomayhanhchinh_1/bomayhanhchinh_1_100_Quyet-dinh-1597-QD-UBND-2025-cong-bo-thu-tuc-hanh-chinh-linh-vuc-Giao-duc-So-Giao-duc-Binh-Dinh-656676.txt
2025-08-07 02:23:52,847 - INFO - ⏳ Tạm dừng 4.25 giây giữa các batch...
2025-08-07 02:23:57,098 - INFO - 📦 Xử lý batch 100 đến 101
2025-08-07 02:24:08,020 - INFO - ✅ Đã lưu: download_bomayhanhchinh_1/bomayhanhchinh_1_101_Quyet-dinh-1596-QD-UBND-2025-quy-trinh-thu-tuc-hanh-chinh-Tai-nguyen-nuoc-So-Nong-nghiep-Binh-Dinh-656674.txt
2025-08-07 02:24:09,084 - INFO - ⏳ Tạm dừng 3.95 giây giữa các batch...
2025-08-07 02:24:13,030 - INFO - 📦 Xử lý batch 101 đến 102
2025-08-07 02:24:32,843 - ERROR - ❌ Không tìm thấy nội dung chính tại https://thuvienphapluat.vn/van-ban/Bo-may-hanh-chinh/Quyet-dinh-1595-QD-UBND-2025-quy-trinh-thu-tuc-hanh-chinh-linh-vuc-Duoc-So-Y-te-Binh-Dinh-656670.aspx - đã lưu ảnh lỗi download_bomayhanhchinh_1/error_file_bomayhanhchinh_1_102.png
2025-08-07 02:24:33,908 - INFO - ⏳ Tạm dừng 4.73 giây giữa các batch...
2025-08-07 02:24:38,633 - INFO - 📦 Xử lý batch 102 đến 103
2025-08-07 02:24:56,325 - ERROR - ❌ Không tìm thấy nội dung chính tại https://thuvienphapluat.vn/van-ban/Bo-may-hanh-chinh/Quyet-dinh-1733-QD-BTC-2025-sua-doi-Quyet-dinh-391-QD-BTC-co-cau-to-chuc-Bao-hiem-xa-hoi-Viet-Nam-656377.aspx - đã lưu ảnh lỗi download_bomayhanhchinh_1/error_file_bomayhanhchinh_1_103.png
2025-08-07 02:24:57,389 - INFO - ⏳ Tạm dừng 3.87 giây giữa các batch...
2025-08-07 02:25:01,261 - INFO - 📦 Xử lý batch 103 đến 104
2025-08-07 02:25:19,941 - ERROR - ❌ Không tìm thấy nội dung chính tại https://thuvienphapluat.vn/van-ban/Dau-tu/Quyet-dinh-604-QD-UBND-2025-cong-bo-thu-tuc-hanh-chinh-linh-vuc-dau-thau-So-Tai-chinh-Cao-Bang-657126.aspx - đã lưu ảnh lỗi download_bomayhanhchinh_1/error_file_bomayhanhchinh_1_104.png
2025-08-07 02:25:21,007 - INFO - ⏳ Tạm dừng 3.60 giây giữa các batch...
2025-08-07 02:25:24,609 - INFO - 📦 Xử lý batch 104 đến 105
2025-08-07 02:25:42,072 - ERROR - ❌ Không tìm thấy nội dung chính tại https://thuvienphapluat.vn/van-ban/Bo-may-hanh-chinh/Quyet-dinh-1321-QD-UBND-2025-cong-bo-thu-tuc-hanh-chinh-Chan-nuoi-So-Nong-nghiep-Nghe-An-656486.aspx - đã lưu ảnh lỗi download_bomayhanhchinh_1/error_file_bomayhanhchinh_1_105.png
2025-08-07 02:25:43,136 - INFO - ⏳ Tạm dừng 3.22 giây giữa các batch...
2025-08-07 02:25:46,352 - INFO - 📦 Xử lý batch 105 đến 106
2025-08-07 02:26:05,972 - ERROR - ❌ Không tìm thấy nội dung chính tại https://thuvienphapluat.vn/van-ban/Bo-may-hanh-chinh/Quyet-dinh-1358-QD-UBND-2025-cong-bo-Danh-muc-thu-tuc-hanh-chinh-So-Tai-chinh-Hue-657648.aspx - đã lưu ảnh lỗi download_bomayhanhchinh_1/error_file_bomayhanhchinh_1_106.png
2025-08-07 02:26:07,036 - INFO - ⏳ Tạm dừng 3.94 giây giữa các batch...
2025-08-07 02:26:10,972 - INFO - 📦 Xử lý batch 106 đến 107
2025-08-07 02:26:29,531 - ERROR - ❌ Không tìm thấy nội dung chính tại https://thuvienphapluat.vn/van-ban/Bo-may-hanh-chinh/Quyet-dinh-1346-QD-UBND-2025-cong-bo-thu-tuc-hanh-chinh-Ung-pho-su-co-tran-dau-Uy-ban-huyen-Hue-657654.aspx - đã lưu ảnh lỗi download_bomayhanhchinh_1/error_file_bomayhanhchinh_1_107.png
2025-08-07 02:26:30,595 - INFO - ⏳ Tạm dừng 3.70 giây giữa các batch...
2025-08-07 02:26:34,293 - INFO - 📦 Xử lý batch 107 đến 108
2025-08-07 02:26:54,020 - ERROR - ❌ Không tìm thấy nội dung chính tại https://thuvienphapluat.vn/van-ban/Dau-tu/Quyet-dinh-1343-QD-UBND-2025-cong-bo-thu-tuc-hanh-chinh-Dau-thau-Ban-Quan-ly-Khu-kinh-te-Hue-657652.aspx - đã lưu ảnh lỗi download_bomayhanhchinh_1/error_file_bomayhanhchinh_1_108.png
2025-08-07 02:26:55,084 - INFO - ⏳ Tạm dừng 3.51 giây giữa các batch...
2025-08-07 02:26:58,592 - INFO - 📦 Xử lý batch 108 đến 109
2025-08-07 02:27:17,427 - ERROR - ❌ Không tìm thấy nội dung chính tại https://thuvienphapluat.vn/van-ban/Bo-may-hanh-chinh/Quyet-dinh-1340-QD-UBND-2025-van-ban-quy-pham-phap-luat-con-hieu-luc-theo-doi-trong-tam-Hue-657650.aspx - đã lưu ảnh lỗi download_bomayhanhchinh_1/error_file_bomayhanhchinh_1_109.png
2025-08-07 02:27:18,492 - INFO - ⏳ Tạm dừng 4.43 giây giữa các batch...
2025-08-07 02:27:22,923 - INFO - 📦 Xử lý batch 109 đến 110
2025-08-07 02:27:42,365 - WARNING - Retrying (Retry(total=2, connect=None, read=None, redirect=None, status=None)) after connection broken by 'NewConnectionError('<urllib3.connection.HTTPConnection object at 0x7284767c6300>: Failed to establish a new connection: [Errno 111] Connection refused')': /session/4c922934091f535e4a02efe9a038ccb6/element
2025-08-07 02:27:42,366 - WARNING - Retrying (Retry(total=1, connect=None, read=None, redirect=None, status=None)) after connection broken by 'NewConnectionError('<urllib3.connection.HTTPConnection object at 0x7284767c6390>: Failed to establish a new connection: [Errno 111] Connection refused')': /session/4c922934091f535e4a02efe9a038ccb6/element
2025-08-07 02:27:42,366 - WARNING - Retrying (Retry(total=0, connect=None, read=None, redirect=None, status=None)) after connection broken by 'NewConnectionError('<urllib3.connection.HTTPConnection object at 0x7284767c54f0>: Failed to establish a new connection: [Errno 111] Connection refused')': /session/4c922934091f535e4a02efe9a038ccb6/element
2025-08-07 02:27:42,368 - WARNING - Retrying (Retry(total=2, connect=None, read=None, redirect=None, status=None)) after connection broken by 'NewConnectionError('<urllib3.connection.HTTPConnection object at 0x7284767c4d40>: Failed to establish a new connection: [Errno 111] Connection refused')': /session/4c922934091f535e4a02efe9a038ccb6/screenshot
2025-08-07 02:27:42,368 - WARNING - Retrying (Retry(total=1, connect=None, read=None, redirect=None, status=None)) after connection broken by 'NewConnectionError('<urllib3.connection.HTTPConnection object at 0x7284767c4b60>: Failed to establish a new connection: [Errno 111] Connection refused')': /session/4c922934091f535e4a02efe9a038ccb6/screenshot
2025-08-07 02:27:42,369 - WARNING - Retrying (Retry(total=0, connect=None, read=None, redirect=None, status=None)) after connection broken by 'NewConnectionError('<urllib3.connection.HTTPConnection object at 0x7284767c48c0>: Failed to establish a new connection: [Errno 111] Connection refused')': /session/4c922934091f535e4a02efe9a038ccb6/screenshot
2025-08-07 02:27:42,369 - ERROR - ❌ Lỗi tải TXT 109: HTTPConnectionPool(host='localhost', port=32815): Max retries exceeded with url: /session/4c922934091f535e4a02efe9a038ccb6/screenshot (Caused by NewConnectionError('<urllib3.connection.HTTPConnection object at 0x7284767c4830>: Failed to establish a new connection: [Errno 111] Connection refused'))
2025-08-07 02:27:42,370 - WARNING - Retrying (Retry(total=2, connect=None, read=None, redirect=None, status=None)) after connection broken by 'NewConnectionError('<urllib3.connection.HTTPConnection object at 0x7284767c45f0>: Failed to establish a new connection: [Errno 111] Connection refused')': /session/4c922934091f535e4a02efe9a038ccb6/screenshot
2025-08-07 02:27:42,371 - WARNING - Retrying (Retry(total=1, connect=None, read=None, redirect=None, status=None)) after connection broken by 'NewConnectionError('<urllib3.connection.HTTPConnection object at 0x7284767c6f30>: Failed to establish a new connection: [Errno 111] Connection refused')': /session/4c922934091f535e4a02efe9a038ccb6/screenshot
2025-08-07 02:27:42,371 - WARNING - Retrying (Retry(total=0, connect=None, read=None, redirect=None, status=None)) after connection broken by 'NewConnectionError('<urllib3.connection.HTTPConnection object at 0x7284767c64b0>: Failed to establish a new connection: [Errno 111] Connection refused')': /session/4c922934091f535e4a02efe9a038ccb6/screenshot
2025-08-07 02:27:42,372 - WARNING - Retrying (Retry(total=2, connect=None, read=None, redirect=None, status=None)) after connection broken by 'NewConnectionError('<urllib3.connection.HTTPConnection object at 0x7284767c6a20>: Failed to establish a new connection: [Errno 111] Connection refused')': /session/4c922934091f535e4a02efe9a038ccb6
2025-08-07 02:27:42,373 - WARNING - Retrying (Retry(total=1, connect=None, read=None, redirect=None, status=None)) after connection broken by 'NewConnectionError('<urllib3.connection.HTTPConnection object at 0x7284767c7530>: Failed to establish a new connection: [Errno 111] Connection refused')': /session/4c922934091f535e4a02efe9a038ccb6
2025-08-07 02:27:42,373 - WARNING - Retrying (Retry(total=0, connect=None, read=None, redirect=None, status=None)) after connection broken by 'NewConnectionError('<urllib3.connection.HTTPConnection object at 0x7284767c5970>: Failed to establish a new connection: [Errno 111] Connection refused')': /session/4c922934091f535e4a02efe9a038ccb6
