2025-08-13 04:37:10,735 - INFO - 📄 Tổng cộng 1292 liên kết sẽ được xử lý
2025-08-13 04:37:10,735 - INFO - 📦 Xử lý batch 0 đến 1
2025-08-13 04:37:24,358 - INFO - ✅ Đã lưu: download_bomayhanhchinh_3/bomayhanhchinh_3_697_Van-ban-hop-nhat-19-VBHN-BCA-2025-Thong-tu-xu-ly-vi-pham-an-toan-giao-thong-duong-bo-659638.txt
2025-08-13 04:37:25,425 - INFO - ⏳ Tạm dừng 4.68 giây giữa các batch...
2025-08-13 04:37:30,109 - INFO - 📦 Xử lý batch 1 đến 2
2025-08-13 04:37:43,069 - INFO - ✅ Đã lưu: download_bomayhanhchinh_3/bomayhanhchinh_3_698_Van-ban-hop-nhat-21-VBHN-BCA-2025-Thong-tu-quy-dinh-ve-tai-lieu-bao-an-659635.txt
2025-08-13 04:37:44,134 - INFO - ⏳ Tạm dừng 3.46 giây giữa các batch...
2025-08-13 04:37:47,599 - INFO - 📦 Xử lý batch 2 đến 3
2025-08-13 04:37:59,548 - INFO - ✅ Đã lưu: download_bomayhanhchinh_3/bomayhanhchinh_3_699_Thong-tu-17-2025-TT-BTC-bai-bo-toan-bo-mot-so-Thong-tu-655009.txt
2025-08-13 04:38:00,613 - INFO - ⏳ Tạm dừng 3.92 giây giữa các batch...
2025-08-13 04:38:04,529 - INFO - 📦 Xử lý batch 3 đến 4
2025-08-13 04:38:13,991 - INFO - ✅ Đã lưu: download_bomayhanhchinh_3/bomayhanhchinh_3_700_Quyet-dinh-641-QD-UBND-2025-cong-bo-thu-tuc-hanh-chinh-thuy-san-So-Nong-nghiep-Quang-Ngai-655101.txt
2025-08-13 04:38:15,055 - INFO - ⏳ Tạm dừng 3.84 giây giữa các batch...
2025-08-13 04:38:18,891 - INFO - 📦 Xử lý batch 4 đến 5
2025-08-13 04:38:29,999 - INFO - ✅ Đã lưu: download_bomayhanhchinh_3/bomayhanhchinh_3_701_Quyet-dinh-786-QD-UBND-2025-quy-trinh-thu-tuc-hanh-chinh-linh-vuc-phat-thanh-So-Van-hoa-Vinh-Phuc-656307.txt
2025-08-13 04:38:31,067 - INFO - ⏳ Tạm dừng 3.97 giây giữa các batch...
2025-08-13 04:38:35,036 - INFO - 📦 Xử lý batch 5 đến 6
2025-08-13 04:38:47,100 - INFO - ✅ Đã lưu: download_bomayhanhchinh_3/bomayhanhchinh_3_702_Quyet-dinh-991-QD-UBND-2025-tam-ngung-hieu-luc-Quyet-dinh-16-2025-QD-UBND-Hung-Yen-655784.txt
2025-08-13 04:38:48,165 - INFO - ⏳ Tạm dừng 4.39 giây giữa các batch...
2025-08-13 04:38:52,557 - INFO - 📦 Xử lý batch 6 đến 7
2025-08-13 04:39:03,466 - INFO - ✅ Đã lưu: download_bomayhanhchinh_3/bomayhanhchinh_3_703_Nghi-quyet-06-2025-NQ-HDND-bai-bo-cac-nghi-quyet-he-so-dieu-chinh-gia-dat-Thai-Binh-655364.txt
2025-08-13 04:39:04,530 - INFO - ⏳ Tạm dừng 4.18 giây giữa các batch...
2025-08-13 04:39:08,707 - INFO - 📦 Xử lý batch 7 đến 8
2025-08-13 04:39:20,291 - INFO - ✅ Đã lưu: download_bomayhanhchinh_3/bomayhanhchinh_3_704_Quyet-dinh-969-QD-UBND-2025-cong-bo-thu-tuc-hanh-chinh-luu-thong-hang-hoa-So-Cong-Thuong-Lang-Son-660423.txt
2025-08-13 04:39:21,355 - INFO - ⏳ Tạm dừng 4.82 giây giữa các batch...
2025-08-13 04:39:26,175 - INFO - 📦 Xử lý batch 8 đến 9
2025-08-13 04:39:39,289 - INFO - ✅ Đã lưu: download_bomayhanhchinh_3/bomayhanhchinh_3_705_Quyet-dinh-1166-QD-UBND-2025-Quy-che-noi-bo-kiem-tra-phap-luat-nganh-xay-dung-Binh-Duong-660614.txt
2025-08-13 04:39:40,353 - INFO - ⏳ Tạm dừng 3.88 giây giữa các batch...
2025-08-13 04:39:44,238 - INFO - 📦 Xử lý batch 9 đến 10
2025-08-13 04:39:54,166 - INFO - ✅ Đã lưu: download_bomayhanhchinh_3/bomayhanhchinh_3_706_Nghi-quyet-05-2025-NQ-HDND-bai-bo-Nghi-quyet-21-2021-NQ-HDND-Ben-Tre-659967.txt
2025-08-13 04:39:55,231 - INFO - ⏳ Tạm dừng 3.17 giây giữa các batch...
2025-08-13 04:39:58,403 - INFO - 📦 Xử lý batch 10 đến 11
2025-08-13 04:40:09,264 - INFO - ✅ Đã lưu: download_bomayhanhchinh_3/bomayhanhchinh_3_707_Quyet-dinh-805-QD-UBND-2025-cong-bo-thu-tuc-hanh-chinh-chat-luong-nong-san-So-Nong-nghiep-Ca-Mau-661162.txt
2025-08-13 04:40:10,328 - INFO - ⏳ Tạm dừng 3.58 giây giữa các batch...
2025-08-13 04:40:13,907 - INFO - 📦 Xử lý batch 11 đến 12
2025-08-13 04:40:25,167 - INFO - ✅ Đã lưu: download_bomayhanhchinh_3/bomayhanhchinh_3_708_Quyet-dinh-804-QD-UBND-2025-cong-bo-thu-tuc-hanh-chinh-Giao-duc-Dao-tao-So-Giao-duc-Ca-Mau-661168.txt
2025-08-13 04:40:26,232 - INFO - ⏳ Tạm dừng 4.01 giây giữa các batch...
2025-08-13 04:40:30,240 - INFO - 📦 Xử lý batch 12 đến 13
2025-08-13 04:40:41,165 - INFO - ✅ Đã lưu: download_bomayhanhchinh_3/bomayhanhchinh_3_709_Quyet-dinh-863-QD-UBND-2025-cong-bo-thu-tuc-hanh-chinh-dia-chat-khoang-san-cap-tinh-Lam-Dong-661523.txt
2025-08-13 04:40:42,230 - INFO - ⏳ Tạm dừng 4.90 giây giữa các batch...
2025-08-13 04:40:47,135 - INFO - 📦 Xử lý batch 13 đến 14
2025-08-13 04:40:59,222 - INFO - ✅ Đã lưu: download_bomayhanhchinh_3/bomayhanhchinh_3_710_Quyet-dinh-789-QD-UBND-2025-cong-bo-thu-tuc-hanh-chinh-tai-chinh-y-te-So-Y-te-Vinh-Phuc-656484.txt
2025-08-13 04:41:00,287 - INFO - ⏳ Tạm dừng 3.43 giây giữa các batch...
2025-08-13 04:41:03,721 - INFO - 📦 Xử lý batch 14 đến 15
2025-08-13 04:41:14,718 - INFO - ✅ Đã lưu: download_bomayhanhchinh_3/bomayhanhchinh_3_711_Quyet-dinh-788-QD-CT-2025-cong-bo-thu-tuc-hanh-chinh-quan-ly-cong-san-So-Tai-chinh-Vinh-Phuc-656482.txt
2025-08-13 04:41:15,785 - INFO - ⏳ Tạm dừng 4.49 giây giữa các batch...
2025-08-13 04:41:20,273 - INFO - 📦 Xử lý batch 15 đến 16
2025-08-13 04:41:32,086 - INFO - ✅ Đã lưu: download_bomayhanhchinh_3/bomayhanhchinh_3_712_Quyet-dinh-787-QD-UBND-2025-Quy-trinh-thu-tuc-hanh-chinh-linh-vuc-van-hoa-So-Van-hoa-Vinh-Phuc-656388.txt
2025-08-13 04:41:33,151 - INFO - ⏳ Tạm dừng 3.67 giây giữa các batch...
2025-08-13 04:41:36,820 - INFO - 📦 Xử lý batch 16 đến 17
2025-08-13 04:41:46,542 - INFO - ✅ Đã lưu: download_bomayhanhchinh_3/bomayhanhchinh_3_713_Quyet-dinh-785-QD-CT-2025-cong-bo-thu-tuc-hanh-chinh-du-lieu-tai-nguyen-So-Nong-nghiep-Vinh-Phuc-656483.txt
2025-08-13 04:41:47,609 - INFO - ⏳ Tạm dừng 3.95 giây giữa các batch...
2025-08-13 04:41:51,557 - INFO - 📦 Xử lý batch 17 đến 18
2025-08-13 04:42:03,905 - INFO - ✅ Đã lưu: download_bomayhanhchinh_3/bomayhanhchinh_3_714_Quyet-dinh-781-QD-CT-2025-cong-bo-thu-tuc-hanh-chinh-linh-vuc-dat-dai-So-Nong-nghiep-Vinh-Phuc-656304.txt
2025-08-13 04:42:04,969 - INFO - ⏳ Tạm dừng 3.55 giây giữa các batch...
2025-08-13 04:42:08,520 - INFO - 📦 Xử lý batch 18 đến 19
2025-08-13 04:42:20,671 - INFO - ✅ Đã lưu: download_bomayhanhchinh_3/bomayhanhchinh_3_715_Quyet-dinh-780-QD-CT-2025-cong-bo-thu-tuc-hanh-chinh-Tai-nguyen-nuoc-So-Nong-nghiep-Vinh-Phuc-656303.txt
2025-08-13 04:42:21,739 - INFO - ⏳ Tạm dừng 3.23 giây giữa các batch...
2025-08-13 04:42:24,972 - INFO - 📦 Xử lý batch 19 đến 20
2025-08-13 04:42:38,969 - INFO - ✅ Đã lưu: download_bomayhanhchinh_3/bomayhanhchinh_3_716_Quyet-dinh-779-QD-CT-2025-cong-bo-thu-tuc-hanh-chinh-linh-vuc-dia-chat-So-Nong-nghiep-Vinh-Phuc-656770.txt
2025-08-13 04:42:40,040 - INFO - ⏳ Tạm dừng 3.49 giây giữa các batch...
2025-08-13 04:42:43,531 - INFO - 📦 Xử lý batch 20 đến 21
2025-08-13 04:42:57,273 - INFO - ✅ Đã lưu: download_bomayhanhchinh_3/bomayhanhchinh_3_717_Quyet-dinh-778-QD-CT-2025-Quy-trinh-thu-tuc-hanh-chinh-tiep-nhan-bo-phan-mot-cua-Uy-ban-huyen-Vinh-Phuc-656711.txt
2025-08-13 04:42:58,338 - INFO - ⏳ Tạm dừng 3.40 giây giữa các batch...
2025-08-13 04:43:01,741 - INFO - 📦 Xử lý batch 21 đến 22
2025-08-13 04:43:16,247 - INFO - ✅ Đã lưu: download_bomayhanhchinh_3/bomayhanhchinh_3_718_Quyet-dinh-830-QD-UBND-2025-quy-trinh-thu-tuc-hanh-chinh-linh-vuc-dien-luc-So-Cong-Thuong-Dien-Bien-655735.txt
2025-08-13 04:43:17,315 - INFO - ⏳ Tạm dừng 3.47 giây giữa các batch...
2025-08-13 04:43:20,787 - INFO - 📦 Xử lý batch 22 đến 23
2025-08-13 04:43:34,552 - INFO - ✅ Đã lưu: download_bomayhanhchinh_3/bomayhanhchinh_3_719_Quyet-dinh-738-QD-UBND-2025-Quy-trinh-thu-tuc-hanh-chinh-Nguoi-co-cong-So-Noi-vu-Lai-Chau-655682.txt
2025-08-13 04:43:35,617 - INFO - ⏳ Tạm dừng 3.64 giây giữa các batch...
2025-08-13 04:43:39,254 - INFO - 📦 Xử lý batch 23 đến 24
2025-08-13 04:43:52,124 - INFO - ✅ Đã lưu: download_bomayhanhchinh_3/bomayhanhchinh_3_720_Quyet-dinh-826-QD-UBND-2025-cong-bo-thu-tuc-hanh-chinh-linh-vuc-lao-dong-So-Noi-vu-Dien-Bien-655582.txt
2025-08-13 04:43:53,189 - INFO - ⏳ Tạm dừng 4.01 giây giữa các batch...
2025-08-13 04:43:57,202 - INFO - 📦 Xử lý batch 24 đến 25
2025-08-13 04:44:08,274 - INFO - ✅ Đã lưu: download_bomayhanhchinh_3/bomayhanhchinh_3_721_Quyet-dinh-829-QD-UBND-2025-cong-bo-thu-tuc-hanh-chinh-kinh-te-hop-tac-So-Nong-nghiep-Dien-Bien-655581.txt
2025-08-13 04:44:09,339 - INFO - ⏳ Tạm dừng 3.94 giây giữa các batch...
2025-08-13 04:44:13,277 - INFO - 📦 Xử lý batch 25 đến 26
2025-08-13 04:44:24,589 - INFO - ✅ Đã lưu: download_bomayhanhchinh_3/bomayhanhchinh_3_722_Quyet-dinh-1112-QD-UBND-2025-cong-bo-thu-tuc-hanh-chinh-Kinh-te-hop-tac-So-Nong-nghiep-Khanh-Hoa-655528.txt
2025-08-13 04:44:25,654 - INFO - ⏳ Tạm dừng 3.87 giây giữa các batch...
2025-08-13 04:44:29,526 - INFO - 📦 Xử lý batch 26 đến 27
2025-08-13 04:44:43,256 - INFO - ✅ Đã lưu: download_bomayhanhchinh_3/bomayhanhchinh_3_723_Quyet-dinh-741-QD-UBND-2025-cong-bo-thu-tuc-hanh-chinh-sua-doi-So-Xay-dung-Lai-Chau-655527.txt
2025-08-13 04:44:44,321 - INFO - ⏳ Tạm dừng 3.58 giây giữa các batch...
2025-08-13 04:44:47,901 - INFO - 📦 Xử lý batch 27 đến 28
2025-08-13 04:44:58,786 - INFO - ✅ Đã lưu: download_bomayhanhchinh_3/bomayhanhchinh_3_724_Quyet-dinh-1118-QD-UBND-2025-cong-bo-thu-tuc-hanh-chinh-linh-vuc-Thi-dua-Uy-ban-huyen-Khanh-Hoa-655526.txt
2025-08-13 04:44:59,851 - INFO - ⏳ Tạm dừng 5.00 giây giữa các batch...
2025-08-13 04:45:04,850 - INFO - 📦 Xử lý batch 28 đến 29
2025-08-13 04:45:17,270 - INFO - ✅ Đã lưu: download_bomayhanhchinh_3/bomayhanhchinh_3_725_Quyet-dinh-1113-QD-UBND-2025-cong-bo-thu-tuc-hanh-chinh-Y-te-du-phong-So-Y-te-Khanh-Hoa-655525.txt
2025-08-13 04:45:18,334 - INFO - ⏳ Tạm dừng 3.10 giây giữa các batch...
2025-08-13 04:45:21,434 - INFO - 📦 Xử lý batch 29 đến 30
2025-08-13 04:45:32,801 - INFO - ✅ Đã lưu: download_bomayhanhchinh_3/bomayhanhchinh_3_726_Quyet-dinh-29-2025-QD-UBND-phan-cap-giai-quyet-thu-tuc-hanh-chinh-tin-nguong-ton-giao-Dien-Bien-655487.txt
2025-08-13 04:45:33,872 - INFO - ⏳ Tạm dừng 4.06 giây giữa các batch...
2025-08-13 04:45:37,929 - INFO - 📦 Xử lý batch 30 đến 31
2025-08-13 04:45:50,202 - INFO - ✅ Đã lưu: download_bomayhanhchinh_3/bomayhanhchinh_3_727_Nghi-quyet-09-2025-NQ-HDND-bai-bo-Nghi-quyet-02-2025-NQ-HDND-Da-Nang-655477.txt
2025-08-13 04:45:51,268 - INFO - ⏳ Tạm dừng 4.80 giây giữa các batch...
2025-08-13 04:45:56,070 - INFO - 📦 Xử lý batch 31 đến 32
2025-08-13 04:46:06,430 - INFO - ✅ Đã lưu: download_bomayhanhchinh_3/bomayhanhchinh_3_728_Quyet-dinh-497-QD-BXD-2025-cong-bo-danh-muc-thu-tuc-hanh-chinh-noi-bo-655314.txt
2025-08-13 04:46:07,497 - INFO - ⏳ Tạm dừng 3.05 giây giữa các batch...
2025-08-13 04:46:10,552 - INFO - 📦 Xử lý batch 32 đến 33
2025-08-13 04:46:21,255 - INFO - ✅ Đã lưu: download_bomayhanhchinh_3/bomayhanhchinh_3_729_Nghi-dinh-93-2025-ND-CP-sua-doi-Nghi-dinh-19-2020-ND-CP-xu-ly-ky-luat-thi-hanh-xu-ly-vi-pham-hanh-chinh-349132.txt
2025-08-13 04:46:22,320 - INFO - ⏳ Tạm dừng 3.77 giây giữa các batch...
2025-08-13 04:46:26,093 - INFO - 📦 Xử lý batch 33 đến 34
2025-08-13 04:46:36,577 - INFO - ✅ Đã lưu: download_bomayhanhchinh_3/bomayhanhchinh_3_730_Quyet-dinh-1957-QD-UBKTTW-2025-cong-tac-thi-dua-khen-thuong-nganh-kiem-tra-Dang-660394.txt
2025-08-13 04:46:37,644 - INFO - ⏳ Tạm dừng 4.66 giây giữa các batch...
2025-08-13 04:46:42,302 - INFO - 📦 Xử lý batch 34 đến 35
2025-08-13 04:46:54,653 - INFO - ✅ Đã lưu: download_bomayhanhchinh_3/bomayhanhchinh_3_731_Quyet-dinh-26-2025-QD-UBND-bai-bo-Chi-thi-07-2010-CT-UBND-khai-thac-tu-sach-phap-luat-Ben-Tre-656860.txt
2025-08-13 04:46:55,717 - INFO - ⏳ Tạm dừng 3.94 giây giữa các batch...
2025-08-13 04:46:59,657 - INFO - 📦 Xử lý batch 35 đến 36
2025-08-13 04:47:10,960 - INFO - ✅ Đã lưu: download_bomayhanhchinh_3/bomayhanhchinh_3_732_Quyet-dinh-1459-QD-UBND-2025-thu-tuc-hanh-chinh-linh-vuc-Giam-ngheo-So-Nong-nghiep-Binh-Dinh-655607.txt
2025-08-13 04:47:12,025 - INFO - ⏳ Tạm dừng 4.55 giây giữa các batch...
2025-08-13 04:47:16,578 - INFO - 📦 Xử lý batch 36 đến 37
2025-08-13 04:47:28,942 - INFO - ✅ Đã lưu: download_bomayhanhchinh_3/bomayhanhchinh_3_733_Quyet-dinh-1458-QD-UBND-2025-cong-bo-thu-tuc-hanh-chinh-Giao-duc-So-Giao-duc-Binh-Dinh-655606.txt
2025-08-13 04:47:30,006 - INFO - ⏳ Tạm dừng 4.60 giây giữa các batch...
2025-08-13 04:47:34,605 - INFO - 📦 Xử lý batch 37 đến 38
2025-08-13 04:47:47,228 - INFO - ✅ Đã lưu: download_bomayhanhchinh_3/bomayhanhchinh_3_734_Quyet-dinh-1215-QD-UBND-2025-cong-bo-thu-tuc-hanh-chinh-Giao-duc-Dao-tao-So-Giao-duc-Hue-657450.txt
2025-08-13 04:47:48,293 - INFO - ⏳ Tạm dừng 4.00 giây giữa các batch...
2025-08-13 04:47:52,297 - INFO - 📦 Xử lý batch 38 đến 39
2025-08-13 04:48:03,028 - INFO - ✅ Đã lưu: download_bomayhanhchinh_3/bomayhanhchinh_3_735_Quyet-dinh-1213-QD-UBND-2025-cong-bo-thu-tuc-hanh-chinh-sua-doi-Co-quan-So-Xay-dung-Hue-657529.txt
2025-08-13 04:48:04,092 - INFO - ⏳ Tạm dừng 3.61 giây giữa các batch...
2025-08-13 04:48:07,704 - INFO - 📦 Xử lý batch 39 đến 40
2025-08-13 04:48:20,835 - INFO - ✅ Đã lưu: download_bomayhanhchinh_3/bomayhanhchinh_3_736_Quyet-dinh-1209-QD-UBND-2025-cong-bo-thu-tuc-hanh-chinh-linh-vuc-dau-thau-So-Tai-chinh-Hue-657528.txt
2025-08-13 04:48:21,902 - INFO - ⏳ Tạm dừng 4.87 giây giữa các batch...
2025-08-13 04:48:26,777 - INFO - 📦 Xử lý batch 40 đến 41
2025-08-13 04:48:36,668 - INFO - ✅ Đã lưu: download_bomayhanhchinh_3/bomayhanhchinh_3_737_Quyet-dinh-1196-QD-UBND-2025-cong-bo-thu-tuc-hanh-chinh-cong-tac-dan-toc-So-Noi-vu-Hue-657449.txt
2025-08-13 04:48:37,733 - INFO - ⏳ Tạm dừng 4.96 giây giữa các batch...
2025-08-13 04:48:42,690 - INFO - 📦 Xử lý batch 41 đến 42
2025-08-13 04:48:52,671 - INFO - ✅ Đã lưu: download_bomayhanhchinh_3/bomayhanhchinh_3_738_Quyet-dinh-1629-QD-UBND-2025-cong-bo-danh-muc-thu-tuc-hanh-chinh-linh-vuc-Thuy-loi-Ho-Chi-Minh-661505.txt
2025-08-13 04:48:53,735 - INFO - ⏳ Tạm dừng 3.37 giây giữa các batch...
2025-08-13 04:48:57,107 - INFO - 📦 Xử lý batch 42 đến 43
2025-08-13 04:49:08,327 - INFO - ✅ Đã lưu: download_bomayhanhchinh_3/bomayhanhchinh_3_739_Quyet-dinh-1640-QD-UBND-2025-cong-bo-thu-tuc-hanh-chinh-linh-vuc-Bien-va-Hai-dao-Ho-Chi-Minh-661495.txt
2025-08-13 04:49:09,392 - INFO - ⏳ Tạm dừng 3.16 giây giữa các batch...
2025-08-13 04:49:12,551 - INFO - 📦 Xử lý batch 43 đến 44
2025-08-13 04:49:23,288 - INFO - ✅ Đã lưu: download_bomayhanhchinh_3/bomayhanhchinh_3_740_Quyet-dinh-1630-QD-UBND-2025-cong-bo-thu-tuc-hanh-chinh-Kham-chua-benh-So-Y-te-Ho-Chi-Minh-661494.txt
2025-08-13 04:49:24,353 - INFO - ⏳ Tạm dừng 3.29 giây giữa các batch...
2025-08-13 04:49:27,643 - INFO - 📦 Xử lý batch 44 đến 45
2025-08-13 04:49:40,074 - INFO - ✅ Đã lưu: download_bomayhanhchinh_3/bomayhanhchinh_3_741_Nghi-quyet-19-NQ-HDND-2025-chu-truong-sap-xep-don-vi-hanh-chinh-cap-xa-Phu-Yen-661400.txt
2025-08-13 04:49:41,139 - INFO - ⏳ Tạm dừng 3.64 giây giữa các batch...
2025-08-13 04:49:44,777 - INFO - 📦 Xử lý batch 45 đến 46
2025-08-13 04:49:56,768 - INFO - ✅ Đã lưu: download_bomayhanhchinh_3/bomayhanhchinh_3_742_Quyet-dinh-1641-QD-UBND-2025-cong-bo-thu-tuc-hanh-chinh-chinh-linh-vuc-Moi-truong-Ho-Chi-Minh-661504.txt
2025-08-13 04:49:57,833 - INFO - ⏳ Tạm dừng 4.83 giây giữa các batch...
2025-08-13 04:50:02,661 - INFO - 📦 Xử lý batch 46 đến 47
2025-08-13 04:50:14,892 - INFO - ✅ Đã lưu: download_bomayhanhchinh_3/bomayhanhchinh_3_743_Quyet-dinh-1201-QD-UBND-2025-cong-bo-Danh-muc-thu-tuc-hanh-chinh-So-Noi-vu-Kien-Giang-658245.txt
2025-08-13 04:50:15,959 - INFO - ⏳ Tạm dừng 3.18 giây giữa các batch...
2025-08-13 04:50:19,137 - INFO - 📦 Xử lý batch 47 đến 48
2025-08-13 04:50:30,025 - INFO - ✅ Đã lưu: download_bomayhanhchinh_3/bomayhanhchinh_3_744_Quyet-dinh-1214-QD-UBND-2025-cong-bo-thu-tuc-hanh-chinh-linh-vuc-thuy-loi-So-Nong-nghiep-Hue-657085.txt
2025-08-13 04:50:31,091 - INFO - ⏳ Tạm dừng 4.82 giây giữa các batch...
2025-08-13 04:50:35,910 - INFO - 📦 Xử lý batch 48 đến 49
2025-08-13 04:50:46,966 - INFO - ✅ Đã lưu: download_bomayhanhchinh_3/bomayhanhchinh_3_745_Quyet-dinh-1114-QD-UBND-2025-quy-trinh-thu-tuc-hanh-chinh-dau-tu-Quan-ly-Van-Phong-Khanh-Hoa-656405.txt
2025-08-13 04:50:48,031 - INFO - ⏳ Tạm dừng 4.24 giây giữa các batch...
2025-08-13 04:50:52,271 - INFO - 📦 Xử lý batch 49 đến 50
2025-08-13 04:51:05,301 - INFO - ✅ Đã lưu: download_bomayhanhchinh_3/bomayhanhchinh_3_746_Quyet-dinh-1200-QD-UBND-2025-quy-trinh-thu-tuc-hanh-chinh-Bao-ton-thien-nhien-Uy-ban-xa-Hue-657980.txt
2025-08-13 04:51:06,367 - INFO - ⏳ Tạm dừng 3.14 giây giữa các batch...
2025-08-13 04:51:09,510 - INFO - 📦 Xử lý batch 50 đến 51
2025-08-13 04:51:21,793 - INFO - ✅ Đã lưu: download_bomayhanhchinh_3/bomayhanhchinh_3_747_Quyet-dinh-1271-QD-UBND-2025-cong-bo-thu-tuc-hanh-chinh-linh-vuc-Thuy-san-Uy-ban-huyen-Ben-Tre-658628.txt
2025-08-13 04:51:22,857 - INFO - ⏳ Tạm dừng 4.20 giây giữa các batch...
2025-08-13 04:51:27,056 - INFO - 📦 Xử lý batch 51 đến 52
2025-08-13 04:51:37,773 - INFO - ✅ Đã lưu: download_bomayhanhchinh_3/bomayhanhchinh_3_748_Quyet-dinh-1269-QD-UBND-2025-phuong-an-don-gian-hoa-thu-tuc-hanh-chinh-linh-vuc-van-hoa-Ben-Tre-658645.txt
2025-08-13 04:51:38,838 - INFO - ⏳ Tạm dừng 4.66 giây giữa các batch...
2025-08-13 04:51:43,498 - INFO - 📦 Xử lý batch 52 đến 53
2025-08-13 04:51:54,994 - INFO - ✅ Đã lưu: download_bomayhanhchinh_3/bomayhanhchinh_3_749_Quyet-dinh-1266-QD-UBND-2025-cong-bo-thu-tuc-hanh-chinh-Kinh-te-hop-tac-So-Nong-nghiep-Ben-Tre-658623.txt
2025-08-13 04:51:56,059 - INFO - ⏳ Tạm dừng 3.23 giây giữa các batch...
2025-08-13 04:51:59,294 - INFO - 📦 Xử lý batch 53 đến 54
2025-08-13 04:52:12,858 - INFO - ✅ Đã lưu: download_bomayhanhchinh_3/bomayhanhchinh_3_750_Quyet-dinh-1268-QD-UBND-2025-cong-bo-thu-tuc-hanh-chinh-bao-tro-xa-hoi-Uy-ban-xa-Ben-Tre-658955.txt
2025-08-13 04:52:13,925 - INFO - ⏳ Tạm dừng 3.51 giây giữa các batch...
2025-08-13 04:52:17,434 - INFO - 📦 Xử lý batch 54 đến 55
2025-08-13 04:52:28,902 - INFO - ✅ Đã lưu: download_bomayhanhchinh_3/bomayhanhchinh_3_751_Quyet-dinh-1267-QD-UBND-2025-quy-trinh-thu-tuc-hanh-chinh-tai-nguyen-nuoc-So-Nong-nghiep-Ben-Tre-658626.txt
2025-08-13 04:52:29,967 - INFO - ⏳ Tạm dừng 4.29 giây giữa các batch...
2025-08-13 04:52:34,261 - INFO - 📦 Xử lý batch 55 đến 56
2025-08-13 04:52:46,236 - INFO - ✅ Đã lưu: download_bomayhanhchinh_3/bomayhanhchinh_3_752_Quyet-dinh-1349-QD-UBND-2025-bai-bo-Quyet-dinh-1928-QD-UBND-Da-Nang-663310.txt
2025-08-13 04:52:47,300 - INFO - ⏳ Tạm dừng 4.63 giây giữa các batch...
2025-08-13 04:52:51,929 - INFO - 📦 Xử lý batch 56 đến 57
2025-08-13 04:53:02,972 - INFO - ✅ Đã lưu: download_bomayhanhchinh_3/bomayhanhchinh_3_753_Nghi-quyet-22-NQ-HDND-2025-Danh-muc-dich-vu-su-nghiep-cong-linh-vuc-tai-nguyen-Da-Nang-658299.txt
2025-08-13 04:53:04,036 - INFO - ⏳ Tạm dừng 4.18 giây giữa các batch...
2025-08-13 04:53:08,212 - INFO - 📦 Xử lý batch 57 đến 58
2025-08-13 04:53:21,501 - INFO - ✅ Đã lưu: download_bomayhanhchinh_3/bomayhanhchinh_3_754_Quyet-dinh-1056-QD-UBND-2025-cong-bo-Danh-muc-thu-tuc-hanh-chinh-So-Noi-vu-Can-Tho-664091.txt
2025-08-13 04:53:22,568 - INFO - ⏳ Tạm dừng 3.68 giây giữa các batch...
2025-08-13 04:53:26,252 - INFO - 📦 Xử lý batch 58 đến 59
2025-08-13 04:53:38,040 - INFO - ✅ Đã lưu: download_bomayhanhchinh_3/bomayhanhchinh_3_755_Nghi-quyet-30-NQ-HDND-2025-tan-thanh-chu-truong-sap-xep-don-vi-hanh-chinh-cap-xa-Da-Nang-659086.txt
2025-08-13 04:53:39,107 - INFO - ⏳ Tạm dừng 4.47 giây giữa các batch...
2025-08-13 04:53:43,581 - INFO - 📦 Xử lý batch 59 đến 60
2025-08-13 04:53:54,714 - INFO - ✅ Đã lưu: download_bomayhanhchinh_3/bomayhanhchinh_3_756_Nghi-quyet-27-NQ-HDND-2025-thanh-lap-So-Van-hoa-The-thao-va-Du-lich-Da-Nang-659085.txt
2025-08-13 04:53:55,779 - INFO - ⏳ Tạm dừng 4.63 giây giữa các batch...
2025-08-13 04:54:00,414 - INFO - 📦 Xử lý batch 60 đến 61
2025-08-13 04:54:12,324 - INFO - ✅ Đã lưu: download_bomayhanhchinh_3/bomayhanhchinh_3_757_Nghi-quyet-31-NQ-HDND-2025-tan-thanh-chu-truong-sap-xep-don-vi-hanh-chinh-cap-tinh-Da-Nang-659087.txt
2025-08-13 04:54:13,390 - INFO - ⏳ Tạm dừng 4.31 giây giữa các batch...
2025-08-13 04:54:17,700 - INFO - 📦 Xử lý batch 61 đến 62
2025-08-13 04:54:31,367 - INFO - ✅ Đã lưu: download_bomayhanhchinh_3/bomayhanhchinh_3_758_Quyet-dinh-1058-QD-UBND-2025-cong-bo-Danh-muc-thu-tuc-hanh-chinh-So-Noi-vu-Can-Tho-664093.txt
2025-08-13 04:54:32,431 - INFO - ⏳ Tạm dừng 3.87 giây giữa các batch...
2025-08-13 04:54:36,298 - INFO - 📦 Xử lý batch 62 đến 63
2025-08-13 04:54:45,944 - INFO - ✅ Đã lưu: download_bomayhanhchinh_3/bomayhanhchinh_3_759_Quyet-dinh-1057-QD-UBND-2025-cong-bo-Danh-muc-thu-tuc-hanh-chinh-So-Noi-vu-Can-Tho-664092.txt
2025-08-13 04:54:47,009 - INFO - ⏳ Tạm dừng 3.47 giây giữa các batch...
2025-08-13 04:54:50,483 - INFO - 📦 Xử lý batch 63 đến 64
2025-08-13 04:55:02,953 - INFO - ✅ Đã lưu: download_bomayhanhchinh_3/bomayhanhchinh_3_760_Nghi-quyet-20-NQ-HDND-2025-chu-truong-hop-nhat-tinh-Dak-Lak-va-tinh-Phu-Yen-664280.txt
2025-08-13 04:55:04,017 - INFO - ⏳ Tạm dừng 4.03 giây giữa các batch...
2025-08-13 04:55:08,053 - INFO - 📦 Xử lý batch 64 đến 65
2025-08-13 04:55:20,630 - INFO - ✅ Đã lưu: download_bomayhanhchinh_3/bomayhanhchinh_3_761_Quyet-dinh-625-QD-UBND-2025-cong-bo-thu-tuc-hanh-chinh-khoa-hoc-cong-nghe-So-Khoa-hoc-Bac-Giang-659425.txt
2025-08-13 04:55:21,694 - INFO - ⏳ Tạm dừng 3.95 giây giữa các batch...
2025-08-13 04:55:25,640 - INFO - 📦 Xử lý batch 65 đến 66
2025-08-13 04:55:36,797 - INFO - ✅ Đã lưu: download_bomayhanhchinh_3/bomayhanhchinh_3_762_Nghi-quyet-93-2025-NQ-HDND-bai-bo-Nghi-quyet-34-2011-NQ-HDND-Quang-Binh-655372.txt
2025-08-13 04:55:37,861 - INFO - ⏳ Tạm dừng 4.93 giây giữa các batch...
2025-08-13 04:55:42,793 - INFO - 📦 Xử lý batch 66 đến 67
2025-08-13 04:55:52,428 - INFO - ✅ Đã lưu: download_bomayhanhchinh_3/bomayhanhchinh_3_763_Quyet-dinh-897-QD-UBND-2025-cong-bo-thu-tuc-hanh-chinh-linh-vuc-khen-thuong-Uy-ban-xa-Phu-Tho-655499.txt
2025-08-13 04:55:53,492 - INFO - ⏳ Tạm dừng 3.44 giây giữa các batch...
2025-08-13 04:55:56,929 - INFO - 📦 Xử lý batch 67 đến 68
2025-08-13 04:56:08,640 - INFO - ✅ Đã lưu: download_bomayhanhchinh_3/bomayhanhchinh_3_764_Quyet-dinh-898-QD-UBND-2025-cong-bo-thu-tuc-hanh-chinh-linh-vuc-Chan-nuoi-cap-tinh-Phu-Tho-655498.txt
2025-08-13 04:56:09,706 - INFO - ⏳ Tạm dừng 4.85 giây giữa các batch...
2025-08-13 04:56:14,554 - INFO - 📦 Xử lý batch 68 đến 69
2025-08-13 04:56:23,739 - INFO - ✅ Đã lưu: download_bomayhanhchinh_3/bomayhanhchinh_3_765_Quyet-dinh-899-QD-UBND-2025-cong-bo-thu-tuc-hanh-chinh-Kinh-te-hop-tac-cap-tinh-Phu-Tho-655497.txt
2025-08-13 04:56:24,804 - INFO - ⏳ Tạm dừng 3.63 giây giữa các batch...
2025-08-13 04:56:28,435 - INFO - 📦 Xử lý batch 69 đến 70
2025-08-13 04:56:40,980 - INFO - ✅ Đã lưu: download_bomayhanhchinh_3/bomayhanhchinh_3_766_Quyet-dinh-1454-QD-UBND-2025-cong-bo-thu-tuc-hanh-chinh-Thuy-san-So-Nong-nghiep-Binh-Dinh-655749.txt
2025-08-13 04:56:42,045 - INFO - ⏳ Tạm dừng 3.45 giây giữa các batch...
2025-08-13 04:56:45,497 - INFO - 📦 Xử lý batch 70 đến 71
2025-08-13 04:56:56,418 - INFO - ✅ Đã lưu: download_bomayhanhchinh_3/bomayhanhchinh_3_767_Quyet-dinh-1455-QD-UBND-2025-cong-bo-thu-tuc-hanh-chinh-Dau-thau-So-Tai-chinh-Binh-Dinh-655748.txt
2025-08-13 04:56:57,486 - INFO - ⏳ Tạm dừng 3.89 giây giữa các batch...
2025-08-13 04:57:01,373 - INFO - 📦 Xử lý batch 71 đến 72
2025-08-13 04:57:30,856 - INFO - ✅ Đã lưu: download_bomayhanhchinh_3/bomayhanhchinh_3_768_Chi-thi-03-CT-UBND-2025-phat-huy-tinh-than-sang-tao-doi-ngu-can-bo-phat-trien-khoa-hoc-Hung-Yen-655613.txt
2025-08-13 04:57:31,921 - INFO - ⏳ Tạm dừng 3.28 giây giữa các batch...
2025-08-13 04:57:35,199 - INFO - 📦 Xử lý batch 72 đến 73
2025-08-13 04:58:06,391 - INFO - ✅ Đã lưu: download_bomayhanhchinh_3/bomayhanhchinh_3_769_Quyet-dinh-934-QD-UBND-2025-bai-bo-toan-bo-Quyet-dinh-29-2023-QD-UBND-Tra-Vinh-654676.txt
2025-08-13 04:58:07,455 - INFO - ⏳ Tạm dừng 3.80 giây giữa các batch...
2025-08-13 04:58:11,257 - INFO - 📦 Xử lý batch 73 đến 74
2025-08-13 04:58:33,297 - INFO - ✅ Đã lưu: download_bomayhanhchinh_3/bomayhanhchinh_3_770_Quyet-dinh-1442-QD-UBND-2025-cong-bo-thu-tuc-hanh-chinh-cong-tac-dan-toc-So-Dan-toc-Binh-Dinh-654683.txt
2025-08-13 04:58:34,363 - INFO - ⏳ Tạm dừng 3.57 giây giữa các batch...
2025-08-13 04:58:37,935 - INFO - 📦 Xử lý batch 74 đến 75
2025-08-13 04:58:49,378 - INFO - ✅ Đã lưu: download_bomayhanhchinh_3/bomayhanhchinh_3_771_Quyet-dinh-887-QD-UBND-2025-cong-bo-thu-tuc-hanh-chinh-noi-bo-So-Khoa-hoc-Yen-Bai-654472.txt
2025-08-13 04:58:50,444 - INFO - ⏳ Tạm dừng 4.15 giây giữa các batch...
2025-08-13 04:58:54,593 - INFO - 📦 Xử lý batch 75 đến 76
2025-08-13 04:59:06,603 - INFO - ✅ Đã lưu: download_bomayhanhchinh_3/bomayhanhchinh_3_772_Quyet-dinh-886-QD-UBND-2025-cong-bo-thu-tuc-phat-trien-kinh-te-thieu-so-So-Dan-toc-Yen-Bai-654471.txt
2025-08-13 04:59:07,668 - INFO - ⏳ Tạm dừng 3.38 giây giữa các batch...
2025-08-13 04:59:11,044 - INFO - 📦 Xử lý batch 76 đến 77
2025-08-13 04:59:22,532 - INFO - ✅ Đã lưu: download_bomayhanhchinh_3/bomayhanhchinh_3_773_Quyet-dinh-881-QD-UBND-2025-cong-bo-thu-tuc-hanh-chinh-linh-vuc-thuy-loi-So-Nong-nghiep-Yen-Bai-654462.txt
2025-08-13 04:59:23,600 - INFO - ⏳ Tạm dừng 3.47 giây giữa các batch...
2025-08-13 04:59:27,074 - INFO - 📦 Xử lý batch 77 đến 78
2025-08-13 04:59:38,858 - INFO - ✅ Đã lưu: download_bomayhanhchinh_3/bomayhanhchinh_3_774_Quyet-dinh-634-QD-UBND-2025-cong-bo-thu-tuc-hanh-chinh-quan-ly-cong-san-So-Tai-chinh-Quang-Ngai-654593.txt
2025-08-13 04:59:39,923 - INFO - ⏳ Tạm dừng 3.18 giây giữa các batch...
2025-08-13 04:59:43,107 - INFO - 📦 Xử lý batch 78 đến 79
2025-08-13 04:59:53,846 - INFO - ✅ Đã lưu: download_bomayhanhchinh_3/bomayhanhchinh_3_775_Quyet-dinh-467-QD-UBND-2025-phuong-an-don-gian-hoa-thu-tuc-hanh-chinh-So-Noi-vu-Ninh-Binh-654850.txt
2025-08-13 04:59:54,912 - INFO - ⏳ Tạm dừng 3.00 giây giữa các batch...
2025-08-13 04:59:57,915 - INFO - 📦 Xử lý batch 79 đến 80
2025-08-13 05:00:10,788 - INFO - ✅ Đã lưu: download_bomayhanhchinh_3/bomayhanhchinh_3_776_Quyet-dinh-466-QD-UBND-2025-phuong-an-don-gian-hoa-thu-tuc-hanh-chinh-So-Nong-nghiep-Ninh-Binh-654849.txt
2025-08-13 05:00:11,853 - INFO - ⏳ Tạm dừng 4.30 giây giữa các batch...
2025-08-13 05:00:16,158 - INFO - 📦 Xử lý batch 80 đến 81
2025-08-13 05:00:26,780 - INFO - ✅ Đã lưu: download_bomayhanhchinh_3/bomayhanhchinh_3_777_Quyet-dinh-534-QD-UBND-2025-cong-bo-thu-tuc-hanh-chinh-lao-dong-tien-luong-So-Noi-vu-Cao-Bang-654497.txt
2025-08-13 05:00:27,847 - INFO - ⏳ Tạm dừng 3.15 giây giữa các batch...
2025-08-13 05:00:30,999 - INFO - 📦 Xử lý batch 81 đến 82
2025-08-13 05:00:43,568 - INFO - ✅ Đã lưu: download_bomayhanhchinh_3/bomayhanhchinh_3_778_Quyet-dinh-1308-QD-UBND-2025-cong-bo-thu-tuc-hanh-chinh-Tin-nguong-ton-giao-Uy-ban-tinh-Quang-Binh-654469.txt
2025-08-13 05:00:44,633 - INFO - ⏳ Tạm dừng 4.10 giây giữa các batch...
2025-08-13 05:00:48,731 - INFO - 📦 Xử lý batch 82 đến 83
2025-08-13 05:00:58,890 - INFO - ✅ Đã lưu: download_bomayhanhchinh_3/bomayhanhchinh_3_779_Quyet-dinh-1309-QD-UBND-2025-cong-bo-thu-tuc-hanh-chinh-lao-dong-nuoc-ngoai-So-Noi-vu-Quang-Binh-654468.txt
2025-08-13 05:00:59,955 - INFO - ⏳ Tạm dừng 4.43 giây giữa các batch...
2025-08-13 05:01:04,382 - INFO - 📦 Xử lý batch 83 đến 84
2025-08-13 05:01:18,002 - INFO - ✅ Đã lưu: download_bomayhanhchinh_3/bomayhanhchinh_3_780_Quyet-dinh-1310-QD-UBND-2025-cong-bo-thu-tuc-hanh-chinh-linh-vuc-Lao-dong-So-Noi-vu-Quang-Binh-654470.txt
2025-08-13 05:01:19,069 - INFO - ⏳ Tạm dừng 4.65 giây giữa các batch...
2025-08-13 05:01:23,716 - INFO - 📦 Xử lý batch 84 đến 85
2025-08-13 05:01:36,737 - INFO - ✅ Đã lưu: download_bomayhanhchinh_3/bomayhanhchinh_3_781_Quyet-dinh-1285-QD-UBND-2025-cong-bo-thu-tuc-hanh-chinh-linh-vuc-Thiet-bi-y-te-Hai-Phong-654821.txt
2025-08-13 05:01:37,805 - INFO - ⏳ Tạm dừng 3.12 giây giữa các batch...
2025-08-13 05:01:40,922 - INFO - 📦 Xử lý batch 85 đến 86
2025-08-13 05:01:52,267 - INFO - ✅ Đã lưu: download_bomayhanhchinh_3/bomayhanhchinh_3_782_Quyet-dinh-1195-QD-UBND-2025-cong-bo-thu-tuc-hanh-chinh-thiet-bi-y-te-So-Y-te-Nam-Dinh-654594.txt
2025-08-13 05:01:53,332 - INFO - ⏳ Tạm dừng 4.43 giây giữa các batch...
2025-08-13 05:01:57,759 - INFO - 📦 Xử lý batch 86 đến 87
2025-08-13 05:02:08,861 - INFO - ✅ Đã lưu: download_bomayhanhchinh_3/bomayhanhchinh_3_783_Quyet-dinh-1863-QD-NHNN-2025-cong-bo-thu-tuc-hanh-chinh-sua-doi-do-thay-doi-co-cau-to-chuc-658621.txt
2025-08-13 05:02:09,926 - INFO - ⏳ Tạm dừng 3.73 giây giữa các batch...
2025-08-13 05:02:13,661 - INFO - 📦 Xử lý batch 87 đến 88
2025-08-13 05:02:26,362 - INFO - ✅ Đã lưu: download_bomayhanhchinh_3/bomayhanhchinh_3_784_Quyet-dinh-896-QD-UBND-2025-cong-bo-thu-tuc-hanh-chinh-Thuy-loi-cac-cap-chinh-quyen-Phu-Tho-655500.txt
2025-08-13 05:02:27,429 - INFO - ⏳ Tạm dừng 3.87 giây giữa các batch...
2025-08-13 05:02:31,300 - INFO - 📦 Xử lý batch 88 đến 89
2025-08-13 05:02:43,908 - INFO - ✅ Đã lưu: download_bomayhanhchinh_3/bomayhanhchinh_3_785_Quyet-dinh-24-2025-QD-UBND-bai-bo-Quyet-dinh-2160-2012-QD-UBND-Bac-Kan-654562.txt
2025-08-13 05:02:44,974 - INFO - ⏳ Tạm dừng 3.70 giây giữa các batch...
2025-08-13 05:02:48,679 - INFO - 📦 Xử lý batch 89 đến 90
2025-08-13 05:02:59,410 - INFO - ✅ Đã lưu: download_bomayhanhchinh_3/bomayhanhchinh_3_786_Quyet-dinh-533-QD-UBND-2025-thu-tuc-hanh-chinh-luu-thong-hang-hoa-So-Cong-Thuong-Cao-Bang-656188.txt
2025-08-13 05:03:00,476 - INFO - ⏳ Tạm dừng 4.02 giây giữa các batch...
2025-08-13 05:03:04,493 - INFO - 📦 Xử lý batch 90 đến 91
2025-08-13 05:03:15,368 - INFO - ✅ Đã lưu: download_bomayhanhchinh_3/bomayhanhchinh_3_787_Quyet-dinh-891-QD-UBND-2025-cong-bo-thu-tuc-hanh-chinh-giao-duc-dao-tao-So-Giao-duc-Yen-Bai-658534.txt
2025-08-13 05:03:16,437 - INFO - ⏳ Tạm dừng 4.71 giây giữa các batch...
2025-08-13 05:03:21,152 - INFO - 📦 Xử lý batch 91 đến 92
2025-08-13 05:03:34,557 - INFO - ✅ Đã lưu: download_bomayhanhchinh_3/bomayhanhchinh_3_788_Nghi-quyet-211-NQ-HDND-2025-tan-thanh-chu-truong-nhap-cac-tinh-Ben-Tre-Tra-Vinh-Vinh-Long-656474.txt
2025-08-13 05:03:35,624 - INFO - ⏳ Tạm dừng 3.35 giây giữa các batch...
2025-08-13 05:03:38,973 - INFO - 📦 Xử lý batch 92 đến 93
2025-08-13 05:03:51,573 - INFO - ✅ Đã lưu: download_bomayhanhchinh_3/bomayhanhchinh_3_789_Nghi-quyet-210-NQ-HDND-2025-tan-thanh-chu-truong-nhap-don-vi-hanh-chinh-cap-xa-Vinh-Long-656470.txt
2025-08-13 05:03:52,638 - INFO - ⏳ Tạm dừng 3.41 giây giữa các batch...
2025-08-13 05:03:56,047 - INFO - 📦 Xử lý batch 93 đến 94
2025-08-13 05:04:06,336 - INFO - ✅ Đã lưu: download_bomayhanhchinh_3/bomayhanhchinh_3_790_Quyet-dinh-964-QD-UBND-2025-quy-trinh-thu-tuc-hanh-chinh-linh-vuc-Dien-luc-So-Cong-Thuong-Hung-Yen-656027.txt
2025-08-13 05:04:07,404 - INFO - ⏳ Tạm dừng 4.63 giây giữa các batch...
2025-08-13 05:04:12,035 - INFO - 📦 Xử lý batch 94 đến 95
2025-08-13 05:04:21,114 - INFO - ✅ Đã lưu: download_bomayhanhchinh_3/bomayhanhchinh_3_791_Nghi-quyet-04-2025-NQ-HDND-sua-doi-Nghi-quyet-18-2021-NQ-HDND-Vinh-Long-655416.txt
2025-08-13 05:04:22,178 - INFO - ⏳ Tạm dừng 4.55 giây giữa các batch...
2025-08-13 05:04:26,729 - INFO - 📦 Xử lý batch 95 đến 96
2025-08-13 05:04:39,241 - INFO - ✅ Đã lưu: download_bomayhanhchinh_3/bomayhanhchinh_3_792_Nghi-quyet-579-NQ-HDND-2025-tan-thanh-chu-truong-sap-xep-don-vi-hanh-chinh-cap-xa-Hung-Yen-655783.txt
2025-08-13 05:04:40,306 - INFO - ⏳ Tạm dừng 3.38 giây giữa các batch...
2025-08-13 05:04:43,690 - INFO - 📦 Xử lý batch 96 đến 97
2025-08-13 05:04:53,859 - INFO - ✅ Đã lưu: download_bomayhanhchinh_3/bomayhanhchinh_3_793_Nghi-quyet-578-NQ-HDND-2025-tan-thanh-chu-truong-sap-xep-Thai-Binh-Hung-Yen-655781.txt
2025-08-13 05:04:54,923 - INFO - ⏳ Tạm dừng 4.23 giây giữa các batch...
2025-08-13 05:04:59,158 - INFO - 📦 Xử lý batch 97 đến 98
2025-08-13 05:05:11,153 - INFO - ✅ Đã lưu: download_bomayhanhchinh_3/bomayhanhchinh_3_794_Nghi-quyet-556-NQ-HDND-2025-tan-thanh-chu-truong-sap-xep-don-vi-hanh-chinh-cap-xa-Bac-Ninh-660222.txt
2025-08-13 05:05:12,219 - INFO - ⏳ Tạm dừng 3.16 giây giữa các batch...
2025-08-13 05:05:15,377 - INFO - 📦 Xử lý batch 98 đến 99
2025-08-13 05:05:26,696 - INFO - ✅ Đã lưu: download_bomayhanhchinh_3/bomayhanhchinh_3_795_Quyet-dinh-892-QD-UBND-2025-cong-bo-thu-tuc-hanh-chinh-linh-vuc-moi-truong-So-Nong-nghiep-Yen-Bai-658533.txt
2025-08-13 05:05:27,763 - INFO - ⏳ Tạm dừng 3.95 giây giữa các batch...
2025-08-13 05:05:31,716 - INFO - 📦 Xử lý batch 99 đến 100
2025-08-13 05:05:42,837 - INFO - ✅ Đã lưu: download_bomayhanhchinh_3/bomayhanhchinh_3_796_Nghi-quyet-26-NQ-HDND-2025-thong-qua-chu-truong-sap-xep-don-vi-hanh-chinh-cap-xa-Dak-Lak-656498.txt
2025-08-13 05:05:43,901 - INFO - ⏳ Tạm dừng 3.12 giây giữa các batch...
2025-08-13 05:05:47,018 - INFO - 📦 Xử lý batch 100 đến 101
2025-08-13 05:05:59,880 - INFO - ✅ Đã lưu: download_bomayhanhchinh_3/bomayhanhchinh_3_797_Nghi-quyet-555-NQ-HDND-2025-tan-thanh-chu-truong-sap-xep-don-vi-hanh-chinh-Bac-Giang-Bac-Ninh-660110.txt
2025-08-13 05:06:00,954 - INFO - ⏳ Tạm dừng 4.48 giây giữa các batch...
2025-08-13 05:06:05,432 - INFO - 📦 Xử lý batch 101 đến 102
2025-08-13 05:06:16,857 - INFO - ✅ Đã lưu: download_bomayhanhchinh_3/bomayhanhchinh_3_798_Quyet-dinh-888-QD-UBND-2025-cong-bo-thu-tuc-hanh-chinh-Quy-hoach-So-Xay-dung-Yen-Bai-654461.txt
2025-08-13 05:06:17,923 - INFO - ⏳ Tạm dừng 4.28 giây giữa các batch...
2025-08-13 05:06:22,202 - INFO - 📦 Xử lý batch 102 đến 103
2025-08-13 05:06:33,085 - INFO - ✅ Đã lưu: download_bomayhanhchinh_3/bomayhanhchinh_3_799_Quyet-dinh-957-QD-UBND-2025-cong-bo-thu-tuc-hanh-chinh-linh-vuc-viec-lam-So-Noi-vu-Lang-Son-660416.txt
2025-08-13 05:06:34,150 - INFO - ⏳ Tạm dừng 3.53 giây giữa các batch...
2025-08-13 05:06:37,683 - INFO - 📦 Xử lý batch 103 đến 104
2025-08-13 05:06:46,947 - INFO - ✅ Đã lưu: download_bomayhanhchinh_3/bomayhanhchinh_3_800_Quyet-dinh-956-QD-UBND-2025-thu-tuc-hanh-chinh-Tai-chinh-doanh-nghiep-So-Tai-chinh-Lang-Son-660413.txt
2025-08-13 05:06:48,012 - INFO - ⏳ Tạm dừng 4.85 giây giữa các batch...
2025-08-13 05:06:52,859 - INFO - 📦 Xử lý batch 104 đến 105
2025-08-13 05:07:05,107 - INFO - ✅ Đã lưu: download_bomayhanhchinh_3/bomayhanhchinh_3_801_Nghi-quyet-11-NQ-HDND-2025-chu-truong-hop-nhat-Soc-Trang-Hau-Giang-Can-Tho-660434.txt
2025-08-13 05:07:06,174 - INFO - ⏳ Tạm dừng 4.76 giây giữa các batch...
2025-08-13 05:07:10,939 - INFO - 📦 Xử lý batch 105 đến 106
2025-08-13 05:07:22,988 - INFO - ✅ Đã lưu: download_bomayhanhchinh_3/bomayhanhchinh_3_802_Quyet-dinh-958-QD-UBND-2025-cong-bo-thu-tuc-hanh-chinh-quan-ly-gia-So-Tai-chinh-Lang-Son-660419.txt
2025-08-13 05:07:24,052 - INFO - ⏳ Tạm dừng 4.62 giây giữa các batch...
2025-08-13 05:07:28,668 - INFO - 📦 Xử lý batch 106 đến 107
2025-08-13 05:07:40,869 - INFO - ✅ Đã lưu: download_bomayhanhchinh_3/bomayhanhchinh_3_803_Quyet-dinh-28-2025-QD-UBND-bai-bo-toan-bo-Quyet-dinh-19-2016-QD-UBND-Dien-Bien-655415.txt
2025-08-13 05:07:41,937 - INFO - ⏳ Tạm dừng 3.96 giây giữa các batch...
2025-08-13 05:07:45,900 - INFO - 📦 Xử lý batch 107 đến 108
2025-08-13 05:07:56,747 - INFO - ✅ Đã lưu: download_bomayhanhchinh_3/bomayhanhchinh_3_804_Quyet-dinh-959-QD-UBND-2025-cong-bo-thu-tuc-hanh-chinh-tai-chinh-dau-tu-So-Tai-chinh-Lang-Son-660421.txt
2025-08-13 05:07:57,812 - INFO - ⏳ Tạm dừng 3.17 giây giữa các batch...
2025-08-13 05:08:00,980 - INFO - 📦 Xử lý batch 108 đến 109
2025-08-13 05:08:13,318 - INFO - ✅ Đã lưu: download_bomayhanhchinh_3/bomayhanhchinh_3_805_Quyet-dinh-803-QD-UBND-2025-cong-bo-thu-tuc-hanh-chinh-linh-vuc-trong-trot-So-Nong-nghiep-Ca-Mau-661180.txt
2025-08-13 05:08:14,383 - INFO - ⏳ Tạm dừng 3.76 giây giữa các batch...
2025-08-13 05:08:18,139 - INFO - 📦 Xử lý batch 109 đến 110
2025-08-13 05:08:29,269 - INFO - ✅ Đã lưu: download_bomayhanhchinh_3/bomayhanhchinh_3_806_Quyet-dinh-799-QD-UBND-2025-cong-bo-thu-tuc-hanh-chinh-Thi-dua-khen-thuong-Uy-ban-tinh-Ca-Mau-661190.txt
2025-08-13 05:08:30,334 - INFO - ⏳ Tạm dừng 4.45 giây giữa các batch...
2025-08-13 05:08:34,785 - INFO - 📦 Xử lý batch 110 đến 111
2025-08-13 05:08:45,355 - INFO - ✅ Đã lưu: download_bomayhanhchinh_3/bomayhanhchinh_3_807_Quyet-dinh-798-QD-UBND-2025-cong-bo-thu-tuc-hanh-chinh-chinh-quyen-dia-phuong-Uy-ban-tinh-Ca-Mau-661191.txt
2025-08-13 05:08:46,421 - INFO - ⏳ Tạm dừng 3.50 giây giữa các batch...
2025-08-13 05:08:49,919 - INFO - 📦 Xử lý batch 111 đến 112
2025-08-13 05:09:02,418 - INFO - ✅ Đã lưu: download_bomayhanhchinh_3/bomayhanhchinh_3_808_Nghi-quyet-12-NQ-HDND-2025-chu-truong-sap-xep-don-vi-hanh-chinh-cap-xa-Can-Tho-661303.txt
2025-08-13 05:09:03,482 - INFO - ⏳ Tạm dừng 3.48 giây giữa các batch...
2025-08-13 05:09:06,967 - INFO - 📦 Xử lý batch 112 đến 113
2025-08-13 05:09:18,906 - INFO - ✅ Đã lưu: download_bomayhanhchinh_3/bomayhanhchinh_3_809_Quyet-dinh-48-2025-QD-UBND-dinh-muc-kinh-te-dich-vu-cong-chinh-ly-tai-lieu-luu-tru-nen-giay-Vung-Tau-656112.txt
2025-08-13 05:09:19,971 - INFO - ⏳ Tạm dừng 3.30 giây giữa các batch...
2025-08-13 05:09:23,273 - INFO - 📦 Xử lý batch 113 đến 114
2025-08-13 05:09:35,724 - INFO - ✅ Đã lưu: download_bomayhanhchinh_3/bomayhanhchinh_3_810_Quyet-dinh-720-QD-UBND-2025-cong-bo-thu-tuc-hanh-chinh-linh-vuc-dau-tu-So-Tai-chinh-Bac-Ninh-655639.txt
2025-08-13 05:09:36,790 - INFO - ⏳ Tạm dừng 4.00 giây giữa các batch...
2025-08-13 05:09:40,790 - INFO - 📦 Xử lý batch 114 đến 115
2025-08-13 05:09:52,577 - INFO - ✅ Đã lưu: download_bomayhanhchinh_3/bomayhanhchinh_3_811_Quyet-dinh-819-QD-UBND-2025-cong-bo-thu-tuc-hanh-chinh-Thi-dua-khen-thuong-So-Noi-vu-Dien-Bien-655583.txt
2025-08-13 05:09:53,644 - INFO - ⏳ Tạm dừng 3.95 giây giữa các batch...
2025-08-13 05:09:57,593 - INFO - 📦 Xử lý batch 115 đến 116
2025-08-13 05:10:11,781 - INFO - ✅ Đã lưu: download_bomayhanhchinh_3/bomayhanhchinh_3_812_Quyet-dinh-1111-QD-UBND-2025-quy-trinh-thu-tuc-hanh-chinh-Giao-duc-nghe-nghiep-So-Giao-duc-Khanh-Hoa-655524.txt
2025-08-13 05:10:12,846 - INFO - ⏳ Tạm dừng 3.57 giây giữa các batch...
2025-08-13 05:10:16,420 - INFO - 📦 Xử lý batch 116 đến 117
2025-08-13 05:10:28,355 - INFO - ✅ Đã lưu: download_bomayhanhchinh_3/bomayhanhchinh_3_813_Quyet-dinh-4484-QD-UBND-2025-cong-bo-thu-tuc-hanh-chinh-noi-bo-So-Tai-chinh-Long-An-660818.txt
2025-08-13 05:10:29,423 - INFO - ⏳ Tạm dừng 4.34 giây giữa các batch...
2025-08-13 05:10:33,760 - INFO - 📦 Xử lý batch 117 đến 118
2025-08-13 05:10:47,462 - INFO - ✅ Đã lưu: download_bomayhanhchinh_3/bomayhanhchinh_3_814_Quyet-dinh-4483-QD-UBND-2025-cong-bo-thu-tuc-hanh-chinh-linh-vuc-do-dac-So-Nong-nghiep-Long-An-660816.txt
2025-08-13 05:10:48,527 - INFO - ⏳ Tạm dừng 3.58 giây giữa các batch...
2025-08-13 05:10:52,106 - INFO - 📦 Xử lý batch 118 đến 119
2025-08-13 05:11:03,631 - INFO - ✅ Đã lưu: download_bomayhanhchinh_3/bomayhanhchinh_3_815_Nghi-dinh-92-2025-ND-CP-che-do-chinh-sach-doi-voi-chuyen-gia-cao-cap-654655.txt
2025-08-13 05:11:04,695 - INFO - ⏳ Tạm dừng 3.29 giây giữa các batch...
2025-08-13 05:11:07,991 - INFO - 📦 Xử lý batch 119 đến 120
2025-08-13 05:11:17,491 - INFO - ✅ Đã lưu: download_bomayhanhchinh_3/bomayhanhchinh_3_816_Quyet-dinh-1334-QD-UBND-2025-quy-trinh-thu-tuc-hanh-chinh-linh-vuc-ton-giao-So-Dan-toc-Dong-Nai-661876.txt
2025-08-13 05:11:18,556 - INFO - ⏳ Tạm dừng 4.48 giây giữa các batch...
2025-08-13 05:11:23,040 - INFO - 📦 Xử lý batch 120 đến 121
2025-08-13 05:11:34,590 - INFO - ✅ Đã lưu: download_bomayhanhchinh_3/bomayhanhchinh_3_817_Quyet-dinh-1325-QD-UBND-2025-cong-bo-thu-tuc-hanh-chinh-Thuy-san-nganh-Nong-nghiep-Dong-Nai-661874.txt
2025-08-13 05:11:35,655 - INFO - ⏳ Tạm dừng 4.54 giây giữa các batch...
2025-08-13 05:11:40,197 - INFO - 📦 Xử lý batch 121 đến 122
2025-08-13 05:11:51,293 - INFO - ✅ Đã lưu: download_bomayhanhchinh_3/bomayhanhchinh_3_818_Quyet-dinh-797-QD-UBND-2025-cong-bo-thu-tuc-hanh-chinh-to-chuc-bien-che-Uy-ban-tinh-Ca-Mau-661192.txt
2025-08-13 05:11:52,367 - INFO - ⏳ Tạm dừng 3.88 giây giữa các batch...
2025-08-13 05:11:56,243 - INFO - 📦 Xử lý batch 122 đến 123
2025-08-13 05:12:09,093 - INFO - ✅ Đã lưu: download_bomayhanhchinh_3/bomayhanhchinh_3_819_Quyet-dinh-802-QD-UBND-2025-cong-bo-thu-tuc-hanh-chinh-linh-vuc-moi-truong-Uy-ban-tinh-Ca-Mau-661187.txt
2025-08-13 05:12:10,160 - INFO - ⏳ Tạm dừng 4.72 giây giữa các batch...
2025-08-13 05:12:14,883 - INFO - 📦 Xử lý batch 123 đến 124
2025-08-13 05:12:25,282 - INFO - ✅ Đã lưu: download_bomayhanhchinh_3/bomayhanhchinh_3_820_Quyet-dinh-1333-QD-UBND-2025-quy-trinh-thu-tuc-hanh-chinh-Bao-ton-thien-nhien-Uy-ban-xa-Dong-Nai-661875.txt
2025-08-13 05:12:26,347 - INFO - ⏳ Tạm dừng 3.01 giây giữa các batch...
2025-08-13 05:12:29,361 - INFO - 📦 Xử lý batch 124 đến 125
2025-08-13 05:12:41,061 - INFO - ✅ Đã lưu: download_bomayhanhchinh_3/bomayhanhchinh_3_821_Quyet-dinh-1175-QD-UBND-2025-cong-bo-thu-tuc-hanh-chinh-Y-te-du-phong-So-Y-te-Kien-Giang-658244.txt
2025-08-13 05:12:42,125 - INFO - ⏳ Tạm dừng 3.92 giây giữa các batch...
2025-08-13 05:12:46,041 - INFO - 📦 Xử lý batch 125 đến 126
2025-08-13 05:12:58,555 - INFO - ✅ Đã lưu: download_bomayhanhchinh_3/bomayhanhchinh_3_822_Quyet-dinh-1608-QD-UBND-2025-cong-bo-Danh-muc-thu-tuc-hanh-chinh-linh-vuc-Thuy-san-Ho-Chi-Minh-661513.txt
2025-08-13 05:12:59,620 - INFO - ⏳ Tạm dừng 3.89 giây giữa các batch...
2025-08-13 05:13:03,515 - INFO - 📦 Xử lý batch 126 đến 127
2025-08-13 05:13:13,950 - INFO - ✅ Đã lưu: download_bomayhanhchinh_3/bomayhanhchinh_3_823_Quyet-dinh-554-QD-UBND-2025-cong-bo-thu-tuc-hanh-chinh-tai-nguyen-nuoc-So-Nong-nghiep-Ninh-Thuan-657399.txt
2025-08-13 05:13:15,016 - INFO - ⏳ Tạm dừng 3.60 giây giữa các batch...
2025-08-13 05:13:18,618 - INFO - 📦 Xử lý batch 127 đến 128
2025-08-13 05:13:28,071 - INFO - ✅ Đã lưu: download_bomayhanhchinh_3/bomayhanhchinh_3_824_Quyet-dinh-551-QD-UBND-2025-Quy-trinh-thu-tuc-hanh-chinh-Tieu-chuan-Do-luong-So-Khoa-hoc-Ninh-Thuan-657398.txt
2025-08-13 05:13:29,139 - INFO - ⏳ Tạm dừng 3.91 giây giữa các batch...
2025-08-13 05:13:33,046 - INFO - 📦 Xử lý batch 128 đến 129
2025-08-13 05:13:45,574 - INFO - ✅ Đã lưu: download_bomayhanhchinh_3/bomayhanhchinh_3_825_Quyet-dinh-550-QD-UBND-2025-Quy-trinh-thu-tuc-hanh-chinh-giao-duc-dao-tao-So-Giao-duc-Ninh-Thuan-657397.txt
2025-08-13 05:13:46,640 - INFO - ⏳ Tạm dừng 3.10 giây giữa các batch...
2025-08-13 05:13:49,735 - INFO - 📦 Xử lý batch 129 đến 130
2025-08-13 05:14:01,838 - INFO - ✅ Đã lưu: download_bomayhanhchinh_3/bomayhanhchinh_3_826_Quyet-dinh-1607-QD-UBND-2025-cong-bo-thu-tuc-hanh-chinh-Phat-trien-nong-thon-Ho-Chi-Minh-661492.txt
2025-08-13 05:14:02,903 - INFO - ⏳ Tạm dừng 3.70 giây giữa các batch...
2025-08-13 05:14:06,600 - INFO - 📦 Xử lý batch 130 đến 131
2025-08-13 05:14:19,357 - INFO - ✅ Đã lưu: download_bomayhanhchinh_3/bomayhanhchinh_3_827_Quyet-dinh-729-QD-UBND-2025-cong-bo-thu-tuc-hanh-chinh-linh-vuc-Thuy-san-So-Nong-nghiep-Lai-Chau-656370.txt
2025-08-13 05:14:20,432 - INFO - ⏳ Tạm dừng 3.30 giây giữa các batch...
2025-08-13 05:14:23,730 - INFO - 📦 Xử lý batch 131 đến 132
2025-08-13 05:14:43,238 - ERROR - ❌ Không tìm thấy nội dung chính tại https://thuvienphapluat.vn/van-ban/Bo-may-hanh-chinh/Nghi-quyet-26-NQ-HDND-2025-thong-nhat-chu-truong-sap-xep-don-vi-hanh-chinh-cap-xa-Hue-657955.aspx - đã lưu ảnh lỗi download_bomayhanhchinh_3/error_file_bomayhanhchinh_3_828.png
2025-08-13 05:14:44,303 - INFO - ⏳ Tạm dừng 4.85 giây giữa các batch...
2025-08-13 05:14:49,153 - INFO - 📦 Xử lý batch 132 đến 133
2025-08-13 05:15:08,204 - ERROR - ❌ Không tìm thấy nội dung chính tại https://thuvienphapluat.vn/van-ban/Bo-may-hanh-chinh/Quyet-dinh-1334-QD-BTP-2025-cong-bo-thu-tuc-hanh-chinh-linh-vuc-dang-ky-bien-phap-bao-dam-655706.aspx - đã lưu ảnh lỗi download_bomayhanhchinh_3/error_file_bomayhanhchinh_3_829.png
2025-08-13 05:15:09,269 - INFO - ⏳ Tạm dừng 3.41 giây giữa các batch...
2025-08-13 05:15:12,675 - INFO - 📦 Xử lý batch 133 đến 134
