2025-07-06 00:19:05,237 - INFO - Total 1571 links found in 1_baocao1.txt
2025-07-06 00:19:05,237 - INFO - Processing batch 0 to 1
2025-07-06 00:19:09,534 - INFO - ⏳ Waiting 5.34s for user emulation...
2025-07-06 00:19:15,801 - INFO - Saved txt: download_1_baocao1/1_Bao-cao-4890-BC-VPCP-2025-cung-cap-dich-vu-cong-truc-tuyen-toan-trinh-tren-Cong-Dich-vu-cong-quoc-gia-660039.txt
2025-07-06 00:19:15,874 - INFO - ⏳ 7.70s between batches...
2025-07-06 00:19:23,573 - INFO - Processing batch 1 to 2
2025-07-06 00:19:27,986 - INFO - ⏳ Waiting 4.49s for user emulation...
2025-07-06 00:19:33,616 - INFO - Saved txt: download_1_baocao1/2_Bao-cao-4980-BC-VPCP-2025-cung-cap-dich-vu-cong-truc-tuyen-toan-trinh-Cong-Dich-vu-cong-quoc-gia-660332.txt
2025-07-06 00:19:33,684 - INFO - ⏳ 9.90s between batches...
2025-07-06 00:19:43,585 - INFO - Processing batch 2 to 3
2025-07-06 00:19:47,443 - INFO - ⏳ Waiting 5.01s for user emulation...
2025-07-06 00:19:53,206 - INFO - Saved txt: download_1_baocao1/3_Bao-cao-467-BC-CP-2025-tiep-thu-y-kien-ve-ho-so-De-an-sap-xep-don-vi-hanh-chinh-cap-xa-660045.txt
2025-07-06 00:19:53,275 - INFO - ⏳ 11.04s between batches...
2025-07-06 00:20:04,312 - INFO - Processing batch 3 to 4
2025-07-06 00:20:08,661 - INFO - ⏳ Waiting 5.49s for user emulation...
2025-07-06 00:20:14,954 - INFO - Saved txt: download_1_baocao1/4_Bao-cao-443-BC-CP-2025-Bao-cao-tham-tra-so-bo-du-an-Luat-Cac-to-chuc-tin-dung-sua-doi-658522.txt
2025-07-06 00:20:15,027 - INFO - ⏳ 5.49s between batches...
2025-07-06 00:20:20,520 - INFO - Processing batch 4 to 5
2025-07-06 00:20:25,898 - INFO - ⏳ Waiting 3.33s for user emulation...
2025-07-06 00:20:30,198 - INFO - Saved txt: download_1_baocao1/5_Bao-cao-2172-BC-BNV-2025-ket-qua-thuc-hien-Quyet-dinh-1641-QD-TTg-656539.txt
2025-07-06 00:20:30,266 - INFO - ⏳ 9.40s between batches...
2025-07-06 00:20:39,670 - INFO - Processing batch 5 to 6
2025-07-06 00:20:43,864 - INFO - ⏳ Waiting 4.43s for user emulation...
2025-07-06 00:20:49,487 - INFO - Saved txt: download_1_baocao1/6_Bao-cao-300-BC-CP-2025-bo-sung-cap-nhat-thong-tin-cho-Bao-cao-102-BC-CP-binh-dang-gioi-658508.txt
2025-07-06 00:20:49,559 - INFO - ⏳ 6.56s between batches...
2025-07-06 00:20:56,121 - INFO - Processing batch 6 to 7
2025-07-06 00:21:00,368 - INFO - ⏳ Waiting 4.59s for user emulation...
2025-07-06 00:21:05,978 - INFO - Saved txt: download_1_baocao1/7_Bao-cao-218-BC-CP-2025-ket-qua-thuc-hanh-tiet-kiem-chong-lang-phi-trong-nam-2024-654189.txt
2025-07-06 00:21:06,052 - INFO - ⏳ 6.34s between batches...
2025-07-06 00:21:12,387 - INFO - Processing batch 7 to 8
2025-07-06 00:21:16,657 - INFO - ⏳ Waiting 5.47s for user emulation...
2025-07-06 00:21:22,973 - INFO - Saved txt: download_1_baocao1/8_Bao-cao-115-BC-BCT-2025-trien-khai-Ke-hoach-thuc-hien-Nghi-quyet-233-NQ-CP-654141.txt
2025-07-06 00:21:23,043 - INFO - ⏳ 6.60s between batches...
2025-07-06 00:21:29,639 - INFO - Processing batch 8 to 9
2025-07-06 00:21:33,587 - INFO - ⏳ Waiting 3.29s for user emulation...
2025-07-06 00:21:37,768 - INFO - Saved txt: download_1_baocao1/9_Bao-cao-169-BC-BDTTG-2025-tinh-hinh-Chuong-trinh-phat-trien-kinh-te-xa-hoi-vung-dan-toc-thieu-so-651391.txt
2025-07-06 00:21:37,838 - INFO - ⏳ 5.52s between batches...
2025-07-06 00:21:43,360 - INFO - Processing batch 9 to 10
2025-07-06 00:21:47,824 - INFO - ⏳ Waiting 5.70s for user emulation...
2025-07-06 00:21:54,425 - INFO - Saved txt: download_1_baocao1/10_Bao-cao-94-BC-BVHTTDL-2025-tinh-hinh-thuc-hien-Quyet-dinh-88-QD-TTg-bao-ho-quyen-tac-gia-651624.txt
2025-07-06 00:21:54,495 - INFO - ⏳ 5.21s between batches...
2025-07-06 00:21:59,702 - INFO - Processing batch 10 to 11
2025-07-06 00:22:03,838 - INFO - ⏳ Waiting 5.25s for user emulation...
2025-07-06 00:22:10,052 - INFO - Saved txt: download_1_baocao1/11_Bao-cao-628-BC-BNV-2025-bao-cao-ket-qua-tuyen-dung-tri-thuc-tre-tinh-nguyen-phat-trien-nong-thon-651756.txt
2025-07-06 00:22:10,122 - INFO - ⏳ 10.44s between batches...
2025-07-06 00:22:20,566 - INFO - Processing batch 11 to 12
2025-07-06 00:22:25,087 - INFO - ⏳ Waiting 3.96s for user emulation...
2025-07-06 00:22:29,840 - INFO - Saved txt: download_1_baocao1/12_Bao-cao-610-BC-BNV-2025-tinh-hinh-thuc-hien-Quyet-dinh-71-QD-TTg-649010.txt
2025-07-06 00:22:29,915 - INFO - ⏳ 8.13s between batches...
2025-07-06 00:22:38,042 - INFO - Processing batch 12 to 13
2025-07-06 00:22:42,189 - INFO - ⏳ Waiting 4.60s for user emulation...
2025-07-06 00:22:47,811 - INFO - Saved txt: download_1_baocao1/13_Bao-cao-41-BC-BLDTBXH-2025-thuc-hien-phap-luat-ve-binh-dang-gioi-644588.txt
2025-07-06 00:22:47,883 - INFO - ⏳ 10.36s between batches...
2025-07-06 00:22:58,239 - INFO - Processing batch 13 to 14
2025-07-06 00:23:02,823 - INFO - ⏳ Waiting 4.67s for user emulation...
2025-07-06 00:23:08,796 - INFO - Saved txt: download_1_baocao1/14_Bao-cao-62-BC-BTP-2025-cong-tac-boi-thuong-Nha-nuoc-2024-644009.txt
2025-07-06 00:23:08,868 - INFO - ⏳ 6.94s between batches...
2025-07-06 00:23:15,811 - INFO - Processing batch 14 to 15
2025-07-06 00:23:20,109 - INFO - ⏳ Waiting 3.08s for user emulation...
2025-07-06 00:23:24,041 - INFO - Saved txt: download_1_baocao1/15_Bao-cao-48-BC-BCT-2025-trien-khai-ke-hoach-thuc-hien-Nghi-quyet-233-NQ-CP-654256.txt
2025-07-06 00:23:24,108 - INFO - ⏳ 9.24s between batches...
2025-07-06 00:23:33,345 - INFO - Processing batch 15 to 16
2025-07-06 00:23:37,625 - INFO - ⏳ Waiting 5.07s for user emulation...
2025-07-06 00:23:43,519 - INFO - Saved txt: download_1_baocao1/16_Bao-cao-243-BC-BCA-2025-tong-ket-cong-tac-phong-chong-ma-tuy-2024-654255.txt
2025-07-06 00:23:43,587 - INFO - ⏳ 8.84s between batches...
2025-07-06 00:23:52,430 - INFO - Processing batch 16 to 17
2025-07-06 00:23:57,957 - INFO - ⏳ Waiting 3.91s for user emulation...
2025-07-06 00:24:02,876 - INFO - Saved txt: download_1_baocao1/17_Bao-cao-139-BC-UBDT-2025-ket-qua-thuc-hien-cong-tac-dan-toc-nam-2024-642346.txt
2025-07-06 00:24:02,947 - INFO - ⏳ 11.24s between batches...
2025-07-06 00:24:14,191 - INFO - Processing batch 17 to 18
2025-07-06 00:24:18,324 - INFO - ⏳ Waiting 3.45s for user emulation...
2025-07-06 00:24:22,649 - INFO - Saved txt: download_1_baocao1/18_Bao-cao-21-BC-BXD-2025-cong-bo-thong-tin-ve-nha-o-va-thi-truong-bat-dong-san-Quy-IV-2024-642348.txt
2025-07-06 00:24:22,719 - INFO - ⏳ 6.23s between batches...
2025-07-06 00:24:28,948 - INFO - Processing batch 18 to 19
2025-07-06 00:24:33,409 - INFO - ⏳ Waiting 4.14s for user emulation...
2025-07-06 00:24:38,280 - INFO - Saved txt: download_1_baocao1/19_Bao-cao-33-BC-BVHTTDL-2025-ket-qua-trien-khai-Chien-luoc-van-hoa-doi-ngoai-Viet-Nam-642350.txt
2025-07-06 00:24:38,347 - INFO - ⏳ 8.46s between batches...
2025-07-06 00:24:46,809 - INFO - Processing batch 19 to 20
2025-07-06 00:24:51,549 - INFO - ⏳ Waiting 3.99s for user emulation...
2025-07-06 00:24:56,885 - INFO - Saved txt: download_1_baocao1/20_Bao-cao-51-BC-CP-2025-sap-xep-don-vi-hanh-chinh-do-thi-ra-soat-tieu-chuan-phan-loai-do-thi-641862.txt
2025-07-06 00:24:56,956 - INFO - ⏳ 11.95s between batches...
2025-07-06 00:25:08,910 - INFO - Processing batch 20 to 21
2025-07-06 00:25:13,816 - INFO - ⏳ Waiting 4.29s for user emulation...
2025-07-06 00:25:18,827 - INFO - Saved txt: download_1_baocao1/21_Bao-cao-113-BC-UBDT-2025-ket-qua-to-chuc-Dai-hoi-dai-bieu-cac-dan-toc-thieu-so-cap-tinh-642723.txt
2025-07-06 00:25:18,896 - INFO - ⏳ 11.68s between batches...
2025-07-06 00:25:30,573 - INFO - Processing batch 21 to 22
2025-07-06 00:25:35,020 - INFO - ⏳ Waiting 5.98s for user emulation...
2025-07-06 00:25:42,011 - INFO - Saved txt: download_1_baocao1/22_Bao-cao-219-BC-BNV-2025-hoan-thien-phuong-an-sap-xep-tinh-gon-to-chuc-bo-may-Chinh-phu-639647.txt
2025-07-06 00:25:42,083 - INFO - ⏳ 7.58s between batches...
2025-07-06 00:25:49,662 - INFO - Processing batch 22 to 23
2025-07-06 00:25:53,680 - INFO - ⏳ Waiting 3.80s for user emulation...
2025-07-06 00:25:58,597 - INFO - Saved txt: download_1_baocao1/23_Bao-cao-8677-BC-BNV-2024-tinh-hinh-sap-xep-don-vi-hanh-chinh-huyen-xa-2023-2025-639060.txt
2025-07-06 00:25:58,669 - INFO - ⏳ 7.98s between batches...
2025-07-06 00:26:06,649 - INFO - Processing batch 23 to 24
2025-07-06 00:26:10,596 - INFO - ⏳ Waiting 4.86s for user emulation...
2025-07-06 00:26:16,118 - INFO - Saved txt: download_1_baocao1/24_Bao-cao-357-BC-BVHTTDL-2024-danh-gia-ket-qua-giai-quyet-thu-tuc-hanh-chinh-tai-Bo-phan-Mot-cua-639379.txt
2025-07-06 00:26:16,188 - INFO - ⏳ 5.38s between batches...
2025-07-06 00:26:21,572 - INFO - Processing batch 24 to 25
2025-07-06 00:26:25,755 - INFO - ⏳ Waiting 5.00s for user emulation...
2025-07-06 00:26:31,717 - INFO - Saved txt: download_1_baocao1/25_Bao-cao-341-BC-BVHTTDL-2024-cong-tac-phong-chong-tham-nhung-tieu-cuc-638683.txt
2025-07-06 00:26:31,788 - INFO - ⏳ 12.00s between batches...
2025-07-06 00:26:43,786 - INFO - Processing batch 25 to 26
2025-07-06 00:26:48,191 - INFO - ⏳ Waiting 4.68s for user emulation...
2025-07-06 00:26:53,848 - INFO - Saved txt: download_1_baocao1/26_Bao-cao-9669-BC-BKHDT-2024-kich-ban-tang-truong-kinh-te-nam-2025-635719.txt
2025-07-06 00:26:53,916 - INFO - ⏳ 10.92s between batches...
2025-07-06 00:27:04,837 - INFO - Processing batch 26 to 27
2025-07-06 00:27:09,024 - INFO - ⏳ Waiting 5.88s for user emulation...
2025-07-06 00:27:15,900 - INFO - Saved txt: download_1_baocao1/27_Bao-cao-266-BC-BTNMT-2024-tinh-hinh-trien-khai-thi-hanh-Luat-Dat-dai-632400.txt
2025-07-06 00:27:15,968 - INFO - ⏳ 5.97s between batches...
2025-07-06 00:27:21,936 - INFO - Processing batch 27 to 28
2025-07-06 00:27:26,362 - INFO - ⏳ Waiting 5.08s for user emulation...
2025-07-06 00:27:32,348 - INFO - Saved txt: download_1_baocao1/28_Bao-cao-445-BC-BTP-2024-tong-ket-thuc-hien-Chi-thi-05-CT-TTg-cong-tac-thi-hanh-an-dan-su-630398.txt
2025-07-06 00:27:32,424 - INFO - ⏳ 5.88s between batches...
2025-07-06 00:27:38,307 - INFO - Processing batch 28 to 29
2025-07-06 00:27:42,305 - INFO - ⏳ Waiting 3.49s for user emulation...
2025-07-06 00:27:46,793 - INFO - Saved txt: download_1_baocao1/29_Bao-cao-191-BC-BTTTT-2024-tinh-hinh-hoat-dong-cua-co-so-truyen-thanh-truyen-hinh-cap-huyen-629230.txt
2025-07-06 00:27:46,865 - INFO - ⏳ 7.58s between batches...
2025-07-06 00:27:54,445 - INFO - Processing batch 29 to 30
2025-07-06 00:27:59,069 - INFO - ⏳ Waiting 5.99s for user emulation...
2025-07-06 00:28:05,990 - INFO - Saved txt: download_1_baocao1/30_Bao-cao-655-BC-CP-2024-tinh-hinh-quan-ly-va-su-dung-quy-bao-hiem-y-te-2023-628220.txt
2025-07-06 00:28:06,063 - INFO - ⏳ 8.90s between batches...
2025-07-06 00:28:14,963 - INFO - Processing batch 30 to 31
2025-07-06 00:28:19,565 - INFO - ⏳ Waiting 4.46s for user emulation...
2025-07-06 00:28:25,188 - INFO - Saved txt: download_1_baocao1/31_Bao-cao-653-BC-CP-2024-cong-tac-phong-chong-tham-nhung-628218.txt
2025-07-06 00:28:25,260 - INFO - ⏳ 11.57s between batches...
2025-07-06 00:28:36,829 - INFO - Processing batch 31 to 32
2025-07-06 00:28:41,002 - INFO - ⏳ Waiting 3.09s for user emulation...
2025-07-06 00:28:44,915 - INFO - Saved txt: download_1_baocao1/32_Bao-cao-tom-tat-654-BC-CP-2024-cong-tac-phong-chong-tham-nhung-628219.txt
2025-07-06 00:28:44,988 - INFO - ⏳ 10.56s between batches...
2025-07-06 00:28:55,549 - INFO - Processing batch 32 to 33
2025-07-06 00:29:00,057 - INFO - ⏳ Waiting 5.74s for user emulation...
2025-07-06 00:29:06,662 - INFO - Saved txt: download_1_baocao1/33_Bao-cao-639-BC-CP-2024-tong-hop-ket-qua-giai-quyet-tra-loi-kien-nghi-cua-cu-tri-tai-Ky-hop-thu-7-628221.txt
2025-07-06 00:29:06,732 - INFO - ⏳ 8.80s between batches...
2025-07-06 00:29:15,537 - INFO - Processing batch 33 to 34
2025-07-06 00:29:19,443 - INFO - ⏳ Waiting 5.57s for user emulation...
2025-07-06 00:29:26,140 - INFO - Saved txt: download_1_baocao1/34_Bao-cao-245-BC-BTNMT-2024-tinh-hinh-trien-khai-thi-hanh-Luat-Dat-dai-628263.txt
2025-07-06 00:29:26,209 - INFO - ⏳ 5.01s between batches...
2025-07-06 00:29:31,222 - INFO - Processing batch 34 to 35
2025-07-06 00:29:35,552 - INFO - ⏳ Waiting 5.94s for user emulation...
2025-07-06 00:29:42,865 - INFO - Saved txt: download_1_baocao1/35_Bao-cao-7270-BC-VPCP-2024-ket-qua-thuc-hien-nhiem-vu-giao-xay-dung-van-ban-cua-Chinh-phu-626867.txt
2025-07-06 00:29:42,941 - INFO - ⏳ 10.66s between batches...
2025-07-06 00:29:53,603 - INFO - Processing batch 35 to 36
