2025-07-06 00:13:59,050 - INFO - Total 1571 links found in 1_baocao.txt
2025-07-06 00:13:59,050 - INFO - Processing batch 0 to 1
2025-07-06 00:14:03,360 - INFO - ⏳ Waiting 4.04s for user emulation...
2025-07-06 00:14:08,164 - INFO - Saved txt: download_1_baocao/1_Bao-cao-4890-BC-VPCP-2025-cung-cap-dich-vu-cong-truc-tuyen-toan-trinh-tren-Cong-Dich-vu-cong-quoc-gia-660039.txt
2025-07-06 00:14:08,234 - INFO - ⏳ 9.31s between batches...
2025-07-06 00:14:17,541 - INFO - Processing batch 1 to 2
2025-07-06 00:14:21,600 - INFO - ⏳ Waiting 4.05s for user emulation...
2025-07-06 00:14:26,826 - INFO - Saved txt: download_1_baocao/2_Bao-cao-4980-BC-VPCP-2025-cung-cap-dich-vu-cong-truc-tuyen-toan-trinh-Cong-Dich-vu-cong-quoc-gia-660332.txt
2025-07-06 00:14:26,899 - INFO - ⏳ 8.85s between batches...
2025-07-06 00:14:35,747 - INFO - Processing batch 2 to 3
2025-07-06 00:14:39,634 - INFO - ⏳ Waiting 4.07s for user emulation...
2025-07-06 00:14:44,553 - INFO - Saved txt: download_1_baocao/3_Bao-cao-467-BC-CP-2025-tiep-thu-y-kien-ve-ho-so-De-an-sap-xep-don-vi-hanh-chinh-cap-xa-660045.txt
2025-07-06 00:14:44,622 - INFO - ⏳ 7.37s between batches...
2025-07-06 00:14:51,987 - INFO - Processing batch 3 to 4
2025-07-06 00:14:56,299 - INFO - ⏳ Waiting 4.06s for user emulation...
2025-07-06 00:15:01,459 - INFO - Saved txt: download_1_baocao/4_Bao-cao-443-BC-CP-2025-Bao-cao-tham-tra-so-bo-du-an-Luat-Cac-to-chuc-tin-dung-sua-doi-658522.txt
2025-07-06 00:15:01,530 - INFO - ⏳ 9.32s between batches...
2025-07-06 00:15:10,854 - INFO - Processing batch 4 to 5
2025-07-06 00:15:15,355 - INFO - ⏳ Waiting 5.03s for user emulation...
2025-07-06 00:15:21,620 - INFO - Saved txt: download_1_baocao/5_Bao-cao-2172-BC-BNV-2025-ket-qua-thuc-hien-Quyet-dinh-1641-QD-TTg-656539.txt
2025-07-06 00:15:21,690 - INFO - ⏳ 10.26s between batches...
2025-07-06 00:15:31,953 - INFO - Processing batch 5 to 6
2025-07-06 00:15:36,167 - INFO - ⏳ Waiting 4.23s for user emulation...
2025-07-06 00:15:41,490 - INFO - Saved txt: download_1_baocao/6_Bao-cao-300-BC-CP-2025-bo-sung-cap-nhat-thong-tin-cho-Bao-cao-102-BC-CP-binh-dang-gioi-658508.txt
2025-07-06 00:15:41,557 - INFO - ⏳ 11.26s between batches...
2025-07-06 00:15:52,816 - INFO - Processing batch 6 to 7
2025-07-06 00:15:57,418 - INFO - ⏳ Waiting 3.03s for user emulation...
2025-07-06 00:16:01,550 - INFO - Saved txt: download_1_baocao/7_Bao-cao-218-BC-CP-2025-ket-qua-thuc-hanh-tiet-kiem-chong-lang-phi-trong-nam-2024-654189.txt
2025-07-06 00:16:01,624 - INFO - ⏳ 7.61s between batches...
2025-07-06 00:16:09,230 - INFO - Processing batch 7 to 8
2025-07-06 00:16:13,372 - INFO - ⏳ Waiting 3.24s for user emulation...
2025-07-06 00:16:17,673 - INFO - Saved txt: download_1_baocao/8_Bao-cao-115-BC-BCT-2025-trien-khai-Ke-hoach-thuc-hien-Nghi-quyet-233-NQ-CP-654141.txt
2025-07-06 00:16:17,742 - INFO - ⏳ 10.91s between batches...
2025-07-06 00:16:28,652 - INFO - Processing batch 8 to 9
2025-07-06 00:16:32,753 - INFO - ⏳ Waiting 5.15s for user emulation...
2025-07-06 00:16:38,818 - INFO - Saved txt: download_1_baocao/9_Bao-cao-169-BC-BDTTG-2025-tinh-hinh-Chuong-trinh-phat-trien-kinh-te-xa-hoi-vung-dan-toc-thieu-so-651391.txt
2025-07-06 00:16:38,892 - INFO - ⏳ 5.94s between batches...
2025-07-06 00:16:44,836 - INFO - Processing batch 9 to 10
2025-07-06 00:16:48,341 - ERROR - Error saving document TXT 9: ('Connection aborted.', RemoteDisconnected('Remote end closed connection without response'))
2025-07-06 00:16:48,343 - WARNING - Retrying (Retry(total=2, connect=None, read=None, redirect=None, status=None)) after connection broken by 'NewConnectionError('<urllib3.connection.HTTPConnection object at 0x7df1d3229070>: Failed to establish a new connection: [Errno 111] Connection refused')': /session/55eb921aa1692ffbec14a80c592b5eab/screenshot
2025-07-06 00:16:48,344 - WARNING - Retrying (Retry(total=1, connect=None, read=None, redirect=None, status=None)) after connection broken by 'NewConnectionError('<urllib3.connection.HTTPConnection object at 0x7df1d3229250>: Failed to establish a new connection: [Errno 111] Connection refused')': /session/55eb921aa1692ffbec14a80c592b5eab/screenshot
2025-07-06 00:16:48,345 - WARNING - Retrying (Retry(total=0, connect=None, read=None, redirect=None, status=None)) after connection broken by 'NewConnectionError('<urllib3.connection.HTTPConnection object at 0x7df1d32295e0>: Failed to establish a new connection: [Errno 111] Connection refused')': /session/55eb921aa1692ffbec14a80c592b5eab/screenshot
2025-07-06 00:16:48,346 - WARNING - Retrying (Retry(total=2, connect=None, read=None, redirect=None, status=None)) after connection broken by 'NewConnectionError('<urllib3.connection.HTTPConnection object at 0x7df1d3229a00>: Failed to establish a new connection: [Errno 111] Connection refused')': /session/55eb921aa1692ffbec14a80c592b5eab
2025-07-06 00:16:48,347 - WARNING - Retrying (Retry(total=1, connect=None, read=None, redirect=None, status=None)) after connection broken by 'NewConnectionError('<urllib3.connection.HTTPConnection object at 0x7df1d3229c10>: Failed to establish a new connection: [Errno 111] Connection refused')': /session/55eb921aa1692ffbec14a80c592b5eab
2025-07-06 00:16:48,347 - WARNING - Retrying (Retry(total=0, connect=None, read=None, redirect=None, status=None)) after connection broken by 'NewConnectionError('<urllib3.connection.HTTPConnection object at 0x7df1d3229dc0>: Failed to establish a new connection: [Errno 111] Connection refused')': /session/55eb921aa1692ffbec14a80c592b5eab
