2025-07-06 00:09:27,691 - INFO - Total 1571 links found in baocao.txt
2025-07-06 00:09:27,691 - INFO - Processing batch 0 to 1
2025-07-06 00:09:31,946 - INFO - ⏳ Chờ 4.13s giả lập người dùng...
2025-07-06 00:09:36,823 - INFO - ✅ Saved txt: download_baocao/1120_Bao-cao-4890-BC-VPCP-2025-cung-cap-dich-vu-cong-truc-tuyen-toan-trinh-tren-Cong-Dich-vu-cong-quoc-gia-660039.txt
2025-07-06 00:09:36,895 - INFO - ⏳ Nghỉ 11.54s giữa các batch...
2025-07-06 00:09:48,435 - INFO - Processing batch 1 to 2
2025-07-06 00:09:52,620 - INFO - ⏳ Chờ 4.47s giả lập người dùng...
2025-07-06 00:09:58,120 - INFO - ✅ Saved txt: download_baocao/1121_Bao-cao-4980-BC-VPCP-2025-cung-cap-dich-vu-cong-truc-tuyen-toan-trinh-Cong-Dich-vu-cong-quoc-gia-660332.txt
2025-07-06 00:09:58,194 - INFO - ⏳ Nghỉ 8.27s giữa các batch...
2025-07-06 00:10:06,465 - INFO - Processing batch 2 to 3
2025-07-06 00:10:10,514 - INFO - ⏳ Chờ 3.82s giả lập người dùng...
2025-07-06 00:10:15,081 - INFO - ✅ Saved txt: download_baocao/1122_Bao-cao-467-BC-CP-2025-tiep-thu-y-kien-ve-ho-so-De-an-sap-xep-don-vi-hanh-chinh-cap-xa-660045.txt
2025-07-06 00:10:15,153 - INFO - ⏳ Nghỉ 9.90s giữa các batch...
2025-07-06 00:10:25,050 - INFO - Processing batch 3 to 4
2025-07-06 00:10:29,379 - INFO - ⏳ Chờ 4.40s giả lập người dùng...
2025-07-06 00:10:33,857 - WARNING - Retrying (Retry(total=2, connect=None, read=None, redirect=None, status=None)) after connection broken by 'NewConnectionError('<urllib3.connection.HTTPConnection object at 0x7030479b4b90>: Failed to establish a new connection: [Errno 111] Connection refused')': /session/1df4f8e0616ad0ac5df15c0c953e60eb/element
2025-07-06 00:10:33,857 - WARNING - Retrying (Retry(total=1, connect=None, read=None, redirect=None, status=None)) after connection broken by 'NewConnectionError('<urllib3.connection.HTTPConnection object at 0x7030479b4dd0>: Failed to establish a new connection: [Errno 111] Connection refused')': /session/1df4f8e0616ad0ac5df15c0c953e60eb/element
2025-07-06 00:10:33,859 - WARNING - Retrying (Retry(total=0, connect=None, read=None, redirect=None, status=None)) after connection broken by 'NewConnectionError('<urllib3.connection.HTTPConnection object at 0x7030479b5010>: Failed to establish a new connection: [Errno 111] Connection refused')': /session/1df4f8e0616ad0ac5df15c0c953e60eb/element
2025-07-06 00:10:33,860 - WARNING - Retrying (Retry(total=2, connect=None, read=None, redirect=None, status=None)) after connection broken by 'NewConnectionError('<urllib3.connection.HTTPConnection object at 0x7030479b5460>: Failed to establish a new connection: [Errno 111] Connection refused')': /session/1df4f8e0616ad0ac5df15c0c953e60eb/screenshot
2025-07-06 00:10:33,860 - WARNING - Retrying (Retry(total=1, connect=None, read=None, redirect=None, status=None)) after connection broken by 'NewConnectionError('<urllib3.connection.HTTPConnection object at 0x7030479b55e0>: Failed to establish a new connection: [Errno 111] Connection refused')': /session/1df4f8e0616ad0ac5df15c0c953e60eb/screenshot
2025-07-06 00:10:33,861 - WARNING - Retrying (Retry(total=0, connect=None, read=None, redirect=None, status=None)) after connection broken by 'NewConnectionError('<urllib3.connection.HTTPConnection object at 0x7030479b5760>: Failed to establish a new connection: [Errno 111] Connection refused')': /session/1df4f8e0616ad0ac5df15c0c953e60eb/screenshot
2025-07-06 00:10:33,862 - ERROR - ❌ Error saving document TXT 3: HTTPConnectionPool(host='localhost', port=49819): Max retries exceeded with url: /session/1df4f8e0616ad0ac5df15c0c953e60eb/screenshot (Caused by NewConnectionError('<urllib3.connection.HTTPConnection object at 0x7030479b58e0>: Failed to establish a new connection: [Errno 111] Connection refused'))
2025-07-06 00:10:33,863 - WARNING - Retrying (Retry(total=2, connect=None, read=None, redirect=None, status=None)) after connection broken by 'NewConnectionError('<urllib3.connection.HTTPConnection object at 0x7030479b5af0>: Failed to establish a new connection: [Errno 111] Connection refused')': /session/1df4f8e0616ad0ac5df15c0c953e60eb/screenshot
2025-07-06 00:10:33,863 - WARNING - Retrying (Retry(total=1, connect=None, read=None, redirect=None, status=None)) after connection broken by 'NewConnectionError('<urllib3.connection.HTTPConnection object at 0x7030479b4aa0>: Failed to establish a new connection: [Errno 111] Connection refused')': /session/1df4f8e0616ad0ac5df15c0c953e60eb/screenshot
2025-07-06 00:10:33,864 - WARNING - Retrying (Retry(total=0, connect=None, read=None, redirect=None, status=None)) after connection broken by 'NewConnectionError('<urllib3.connection.HTTPConnection object at 0x7030479b4b00>: Failed to establish a new connection: [Errno 111] Connection refused')': /session/1df4f8e0616ad0ac5df15c0c953e60eb/screenshot
2025-07-06 00:10:33,865 - WARNING - Retrying (Retry(total=2, connect=None, read=None, redirect=None, status=None)) after connection broken by 'NewConnectionError('<urllib3.connection.HTTPConnection object at 0x7030479b5f10>: Failed to establish a new connection: [Errno 111] Connection refused')': /session/1df4f8e0616ad0ac5df15c0c953e60eb
2025-07-06 00:10:33,865 - WARNING - Retrying (Retry(total=1, connect=None, read=None, redirect=None, status=None)) after connection broken by 'NewConnectionError('<urllib3.connection.HTTPConnection object at 0x7030479b6120>: Failed to establish a new connection: [Errno 111] Connection refused')': /session/1df4f8e0616ad0ac5df15c0c953e60eb
2025-07-06 00:10:33,866 - WARNING - Retrying (Retry(total=0, connect=None, read=None, redirect=None, status=None)) after connection broken by 'NewConnectionError('<urllib3.connection.HTTPConnection object at 0x7030479b62d0>: Failed to establish a new connection: [Errno 111] Connection refused')': /session/1df4f8e0616ad0ac5df15c0c953e60eb
