2025-07-05 23:41:51,073 - INFO - ➡️ Đang truy cập: https://thuvienphapluat.vn/page/tim-van-ban.aspx?keyword=&area=0&type=26&status=1&lan=1&org=0&signer=0&match=True&sort=1&bdate=05/07/1945&edate=06/07/2025&chlbg=06/07/1945&chlend=06/07/2035&page=1
2025-07-05 23:41:53,218 - INFO - ⏳ Chờ 4.87s giả lập người dùng...
2025-07-05 23:42:00,176 - INFO - 🧭 Tiêu đề trang: Tra cứu Văn Bản Pháp Luật
2025-07-05 23:42:00,202 - INFO - ✅ Đã lấy link: https://thuvienphapluat.vn/van-ban/Thue-Phi-Le-Phi/Cong-dien-102-CD-CT-2025-thuc-hien-Nghi-dinh-175-2025-ND-CP-663744.aspx
2025-07-05 23:42:00,206 - INFO - ✅ Đã lấy link: https://thuvienphapluat.vn/van-ban/Bo-may-hanh-chinh/Cong-dien-04-CD-KBNN-2025-sap-xep-to-chuc-lai-he-thong-Kho-bac-Nha-nuoc-663236.aspx
2025-07-05 23:42:00,210 - INFO - ✅ Đã lấy link: https://thuvienphapluat.vn/van-ban/Van-hoa-Xa-hoi/Cong-dien-102-CD-TTg-2025-cham-lo-doi-song-nguoi-co-cong-ky-niem-78-nam-Ngay-Thuong-binh-Liet-si-663235.aspx
2025-07-05 23:42:00,215 - INFO - ✅ Đã lấy link: https://thuvienphapluat.vn/van-ban/Cong-nghe-thong-tin/Cong-dien-103-CD-TTg-2025-tang-cuong-chia-se-du-lieu-co-so-du-lieu-quoc-gia-khong-gian-doan-663202.aspx
2025-07-05 23:42:00,219 - INFO - ✅ Đã lấy link: https://thuvienphapluat.vn/van-ban/Bo-may-hanh-chinh/Cong-dien-101-CD-TTg%e2%80%8b-2025-dam-bao-khong-gian-doan-thong-tin-du-lieu-hoat-dong-cong-vu-662957.aspx
2025-07-05 23:42:00,223 - INFO - ✅ Đã lấy link: https://thuvienphapluat.vn/van-ban/Tien-te-Ngan-hang/Cong-dien-98-CD-TTg-2025-bao-dam-nhiem-vu-linh-vuc-tai-chinh-hieu-qua-sap-xep-don-vi-hanh-chinh-662986.aspx
2025-07-05 23:42:00,227 - INFO - ✅ Đã lấy link: https://thuvienphapluat.vn/van-ban/Tai-nguyen-Moi-truong/Cong-dien-97-CD-TTg-2025-chu-dong-ung-pho-voi-mua-lon-o-Bac-Bo-662985.aspx
2025-07-05 23:42:00,231 - INFO - ✅ Đã lấy link: https://thuvienphapluat.vn/van-ban/Bo-may-hanh-chinh/Cong-dien-99-CD-TTg-2025-bao-dam-van-hanh-mo-hinh-to-chuc-chinh-quyen-02-cap-thong-suot-662987.aspx
2025-07-05 23:42:00,236 - INFO - ✅ Đã lấy link: https://thuvienphapluat.vn/van-ban/Cong-nghe-thong-tin/Cong-dien-96-CD-TTg-2025-nang-cap-he-thong-thong-tin-phuc-vu-chi-dao-khi-sap-xep-don-vi-hanh-chinh-662704.aspx
2025-07-05 23:42:00,241 - INFO - ✅ Đã lấy link: https://thuvienphapluat.vn/van-ban/Bo-may-hanh-chinh/Cong-dien-03-CD-BTC-2025-chuan-bi-cong-tac-quan-ly-no-cho-vay-lai-chinh-quyen-dia-phuong-662919.aspx
2025-07-05 23:42:00,246 - INFO - ✅ Đã lấy link: https://thuvienphapluat.vn/van-ban/Bo-may-hanh-chinh/Cong-dien-95-CD-TTg-2025-dam-bao-co-so-vat-chat-khi-thuc-hien-sap-xep-tinh-gon-bo-may-662038.aspx
2025-07-05 23:42:00,250 - INFO - ✅ Đã lấy link: https://thuvienphapluat.vn/van-ban/Lao-dong-Tien-luong/Cong-dien-93-CD-TTg-2025-day-manh-tien-do-thuc-hien-chinh-sach-doi-voi-can-bo-trong-sap-xep-bo-may-661909.aspx
2025-07-05 23:42:00,256 - INFO - ✅ Đã lấy link: https://thuvienphapluat.vn/van-ban/Giao-duc/Cong-dien-838-CD-BGDDT-2025-ung-pho-thien-tai-trong-thoi-gian-to-chuc-Ky-thi-tot-nghiep-pho-thong-662007.aspx
2025-07-05 23:42:00,260 - INFO - ✅ Đã lấy link: https://thuvienphapluat.vn/van-ban/Bo-may-hanh-chinh/Cong-dien-92-CD-TTg-2025-thuc-hien-nhiem-vu-trong-tam-mo-hinh-chinh-quyen-dia-phuong-02-cap-661979.aspx
2025-07-05 23:42:00,264 - INFO - ✅ Đã lấy link: https://thuvienphapluat.vn/van-ban/Bo-may-hanh-chinh/Cong-dien-26-CD-BXD-2025-thu-tuc-hanh-chinh-thong-suot-khi-sap-xep-don-vi-hanh-chinh-661716.aspx
2025-07-05 23:42:00,268 - INFO - ✅ Đã lấy link: https://thuvienphapluat.vn/van-ban/Bo-may-hanh-chinh/Cong-dien-90-CD-TTg-2025-bao-dam-thu-tuc-hanh-chinh-thong-suot-khi-sap-xep-don-vi-hanh-chinh-661380.aspx
2025-07-05 23:42:00,272 - INFO - ✅ Đã lấy link: https://thuvienphapluat.vn/van-ban/Cong-nghe-thong-tin/Cong-dien-89-CD-TTg-2025-trien-khai-He-thong-thong-tin-tiep-nhan-kien-nghi-van-ban-quy-pham-phap-luat-661025.aspx
2025-07-05 23:42:00,276 - INFO - ✅ Đã lấy link: https://thuvienphapluat.vn/van-ban/Bo-may-hanh-chinh/Cong-dien-02-CD-BTC-2025-danh-gia-tinh-hinh-thuc-hien-Nghi-dinh-178-2024-ND-CP-660964.aspx
2025-07-05 23:42:00,281 - INFO - ✅ Đã lấy link: https://thuvienphapluat.vn/van-ban/Bo-may-hanh-chinh/Cong-dien-87-CD-TTg-2025-day-manh-phan-cap-phan-quyen-phan-dinh-tham-quyen-cac-nganh-linh-vuc-660719.aspx
2025-07-05 23:42:00,285 - INFO - ✅ Đã lấy link: https://thuvienphapluat.vn/van-ban/Thuong-mai/Cong-dien-88-CD-TTg-2025-tang-cuong-quan-ly-su-dung-hoa-don-dien-tu-khoi-tao-tu-may-tinh-tien-660718.aspx
2025-07-05 23:42:00,286 - INFO - ➡️ Đang truy cập: https://thuvienphapluat.vn/page/tim-van-ban.aspx?keyword=&area=0&type=26&status=1&lan=1&org=0&signer=0&match=True&sort=1&bdate=05/07/1945&edate=06/07/2025&chlbg=06/07/1945&chlend=06/07/2035&page=2
2025-07-05 23:42:01,448 - INFO - ⏳ Chờ 3.64s giả lập người dùng...
2025-07-05 23:42:07,295 - INFO - 🧭 Tiêu đề trang: Tra cứu Văn Bản Pháp Luật
2025-07-05 23:42:07,314 - INFO - ✅ Đã lấy link: https://thuvienphapluat.vn/van-ban/Xay-dung-Do-thi/Cong-dien-85-CD-TTg-2025-tang-cuong-giai-phap-quan-ly-binh-on-gia-vat-lieu-xay-dung-660291.aspx
2025-07-05 23:42:07,318 - INFO - ✅ Đã lấy link: https://thuvienphapluat.vn/van-ban/Tai-nguyen-Moi-truong/Cong-dien-86-CD-TTg-2025-chu-dong-ung-pho-ap-thap-nhiet-doi-kha-nang-manh-len-thanh-bao-660455.aspx
2025-07-05 23:42:07,322 - INFO - ✅ Đã lấy link: https://thuvienphapluat.vn/van-ban/Tai-nguyen-Moi-truong/Cong-dien-4152-CD-PCTT-2025-chu-dong-ung-pho-voi-mua-lon-nang-nong-va-ap-thap-nhiet-doi-660334.aspx
2025-07-05 23:42:07,326 - INFO - ✅ Đã lấy link: https://thuvienphapluat.vn/van-ban/Van-hoa-Xa-hoi/Cong-dien-84-CD-TTg-2025-tap-trung-hoan-thanh-muc-tieu-xoa-nha-tam-nha-dot-nat-660290.aspx
2025-07-05 23:42:07,330 - INFO - ✅ Đã lấy link: https://thuvienphapluat.vn/van-ban/Bo-may-hanh-chinh/Cong-dien-83-CD-TTg-2025-day-manh-phan-cap-phan-quyen-phan-dinh-tham-quyen-cac-nganh-linh-vuc-660172.aspx
2025-07-05 23:42:07,334 - INFO - ✅ Đã lấy link: https://thuvienphapluat.vn/van-ban/Thuong-mai/Cong-dien-82-CD-TTg-2025-dau-tranh-ngan-chan-day-lui-tinh-trang-buon-lau-gian-lan-thuong-mai-659784.aspx
2025-07-05 23:42:07,338 - INFO - ✅ Đã lấy link: https://thuvienphapluat.vn/van-ban/Thuong-mai/Cong-dien-81-CD-TTg-2025-tinh-hinh-giai-phap-bao-dam-cung-ung-dien-trong-cac-thang-cao-diem-659613.aspx
2025-07-05 23:42:07,341 - INFO - ✅ Đã lấy link: https://thuvienphapluat.vn/van-ban/Thuong-mai/Cong-dien-4010-CD-BCT-2025-bao-dam-cung-ung-dien-trong-cac-thang-cao-diem-659678.aspx
2025-07-05 23:42:07,346 - INFO - ✅ Đã lấy link: https://thuvienphapluat.vn/van-ban/Bo-may-hanh-chinh/Cong-dien-80-CD-TTg-2025-cong-tac-thuc-hien-phuong-an-xu-ly-tai-san-sau-sap-xep-bo-may-659268.aspx
2025-07-05 23:42:07,350 - INFO - ✅ Đã lấy link: https://thuvienphapluat.vn/van-ban/Thue-Phi-Le-Phi/Cong-dien-72-CD-CT-2025-thuc-hien-Thong-tu-31-2025-TT-BTC-32-2025-TT-BTC-659118.aspx
2025-07-05 23:42:07,354 - INFO - ✅ Đã lấy link: https://thuvienphapluat.vn/van-ban/Xuat-nhap-khau/Cong-dien-79-CD-TTg-2025-trien-khai-bien-phap-bao-dam-san-xuat-xuat-khau-nong-san-659252.aspx
2025-07-05 23:42:07,358 - INFO - ✅ Đã lấy link: https://thuvienphapluat.vn/van-ban/Thue-Phi-Le-Phi/Cong-dien-71-CD-CT-2025-ho-tro-doanh-nghiep-su-dung-hoa-don-dien-tu-khoi-tao-tu-may-tinh-tien-659117.aspx
2025-07-05 23:42:07,362 - INFO - ✅ Đã lấy link: https://thuvienphapluat.vn/van-ban/Tai-nguyen-Moi-truong/Cong-dien-06-CD-UBND-2025-tap-trung-ung-pho-nguy-co-mua-lon-sat-lo-dat-lu-quet-Ha-Noi-659328.aspx
2025-07-05 23:42:07,366 - INFO - ✅ Đã lấy link: https://thuvienphapluat.vn/van-ban/Tai-nguyen-Moi-truong/Cong-dien-23-CD-BXD-2025-tap-trung-ung-pho-nguy-co-mua-lon-sat-lo-dat-lu-quet-658929.aspx
2025-07-05 23:42:07,370 - INFO - ✅ Đã lấy link: https://thuvienphapluat.vn/van-ban/Doanh-nghiep/Cong-dien-77-CD-TTg-2025-thuc-day-san-xuat-kinh-doanh-hieu-qua-doanh-nghiep-nha-nuoc-658932.aspx
2025-07-05 23:42:07,374 - INFO - ✅ Đã lấy link: https://thuvienphapluat.vn/van-ban/Tai-nguyen-Moi-truong/Cong-dien-3848-CD-BCT-2025-tap-trung-ung-pho-nguy-co-mua-lon-sat-lo-dat-lu-quet-658848.aspx
2025-07-05 23:42:07,379 - INFO - ✅ Đã lấy link: https://thuvienphapluat.vn/van-ban/Bo-may-hanh-chinh/Cong-dien-78-CD-TTg-2025-cat-giam-don-gian-hoa-thu-tuc-hanh-chinh-linh-vuc-xay-dung-658931.aspx
2025-07-05 23:42:07,384 - INFO - ✅ Đã lấy link: https://thuvienphapluat.vn/van-ban/Tai-nguyen-Moi-truong/Cong-dien-76-CD-TTg-2025-tap-trung-ung-pho-nguy-co-mua-lon-sat-lo-dat-lu-quet-658785.aspx
2025-07-05 23:42:07,389 - INFO - ✅ Đã lấy link: https://thuvienphapluat.vn/van-ban/Xay-dung-Do-thi/Cong-dien-21-CD-BXD-2025-khan-truong-hoan-thien-cong-trinh-Nha-ga-hanh-khach-T3-Cang-Tan-Son-Nhat-658261.aspx
2025-07-05 23:42:07,394 - INFO - ✅ Đã lấy link: https://thuvienphapluat.vn/van-ban/Bo-may-hanh-chinh/Cong-dien-22-CD-BXD-2025-thuc-hien-phan-cap-tham-quyen-thuc-hien-mo-hinh-chinh-quyen-02-cap-658241.aspx
2025-07-05 23:42:07,394 - INFO - ➡️ Đang truy cập: https://thuvienphapluat.vn/page/tim-van-ban.aspx?keyword=&area=0&type=26&status=1&lan=1&org=0&signer=0&match=True&sort=1&bdate=05/07/1945&edate=06/07/2025&chlbg=06/07/1945&chlend=06/07/2035&page=3
2025-07-05 23:42:09,387 - INFO - ⏳ Chờ 5.23s giả lập người dùng...
2025-07-05 23:42:16,709 - INFO - 🧭 Tiêu đề trang: Tra cứu Văn Bản Pháp Luật
2025-07-05 23:42:16,726 - INFO - ✅ Đã lấy link: https://thuvienphapluat.vn/van-ban/Thuong-mai/Cong-dien-72-CD-TTg-2025-tiep-tuc-day-manh-cao-diem-dau-tranh-ngan-chan-buon-lau-hang-gia-658180.aspx
2025-07-05 23:42:16,732 - INFO - ✅ Đã lấy link: https://thuvienphapluat.vn/van-ban/Linh-vuc-khac/Cong-dien-71-CD-TTg-2025-nhiem-vu-thuc-day-san-xuat-va-xuat-khau-sau-rieng-ben-vung-658259.aspx
2025-07-05 23:42:16,736 - INFO - ✅ Đã lấy link: https://thuvienphapluat.vn/van-ban/Tai-nguyen-Moi-truong/Cong-dien-70-CD-TTg-2025-tap-trung-ung-pho-nguy-co-sat-lo-dat-lu-quet-o-Bac-Bo-658201.aspx
2025-07-05 23:42:16,741 - INFO - ✅ Đã lấy link: https://thuvienphapluat.vn/van-ban/Bo-may-hanh-chinh/Cong-dien-69-CD-TTg-2025-tap-trung-hoan-thanh-cat-giam-don-gian-hoa-thu-tuc-hanh-chinh-657992.aspx
2025-07-05 23:42:16,745 - INFO - ✅ Đã lấy link: https://thuvienphapluat.vn/van-ban/Xay-dung-Do-thi/Cong-dien-19-CD-BXD-2025-don-doc-thuc-hien-dau-tu-xay-dung-nha-o-xa-hoi-657884.aspx
2025-07-05 23:42:16,750 - INFO - ✅ Đã lấy link: https://thuvienphapluat.vn/van-ban/Dau-tu/Cong-dien-18-CD-BXD-2025-don-doc-day-nhanh-tien-do-thuc-hien-giai-ngan-von-dau-tu-cong-657885.aspx
2025-07-05 23:42:16,754 - INFO - ✅ Đã lấy link: https://thuvienphapluat.vn/van-ban/Bo-may-hanh-chinh/Cong-dien-68-CD-TTg-2025-sap-xep-tru-so-co-so-vat-chat-khi-sap-xep-don-vi-hanh-chinh-cac-cap-657641.aspx
2025-07-05 23:42:16,758 - INFO - ✅ Đã lấy link: https://thuvienphapluat.vn/van-ban/Tai-nguyen-Moi-truong/Cong-dien-3535-CD-BCT-2025-tang-cuong-cong-tac-dam-bao-an-toan-dap-ho-chua-thuy-dien-657456.aspx
2025-07-05 23:42:16,763 - INFO - ✅ Đã lấy link: https://thuvienphapluat.vn/van-ban/Thuong-mai/Cong-dien-65-CD-TTg-2025-mo-dot-cao-diem-dau-tranh-ngan-chan-buon-lau-gian-lan-thuong-mai-656873.aspx
2025-07-05 23:42:16,767 - INFO - ✅ Đã lấy link: https://thuvienphapluat.vn/van-ban/Thuong-mai/Cong-dien-64-CD-TTg-2025-trien-khai-cac-bien-phap-quan-ly-hieu-qua-thi-truong-vang-656630.aspx
2025-07-05 23:42:16,772 - INFO - ✅ Đã lấy link: https://thuvienphapluat.vn/van-ban/Lao-dong-Tien-luong/Cong-dien-62-CD-TTg-2025-thuc-hien-chinh-sach-can-bo-sap-xep-to-chuc-bo-may-chinh-tri-656526.aspx
2025-07-05 23:42:16,776 - INFO - ✅ Đã lấy link: https://thuvienphapluat.vn/van-ban/Doanh-nghiep/Cong-dien-63-CD-TTg-2025-tang-cuong-tao-lap-moi-truong-dau-tu-kinh-doanh-thuan-loi-doanh-nghiep-656524.aspx
2025-07-05 23:42:16,781 - INFO - ✅ Đã lấy link: https://thuvienphapluat.vn/van-ban/Lao-dong-Tien-luong/Cong-dien-15-CD-BXD-2025-bao-dam-an-toan-giao-thong-thi-cong-xay-dung-ket-cau-ha-tang-giao-thong-656204.aspx
2025-07-05 23:42:16,786 - INFO - ✅ Đã lấy link: https://thuvienphapluat.vn/van-ban/Giao-thong-Van-tai/Cong-dien-14-CD-BXD-2025-tang-cuong-cong-tac-bao-dam-an-toan-giao-thong-duong-bo-cao-toc-656273.aspx
2025-07-05 23:42:16,790 - INFO - ✅ Đã lấy link: https://thuvienphapluat.vn/van-ban/Giao-duc/Cong-dien-61-CD-TTg-2025-to-chuc-Ky-thi-tot-nghiep-trung-hoc-pho-thong-656240.aspx
2025-07-05 23:42:16,798 - INFO - ✅ Đã lấy link: https://thuvienphapluat.vn/van-ban/Xay-dung-Do-thi/Cong-dien-13-CD-BXD-2025-dang-ky-cong-trinh-chao-mung-ky-niem-80-nam-Quoc-khanh-656397.aspx
2025-07-05 23:42:16,805 - INFO - ✅ Đã lấy link: https://thuvienphapluat.vn/van-ban/Dau-tu/Cong-dien-60-CD-TTg-2025-don-doc-day-nhanh-tien-do-phan-bo-va-giai-ngan-von-dau-tu-cong-656295.aspx
2025-07-05 23:42:16,809 - INFO - ✅ Đã lấy link: https://thuvienphapluat.vn/van-ban/Giao-duc/Cong-dien-58-CD-TTg-2025-to-chuc-ky-thi-tot-nghiep-trung-hoc-pho-thong-655926.aspx
2025-07-05 23:42:16,814 - INFO - ✅ Đã lấy link: https://thuvienphapluat.vn/van-ban/Thuong-mai/Cong-dien-59-CD-TTg-2025-chi-dao-bao-dam-san-xuat-tieu-thu-xuat-khau-nong-lam-thuy-san-656055.aspx
2025-07-05 23:42:16,818 - INFO - ✅ Đã lấy link: https://thuvienphapluat.vn/van-ban/Van-hoa-Xa-hoi/Cong-dien-57-CD-TTg-2025-chuan-bi-to-chuc-Le-khoi-cong-khanh-thanh-cong-trinh-quy-mo-lon-655588.aspx
2025-07-05 23:42:16,818 - INFO - ➡️ Đang truy cập: https://thuvienphapluat.vn/page/tim-van-ban.aspx?keyword=&area=0&type=26&status=1&lan=1&org=0&signer=0&match=True&sort=1&bdate=05/07/1945&edate=06/07/2025&chlbg=06/07/1945&chlend=06/07/2035&page=4
2025-07-05 23:42:17,887 - INFO - ⏳ Chờ 5.36s giả lập người dùng...
2025-07-05 23:42:25,454 - INFO - 🧭 Tiêu đề trang: Tra cứu Văn Bản Pháp Luật
2025-07-05 23:42:25,471 - INFO - ✅ Đã lấy link: https://thuvienphapluat.vn/van-ban/Bo-may-hanh-chinh/Cong-dien-56-CD-TTg-2025-cat-giam-don-gian-hoa-thu-tuc-hanh-chinh-theo-Nghi-quyet-66-NQ-CP-655305.aspx
2025-07-05 23:42:25,475 - INFO - ✅ Đã lấy link: https://thuvienphapluat.vn/van-ban/Thuong-mai/Cong-dien-55-CD-TTg-2025-xu-ly-nghiem-to-chuc-ca-nhan-san-xuat-buon-ban-thuoc-chua-benh-gia-655169.aspx
2025-07-05 23:42:25,480 - INFO - ✅ Đã lấy link: https://thuvienphapluat.vn/van-ban/Giao-thong-Van-tai/Cong-dien-54-CD-TTg-2025-day-nhanh-tien-do-du-an-tuyen-duong-sat-Lao-Cai-Ha-Noi-Hai-Phong-655293.aspx
2025-07-05 23:42:25,484 - INFO - ✅ Đã lấy link: https://thuvienphapluat.vn/van-ban/Van-hoa-Xa-hoi/Cong-dien-50-CD-TTg-2025-tang-cuong-bao-dam-an-ninh-trat-tu-dip-Le-30-4-654106.aspx
2025-07-05 23:42:25,488 - INFO - ✅ Đã lấy link: https://thuvienphapluat.vn/van-ban/Xay-dung-Do-thi/Cong-dien-51-CD-TTg-2025-khan-truong-ra-soat-sua-chua-khac-phuc-ngay-he-thong-cau-treo-654105.aspx
2025-07-05 23:42:25,492 - INFO - ✅ Đã lấy link: https://thuvienphapluat.vn/van-ban/Tai-nguyen-Moi-truong/Cong-dien-49-CD-TTg-2025-trien-khai-quyet-liet-giai-phap-cung-ung-dien-thoi-gian-cao-diem-653965.aspx
2025-07-05 23:42:25,497 - INFO - ✅ Đã lấy link: https://thuvienphapluat.vn/van-ban/Thuong-mai/Cong-dien-47-CD-TTg-2025-nhiem-vu-giai-phap-trong-tam-thuc-day-tang-truong-kinh-te-653781.aspx
2025-07-05 23:42:25,502 - INFO - ✅ Đã lấy link: https://thuvienphapluat.vn/van-ban/Xay-dung-Do-thi/Cong-dien-48-CD-TTg-2025-day-nhanh-tien-do-giai-phong-mat-bang-hoan-thanh-3000-km-cao-toc-653966.aspx
2025-07-05 23:42:25,507 - INFO - ✅ Đã lấy link: https://thuvienphapluat.vn/van-ban/Bat-dong-san/Cong-dien-04-CD-UBND-2025-tang-cuong-cong-tac-quan-ly-xu-ly-tinh-trang-lan-chiem-dat-dai-Ha-Noi-653924.aspx
2025-07-05 23:42:25,511 - INFO - ✅ Đã lấy link: https://thuvienphapluat.vn/van-ban/Thuong-mai/Cong-dien-2755-CD-BCT-2025-tang-cuong-cong-tac-giam-sat-kiem-tra-kiem-soat-thi-truong-652388.aspx
2025-07-05 23:42:25,516 - INFO - ✅ Đã lấy link: https://thuvienphapluat.vn/van-ban/Van-hoa-Xa-hoi/Cong-dien-43-CD-TTg-2025-to-chuc-le-khoi-cong-ky-niem-50-nam-ngay-Giai-phong-mien-Nam-652387.aspx
2025-07-05 23:42:25,520 - INFO - ✅ Đã lấy link: https://thuvienphapluat.vn/van-ban/Thuong-mai/Cong-dien-41-CD-TTg-2025-xu-ly-vu-viec-san-xuat-buon-ban-hang-gia-la-thuoc-chua-benh-652261.aspx
2025-07-05 23:42:25,524 - INFO - ✅ Đã lấy link: https://thuvienphapluat.vn/van-ban/Giao-thong-Van-tai/Cong-dien-39-CD-TTg-2025-bao-dam-an-toan-giao-thong-phuc-vu-nhu-cau-di-lai-dip-nghi-le-652159.aspx
2025-07-05 23:42:25,528 - INFO - ✅ Đã lấy link: https://thuvienphapluat.vn/van-ban/Thuong-mai/Cong-dien-40-CD-TTg-2025-xu-ly-vu-viec-san-xuat-phan-phoi-sua-gia-652294.aspx
2025-07-05 23:42:25,534 - INFO - ✅ Đã lấy link: https://thuvienphapluat.vn/van-ban/Dau-tu/Cong-dien-38-CD-TTg-2025-cap-nhat-du-an-to-chuc-le-khoi-cong-nhan-dip-50-nam-Giai-phong-mien-Nam-652157.aspx
2025-07-05 23:42:25,538 - INFO - ✅ Đã lấy link: https://thuvienphapluat.vn/van-ban/Thuong-mai/Cong-dien-34-CD-TTg-2025-thuc-day-phat-trien-du-lich-tang-truong-kinh-te-hai-con-so-651071.aspx
2025-07-05 23:42:25,542 - INFO - ✅ Đã lấy link: https://thuvienphapluat.vn/van-ban/Dau-tu/Cong-dien-33-CD-TTg-2025-to-chuc-le-khoi-cong-du-an-trong-diem-ky-niem-ngay-Giai-phong-mien-Nam-650746.aspx
2025-07-05 23:42:25,546 - INFO - ✅ Đã lấy link: https://thuvienphapluat.vn/van-ban/Dau-tu/Cong-dien-32-CD-TTg-2025-don-doc-day-manh-giai-ngan-von-dau-tu-cong-650756.aspx
2025-07-05 23:42:25,550 - INFO - ✅ Đã lấy link: https://thuvienphapluat.vn/van-ban/Linh-vuc-khac/Cong-dien-31-CD-TTg-2025-trien-khai-co-hieu-qua-giai-phap-phong-chong-dich-benh-gia-suc-650663.aspx
2025-07-05 23:42:25,554 - INFO - ✅ Đã lấy link: https://thuvienphapluat.vn/van-ban/Trach-nhiem-hinh-su/Cong-dien-28-CD-TTg-2025-thuc-hien-cong-tac-dac-xa-650472.aspx
2025-07-05 23:42:25,555 - INFO - ➡️ Đang truy cập: https://thuvienphapluat.vn/page/tim-van-ban.aspx?keyword=&area=0&type=26&status=1&lan=1&org=0&signer=0&match=True&sort=1&bdate=05/07/1945&edate=06/07/2025&chlbg=06/07/1945&chlend=06/07/2035&page=5
2025-07-05 23:42:26,656 - INFO - ⏳ Chờ 5.23s giả lập người dùng...
2025-07-05 23:42:34,090 - INFO - 🧭 Tiêu đề trang: Tra cứu Văn Bản Pháp Luật
2025-07-05 23:42:34,106 - INFO - ✅ Đã lấy link: https://thuvienphapluat.vn/van-ban/Cong-nghe-thong-tin/Cong-dien-29-CD-TTg-2025-phong-ngua-su-dung-cong-nghe-cao-khong-gian-mang-lua-dao-650471.aspx
2025-07-05 23:42:34,110 - INFO - ✅ Đã lấy link: https://thuvienphapluat.vn/van-ban/Thue-Phi-Le-Phi/Cong-dien-09-CD-CT-2025-gia-han-thoi-han-nop-thue-tieu-thu-dac-biet-o-to-san-xuat-trong-nuoc-650255.aspx
2025-07-05 23:42:34,114 - INFO - ✅ Đã lấy link: https://thuvienphapluat.vn/van-ban/Dau-tu/Cong-dien-26-CD-TTg-2025-bao-cao-du-an-dau-tu-co-kho-khan-tren-he-thong-dau-tu-cong-quoc-gia-649758.aspx
2025-07-05 23:42:34,118 - INFO - ✅ Đã lấy link: https://thuvienphapluat.vn/van-ban/Tai-nguyen-Moi-truong/Cong-dien-25-CD-TTg-2025-khac-phuc-hau-qua-vu-chay-rung-tai-xa-Hoang-Khai-huyen-Yen-Son-Tuyen-Quang-648520.aspx
2025-07-05 23:42:34,122 - INFO - ✅ Đã lấy link: https://thuvienphapluat.vn/van-ban/The-thao-Y-te/Cong-dien-23-CD-TTg-2025-day-nhanh-tiem-chung-vac-xin-phong-chong-benh-Soi-647338.aspx
2025-07-05 23:42:34,126 - INFO - ✅ Đã lấy link: https://thuvienphapluat.vn/van-ban/Tai-nguyen-Moi-truong/Cong-dien-1822-CD-BCT-2025-bao-dam-van-hanh-an-toan-on-dinh-cac-nha-may-dien-thoi-gian-toi-649452.aspx
2025-07-05 23:42:34,132 - INFO - ✅ Đã lấy link: https://thuvienphapluat.vn/van-ban/Bo-may-hanh-chinh/Cong-dien-22-CD-TTg-2025-nhiem-vu-cat-giam-thu-tuc-hanh-chinh-thuc-day-phat-trien-kinh-te-xa-hoi-646607.aspx
2025-07-05 23:42:34,137 - INFO - ✅ Đã lấy link: https://thuvienphapluat.vn/van-ban/Bo-may-hanh-chinh/Cong-dien-02-CD-UBND-2025-tiep-tuc-day-manh-thuc-hien-sap-xep-tinh-gon-to-chuc-bo-may-Ha-Noi-646332.aspx
2025-07-05 23:42:34,141 - INFO - ✅ Đã lấy link: https://thuvienphapluat.vn/van-ban/Linh-vuc-khac/Cong-dien-21-CD-TTg-2025-dam-bao-can-doi-cung-cau-lua-gao-truoc-dien-bien-thi-truong-trong-nuoc-645833.aspx
2025-07-05 23:42:34,147 - INFO - ✅ Đã lấy link: https://thuvienphapluat.vn/van-ban/Bo-may-hanh-chinh/Cong-dien-20-CD-TTg-2025-thuc-hien-Nghi-quyet-190-2025-QH15-sap-xep-to-chuc-bo-may-nha-nuoc-644662.aspx
2025-07-05 23:42:34,152 - INFO - ✅ Đã lấy link: https://thuvienphapluat.vn/van-ban/Tien-te-Ngan-hang/Cong-dien-19-CD-TTg-2025-tang-cuong-thuc-hien-giai-phap-giam-lai-suat-646637.aspx
2025-07-05 23:42:34,157 - INFO - ✅ Đã lấy link: https://thuvienphapluat.vn/van-ban/Thuong-mai/Cong-dien-17-CD-TTg-2025-thuc-day-kinh-te-tuan-hoan-dap-ung-chinh-sach-xanh-cua-Lien-Minh-Chau-Au-643890.aspx
2025-07-05 23:42:34,161 - INFO - ✅ Đã lấy link: https://thuvienphapluat.vn/van-ban/Dau-tu/Cong-dien-16-CD-TTg-2025-don-doc-dia-phuong-day-manh-phan-bo-giai-ngan-von-dau-tu-cong-643665.aspx
2025-07-05 23:42:34,165 - INFO - ✅ Đã lấy link: https://thuvienphapluat.vn/van-ban/Tai-nguyen-Moi-truong/Cong-dien-15-CD-TTg-2025-ung-pho-dot-xam-nhap-man-cao-diem-o-Dong-bang-song-Cuu-Long-643520.aspx
2025-07-05 23:42:34,170 - INFO - ✅ Đã lấy link: https://thuvienphapluat.vn/van-ban/Thuong-mai/Cong-dien-14-CD-TTg-2025-to-chuc-doan-cong-tac-Thanh-vien-Chinh-phu-thuc-day-san-xuat-kinh-doanh-642817.aspx
2025-07-05 23:42:34,175 - INFO - ✅ Đã lấy link: https://thuvienphapluat.vn/van-ban/Dau-tu/Cong-dien-13-CD-TTg-2025-khan-truong-ra-soat-du-an-dau-tu-co-kho-khan-kip-thoi-trien-khai-ngay-du-an-642528.aspx
2025-07-05 23:42:34,180 - INFO - ✅ Đã lấy link: https://thuvienphapluat.vn/van-ban/Tai-nguyen-Moi-truong/Cong-dien-11-CD-TTg-2025-chu-dong-ung-pho-dot-ret-dam-ret-hai-keo-dai-642527.aspx
2025-07-05 23:42:34,184 - INFO - ✅ Đã lấy link: https://thuvienphapluat.vn/van-ban/Giao-duc/Cong-dien-10-CD-TTg-2025-tang-cuong-chi-dao-tuyen-sinh-trung-hoc-co-so-trung-hoc-pho-thong-642112.aspx
2025-07-05 23:42:34,189 - INFO - ✅ Đã lấy link: https://thuvienphapluat.vn/van-ban/Van-hoa-Xa-hoi/Cong-dien-09-CD-TTg-2025-bao-dam-thuc-hien-nep-song-van-minh-trong-hoat-dong-le-hoi-sau-Tet-641828.aspx
2025-07-05 23:42:34,193 - INFO - ✅ Đã lấy link: https://thuvienphapluat.vn/van-ban/Tai-nguyen-Moi-truong/Cong-dien-07-CD-TTg-2025-chu-dong-phong-chong-ret-dam-ret-hai-keo-dai-641665.aspx
2025-07-05 23:42:34,193 - INFO - ➡️ Đang truy cập: https://thuvienphapluat.vn/page/tim-van-ban.aspx?keyword=&area=0&type=26&status=1&lan=1&org=0&signer=0&match=True&sort=1&bdate=05/07/1945&edate=06/07/2025&chlbg=06/07/1945&chlend=06/07/2035&page=6
2025-07-05 23:42:35,254 - INFO - ⏳ Chờ 4.94s giả lập người dùng...
2025-07-05 23:42:42,414 - INFO - 🧭 Tiêu đề trang: Tra cứu Văn Bản Pháp Luật
2025-07-05 23:42:42,435 - INFO - ✅ Đã lấy link: https://thuvienphapluat.vn/van-ban/Lao-dong-Tien-luong/Cong-dien-06-CD-TTg-2025-ho-tro-nguoi-lao-dong-lam-viec-tren-cong-truong-Tet-At-Ty-641567.aspx
2025-07-05 23:42:42,439 - INFO - ✅ Đã lấy link: https://thuvienphapluat.vn/van-ban/Bo-may-hanh-chinh/Cong-dien-01-CD-UBND-2025-tang-cuong-tuyen-truyen-phong-chong-toi-pham-ve-vu-khi-vat-lieu-no-Ha-Noi-641576.aspx
2025-07-05 23:42:42,443 - INFO - ✅ Đã lấy link: https://thuvienphapluat.vn/van-ban/The-thao-Y-te/Cong-dien-05-CD-TTg-2025-bao-dam-an-toan-thuc-pham-dip-Tet-Nguyen-dan-va-Le-hoi-xuan-641237.aspx
2025-07-05 23:42:42,447 - INFO - ✅ Đã lấy link: https://thuvienphapluat.vn/van-ban/Giao-thong-Van-tai/Cong-dien-4-CD-TTg-2025-tang-cuong-bao-dam-trat-tu-an-toan-giao-thong-dip-Tet-At-Ty-640118.aspx
2025-07-05 23:42:42,452 - INFO - ✅ Đã lấy link: https://thuvienphapluat.vn/van-ban/Bat-dong-san/Cong-dien-03-CD-TTg-2025-tap-trung-chan-chinh-xu-ly-viec-thao-tung-gia-dau-co-bat-dong-san-640021.aspx
2025-07-05 23:42:42,456 - INFO - ✅ Đã lấy link: https://thuvienphapluat.vn/van-ban/Thuong-mai/Cong-dien-02-CD-TTg-2025-tiep-tuc-day-manh-phat-trien-thi-truong-trong-nuoc-dip-Tet-At-Ty-640020.aspx
2025-07-05 23:42:42,460 - INFO - ✅ Đã lấy link: https://thuvienphapluat.vn/van-ban/Tai-chinh-nha-nuoc/Cong-dien-01-CD-BKHDT-2025-don-doc-phan-bo-chi-tiet-ke-hoach-dau-tu-von-ngan-sach-nha-nuoc-639603.aspx
2025-07-05 23:42:42,464 - INFO - ✅ Đã lấy link: https://thuvienphapluat.vn/van-ban/Thue-Phi-Le-Phi/Cong-dien-07-CD-TCT-2024-ap-dung-thue-bao-ve-moi-truong-xang-dau-theo-60-2024-UBTVQH15-638064.aspx
2025-07-05 23:42:42,469 - INFO - ✅ Đã lấy link: https://thuvienphapluat.vn/van-ban/Thuong-mai/Cong-dien-140-CD-TTg-2024-phan-dau-tang-truong-kinh-te-hai-con-so-nam-2025-637650.aspx
2025-07-05 23:42:42,472 - INFO - ✅ Đã lấy link: https://thuvienphapluat.vn/van-ban/Cong-nghe-thong-tin/Cong-dien-139-CD-TTg-2024-tang-cuong-phong-ngua-lua-dao-chiem-doat-tai-san-su-dung-cong-nghe-cao-637067.aspx
2025-07-05 23:42:42,476 - INFO - ✅ Đã lấy link: https://thuvienphapluat.vn/van-ban/Thuong-mai/Cong-dien-137-CD-TTg-2024-thuc-day-tang-truong-kinh-te-2025-636733.aspx
2025-07-05 23:42:42,480 - INFO - ✅ Đã lấy link: https://thuvienphapluat.vn/van-ban/Tai-chinh-nha-nuoc/Cong-dien-138-CD-TTg-2024-Tong-kiem-ke-tai-san-cong-tai-co-quan-to-chuc-don-vi-636732.aspx
2025-07-05 23:42:42,484 - INFO - ✅ Đã lấy link: https://thuvienphapluat.vn/van-ban/Tien-te-Ngan-hang/Cong-dien-135-CD-TTg-2024-tiep-tuc-tang-cuong-cac-giai-phap-dieu-hanh-lai-suat-635828.aspx
2025-07-05 23:42:42,488 - INFO - ✅ Đã lấy link: https://thuvienphapluat.vn/van-ban/Cong-nghe-thong-tin/Cong-dien-133-CD-TTg-2024-day-manh-thuc-hien-nhiem-vu-trien-khai-De-an-06-phuc-vu-nguoi-dan-635662.aspx
2025-07-05 23:42:42,492 - INFO - ✅ Đã lấy link: https://thuvienphapluat.vn/van-ban/Bat-dong-san/Cong-dien-134-CD-TTg-2024-kip-thoi-chan-chinh-cong-tac-dau-gia-quyen-su-dung-dat-635664.aspx
2025-07-05 23:42:42,496 - INFO - ✅ Đã lấy link: https://thuvienphapluat.vn/van-ban/Giao-thong-Van-tai/Cong-dien-132-CD-TTg-2024-Nang-cao-hieu-qua-cong-tac-bao-dam-trat-tu-an-toan-giao-thong-635372.aspx
2025-07-05 23:42:42,499 - INFO - ✅ Đã lấy link: https://thuvienphapluat.vn/van-ban/Bo-may-hanh-chinh/Cong-dien-131-CD-TTg-2024-don-gian-hoa-thu-tuc-hanh-chinh-giam-phien-ha-cho-nguoi-dan-635056.aspx
2025-07-05 23:42:42,503 - INFO - ✅ Đã lấy link: https://thuvienphapluat.vn/van-ban/Bat-dong-san/Cong-dien-130-CD-TTg-2024-thao-go-kip-thoi-kho-khan-thuc-day-trien-khai-du-an-nha-o-xa-hoi-635060.aspx
2025-07-05 23:42:42,507 - INFO - ✅ Đã lấy link: https://thuvienphapluat.vn/van-ban/Thuong-mai/Cong-dien-129-CD-TTg-2024-tang-cuong-quan-ly-su-dung-hoa-don-dien-tu-634889.aspx
2025-07-05 23:42:42,511 - INFO - ✅ Đã lấy link: https://thuvienphapluat.vn/van-ban/Tai-nguyen-Moi-truong/Cong-dien-128-CD-TTg-2024-chu-dong-phong-chong-han-han-thieu-nuoc-xam-nhap-man-634802.aspx
2025-07-05 23:42:42,511 - INFO - ➡️ Đang truy cập: https://thuvienphapluat.vn/page/tim-van-ban.aspx?keyword=&area=0&type=26&status=1&lan=1&org=0&signer=0&match=True&sort=1&bdate=05/07/1945&edate=06/07/2025&chlbg=06/07/1945&chlend=06/07/2035&page=7
2025-07-05 23:42:43,790 - INFO - ⏳ Chờ 5.68s giả lập người dùng...
2025-07-05 23:42:51,658 - INFO - 🧭 Tiêu đề trang: Tra cứu Văn Bản Pháp Luật
2025-07-05 23:42:51,678 - INFO - ✅ Đã lấy link: https://thuvienphapluat.vn/van-ban/Linh-vuc-khac/Cong-dien-127-CD-TTg-2024-chan-chinh-cong-tac-cap-giay-xac-nhan-nguyen-lieu-thuy-san-khai-thac-634515.aspx
2025-07-05 23:42:51,682 - INFO - ✅ Đã lấy link: https://thuvienphapluat.vn/van-ban/Tai-chinh-nha-nuoc/Cong-dien-125-CD-TTg-2024-day-manh-thuc-hanh-tiet-kiem-chong-lang-phi-633734.aspx
2025-07-05 23:42:51,686 - INFO - ✅ Đã lấy link: https://thuvienphapluat.vn/van-ban/Bat-dong-san/Cong-dien-124-CD-TTg-2024-don-doc-thu-ngan-sach-nha-nuoc-cac-khoan-thu-lien-quan-den-dat-dai-633672.aspx
2025-07-05 23:42:51,690 - INFO - ✅ Đã lấy link: https://thuvienphapluat.vn/van-ban/Tien-te-Ngan-hang/Cong-dien-122-CD-TTg-2024-tang-cuong-giai-phap-dieu-hanh-tin-dung-633231.aspx
2025-07-05 23:42:51,694 - INFO - ✅ Đã lấy link: https://thuvienphapluat.vn/van-ban/Thuong-mai/Cong-dien-121-CD-TTg-2024-tiep-tuc-day-manh-phat-trien-thi-truong-trong-nuoc-633120.aspx
2025-07-05 23:42:51,698 - INFO - ✅ Đã lấy link: https://thuvienphapluat.vn/van-ban/Tai-nguyen-Moi-truong/Cong-dien-120-CD-TTg-2024-chu-dong-ung-pho-mua-lu-o-Trung-Bo-632990.aspx
2025-07-05 23:42:51,702 - INFO - ✅ Đã lấy link: https://thuvienphapluat.vn/van-ban/Thuong-mai/Cong-dien-119-CD-TTg-2024-tiep-tuc-day-manh-quan-ly-nha-nuoc-ve-thuong-mai-dien-tu-632821.aspx
2025-07-05 23:42:51,706 - INFO - ✅ Đã lấy link: https://thuvienphapluat.vn/van-ban/Giao-duc/Cong-dien-118-CD-TTg-2024-tang-cuong-phong-chong-duoi-nuoc-doi-voi-tre-em-hoc-sinh-632247.aspx
2025-07-05 23:42:51,710 - INFO - ✅ Đã lấy link: https://thuvienphapluat.vn/van-ban/Van-hoa-Xa-hoi/Cong-dien-117-CD-TTg-2024-day-manh-trien-khai-xoa-nha-tam-nha-dot-nat-tren-pham-vi-ca-nuoc-632123.aspx
2025-07-05 23:42:51,714 - INFO - ✅ Đã lấy link: https://thuvienphapluat.vn/van-ban/The-thao-Y-te/Cong-dien-116-CD-TTg-2024-tang-cuong-cong-tac-phong-chong-benh-soi-631660.aspx
2025-07-05 23:42:51,719 - INFO - ✅ Đã lấy link: https://thuvienphapluat.vn/van-ban/Dau-tu/Cong-dien-115-CD-TTg-2024-quyet-liet-thuc-hien-giai-phap-day-manh-giai-ngan-von-dau-tu-cong-630774.aspx
2025-07-05 23:42:51,723 - INFO - ✅ Đã lấy link: https://thuvienphapluat.vn/van-ban/Tai-nguyen-Moi-truong/Cong-dien-114-CD-TTg-2024-chu-dong-ung-pho-bao-YINXING-630754.aspx
2025-07-05 23:42:51,727 - INFO - ✅ Đã lấy link: https://thuvienphapluat.vn/van-ban/Dau-tu/Cong-dien-112-CD-TTg-2024-tap-trung-giai-quyet-dut-diem-cac-du-an-ton-dong-chong-lang-phi-630602.aspx
2025-07-05 23:42:51,730 - INFO - ✅ Đã lấy link: https://thuvienphapluat.vn/van-ban/Tai-nguyen-Moi-truong/Cong-dien-111-CD-TTg-2024-thuc-hien-nhiem-vu-cap-bach-chong-khai-thac-hai-san-bat-hop-phap-630113.aspx
2025-07-05 23:42:51,735 - INFO - ✅ Đã lấy link: https://thuvienphapluat.vn/van-ban/Tai-nguyen-Moi-truong/Cong-dien-110-CD-TTg-2024-chu-dong-ung-pho-bao-TRAMI-628931.aspx
2025-07-05 23:42:51,739 - INFO - ✅ Đã lấy link: https://thuvienphapluat.vn/van-ban/Bat-dong-san/Cong-dien-109-CD-TTg-2024-tang-cuong-tap-trung-trien-khai-thi-hanh-Luat-Dat-dai-628477.aspx
2025-07-05 23:42:51,743 - INFO - ✅ Đã lấy link: https://thuvienphapluat.vn/van-ban/Linh-vuc-khac/Cong-dien-108-CD-TTg-2024-day-manh-khoi-phuc-san-xuat-nong-nghiep-sau-bao-so-3-628266.aspx
2025-07-05 23:42:51,747 - INFO - ✅ Đã lấy link: https://thuvienphapluat.vn/van-ban/Tai-chinh-nha-nuoc/Cong-dien-107-CD-TTg-2024-cho-y-kien-dieu-chinh-lien-quan-den-Luat-Ngan-sach-Nha-nuoc-628264.aspx
2025-07-05 23:42:51,751 - INFO - ✅ Đã lấy link: https://thuvienphapluat.vn/van-ban/Bat-dong-san/Cong-dien-105-CD-TTg-2024-tap-trung-trien-khai-thi-hanh-Luat-Dat-dai-627049.aspx
2025-07-05 23:42:51,754 - INFO - ✅ Đã lấy link: https://thuvienphapluat.vn/van-ban/Dau-tu/Cong-dien-104-CD-TTg-2024-don-doc-day-manh-giai-ngan-von-dau-tu-cong-nhung-thang-cuoi-nam-626789.aspx
2025-07-05 23:42:51,754 - INFO - ➡️ Đang truy cập: https://thuvienphapluat.vn/page/tim-van-ban.aspx?keyword=&area=0&type=26&status=1&lan=1&org=0&signer=0&match=True&sort=1&bdate=05/07/1945&edate=06/07/2025&chlbg=06/07/1945&chlend=06/07/2035&page=8
2025-07-05 23:42:53,359 - INFO - ⏳ Chờ 5.57s giả lập người dùng...
2025-07-05 23:43:01,023 - INFO - 🧭 Tiêu đề trang: Tra cứu Văn Bản Pháp Luật
2025-07-05 23:43:01,041 - INFO - ✅ Đã lấy link: https://thuvienphapluat.vn/van-ban/Doanh-nghiep/Cong-dien-103-CD-TTg-2024-ho-tro-doanh-nghiep-thao-go-kho-khan-cuoi-nam-626787.aspx
2025-07-05 23:43:01,045 - INFO - ✅ Đã lấy link: https://thuvienphapluat.vn/van-ban/Xay-dung-Do-thi/Cong-dien-102-CD-TTg-2024-day-manh-trien-khai-xoa-nha-tam-nha-dot-nat-tren-pham-vi-ca-nuoc-626602.aspx
2025-07-05 23:43:01,049 - INFO - ✅ Đã lấy link: https://thuvienphapluat.vn/van-ban/Linh-vuc-khac/Cong-dien-100-CD-TTg-2024-chi-dao-bien-phap-phuc-hoi-san-xuat-nong-nghiep-sau-bao-so-3-625934.aspx
2025-07-05 23:43:01,053 - INFO - ✅ Đã lấy link: https://thuvienphapluat.vn/van-ban/Tai-nguyen-Moi-truong/Cong-dien-99-CD-TTg-2024-thuc-hien-giai-phap-bao-dam-cung-ung-xang-dau-cho-san-xuat-kinh-doanh-625372.aspx
2025-07-05 23:43:01,057 - INFO - ✅ Đã lấy link: https://thuvienphapluat.vn/van-ban/Tai-nguyen-Moi-truong/Cong-dien-1157-CD-BYT-2024-chu-dong-trien-khai-cong-tac-y-te-ung-pho-bao-so-4-624934.aspx
2025-07-05 23:43:01,062 - INFO - ✅ Đã lấy link: https://thuvienphapluat.vn/van-ban/Tai-nguyen-Moi-truong/Cong-dien-98-CD-TTg-2024-ung-pho-ap-thap-nhiet-doi-co-kha-nang-manh-len-thanh-bao-624980.aspx
2025-07-05 23:43:01,066 - INFO - ✅ Đã lấy link: https://thuvienphapluat.vn/van-ban/Tai-nguyen-Moi-truong/Cong-dien-97-CD-TTg-2024-chu-dong-ung-pho-ap-thap-nhiet-doi-co-kha-nang-manh-len-thanh-bao-624689.aspx
2025-07-05 23:43:01,070 - INFO - ✅ Đã lấy link: https://thuvienphapluat.vn/van-ban/Tai-chinh-nha-nuoc/Cong-dien-03-CD-BTC-2024-tang-cuong-bien-phap-quan-ly-dieu-hanh-gia-sau-bao-Yagi-625063.aspx
2025-07-05 23:43:01,074 - INFO - ✅ Đã lấy link: https://thuvienphapluat.vn/van-ban/Tai-nguyen-Moi-truong/Cong-dien-95-CD-TTg-2024-cung-ung-hang-hoa-thiet-yeu-phuc-vu-Nhan-dan-bi-anh-huong-bao-so-3-624582.aspx
2025-07-05 23:43:01,077 - INFO - ✅ Đã lấy link: https://thuvienphapluat.vn/van-ban/Tai-nguyen-Moi-truong/Cong-dien-94-CD-TTg-2024-dieu-tiet-cac-ho-chua-thuy-dien-o-cac-tinh-phia-Bac-dam-bao-an-toan-624283.aspx
2025-07-05 23:43:01,082 - INFO - ✅ Đã lấy link: https://thuvienphapluat.vn/van-ban/Tai-nguyen-Moi-truong/Cong-dien-15-CD-UBND-2024-tap-trung-khac-phuc-hau-qua-bao-so-3-Ha-Noi-624177.aspx
2025-07-05 23:43:01,085 - INFO - ✅ Đã lấy link: https://thuvienphapluat.vn/van-ban/Tai-nguyen-Moi-truong/Cong-dien-14-CD-UBND-2024-an-toan-khai-thac-cong-trinh-cau-do-anh-huong-cua-con-bao-so-3-Ha-Noi-623851.aspx
2025-07-05 23:43:01,090 - INFO - ✅ Đã lấy link: https://thuvienphapluat.vn/van-ban/Tai-nguyen-Moi-truong/Cong-dien-1200-CD-BGDDT-2024-chi-dao-cong-tac-khac-phuc-sau-bao-so-3-623955.aspx
2025-07-05 23:43:01,093 - INFO - ✅ Đã lấy link: https://thuvienphapluat.vn/van-ban/Tai-nguyen-Moi-truong/Cong-dien-92-CD-TTg-2024-tap-trung-khac-phuc-hau-qua-bao-so-3-mua-lu-sau-bao-623813.aspx
2025-07-05 23:43:01,098 - INFO - ✅ Đã lấy link: https://thuvienphapluat.vn/van-ban/Tai-nguyen-Moi-truong/Cong-dien-13-CD-UBND-2024-tap-trung-ung-pho-lu-lon-tren-cac-tuyen-song-Ha-Noi-623839.aspx
2025-07-05 23:43:01,102 - INFO - ✅ Đã lấy link: https://thuvienphapluat.vn/van-ban/Van-hoa-Xa-hoi/Cong-dien-90-CD-TTg-2024-khan-truong-cung-cap-luong-thuc-phuc-vu-nguoi-dan-bi-anh-huong-bao-so-3-623765.aspx
2025-07-05 23:43:01,106 - INFO - ✅ Đã lấy link: https://thuvienphapluat.vn/van-ban/Tai-nguyen-Moi-truong/Cong-dien-02-CD-BTC-2024-khac-phuc-thiet-hai-va-cac-su-co-do-bao-so-3-gay-ra-624123.aspx
2025-07-05 23:43:01,110 - INFO - ✅ Đã lấy link: https://thuvienphapluat.vn/van-ban/Tai-nguyen-Moi-truong/Cong-dien-1116-CD-BYT-2024-chu-dong-khac-phuc-hau-qua-sau-bao-so-3-623665.aspx
2025-07-05 23:43:01,114 - INFO - ✅ Đã lấy link: https://thuvienphapluat.vn/van-ban/Tai-nguyen-Moi-truong/Cong-dien-12-CD-UBND-2024-tap-trung-khac-phuc-hau-qua-do-anh-huong-cua-bao-so-3-Ha-Noi-623838.aspx
2025-07-05 23:43:01,118 - INFO - ✅ Đã lấy link: https://thuvienphapluat.vn/van-ban/Tai-nguyen-Moi-truong/Cong-dien-02-CD-BXD-2024-khac-phuc-hau-qua-sau-bao-so-3-623800.aspx
2025-07-05 23:43:01,118 - INFO - ➡️ Đang truy cập: https://thuvienphapluat.vn/page/tim-van-ban.aspx?keyword=&area=0&type=26&status=1&lan=1&org=0&signer=0&match=True&sort=1&bdate=05/07/1945&edate=06/07/2025&chlbg=06/07/1945&chlend=06/07/2035&page=9
2025-07-05 23:43:02,196 - INFO - ⏳ Chờ 5.39s giả lập người dùng...
2025-07-05 23:43:09,868 - INFO - 🧭 Tiêu đề trang: Tra cứu Văn Bản Pháp Luật
2025-07-05 23:43:09,885 - INFO - ✅ Đã lấy link: https://thuvienphapluat.vn/van-ban/Tai-nguyen-Moi-truong/Cong-dien-5676-CD-NHCS-2024-to-chuc-phong-chong-Con-bao-so-3-623725.aspx
2025-07-05 23:43:09,889 - INFO - ✅ Đã lấy link: https://thuvienphapluat.vn/van-ban/Tai-nguyen-Moi-truong/Cong-dien-87-CD-TTg-2024-tap-trung-ung-pho-khan-cap-bao-so-3-623199.aspx
2025-07-05 23:43:09,893 - INFO - ✅ Đã lấy link: https://thuvienphapluat.vn/van-ban/Tai-nguyen-Moi-truong/Cong-dien-1101-CD-BYT-2024-chu-dong-trien-khai-cong-tac-y-te-ung-pho-bao-so-so-03-623187.aspx
2025-07-05 23:43:09,897 - INFO - ✅ Đã lấy link: https://thuvienphapluat.vn/van-ban/Tai-nguyen-Moi-truong/Cong-dien-01-CD-BXD-2024-ung-pho-khan-cap-bao-so-3-623140.aspx
2025-07-05 23:43:09,901 - INFO - ✅ Đã lấy link: https://thuvienphapluat.vn/van-ban/Tai-nguyen-Moi-truong/Cong-dien-1170-CD-BGDDT-2024-chu-dong-ung-pho-Bao-so-3-623076.aspx
2025-07-05 23:43:09,905 - INFO - ✅ Đã lấy link: https://thuvienphapluat.vn/van-ban/Tai-nguyen-Moi-truong/Cong-dien-86-CD-TTg-2024-khan-truong-trien-khai-ung-pho-bao-so-3-622939.aspx
2025-07-05 23:43:09,910 - INFO - ✅ Đã lấy link: https://thuvienphapluat.vn/van-ban/Tai-chinh-nha-nuoc/Cong-dien-85-CD-TTg-2024-dieu-hanh-du-toan-ngan-sach-nha-nuoc-623077.aspx
2025-07-05 23:43:09,914 - INFO - ✅ Đã lấy link: https://thuvienphapluat.vn/van-ban/Thue-Phi-Le-Phi/Cong-dien-06-CD-TCT-2024-ap-dung-muc-thu-le-phi-truoc-ba-xe-o-to-theo-Nghi-dinh-109-2024-ND-CP-622896.aspx
2025-07-05 23:43:09,918 - INFO - ✅ Đã lấy link: https://thuvienphapluat.vn/van-ban/So-huu-tri-tue/Cong-dien-83-CD-TTg-2024-dao-tao-nhan-luc-chat-luong-cao-linh-vuc-vi-mach-ban-dan-tri-tue-nhan-tao-622423.aspx
2025-07-05 23:43:09,922 - INFO - ✅ Đã lấy link: https://thuvienphapluat.vn/van-ban/Bat-dong-san/Cong-dien-82-CD-TTg-2024-kip-thoi-chan-chinh-cong-tac-dau-gia-quyen-su-dung-dat-621957.aspx
2025-07-05 23:43:09,926 - INFO - ✅ Đã lấy link: https://thuvienphapluat.vn/van-ban/Giao-thong-Van-tai/Cong-dien-81-CD-TTg-2024-bao-dam-trat-tu-an-toan-giao-thong-trong-dip-le-Quoc-khanh-621804.aspx
2025-07-05 23:43:09,930 - INFO - ✅ Đã lấy link: https://thuvienphapluat.vn/van-ban/Dau-tu/Cong-dien-80-CD-TTg-2024-day-nhanh-tien-do-giai-phong-mat-bang-du-an-quan-trong-nganh-Giao-thong-621556.aspx
2025-07-05 23:43:09,934 - INFO - ✅ Đã lấy link: https://thuvienphapluat.vn/van-ban/Bat-dong-san/Cong-dien-79-CD-TTg-2024-to-chuc-trien-khai-co-hieu-qua-viec-thi-hanh-Luat-Dat-dai-621966.aspx
2025-07-05 23:43:09,938 - INFO - ✅ Đã lấy link: https://thuvienphapluat.vn/van-ban/Tai-nguyen-Moi-truong/Cong-dien-09-CD-UBND-2024-tap-trung-ung-pho-nguy-co-mua-lu-sat-lo-dat-lu-ong-lu-quet-Ha-Noi-621310.aspx
2025-07-05 23:43:09,943 - INFO - ✅ Đã lấy link: https://thuvienphapluat.vn/van-ban/Tai-nguyen-Moi-truong/Cong-dien-78-CD-TTg-2024-tap-trung-ung-pho-nguy-co-mua-lu-sat-lo-dat-tai-khu-vuc-Bac-Bo-620753.aspx
2025-07-05 23:43:09,948 - INFO - ✅ Đã lấy link: https://thuvienphapluat.vn/van-ban/Tai-nguyen-Moi-truong/Cong-dien-08-CD-UBND-2024-chu-dong-phong-chong-khac-phuc-hau-qua-thien-tai-Ha-Noi-620688.aspx
2025-07-05 23:43:09,952 - INFO - ✅ Đã lấy link: https://thuvienphapluat.vn/van-ban/Tai-chinh-nha-nuoc/Cong-dien-77-CD-TTg-2024-quan-ly-tien-cong-duc-tien-tai-tro-tai-cac-di-tich-lich-su-van-hoa-620530.aspx
2025-07-05 23:43:09,956 - INFO - ✅ Đã lấy link: https://thuvienphapluat.vn/van-ban/Dau-tu/Cong-dien-04-CD-BKHDT-2024-day-manh-giai-ngan-du-an-thuoc-chuong-trinh-phat-trien-kinh-te-xa-hoi-622308.aspx
2025-07-05 23:43:09,960 - INFO - ✅ Đã lấy link: https://thuvienphapluat.vn/van-ban/Tai-nguyen-Moi-truong/Cong-dien-04-CD-BTTTT-2024-chu-dong-phong-chong-khac-phuc-hau-qua-thien-tai-620389.aspx
2025-07-05 23:43:09,964 - INFO - ✅ Đã lấy link: https://thuvienphapluat.vn/van-ban/Trach-nhiem-hinh-su/Cong-dien-76-CD-TTg-2024-thuc-hien-cong-tac-dac-xa-620360.aspx
2025-07-05 23:43:09,965 - INFO - ➡️ Đang truy cập: https://thuvienphapluat.vn/page/tim-van-ban.aspx?keyword=&area=0&type=26&status=1&lan=1&org=0&signer=0&match=True&sort=1&bdate=05/07/1945&edate=06/07/2025&chlbg=06/07/1945&chlend=06/07/2035&page=10
2025-07-05 23:43:11,015 - INFO - ⏳ Chờ 4.11s giả lập người dùng...
2025-07-05 23:43:17,333 - INFO - 🧭 Tiêu đề trang: Tra cứu Văn Bản Pháp Luật
2025-07-05 23:43:17,351 - INFO - ✅ Đã lấy link: https://thuvienphapluat.vn/van-ban/Tai-nguyen-Moi-truong/Cong-dien-75-CD-TTg-2024-chu-dong-phong-chong-khac-phuc-hau-qua-thien-tai-thoi-gian-toi-619828.aspx
2025-07-05 23:43:17,355 - INFO - ✅ Đã lấy link: https://thuvienphapluat.vn/van-ban/Tai-nguyen-Moi-truong/Cong-dien-5515-CD-BNN-DD-2024-tap-trung-chu-dong-ung-pho-mua-lu-sat-lo-dat-622198.aspx
2025-07-05 23:43:17,361 - INFO - ✅ Đã lấy link: https://thuvienphapluat.vn/van-ban/Bat-dong-san/Cong-dien-05-CD-TCT-2024-thuc-hien-Luat-Dat-dai-31-2024-QH15-va-Nghi-dinh-103-2024-ND-CP-619496.aspx
2025-07-05 23:43:17,365 - INFO - ✅ Đã lấy link: https://thuvienphapluat.vn/van-ban/Bo-may-hanh-chinh/Cong-dien-07-CD-UBND-2024-ngung-hoat-dong-giai-tri-Le-Quoc-tang-Tong-Bi-thu-Nguyen-Phu-Trong-Ha-Noi-618046.aspx
2025-07-05 23:43:17,370 - INFO - ✅ Đã lấy link: https://thuvienphapluat.vn/van-ban/Tai-chinh-nha-nuoc/Cong-dien-71-CD-TTg-2024-nhiem-vu-trong-tam-thuc-day-tang-truong-kiem-soat-lam-phat-618052.aspx
2025-07-05 23:43:17,373 - INFO - ✅ Đã lấy link: https://thuvienphapluat.vn/van-ban/Tai-nguyen-Moi-truong/Cong-dien-70-CD-TTg-2024-tap-trung-ung-pho-bao-so-2-va-mua-lu-618042.aspx
2025-07-05 23:43:17,378 - INFO - ✅ Đã lấy link: https://thuvienphapluat.vn/van-ban/Tai-nguyen-Moi-truong/Cong-dien-06-CD-UBND-2024-nang-cao-trach-nhiem-cac-cap-chinh-quyen-trong-phong-chua-chay-Ha-Noi-617694.aspx
2025-07-05 23:43:17,382 - INFO - ✅ Đã lấy link: https://thuvienphapluat.vn/van-ban/The-thao-Y-te/Cong-dien-68-CD-TTg-2024-tang-cuong-cong-tac-phong-chong-benh-bach-hau-617135.aspx
2025-07-05 23:43:17,386 - INFO - ✅ Đã lấy link: https://thuvienphapluat.vn/van-ban/The-thao-Y-te/Cong-dien-840-CD-BYT-2024-tang-cuong-cong-tac-phong-chong-dich-benh-mua-he-616548.aspx
2025-07-05 23:43:17,389 - INFO - ✅ Đã lấy link: https://thuvienphapluat.vn/van-ban/Cong-nghe-thong-tin/Cong-dien-05-CD-UBND-2024-tuong-tac-truc-tuyen-moi-truong-so-qua-nen-tang-iHanoi-Ha-Noi-616187.aspx
2025-07-05 23:43:17,394 - INFO - ✅ Đã lấy link: https://thuvienphapluat.vn/van-ban/Tai-nguyen-Moi-truong/Cong-dien-65-CD-TTg-2024-chu-dong-ung-pho-voi-dot-mua-lon-tai-khu-vuc-Bac-Bo-615723.aspx
2025-07-05 23:43:17,398 - INFO - ✅ Đã lấy link: https://thuvienphapluat.vn/van-ban/Thue-Phi-Le-Phi/Cong-dien-04-CD-TCT-2024-trien-khai-Nghi-dinh-72-2024-ND-CP-giam-thue-gia-tri-gia-tang-615346.aspx
2025-07-05 23:43:17,402 - INFO - ✅ Đã lấy link: https://thuvienphapluat.vn/van-ban/Bo-may-hanh-chinh/Cong-dien-64-CD-TTg-2024-phan-cong-giai-quyet-cong-viec-cap-bach-615339.aspx
2025-07-05 23:43:17,406 - INFO - ✅ Đã lấy link: https://thuvienphapluat.vn/van-ban/Giao-duc/Cong-dien-60-CD-TTg-2024-to-chuc-Ky-thi-tot-nghiep-trung-hoc-pho-thong-614503.aspx
2025-07-05 23:43:17,413 - INFO - ✅ Đã lấy link: https://thuvienphapluat.vn/van-ban/Doanh-nghiep/Cong-dien-03-CD-TCT-2024-thuc-hien-gia-han-nop-thue-tieu-thu-dac-biet-o-to-san-xuat-trong-nuoc-614082.aspx
2025-07-05 23:43:17,417 - INFO - ✅ Đã lấy link: https://thuvienphapluat.vn/van-ban/Doanh-nghiep/Cong-dien-02-CD-TCT-2024-trien-khai-Nghi-dinh-64-2024-ND-CP-gia-han-thoi-han-nop-thue-gia-tri-gia-tang-614065.aspx
2025-07-05 23:43:17,422 - INFO - ✅ Đã lấy link: https://thuvienphapluat.vn/van-ban/Linh-vuc-khac/Cong-dien-58-CD-TTg-2024-trien-khai-dong-bo-giai-phap-phong-chong-dich-benh-gia-suc-gia-cam-613785.aspx
2025-07-05 23:43:17,426 - INFO - ✅ Đã lấy link: https://thuvienphapluat.vn/van-ban/Tai-nguyen-Moi-truong/Cong-dien-57-CD-TTg-2024-tap-trung-khac-phuc-hau-qua-mua-lu-cac-tinh-mien-nui-trung-du-Bac-Bo-613054.aspx
2025-07-05 23:43:17,430 - INFO - ✅ Đã lấy link: https://thuvienphapluat.vn/van-ban/Tai-nguyen-Moi-truong/Cong-dien-3955-CD-PCTT-2024-chu-dong-ung-pho-mua-lu-sat-lo-dat-ngap-ung-613181.aspx
2025-07-05 23:43:17,434 - INFO - ✅ Đã lấy link: https://thuvienphapluat.vn/van-ban/Thuong-mai/Cong-dien-56-CD-TTg-2024-tang-cuong-quan-ly-nha-nuoc-linh-vuc-thuong-mai-dien-tu-612678.aspx
2025-07-05 23:43:17,434 - INFO - ➡️ Đang truy cập: https://thuvienphapluat.vn/page/tim-van-ban.aspx?keyword=&area=0&type=26&status=1&lan=1&org=0&signer=0&match=True&sort=1&bdate=05/07/1945&edate=06/07/2025&chlbg=06/07/1945&chlend=06/07/2035&page=11
2025-07-05 23:43:18,505 - INFO - ⏳ Chờ 3.71s giả lập người dùng...
2025-07-05 23:43:24,425 - INFO - 🧭 Tiêu đề trang: Tra cứu Văn Bản Pháp Luật
2025-07-05 23:43:24,447 - INFO - ✅ Đã lấy link: https://thuvienphapluat.vn/van-ban/Thuong-mai/Cong-dien-01-CD-TCT-2024-trien-khai-hieu-qua-quan-ly-thue-hoat-dong-thuong-mai-dien-tu-612335.aspx
2025-07-05 23:43:24,451 - INFO - ✅ Đã lấy link: https://thuvienphapluat.vn/van-ban/Dau-tu/Cong-dien-03-CD-BKHDT-2024-day-manh-giai-ngan-ke-hoach-dau-tu-von-ngan-sach-nha-nuoc-614298.aspx
2025-07-05 23:43:24,455 - INFO - ✅ Đã lấy link: https://thuvienphapluat.vn/van-ban/Thuong-mai/Cong-dien-55-CD-TTg-2024-huy-dong-nguon-luc-dia-phuong-ho-tro-cong-trinh-duong-day-500-kV-612016.aspx
2025-07-05 23:43:24,459 - INFO - ✅ Đã lấy link: https://thuvienphapluat.vn/van-ban/Dau-tu/Cong-dien-54-CD-TTg-2024-phat-huy-tinh-than-trach-nhiem-du-an-quan-trong-quoc-gia-611594.aspx
2025-07-05 23:43:24,464 - INFO - ✅ Đã lấy link: https://thuvienphapluat.vn/van-ban/Bo-may-hanh-chinh/Cong-dien-53-CD-TTg-2024-day-nhanh-tien-do-xay-dung-van-ban-huong-dan-Luat-Dat-dai-Luat-Nha-o-611237.aspx
2025-07-05 23:43:24,467 - INFO - ✅ Đã lấy link: https://thuvienphapluat.vn/van-ban/Tai-nguyen-Moi-truong/Cong-dien-04-CD-UBND-2024-tang-cuong-cong-tac-phong-chua-chay-doi-voi-nha-tro-Ha-Noi-611116.aspx
2025-07-05 23:43:24,472 - INFO - ✅ Đã lấy link: https://thuvienphapluat.vn/van-ban/Thuong-mai/Cong-dien-3427-CD-BCT-2024-trien-khai-quyet-liet-giai-phap-bao-dam-cung-ung-dien-thoi-gian-cao-diem-611742.aspx
2025-07-05 23:43:24,475 - INFO - ✅ Đã lấy link: https://thuvienphapluat.vn/van-ban/Lao-dong-Tien-luong/Cong-dien-51-CD-TTg-2024-chan-chinh-tang-cuong-an-toan-ve-sinh-lao-dong-610736.aspx
2025-07-05 23:43:24,480 - INFO - ✅ Đã lấy link: https://thuvienphapluat.vn/van-ban/Cong-nghe-thong-tin/Cong-dien-49-CD-TTg-2024-xac-minh-xu-ly-vi-pham-ve-He-thong-giam-sat-hanh-trinh-tau-ca-609936.aspx
2025-07-05 23:43:24,483 - INFO - ✅ Đã lấy link: https://thuvienphapluat.vn/van-ban/Thuong-mai/Cong-dien-01-CD-BTC-2024-tang-cuong-bien-phap-quan-ly-dau-tranh-phong-chong-buon-lau-vang-611618.aspx
2025-07-05 23:43:24,488 - INFO - ✅ Đã lấy link: https://thuvienphapluat.vn/van-ban/The-thao-Y-te/Cong-dien-47-CD-TTg-2024-tang-cuong-quan-ly-thuoc-la-dien-tu-thuoc-la-nung-nong-609785.aspx
2025-07-05 23:43:24,491 - INFO - ✅ Đã lấy link: https://thuvienphapluat.vn/van-ban/Bo-may-hanh-chinh/Cong-dien-46-CD-TTg-2024-ra-soat-cac-Quy-hoach-tinh-thoi-ky-2021-2030-609256.aspx
2025-07-05 23:43:24,496 - INFO - ✅ Đã lấy link: https://thuvienphapluat.vn/van-ban/The-thao-Y-te/Cong-dien-44-CD-TTg-2024-ngan-ngua-xu-ly-ngo-doc-thuc-pham-608695.aspx
2025-07-05 23:43:24,499 - INFO - ✅ Đã lấy link: https://thuvienphapluat.vn/van-ban/Tai-nguyen-Moi-truong/Cong-dien-43-CD-TTg-2024-quyet-liet-trien-khai-bien-phap-phong-chay-chua-chay-rung-608700.aspx
2025-07-05 23:43:24,504 - INFO - ✅ Đã lấy link: https://thuvienphapluat.vn/van-ban/Tai-nguyen-Moi-truong/Cong-dien-41-CD-TTg-2024-tang-cuong-bien-phap-cap-bach-phong-chay-chua-chay-rung-608355.aspx
2025-07-05 23:43:24,507 - INFO - ✅ Đã lấy link: https://thuvienphapluat.vn/van-ban/Dau-tu/Cong-dien-02-CD-BKHDT-2024-giai-ngan-von-du-an-Chuong-trinh-phuc-hoi-phat-trien-kinh-te-xa-hoi-609296.aspx
2025-07-05 23:43:24,511 - INFO - ✅ Đã lấy link: https://thuvienphapluat.vn/van-ban/Tai-nguyen-Moi-truong/Cong-dien-03-CD-CTUBND-2024-dam-bao-ve-sinh-moi-truong-trong-cong-tac-thu-gom-rac-thai-Ha-Noi-606892.aspx
2025-07-05 23:43:24,515 - INFO - ✅ Đã lấy link: https://thuvienphapluat.vn/van-ban/Tai-nguyen-Moi-truong/Cong-dien-38-CD-TTg-2024-bao-dam-cung-ung-dien-trong-thoi-gian-cao-diem-607109.aspx
2025-07-05 23:43:24,519 - INFO - ✅ Đã lấy link: https://thuvienphapluat.vn/van-ban/Giao-thong-Van-tai/Cong-dien-37-CD-TTg-2024-dam-bao-an-toan-khai-thac-duong-sat-Ha-Noi-Ho-Chi-Minh-606477.aspx
2025-07-05 23:43:24,523 - INFO - ✅ Đã lấy link: https://thuvienphapluat.vn/van-ban/Giao-thong-Van-tai/Cong-dien-36-CD-TTg-2024-bao-dam-trat-tu-an-toan-giao-thong-dip-nghi-le-30-4-01-5-606092.aspx
2025-07-05 23:43:24,523 - INFO - ➡️ Đang truy cập: https://thuvienphapluat.vn/page/tim-van-ban.aspx?keyword=&area=0&type=26&status=1&lan=1&org=0&signer=0&match=True&sort=1&bdate=05/07/1945&edate=06/07/2025&chlbg=06/07/1945&chlend=06/07/2035&page=12
2025-07-05 23:43:25,582 - INFO - ⏳ Chờ 3.97s giả lập người dùng...
2025-07-05 23:43:31,766 - INFO - 🧭 Tiêu đề trang: Tra cứu Văn Bản Pháp Luật
2025-07-05 23:43:31,783 - INFO - ✅ Đã lấy link: https://thuvienphapluat.vn/van-ban/Xuat-nhap-khau/Cong-dien-35-CD-TTg-2024-Thao-go-kho-khan-cho-hoat-dong-xuat-khau-duoc-lieu-605998.aspx
2025-07-05 23:43:31,787 - INFO - ✅ Đã lấy link: https://thuvienphapluat.vn/van-ban/Tai-nguyen-Moi-truong/Cong-dien-34-CD-TTg-2024-bao-dam-cap-nuoc-sinh-hoat-cho-nguoi-dan-dot-xam-nhap-man-605569.aspx
2025-07-05 23:43:31,791 - INFO - ✅ Đã lấy link: https://thuvienphapluat.vn/van-ban/Cong-nghe-thong-tin/Cong-dien-33-CD-TTg-2024-tang-cuong-bao-dam-an-toan-thong-tin-mang-605594.aspx
2025-07-05 23:43:31,795 - INFO - ✅ Đã lấy link: https://thuvienphapluat.vn/van-ban/Tien-te-Ngan-hang/Cong-dien-32-CD-TTg-2024-giai-phap-dieu-hanh-tang-truong-tin-dung-605304.aspx
2025-07-05 23:43:31,799 - INFO - ✅ Đã lấy link: https://thuvienphapluat.vn/van-ban/Tai-nguyen-Moi-truong/Cong-dien-31-CD-TTg-2024-chu-dong-phong-chay-chua-chay-rung-605214.aspx
2025-07-05 23:43:31,803 - INFO - ✅ Đã lấy link: https://thuvienphapluat.vn/van-ban/Dau-tu/Cong-dien-29-CD-TTg-2024-hoan-thien-thu-tuc-dau-tu-du-an-du-kien-bo-tri-ke-hoach-dau-tu-cong-604752.aspx
2025-07-05 23:43:31,807 - INFO - ✅ Đã lấy link: https://thuvienphapluat.vn/van-ban/Giao-duc/Cong-dien-28-CD-TTg-2024-chan-chinh-hoat-dong-cua-Truong-Tieu-hoc-quoc-te-My-tai-Ho-Chi-Minh-604549.aspx
2025-07-05 23:43:31,811 - INFO - ✅ Đã lấy link: https://thuvienphapluat.vn/van-ban/Thuong-mai/Cong-dien-2036-CD-BCT-2024-thuc-hien-nghiem-quy-dinh-hoa-don-dien-tu-ban-le-xang-dau-604296.aspx
2025-07-05 23:43:31,815 - INFO - ✅ Đã lấy link: https://thuvienphapluat.vn/van-ban/Dau-tu/Cong-dien-27-CD-TTg-2024-ban-hanh-Quy-chuan-ky-thuat-quoc-gia-ve-duong-bo-cao-toc-604552.aspx
2025-07-05 23:43:31,819 - INFO - ✅ Đã lấy link: https://thuvienphapluat.vn/van-ban/Thuong-mai/Cong-dien-26-CD-TTg-2024-thuc-hien-nghiem-hoa-don-dien-tu-hoat-dong-kinh-doanh-xang-dau-604318.aspx
2025-07-05 23:43:31,823 - INFO - ✅ Đã lấy link: https://thuvienphapluat.vn/van-ban/The-thao-Y-te/Cong-dien-25-CD-TTg-2024-tang-cuong-cong-tac-phong-chong-benh-Lao-603896.aspx
2025-07-05 23:43:31,828 - INFO - ✅ Đã lấy link: https://thuvienphapluat.vn/van-ban/Dau-tu/Cong-dien-24-CD-TTg-2024-day-nhanh-tien-do-phan-bo-va-giai-ngan-von-dau-tu-cong-603624.aspx
2025-07-05 23:43:31,832 - INFO - ✅ Đã lấy link: https://thuvienphapluat.vn/van-ban/Thuong-mai/Cong-dien-23-CD-TTg-2024-tang-cuong-bien-phap-quan-ly-thi-truong-vang-602914.aspx
2025-07-05 23:43:31,836 - INFO - ✅ Đã lấy link: https://thuvienphapluat.vn/van-ban/The-thao-Y-te/Cong-dien-22-CD-TTg-2024-tap-trung-thuc-hien-nghiem-cong-tac-phong-chong-benh-Dai-602232.aspx
2025-07-05 23:43:31,840 - INFO - ✅ Đã lấy link: https://thuvienphapluat.vn/van-ban/Tai-nguyen-Moi-truong/Cong-dien-19-CD-TTg-2024-ung-pho-dot-xam-nhap-man-cao-diem-Dong-bang-song-Cuu-Long-601561.aspx
2025-07-05 23:43:31,844 - INFO - ✅ Đã lấy link: https://thuvienphapluat.vn/van-ban/Tien-te-Ngan-hang/Cong-dien-18-CD-TTg-2024-dieu-hanh-tang-truong-tin-dung-600879.aspx
2025-07-05 23:43:31,848 - INFO - ✅ Đã lấy link: https://thuvienphapluat.vn/van-ban/Dau-tu/Cong-dien-16-CD-TTg-2024-nghien-cuu-nang-cap-cac-tuyen-duong-bo-cao-toc-dang-khai-thac-599504.aspx
2025-07-05 23:43:31,852 - INFO - ✅ Đã lấy link: https://thuvienphapluat.vn/van-ban/Bo-may-hanh-chinh/Cong-dien-15-CD-TTg-2024-tang-cuong-cong-tac-xay-dung-phap-luat-tai-Ky-hop-thu-7-Quoc-hoi-XV-599559.aspx
2025-07-05 23:43:31,855 - INFO - ✅ Đã lấy link: https://thuvienphapluat.vn/van-ban/Thuong-mai/Cong-dien-13-CD-TTg-2024-tang-cuong-ket-noi-logistics-thuc-day-tieu-thu-xuat-khau-nong-san-598903.aspx
2025-07-05 23:43:31,859 - INFO - ✅ Đã lấy link: https://thuvienphapluat.vn/van-ban/Xuat-nhap-khau/Cong-dien-12-CD-TTg-2024-ngan-chan-xu-ly-nghiem-buon-lau-van-chuyen-trai-phep-dong-vat-597682.aspx
2025-07-05 23:43:31,860 - INFO - ➡️ Đang truy cập: https://thuvienphapluat.vn/page/tim-van-ban.aspx?keyword=&area=0&type=26&status=1&lan=1&org=0&signer=0&match=True&sort=1&bdate=05/07/1945&edate=06/07/2025&chlbg=06/07/1945&chlend=06/07/2035&page=13
2025-07-05 23:43:32,910 - INFO - ⏳ Chờ 5.99s giả lập người dùng...
2025-07-05 23:43:41,109 - INFO - 🧭 Tiêu đề trang: Tra cứu Văn Bản Pháp Luật
2025-07-05 23:43:41,126 - INFO - ✅ Đã lấy link: https://thuvienphapluat.vn/van-ban/Van-hoa-Xa-hoi/Cong-dien-11-CD-TTg-2024-bao-dam-nep-song-van-minh-an-toan-tiet-kiem-dip-Tet-Giap-Thin-597577.aspx
2025-07-05 23:43:41,130 - INFO - ✅ Đã lấy link: https://thuvienphapluat.vn/van-ban/Giao-thong-Van-tai/Cong-dien-10-CD-TTg-2024-tang-cuong-bao-dam-trat-tu-an-toan-giao-thong-dip-Tet-Nguyen-dan-597532.aspx
2025-07-05 23:43:41,135 - INFO - ✅ Đã lấy link: https://thuvienphapluat.vn/van-ban/Thuong-mai/Cong-dien-09-CD-TTg-2024-bao-dam-cung-ung-du-xang-dau-cho-san-xuat-dip-Tet-Nguyen-dan-596760.aspx
2025-07-05 23:43:41,138 - INFO - ✅ Đã lấy link: https://thuvienphapluat.vn/van-ban/Tai-nguyen-Moi-truong/Cong-dien-08-CD-TTg-2024-chu-dong-phong-chong-ret-dam-ret-hai-keo-dai-596467.aspx
2025-07-05 23:43:41,143 - INFO - ✅ Đã lấy link: https://thuvienphapluat.vn/van-ban/Van-hoa-Xa-hoi/Cong-dien-06-CD-TTg-2024-nang-cao-thong-ke-du-lich-thuc-day-phat-trien-du-lich-hieu-qua-595429.aspx
2025-07-05 23:43:41,147 - INFO - ✅ Đã lấy link: https://thuvienphapluat.vn/van-ban/Tai-nguyen-Moi-truong/Cong-dien-04-CD-TTg-2024-chu-dong-ung-pho-voi-nguy-co-han-han-thieu-nuoc-xam-nhap-man-595314.aspx
2025-07-05 23:43:41,151 - INFO - ✅ Đã lấy link: https://thuvienphapluat.vn/van-ban/Van-hoa-Xa-hoi/Cong-dien-03-CD-TTg-2024-cham-lo-doi-song-an-sinh-xa-hoi-nguoi-dan-dip-Tet-Nguyen-dan-595636.aspx
2025-07-05 23:43:41,154 - INFO - ✅ Đã lấy link: https://thuvienphapluat.vn/van-ban/Tien-te-Ngan-hang/Cong-dien-01-CD-UBND-2024-ho-tro-cong-dan-chi-tra-uu-dai-an-sinh-xa-hoi-khong-dung-tien-mat-Ha-Noi-595207.aspx
2025-07-05 23:43:41,159 - INFO - ✅ Đã lấy link: https://thuvienphapluat.vn/van-ban/Van-hoa-Xa-hoi/Cong-dien-01-CD-LDTBXH-2024-chi-tra-tro-cap-an-sinh-xa-hoi-doi-tuong-chinh-sach-da-co-tai-khoan-595498.aspx
2025-07-05 23:43:41,162 - INFO - ✅ Đã lấy link: https://thuvienphapluat.vn/van-ban/Tai-chinh-nha-nuoc/Cong-dien-02-CD-TTg-2024-thao-go-kho-khan-dinh-muc-don-gia-xay-dung-du-an-giao-thong-trong-diem-594890.aspx
2025-07-05 23:43:41,167 - INFO - ✅ Đã lấy link: https://thuvienphapluat.vn/van-ban/Dau-tu/Cong-dien-01-CD-TTg-2024-phat-huy-tinh-than-trach-nhiem-dau-tu-cong-trinh-ha-tang-giao-thong-593901.aspx
2025-07-05 23:43:41,170 - INFO - ✅ Đã lấy link: https://thuvienphapluat.vn/van-ban/Thuong-mai/Cong-dien-1437-CD-TTg-2023-giai-phap-bao-dam-cung-ung-du-xang-dau-cho-san-xuat-kinh-doanh-593949.aspx
2025-07-05 23:43:41,175 - INFO - ✅ Đã lấy link: https://thuvienphapluat.vn/van-ban/Tien-te-Ngan-hang/Cong-dien-1436-CD-TTg-2023-bao-dam-thanh-toan-cua-he-thong-cac-to-chuc-tin-dung-593068.aspx
2025-07-05 23:43:41,179 - INFO - ✅ Đã lấy link: https://thuvienphapluat.vn/van-ban/Thue-Phi-Le-Phi/Cong-dien-11-CD-TCT-2023-thuc-hien-ap-dung-muc-thue-bao-ve-moi-truong-xang-dau-595782.aspx
2025-07-05 23:43:41,183 - INFO - ✅ Đã lấy link: https://thuvienphapluat.vn/van-ban/Thue-Phi-Le-Phi/Cong-dien-12-CD-TCT-2023-trien-khai-Nghi-dinh-94-2023-ND-CP-giam-thue-gia-tri-gia-tang-593074.aspx
2025-07-05 23:43:41,186 - INFO - ✅ Đã lấy link: https://thuvienphapluat.vn/van-ban/Thuong-mai/Cong-dien-1426-CD-TTg-2023-giai-phap-quan-ly-thi-truong-vang-592798.aspx
2025-07-05 23:43:41,191 - INFO - ✅ Đã lấy link: https://thuvienphapluat.vn/van-ban/Tai-nguyen-Moi-truong/Cong-dien-1412-CD-TTg-2023-tap-trung-quyet-liet-giai-phap-bao-dam-cung-ung-dien-2024-593768.aspx
2025-07-05 23:43:41,195 - INFO - ✅ Đã lấy link: https://thuvienphapluat.vn/van-ban/Tai-nguyen-Moi-truong/Cong-dien-1404-CD-TTg-2023-chu-dong-phong-chong-ret-dam-ret-hai-keo-dai-592452.aspx
2025-07-05 23:43:41,199 - INFO - ✅ Đã lấy link: https://thuvienphapluat.vn/van-ban/Tien-te-Ngan-hang/Cong-dien-1403-CD-TTg-2023-nang-cao-dieu-hanh-tang-truong-tin-dung-phuc-vu-tang-truong-kinh-te-592183.aspx
2025-07-05 23:43:41,203 - INFO - ✅ Đã lấy link: https://thuvienphapluat.vn/van-ban/Giao-duc/Cong-dien-1385-CD-TTg-2023-bao-dam-dieu-kien-an-o-sinh-hoat-tre-em-vung-dong-bao-dan-toc-thieu-so-591787.aspx
2025-07-05 23:43:41,203 - INFO - ➡️ Đang truy cập: https://thuvienphapluat.vn/page/tim-van-ban.aspx?keyword=&area=0&type=26&status=1&lan=1&org=0&signer=0&match=True&sort=1&bdate=05/07/1945&edate=06/07/2025&chlbg=06/07/1945&chlend=06/07/2035&page=14
2025-07-05 23:43:42,446 - INFO - ⏳ Chờ 4.62s giả lập người dùng...
2025-07-05 23:43:49,277 - INFO - 🧭 Tiêu đề trang: Tra cứu Văn Bản Pháp Luật
2025-07-05 23:43:49,295 - INFO - ✅ Đã lấy link: https://thuvienphapluat.vn/van-ban/Thue-Phi-Le-Phi/Cong-dien-10-CD-TCT-2023-lap-hoa-don-dien-tu-doi-voi-hoat-dong-kinh-doanh-ban-le-xang-dau-591627.aspx
2025-07-05 23:43:49,299 - INFO - ✅ Đã lấy link: https://thuvienphapluat.vn/van-ban/Tai-chinh-nha-nuoc/Cong-dien-02-CD-BTC-2023-xu-ly-tai-san-cac-don-vi-hanh-chinh-da-thuc-hien-sap-xep-2019-2021-591392.aspx
2025-07-05 23:43:49,303 - INFO - ✅ Đã lấy link: https://thuvienphapluat.vn/van-ban/Bat-dong-san/Cong-dien-1376-CD-TTg-2023-giai-phap-thuc-day-thi-truong-bat-dong-san-phat-trien-an-toan-591556.aspx
2025-07-05 23:43:49,307 - INFO - ✅ Đã lấy link: https://thuvienphapluat.vn/van-ban/Tai-chinh-nha-nuoc/Cong-dien-1372-CD-TTg-223-tang-cuong-cong-tac-quan-ly-thu-ngan-sach-Nha-nuoc-590908.aspx
2025-07-05 23:43:49,311 - INFO - ✅ Đã lấy link: https://thuvienphapluat.vn/van-ban/Tai-chinh-nha-nuoc/Cong-dien-11-CD-BKHDT-2023-phe-chuan-phan-bo-ke-hoach-dau-tu-von-ngan-sach-590638.aspx
2025-07-05 23:43:49,315 - INFO - ✅ Đã lấy link: https://thuvienphapluat.vn/van-ban/Giao-duc/Cong-dien-2074-CD-BGDDT-2023-dam-bao-an-toan-truong-hoc-590265.aspx
2025-07-05 23:43:49,319 - INFO - ✅ Đã lấy link: https://thuvienphapluat.vn/van-ban/Van-hoa-Xa-hoi/Cong-dien-1300-CD-TTg-2023-bao-dam-trat-tu-an-toan-giao-thong-dip-Tet-Duong-lich-2024-589413.aspx
2025-07-05 23:43:49,323 - INFO - ✅ Đã lấy link: https://thuvienphapluat.vn/van-ban/Thue-Phi-Le-Phi/Cong-dien-1284-CD-TTg-2023-quan-ly-su-dung-hoa-don-dien-tu-hoat-dong-ban-le-xang-dau-588989.aspx
2025-07-05 23:43:49,327 - INFO - ✅ Đã lấy link: https://thuvienphapluat.vn/van-ban/Tien-te-Ngan-hang/Cong-dien-1177-CD-TTg-2023-thuc-hien-quyet-liet-giai-phap-tang-cuong-kha-nang-tiep-can-von-tin-dung-587924.aspx
2025-07-05 23:43:49,331 - INFO - ✅ Đã lấy link: https://thuvienphapluat.vn/van-ban/Bat-dong-san/Cong-dien-1175-CD-TTg-2023-thao-go-kho-khan-ve-chi-tieu-su-dung-dat-cua-cac-dia-phuong-587923.aspx
2025-07-05 23:43:49,335 - INFO - ✅ Đã lấy link: https://thuvienphapluat.vn/van-ban/Dau-tu/Cong-dien-10-CD-BKHDT-2023-day-manh-giai-ngan-ke-hoach-dau-tu-von-ngan-sach-Nha-nuoc-587555.aspx
2025-07-05 23:43:49,338 - INFO - ✅ Đã lấy link: https://thuvienphapluat.vn/van-ban/Thue-Phi-Le-Phi/Cong-dien-1123-CD-TTg-2023-su-dung-hoa-don-dien-tu-gop-phan-day-manh-cong-tac-chuyen-doi-so-587509.aspx
2025-07-05 23:43:49,343 - INFO - ✅ Đã lấy link: https://thuvienphapluat.vn/van-ban/Linh-vuc-khac/Cong-dien-1097-CD-TTg-2023-trien-khai-quyet-liet-giai-phap-phong-chong-benh-Dich-ta-lon-Chau-Phi-586841.aspx
2025-07-05 23:43:49,347 - INFO - ✅ Đã lấy link: https://thuvienphapluat.vn/van-ban/Tai-nguyen-Moi-truong/Cong-dien-1095-CD-TTg-2023-tap-trung-ung-pho-khac-phuc-hau-qua-mua-lu-tai-khu-vuc-Trung-Bo-586765.aspx
2025-07-05 23:43:49,350 - INFO - ✅ Đã lấy link: https://thuvienphapluat.vn/van-ban/Tai-nguyen-Moi-truong/Cong-dien-1087-CD-TTg-2023-dau-gia-quyen-khai-thac-khoang-san-lam-vat-lieu-xay-dung-thong-thuong-586580.aspx
2025-07-05 23:43:49,355 - INFO - ✅ Đã lấy link: https://thuvienphapluat.vn/van-ban/Tai-nguyen-Moi-truong/Cong-dien-1058-CD-TTg-2023-giai-phap-cap-bach-chong-khai-thac-hai-san-bat-hop-phap-khong-bao-cao-585323.aspx
2025-07-05 23:43:49,359 - INFO - ✅ Đã lấy link: https://thuvienphapluat.vn/van-ban/Dau-tu/Cong-dien-09-CD-BKHDT-2023-ke-hoach-giai-ngan-dau-tu-von-ngan-sach-nha-nuoc-585600.aspx
2025-07-05 23:43:49,372 - INFO - ✅ Đã lấy link: https://thuvienphapluat.vn/van-ban/Thue-Phi-Le-Phi/Cong-dien-09-CD-TCT-2023-tang-cuong-chan-chinh-ky-luat-ky-cuong-co-quan-thue-cac-cap-586302.aspx
2025-07-05 23:43:49,400 - INFO - ✅ Đã lấy link: https://thuvienphapluat.vn/van-ban/Tai-nguyen-Moi-truong/Cong-dien-1034-CD-TTg-2023-ung-pho-mua-lu-bao-dam-an-toan-cho-nguoi-dan-tai-khu-vuc-mien-Trung-584643.aspx
2025-07-05 23:43:49,422 - INFO - ✅ Đã lấy link: https://thuvienphapluat.vn/van-ban/Tai-nguyen-Moi-truong/Cong-dien-1014-CD-TTg-2023-vu-chay-tai-xa-Tu-Hiep-huyen-Thanh-Tri-Ha-Noi-596668.aspx
2025-07-05 23:43:49,422 - INFO - ➡️ Đang truy cập: https://thuvienphapluat.vn/page/tim-van-ban.aspx?keyword=&area=0&type=26&status=1&lan=1&org=0&signer=0&match=True&sort=1&bdate=05/07/1945&edate=06/07/2025&chlbg=06/07/1945&chlend=06/07/2035&page=15
2025-07-05 23:43:50,494 - INFO - ⏳ Chờ 3.53s giả lập người dùng...
2025-07-05 23:43:56,227 - INFO - 🧭 Tiêu đề trang: Tra cứu Văn Bản Pháp Luật
2025-07-05 23:43:56,246 - INFO - ✅ Đã lấy link: https://thuvienphapluat.vn/van-ban/The-thao-Y-te/Cong-dien-1554-CD-VPCP-2023-tong-ket-cong-tac-phong-chong-dich-Covid-19-586496.aspx
2025-07-05 23:43:56,251 - INFO - ✅ Đã lấy link: https://thuvienphapluat.vn/van-ban/Bat-dong-san/Cong-dien-993-CD-TTg-2023-giai-phap-phat-trien-thi-truong-bat-dong-san-phat-trien-an-toan-lanh-manh-583811.aspx
2025-07-05 23:43:56,255 - INFO - ✅ Đã lấy link: https://thuvienphapluat.vn/van-ban/Xay-dung-Do-thi/Cong-dien-991-CD-TTg-2023-quan-ly-trat-tu-xay-dung-phong-chay-chua-chay-nha-o-rieng-le-co-nhieu-tang-583497.aspx
2025-07-05 23:43:56,258 - INFO - ✅ Đã lấy link: https://thuvienphapluat.vn/van-ban/Thuong-mai/Cong-dien-990-CD-TTg-2023-tang-cuong-kha-nang-tiep-can-von-tin-dung-thao-go-kho-khan-san-xuat-583251.aspx
2025-07-05 23:43:56,263 - INFO - ✅ Đã lấy link: https://thuvienphapluat.vn/van-ban/Tai-nguyen-Moi-truong/Cong-dien-973-CD-TTg-2023-tap-trung-ung-pho-ap-thap-nhiet-doi-co-kha-nang-thanh-bao-mua-lu-582740.aspx
2025-07-05 23:43:56,266 - INFO - ✅ Đã lấy link: https://thuvienphapluat.vn/van-ban/Tai-nguyen-Moi-truong/Cong-dien-1348-CD-BYT-2023-trien-khai-cong-tac-y-te-ung-pho-voi-mua-lu-582988.aspx
2025-07-05 23:43:56,271 - INFO - ✅ Đã lấy link: https://thuvienphapluat.vn/van-ban/Bo-may-hanh-chinh/Cong-dien-972-CD-TTg-2023-tap-trung-sap-xep-don-vi-hanh-chinh-cap-huyen-xa-2023-2025-582739.aspx
2025-07-05 23:43:56,275 - INFO - ✅ Đã lấy link: https://thuvienphapluat.vn/van-ban/Bo-may-hanh-chinh/Cong-dien-968-CD-TTg-2023-tiep-tuc-chan-chinh-ky-luat-co-quan-hanh-chinh-nha-nuoc-cac-cap-582544.aspx
2025-07-05 23:43:56,279 - INFO - ✅ Đã lấy link: https://thuvienphapluat.vn/van-ban/Bat-dong-san/Cong-dien-965-CD-TTg-2023-vuong-mac-thuc-hien-quan-ly-su-dung-dat-giao-dat-dinh-gia-dat-582375.aspx
2025-07-05 23:43:56,283 - INFO - ✅ Đã lấy link: https://thuvienphapluat.vn/van-ban/Tai-nguyen-Moi-truong/Cong-dien-950-CD-TTg-2023-chu-dong-ung-pho-mua-lu-mien-Trung-582221.aspx
2025-07-05 23:43:56,287 - INFO - ✅ Đã lấy link: https://thuvienphapluat.vn/van-ban/Bat-dong-san/Cong-dien-08-CD-TCT-2023-thuc-hien-Quyet-dinh-25-2023-QD-TTg-giam-tien-thue-dat-581599.aspx
2025-07-05 23:43:56,290 - INFO - ✅ Đã lấy link: https://thuvienphapluat.vn/van-ban/Tai-nguyen-Moi-truong/Cong-dien-916-CD-TTg-2023-giai-phap-cap-bach-trong-tam-chong-khai-thac-hai-san-bat-hop-phap-581346.aspx
2025-07-05 23:43:56,295 - INFO - ✅ Đã lấy link: https://thuvienphapluat.vn/van-ban/Thuong-mai/Cong-dien-6718-CD-BCT-2023-dam-bao-cung-ung-dien-cuoi-nam-va-cac-nam-tiep-theo-581146.aspx
2025-07-05 23:43:56,298 - INFO - ✅ Đã lấy link: https://thuvienphapluat.vn/van-ban/The-thao-Y-te/Cong-dien-1265-CD-BYT-2023-cong-tac-y-te-ung-pho-voi-mua-lu-581527.aspx
2025-07-05 23:43:56,304 - INFO - ✅ Đã lấy link: https://thuvienphapluat.vn/van-ban/Tai-nguyen-Moi-truong/Cong-dien-898-CD-TTg-2023-tap-trung-ung-pho-va-khac-phuc-hau-qua-mua-lu-580746.aspx
2025-07-05 23:43:56,308 - INFO - ✅ Đã lấy link: https://thuvienphapluat.vn/van-ban/Tai-nguyen-Moi-truong/Cong-dien-825-CD-TTg-2023-thuc-hien-chi-dao-tang-cuong-cong-tac-phong-chay-chua-chay-579392.aspx
2025-07-05 23:43:56,313 - INFO - ✅ Đã lấy link: https://thuvienphapluat.vn/van-ban/Tai-nguyen-Moi-truong/Cong-dien-796-CD-TTg-2023-vu-chay-nha-dan-tai-ngo-29-70-pho-Khuong-Ha-quan-Thanh-Xuan-Ha-Noi-579586.aspx
2025-07-05 23:43:56,316 - INFO - ✅ Đã lấy link: https://thuvienphapluat.vn/van-ban/Tai-nguyen-Moi-truong/Cong-dien-02-CD-UBND-2023-tang-cuong-phong-chay-chua-chay-loai-hinh-nha-o-nhieu-can-ho-Ha-Noi-579022.aspx
2025-07-05 23:43:56,320 - INFO - ✅ Đã lấy link: https://thuvienphapluat.vn/van-ban/Giao-thong-Van-tai/Cong-dien-794-CD-TTg-2023-khan-truong-xay-dung-quy-chuan-ve-duong-bo-cao-toc-579463.aspx
2025-07-05 23:43:56,325 - INFO - ✅ Đã lấy link: https://thuvienphapluat.vn/van-ban/Thuong-mai/Cong-dien-782-CD-TTg-2023-tap-trung-thuc-hien-hieu-qua-giai-phap-bao-dam-cung-ung-dien-xang-dau-578659.aspx
2025-07-05 23:43:56,325 - INFO - ➡️ Đang truy cập: https://thuvienphapluat.vn/page/tim-van-ban.aspx?keyword=&area=0&type=26&status=1&lan=1&org=0&signer=0&match=True&sort=1&bdate=05/07/1945&edate=06/07/2025&chlbg=06/07/1945&chlend=06/07/2035&page=16
2025-07-05 23:43:57,404 - INFO - ⏳ Chờ 3.54s giả lập người dùng...
2025-07-05 23:44:03,169 - INFO - 🧭 Tiêu đề trang: Tra cứu Văn Bản Pháp Luật
2025-07-05 23:44:03,188 - INFO - ✅ Đã lấy link: https://thuvienphapluat.vn/van-ban/Xay-dung-Do-thi/Cong-dien-780-CD-TTg-2023-day-nhanh-tien-do-cong-trinh-quan-trong-quoc-gia-nganh-Giao-thong-578034.aspx
2025-07-05 23:44:03,192 - INFO - ✅ Đã lấy link: https://thuvienphapluat.vn/van-ban/Tai-chinh-nha-nuoc/Cong-dien-771-CD-TTg-2023-ra-soat-xu-ly-tai-san-cac-don-vi-hanh-chinh-da-thuc-hien-sap-xep-2019-2021-577207.aspx
2025-07-05 23:44:03,196 - INFO - ✅ Đã lấy link: https://thuvienphapluat.vn/van-ban/Giao-thong-Van-tai/Cong-dien-769-CD-TTg-2023-ra-soat-viec-ket-noi-cac-tuyen-duong-bo-cao-toc-phat-trien-kinh-te-xa-hoi-dia-phuong-577626.aspx
2025-07-05 23:44:03,200 - INFO - ✅ Đã lấy link: https://thuvienphapluat.vn/van-ban/Tien-te-Ngan-hang/Cong-dien-766-CD-TTg-2023-tang-cuong-giai-phap-phong-ngua-ngan-chan-xu-ly-hoat-dong-tin-dung-den-576913.aspx
2025-07-05 23:44:03,205 - INFO - ✅ Đã lấy link: https://thuvienphapluat.vn/van-ban/Giao-thong-Van-tai/Cong-dien-750-CD-TTg-2023-bao-dam-trat-tu-an-toan-giao-thong-Le-Quoc-khanh-02-9-576327.aspx
2025-07-05 23:44:03,209 - INFO - ✅ Đã lấy link: https://thuvienphapluat.vn/van-ban/Dau-tu/Cong-dien-749-CD-TTg-2023-day-nhanh-tien-do-giai-ngan-von-dau-tu-cong-nhung-thang-cuoi-nam-576159.aspx
2025-07-05 23:44:03,213 - INFO - ✅ Đã lấy link: https://thuvienphapluat.vn/van-ban/Giao-duc/Cong-dien-747-CD-TTg-2023-bao-dam-sach-giao-khoa-va-giao-vien-kip-thoi-cho-nam-hoc-2023-2024-575999.aspx
2025-07-05 23:44:03,217 - INFO - ✅ Đã lấy link: https://thuvienphapluat.vn/van-ban/Dau-tu/Cong-dien-06-CD-BKHDT-2023-don-doc-Bao-cao-xay-dung-ke-hoach-dau-tu-cong-nam-2024-578338.aspx
2025-07-05 23:44:03,222 - INFO - ✅ Đã lấy link: https://thuvienphapluat.vn/van-ban/Tai-nguyen-Moi-truong/Cong-dien-02-CD-BTTTT-2023-tap-trung-phong-chong-giam-thiet-hai-do-sat-lo-dat-bo-song-575713.aspx
2025-07-05 23:44:03,227 - INFO - ✅ Đã lấy link: https://thuvienphapluat.vn/van-ban/Thue-Phi-Le-Phi/Cong-dien-07-CD-TCT-2023-day-manh-giai-quyet-ho-so-hoan-thue-gia-tri-gia-tang-575311.aspx
2025-07-05 23:44:03,231 - INFO - ✅ Đã lấy link: https://thuvienphapluat.vn/van-ban/Tai-nguyen-Moi-truong/Cong-dien-732-CD-TTg-2023-tap-trung-phong-chong-giam-thiet-hai-do-sat-lo-dat-bo-song-bo-bien-575161.aspx
2025-07-05 23:44:03,235 - INFO - ✅ Đã lấy link: https://thuvienphapluat.vn/van-ban/Tai-nguyen-Moi-truong/Cong-dien-726-CD-TTg-2023-ung-pho-khac-phuc-hau-qua-mua-lu-o-mien-nui-va-trung-du-Bac-Bo-575263.aspx
2025-07-05 23:44:03,239 - INFO - ✅ Đã lấy link: https://thuvienphapluat.vn/van-ban/Tai-nguyen-Moi-truong/Cong-dien-725-CD-TTg-2023-tap-trung-ung-pho-mua-lu-sut-lun-sat-lo-dat-tai-cac-tinh-Tay-Nguyen-574911.aspx
2025-07-05 23:44:03,243 - INFO - ✅ Đã lấy link: https://thuvienphapluat.vn/van-ban/Tai-nguyen-Moi-truong/Cong-dien-5073-CD-PCTT-2023-chu-dong-phong-chong-sat-lo-tai-cac-tinh-khu-vuc-Tay-Nguyen-574956.aspx
2025-07-05 23:44:03,248 - INFO - ✅ Đã lấy link: https://thuvienphapluat.vn/van-ban/Xuat-nhap-khau/Cong-dien-694-CD-TTg-2023-ngan-chan-buon-ban-van-chuyen-trai-phep-lon-qua-bien-gioi-vao-Viet-Nam-574288.aspx
2025-07-05 23:44:03,252 - INFO - ✅ Đã lấy link: https://thuvienphapluat.vn/van-ban/Tai-nguyen-Moi-truong/Cong-dien-691-CD-TTg-2023-tap-trung-khac-phuc-hau-qua-sat-lo-dat-tai-deo-Bao-Loc-Lam-Dong-574186.aspx
2025-07-05 23:44:03,256 - INFO - ✅ Đã lấy link: https://thuvienphapluat.vn/van-ban/Doanh-nghiep/Cong-dien-693-CD-TTg-2023-ho-tro-cac-doanh-nghiep-xuat-khau-ho-tieu-sang-thi-truong-UAE-574264.aspx
2025-07-05 23:44:03,260 - INFO - ✅ Đã lấy link: https://thuvienphapluat.vn/van-ban/Thue-Phi-Le-Phi/Cong-dien-06-CD-TCT-2023-trien-khai-Quy-trinh-kiem-tra-thue-kem-theo-Quyet-dinh-970-QD-TCT-574867.aspx
2025-07-05 23:44:03,264 - INFO - ✅ Đã lấy link: https://thuvienphapluat.vn/van-ban/Tai-nguyen-Moi-truong/Cong-dien-646-CD-TTg-2023-tap-trung-ung-pho-bao-so-1-Talim-572712.aspx
2025-07-05 23:44:03,268 - INFO - ✅ Đã lấy link: https://thuvienphapluat.vn/van-ban/Bo-may-hanh-chinh/Cong-dien-644-CD-TTg-2023-nang-cao-hieu-qua-cong-tac-cai-cach-thu-tuc-hanh-chinh-572671.aspx
2025-07-05 23:44:03,268 - INFO - ➡️ Đang truy cập: https://thuvienphapluat.vn/page/tim-van-ban.aspx?keyword=&area=0&type=26&status=1&lan=1&org=0&signer=0&match=True&sort=1&bdate=05/07/1945&edate=06/07/2025&chlbg=06/07/1945&chlend=06/07/2035&page=17
2025-07-05 23:44:04,445 - INFO - ⏳ Chờ 4.24s giả lập người dùng...
2025-07-05 23:44:10,892 - INFO - 🧭 Tiêu đề trang: Tra cứu Văn Bản Pháp Luật
2025-07-05 23:44:10,910 - INFO - ✅ Đã lấy link: https://thuvienphapluat.vn/van-ban/Bat-dong-san/Cong-dien-634-CD-TTg-2023-thao-go-kho-khan-vuong-mac-trong-cong-tac-dinh-gia-dat-576161.aspx
2025-07-05 23:44:10,913 - INFO - ✅ Đã lấy link: https://thuvienphapluat.vn/van-ban/Bo-may-hanh-chinh/Cong-dien-616-CD-TTg-2023-ra-soat-quy-hoach-thuc-hien-sap-xep-don-vi-hanh-chinh-cap-huyen-cap-xa-571958.aspx
2025-07-05 23:44:10,918 - INFO - ✅ Đã lấy link: https://thuvienphapluat.vn/van-ban/Tai-nguyen-Moi-truong/Cong-dien-4226-CD-PCTT-2023-chu-dong-phong-chong-sat-lo-bao-dam-an-toan-tinh-mang-nhan-dan-571768.aspx
2025-07-05 23:44:10,922 - INFO - ✅ Đã lấy link: https://thuvienphapluat.vn/van-ban/Xuat-nhap-khau/Cong-dien-610-CD-TTg-2023-tang-cuong-nhiem-vu-giai-phap-thuc-day-san-xuat-xuat-khau-gao-574931.aspx
2025-07-05 23:44:10,926 - INFO - ✅ Đã lấy link: https://thuvienphapluat.vn/van-ban/Tai-nguyen-Moi-truong/Cong-dien-607-CD-TTg-2023-bao-dam-an-toan-tinh-mang-cua-Nhan-dan-truoc-va-trong-mua-mua-lu-571523.aspx
2025-07-05 23:44:10,930 - INFO - ✅ Đã lấy link: https://thuvienphapluat.vn/van-ban/Xuat-nhap-khau/Cong-dien-595-CD-TTg-2023-giai-phap-ngan-chan-tinh-trang-san-bat-trai-phep-quan-ly-nuoi-chim-yen-571425.aspx
2025-07-05 23:44:10,934 - INFO - ✅ Đã lấy link: https://thuvienphapluat.vn/van-ban/Thue-Phi-Le-Phi/Cong-dien-05-CD-TCT-2023-trien-khai-Nghi-dinh-44-2023-ND-CP-giam-thue-gia-tri-gia-tang-571347.aspx
2025-07-05 23:44:10,939 - INFO - ✅ Đã lấy link: https://thuvienphapluat.vn/van-ban/Tai-nguyen-Moi-truong/Cong-dien-591-CD-TTg-2023-tap-trung-khac-phuc-hau-qua-sat-lo-dat-tai-tinh-Lam-Dong-571320.aspx
2025-07-05 23:44:10,944 - INFO - ✅ Đã lấy link: https://thuvienphapluat.vn/van-ban/Giao-duc/Cong-dien-1111-CD-BGDDT-2023-bien-phap-bao-dam-an-ninh-Ky-thi-tot-nghiep-trung-hoc-pho-thong-571113.aspx
2025-07-05 23:44:10,948 - INFO - ✅ Đã lấy link: https://thuvienphapluat.vn/van-ban/Dau-tu/Cong-dien-573-CD-TTg-2023-thao-go-kho-khan-khai-thac-vat-lieu-Du-an-duong-bo-cao-toc-Bac-Nam-570477.aspx
2025-07-05 23:44:10,953 - INFO - ✅ Đã lấy link: https://thuvienphapluat.vn/van-ban/Thue-Phi-Le-Phi/Cong-dien-03-CD-TCT-2023-gia-han-thoi-han-nop-thue-tieu-thu-dac-biet-o-to-san-xuat-trong-nuoc-570531.aspx
2025-07-05 23:44:10,958 - INFO - ✅ Đã lấy link: https://thuvienphapluat.vn/van-ban/Bo-may-hanh-chinh/Cong-dien-557-CD-TTg-2023-ra-soat-quy-dinh-thuc-hien-sap-xep-don-vi-hanh-chinh-cap-huyen-cap-xa-569998.aspx
2025-07-05 23:44:10,962 - INFO - ✅ Đã lấy link: https://thuvienphapluat.vn/van-ban/Giao-thong-Van-tai/Cong-dien-256-CD-UBATGTQG-2023-tang-cuong-bao-dam-an-toan-giao-thong-cho-hoc-sinh-569253.aspx
2025-07-05 23:44:10,967 - INFO - ✅ Đã lấy link: https://thuvienphapluat.vn/van-ban/Tai-nguyen-Moi-truong/Cong-dien-517-CD-TTg-2023-giai-phap-bao-dam-cung-ung-dien-mua-kho-va-thoi-gian-toi-568722.aspx
2025-07-05 23:44:10,971 - INFO - ✅ Đã lấy link: https://thuvienphapluat.vn/van-ban/Xuat-nhap-khau/Cong-dien-492-CD-TTg-2023-bien-phap-giam-un-u-xuat-khau-nong-san-tai-cua-khau-phia-Bac-568292.aspx
2025-07-05 23:44:10,976 - INFO - ✅ Đã lấy link: https://thuvienphapluat.vn/van-ban/Thuong-mai/Cong-dien-470-CD-TTg-2023-giai-phap-thao-go-kho-khan-cho-san-xuat-kinh-doanh-cua-nguoi-dan-567651.aspx
2025-07-05 23:44:10,981 - INFO - ✅ Đã lấy link: https://thuvienphapluat.vn/van-ban/Bat-dong-san/Cong-dien-469-CD-TTg-2023-thao-go-va-thuc-day-thi-truong-bat-dong-san-phat-trien-an-toan-lanh-manh-567744.aspx
2025-07-05 23:44:10,986 - INFO - ✅ Đã lấy link: https://thuvienphapluat.vn/van-ban/Tai-nguyen-Moi-truong/Cong-dien-441-CD-TTg-2023-tang-cuong-bien-phap-cap-bach-phong-chay-chua-chay-rung-567126.aspx
2025-07-05 23:44:10,991 - INFO - ✅ Đã lấy link: https://thuvienphapluat.vn/van-ban/Bo-may-hanh-chinh/Cong-dien-779-CD-BGDDT-2023-dam-bao-an-toan-cho-can-bo-giao-vien-hoc-sinh-ung-pho-voi-nang-nong-567009.aspx
2025-07-05 23:44:10,996 - INFO - ✅ Đã lấy link: https://thuvienphapluat.vn/van-ban/Bo-may-hanh-chinh/Cong-dien-436-CD-TTg-2023-khan-truong-bao-cao-de-xuat-cua-dia-phuong-chua-duoc-giai-quyet-566756.aspx
2025-07-05 23:44:10,996 - INFO - ➡️ Đang truy cập: https://thuvienphapluat.vn/page/tim-van-ban.aspx?keyword=&area=0&type=26&status=1&lan=1&org=0&signer=0&match=True&sort=1&bdate=05/07/1945&edate=06/07/2025&chlbg=06/07/1945&chlend=06/07/2035&page=18
2025-07-05 23:44:12,200 - INFO - ⏳ Chờ 3.21s giả lập người dùng...
2025-07-05 23:44:17,643 - INFO - 🧭 Tiêu đề trang: Tra cứu Văn Bản Pháp Luật
2025-07-05 23:44:17,660 - INFO - ✅ Đã lấy link: https://thuvienphapluat.vn/van-ban/The-thao-Y-te/Cong-dien-426-CD-TTg-2023-ngan-chan-buon-ban-van-chuyen-trai-phep-gia-cam-qua-bien-gioi-vao-Viet-Nam-566752.aspx
2025-07-05 23:44:17,664 - INFO - ✅ Đã lấy link: https://thuvienphapluat.vn/van-ban/Tai-nguyen-Moi-truong/Cong-dien-398-CD-TTg-2023-vu-chay-tai-so-24-pho-Thanh-Cong-quan-Ha-Dong-Ha-Noi-567505.aspx
2025-07-05 23:44:17,668 - INFO - ✅ Đã lấy link: https://thuvienphapluat.vn/van-ban/Tai-nguyen-Moi-truong/Cong-dien-397-CD-TTg-2023-bien-phap-cap-bach-ung-pho-voi-nguy-co-nang-nong-han-han-566228.aspx
2025-07-05 23:44:17,672 - INFO - ✅ Đã lấy link: https://thuvienphapluat.vn/van-ban/Tai-nguyen-Moi-truong/Cong-dien-2659-CD-PCTT-2023-chu-dong-ung-pho-voi-ap-thap-nhiet-doi-tren-bien-Dong-565458.aspx
2025-07-05 23:44:17,677 - INFO - ✅ Đã lấy link: https://thuvienphapluat.vn/van-ban/Tai-nguyen-Moi-truong/Cong-dien-01-CD-QG-2023-chu-dong-ung-pho-voi-dien-bien-cua-ap-thap-nhiet-doi-565510.aspx
2025-07-05 23:44:17,682 - INFO - ✅ Đã lấy link: https://thuvienphapluat.vn/van-ban/Bo-may-hanh-chinh/Cong-dien-365-CD-TTg-2023-khan-truong-ra-soat-dia-phuong-nang-cao-hieu-luc-hieu-qua-chi-dao-565292.aspx
2025-07-05 23:44:17,686 - INFO - ✅ Đã lấy link: https://thuvienphapluat.vn/van-ban/Bat-dong-san/Cong-dien-360-CD-TTg-2023-ket-qua-thuc-hien-chi-tieu-ke-hoach-su-dung-dat-da-duoc-giao-den-2030-565172.aspx
2025-07-05 23:44:17,690 - INFO - ✅ Đã lấy link: https://thuvienphapluat.vn/van-ban/Dau-tu/Cong-dien-12-CD-BGTVT-2023-bao-cao-dien-tich-rung-can-chuyen-doi-Du-an-cao-toc-Bac-Nam-564891.aspx
2025-07-05 23:44:17,694 - INFO - ✅ Đã lấy link: https://thuvienphapluat.vn/van-ban/Tai-nguyen-Moi-truong/Cong-dien-2547-CD-BNN-TCLN-2023-tang-cuong-bien-phap-cap-bach-phong-chay-chua-chay-rung-569566.aspx
2025-07-05 23:44:17,698 - INFO - ✅ Đã lấy link: https://thuvienphapluat.vn/van-ban/Giao-thong-Van-tai/Cong-dien-293-CD-TTg-2023-xu-ly-vu-tai-nan-giao-thong-dac-biet-nghiem-trong-Long-An-565953.aspx
2025-07-05 23:44:17,702 - INFO - ✅ Đã lấy link: https://thuvienphapluat.vn/van-ban/Dau-tu/Cong-dien-03-CD-BKHDT-2023-day-manh-phan-bo-giai-ngan-ke-hoach-dau-tu-von-nha-nuoc-564884.aspx
2025-07-05 23:44:17,706 - INFO - ✅ Đã lấy link: https://thuvienphapluat.vn/van-ban/Giao-thong-Van-tai/Cong-dien-281-CD-TTg-2023-bao-dam-trat-tu-an-toan-giao-thong-le-Gio-To-Hung-Vuong-563940.aspx
2025-07-05 23:44:17,710 - INFO - ✅ Đã lấy link: https://thuvienphapluat.vn/van-ban/Bo-may-hanh-chinh/Cong-dien-280-CD-TTg-2023-chan-chinh-xu-ly-cong-viec-cua-cac-bo-co-quan-dia-phuong-563921.aspx
2025-07-05 23:44:17,714 - INFO - ✅ Đã lấy link: https://thuvienphapluat.vn/van-ban/Dau-tu/Cong-dien-271-CD-TTg-2023-trien-khai-Du-an-Cang-hang-khong-quoc-te-Long-Thanh-563710.aspx
2025-07-05 23:44:17,718 - INFO - ✅ Đã lấy link: https://thuvienphapluat.vn/van-ban/Thuong-mai/Cong-dien-265-CD-TTg-2023-thao-go-kho-khan-thuc-day-san-xuat-tieu-thu-nong-san-563635.aspx
2025-07-05 23:44:17,722 - INFO - ✅ Đã lấy link: https://thuvienphapluat.vn/van-ban/Doanh-nghiep/Cong-dien-02-CD-TCT-2023-trien-khai-Nghi-dinh-12-2023-ND-CP-gia-han-nop-thue-gia-tri-gia-tang-563459.aspx
2025-07-05 23:44:17,726 - INFO - ✅ Đã lấy link: https://thuvienphapluat.vn/van-ban/Thue-Phi-Le-Phi/Cong-dien-01-CD-BTC-2023-tang-cuong-quan-ly-giam-sat-phat-hanh-su-dung-hoa-don-dien-tu-562965.aspx
2025-07-05 23:44:17,730 - INFO - ✅ Đã lấy link: https://thuvienphapluat.vn/van-ban/Xuat-nhap-khau/Cong-dien-238-CD-TTg-2023-thuc-day-san-xuat-kinh-doanh-dau-tu-xuat-nhap-khau-thoi-gian-toi-562634.aspx
2025-07-05 23:44:17,734 - INFO - ✅ Đã lấy link: https://thuvienphapluat.vn/van-ban/Tai-nguyen-Moi-truong/Cong-dien-220-CD-TTg-2023-thao-go-kho-khan-vuong-mac-trong-phong-chay-chua-chay-562211.aspx
2025-07-05 23:44:17,738 - INFO - ✅ Đã lấy link: https://thuvienphapluat.vn/van-ban/Bat-dong-san/Cong-dien-194-CD-TTg-2023-vuong-mac-vat-lieu-xay-dung-thuc-hien-du-an-duong-bo-cao-toc-561506.aspx
2025-07-05 23:44:17,738 - INFO - ➡️ Đang truy cập: https://thuvienphapluat.vn/page/tim-van-ban.aspx?keyword=&area=0&type=26&status=1&lan=1&org=0&signer=0&match=True&sort=1&bdate=05/07/1945&edate=06/07/2025&chlbg=06/07/1945&chlend=06/07/2035&page=19
2025-07-05 23:44:18,977 - INFO - ⏳ Chờ 4.97s giả lập người dùng...
2025-07-05 23:44:26,162 - INFO - 🧭 Tiêu đề trang: Tra cứu Văn Bản Pháp Luật
2025-07-05 23:44:26,179 - INFO - ✅ Đã lấy link: https://thuvienphapluat.vn/van-ban/The-thao-Y-te/Cong-dien-179-CD-TTg-2023-the-che-hoa-Nghi-quyet-30-NQ-CP-giai-phap-bao-dam-thuoc-561086.aspx
2025-07-05 23:44:26,183 - INFO - ✅ Đã lấy link: https://thuvienphapluat.vn/van-ban/Tai-chinh-nha-nuoc/Cong-dien-176-CD-TTg-2023-huy-von-vay-Ngan-hang-The-gioi-khong-co-kha-nang-su-dung-560821.aspx
2025-07-05 23:44:26,187 - INFO - ✅ Đã lấy link: https://thuvienphapluat.vn/van-ban/Tai-chinh-nha-nuoc/Cong-dien-02-CD-BKHDT-2023-khan-truong-giai-ngan-ke-hoach-dau-tu-von-duoc-giao-561625.aspx
2025-07-05 23:44:26,192 - INFO - ✅ Đã lấy link: https://thuvienphapluat.vn/van-ban/Bat-dong-san/Cong-dien-164-CD-TTg-2023-to-chuc-lay-y-kien-Nhan-dan-doi-voi-du-thao-Luat-Dat-dai-sua-doi-560759.aspx
2025-07-05 23:44:26,196 - INFO - ✅ Đã lấy link: https://thuvienphapluat.vn/van-ban/Dau-tu/Cong-dien-126-CD-TTg-2023-tap-trung-kiem-tra-ra-soat-va-dau-tu-xay-dung-truong-hoc-559115.aspx
2025-07-05 23:44:26,199 - INFO - ✅ Đã lấy link: https://thuvienphapluat.vn/van-ban/Dau-tu/Cong-dien-123-CD-TTg-2023-khan-truong-phan-bo-chi-tiet-ke-hoach-dau-tu-cong-von-ngan-sach-559114.aspx
2025-07-05 23:44:26,204 - INFO - ✅ Đã lấy link: https://thuvienphapluat.vn/van-ban/Dau-tu/Cong-dien-03-CD-BGTVT-2023-ra-soat-danh-gia-tinh-hinh-hoan-thien-thu-tuc-dau-tu-2021-2025-559359.aspx
2025-07-05 23:44:26,207 - INFO - ✅ Đã lấy link: https://thuvienphapluat.vn/van-ban/Dau-tu/Cong-dien-95-CD-TTg-2023-hoan-thien-thu-tuc-dau-tu-cac-du-an-giai-doan-2021-2025-557677.aspx
2025-07-05 23:44:26,211 - INFO - ✅ Đã lấy link: https://thuvienphapluat.vn/van-ban/Quyen-dan-su/Cong-dien-90-CD-TTg-2023-chan-chinh-thuc-hien-lien-quan-den-bo-so-ho-khau-so-tam-tru-giay-556907.aspx
2025-07-05 23:44:26,215 - INFO - ✅ Đã lấy link: https://thuvienphapluat.vn/van-ban/The-thao-Y-te/Cong-dien-258-CD-BYT-2023-tang-cuong-cong-tac-phong-chong-cum-gia-cam-lay-sang-nguoi-556933.aspx
2025-07-05 23:44:26,219 - INFO - ✅ Đã lấy link: https://thuvienphapluat.vn/van-ban/Thuong-mai/Cong-dien-1030-CD-BNN-TY-2023-ngan-chan-tinh-trang-nhap-lau-van-chuyen-trai-phep-gia-cam-559143.aspx
2025-07-05 23:44:26,223 - INFO - ✅ Đã lấy link: https://thuvienphapluat.vn/van-ban/The-thao-Y-te/Cong-dien-72-CD-TTg-2023-bao-dam-thuoc-trang-thiet-bi-y-te-phuc-vu-kham-chua-benh-556693.aspx
2025-07-05 23:44:26,227 - INFO - ✅ Đã lấy link: https://thuvienphapluat.vn/van-ban/Thuong-mai/Cong-dien-71-CD-TTg-2023-thao-go-kho-khan-thuc-hien-chuong-trinh-muc-tieu-quoc-gia-2021-2025-556429.aspx
2025-07-05 23:44:26,231 - INFO - ✅ Đã lấy link: https://thuvienphapluat.vn/van-ban/Dau-tu/Cong-dien-57-CD-TTg-2023-phan-cong-giai-quyet-vuong-mac-phat-trien-ket-cau-ha-tang-giao-thong-570479.aspx
2025-07-05 23:44:26,235 - INFO - ✅ Đã lấy link: https://thuvienphapluat.vn/van-ban/Giao-thong-Van-tai/Cong-dien-43-CD-TTg-2023-khac-phuc-hau-qua-vu-tai-nan-giao-thong-nghiem-trong-Quang-Nam-554725.aspx
2025-07-05 23:44:26,240 - INFO - ✅ Đã lấy link: https://thuvienphapluat.vn/van-ban/Bat-dong-san/Cong-dien-01-CD-TCT-2022-thuc-hien-Quyet-dinh-01-2023-QD-TTg-555642.aspx
2025-07-05 23:44:26,244 - INFO - ✅ Đã lấy link: https://thuvienphapluat.vn/van-ban/Bat-dong-san/Cong-dien-32-CD-TTg-2023-to-chuc-lay-y-kien-Nhan-dan-doi-voi-du-thao-Luat-Dat-dai-sua-doi-554442.aspx
2025-07-05 23:44:26,249 - INFO - ✅ Đã lấy link: https://thuvienphapluat.vn/van-ban/Thuong-mai/Cong-dien-383-CD-BCT-2023-tang-cuong-giam-sat-kiem-tra-xu-ly-vi-pham-trong-kinh-doanh-xang-dau-561287.aspx
2025-07-05 23:44:26,254 - INFO - ✅ Đã lấy link: https://thuvienphapluat.vn/van-ban/Giao-thong-Van-tai/Cong-dien-31-CD-UBATGTQG-2023-bao-dam-an-toan-giao-thong-van-tai-hanh-khach-bang-xe-o-to-552501.aspx
2025-07-05 23:44:26,259 - INFO - ✅ Đã lấy link: https://thuvienphapluat.vn/van-ban/Linh-vuc-khac/Cong-dien-khan-167-CD-BNN-TY-2023-tang-cuong-kiem-tra-su-dung-chat-cam-trong-chan-nuoi-552508.aspx
2025-07-05 23:44:26,259 - INFO - ➡️ Đang truy cập: https://thuvienphapluat.vn/page/tim-van-ban.aspx?keyword=&area=0&type=26&status=1&lan=1&org=0&signer=0&match=True&sort=1&bdate=05/07/1945&edate=06/07/2025&chlbg=06/07/1945&chlend=06/07/2035&page=20
2025-07-05 23:44:27,330 - INFO - ⏳ Chờ 4.82s giả lập người dùng...
2025-07-05 23:44:34,407 - INFO - 🧭 Tiêu đề trang: THƯ VIỆN PHÁP LUẬT _ Tra cứu, Nắm bắt Pháp Luật Việt Nam
2025-07-05 23:44:54,990 - ERROR - ❌ Lỗi tại trang 20: Message: 
Stacktrace:
#0 0x5b3fb1ea61da <unknown>
#1 0x5b3fb1950ab0 <unknown>
#2 0x5b3fb19a26f0 <unknown>
#3 0x5b3fb19a28e1 <unknown>
#4 0x5b3fb19f0b94 <unknown>
#5 0x5b3fb19c81cd <unknown>
#6 0x5b3fb19edfee <unknown>
#7 0x5b3fb19c7f73 <unknown>
#8 0x5b3fb1994aeb <unknown>
#9 0x5b3fb1995751 <unknown>
#10 0x5b3fb1e6aaeb <unknown>
#11 0x5b3fb1e6e8c9 <unknown>
#12 0x5b3fb1e518c9 <unknown>
#13 0x5b3fb1e6f488 <unknown>
#14 0x5b3fb1e3607f <unknown>
#15 0x5b3fb1e93888 <unknown>
#16 0x5b3fb1e93a66 <unknown>
#17 0x5b3fb1ea54f6 <unknown>
#18 0x7b8aa8b72609 start_thread

2025-07-05 23:44:55,006 - INFO - ➡️ Đang truy cập: https://thuvienphapluat.vn/page/tim-van-ban.aspx?keyword=&area=0&type=26&status=1&lan=1&org=0&signer=0&match=True&sort=1&bdate=05/07/1945&edate=06/07/2025&chlbg=06/07/1945&chlend=06/07/2035&page=21
2025-07-05 23:44:56,092 - INFO - ⏳ Chờ 3.27s giả lập người dùng...
2025-07-05 23:45:01,571 - INFO - 🧭 Tiêu đề trang: THƯ VIỆN PHÁP LUẬT _ Tra cứu, Nắm bắt Pháp Luật Việt Nam
2025-07-05 23:45:22,103 - ERROR - ❌ Lỗi tại trang 21: Message: 
Stacktrace:
#0 0x5b3fb1ea61da <unknown>
#1 0x5b3fb1950ab0 <unknown>
#2 0x5b3fb19a26f0 <unknown>
#3 0x5b3fb19a28e1 <unknown>
#4 0x5b3fb19f0b94 <unknown>
#5 0x5b3fb19c81cd <unknown>
#6 0x5b3fb19edfee <unknown>
#7 0x5b3fb19c7f73 <unknown>
#8 0x5b3fb1994aeb <unknown>
#9 0x5b3fb1995751 <unknown>
#10 0x5b3fb1e6aaeb <unknown>
#11 0x5b3fb1e6e8c9 <unknown>
#12 0x5b3fb1e518c9 <unknown>
#13 0x5b3fb1e6f488 <unknown>
#14 0x5b3fb1e3607f <unknown>
#15 0x5b3fb1e93888 <unknown>
#16 0x5b3fb1e93a66 <unknown>
#17 0x5b3fb1ea54f6 <unknown>
#18 0x7b8aa8b72609 start_thread

2025-07-05 23:45:22,120 - INFO - ➡️ Đang truy cập: https://thuvienphapluat.vn/page/tim-van-ban.aspx?keyword=&area=0&type=26&status=1&lan=1&org=0&signer=0&match=True&sort=1&bdate=05/07/1945&edate=06/07/2025&chlbg=06/07/1945&chlend=06/07/2035&page=22
2025-07-05 23:45:23,041 - INFO - ⏳ Chờ 5.74s giả lập người dùng...
2025-07-05 23:45:31,047 - INFO - 🧭 Tiêu đề trang: THƯ VIỆN PHÁP LUẬT _ Tra cứu, Nắm bắt Pháp Luật Việt Nam
2025-07-05 23:45:51,605 - ERROR - ❌ Lỗi tại trang 22: Message: 
Stacktrace:
#0 0x5b3fb1ea61da <unknown>
#1 0x5b3fb1950ab0 <unknown>
#2 0x5b3fb19a26f0 <unknown>
#3 0x5b3fb19a28e1 <unknown>
#4 0x5b3fb19f0b94 <unknown>
#5 0x5b3fb19c81cd <unknown>
#6 0x5b3fb19edfee <unknown>
#7 0x5b3fb19c7f73 <unknown>
#8 0x5b3fb1994aeb <unknown>
#9 0x5b3fb1995751 <unknown>
#10 0x5b3fb1e6aaeb <unknown>
#11 0x5b3fb1e6e8c9 <unknown>
#12 0x5b3fb1e518c9 <unknown>
#13 0x5b3fb1e6f488 <unknown>
#14 0x5b3fb1e3607f <unknown>
#15 0x5b3fb1e93888 <unknown>
#16 0x5b3fb1e93a66 <unknown>
#17 0x5b3fb1ea54f6 <unknown>
#18 0x7b8aa8b72609 start_thread

2025-07-05 23:45:51,620 - INFO - ➡️ Đang truy cập: https://thuvienphapluat.vn/page/tim-van-ban.aspx?keyword=&area=0&type=26&status=1&lan=1&org=0&signer=0&match=True&sort=1&bdate=05/07/1945&edate=06/07/2025&chlbg=06/07/1945&chlend=06/07/2035&page=23
2025-07-05 23:45:52,661 - INFO - ⏳ Chờ 4.99s giả lập người dùng...
2025-07-05 23:45:59,926 - INFO - 🧭 Tiêu đề trang: THƯ VIỆN PHÁP LUẬT _ Tra cứu, Nắm bắt Pháp Luật Việt Nam
2025-07-05 23:46:20,541 - ERROR - ❌ Lỗi tại trang 23: Message: 
Stacktrace:
#0 0x5b3fb1ea61da <unknown>
#1 0x5b3fb1950ab0 <unknown>
#2 0x5b3fb19a26f0 <unknown>
#3 0x5b3fb19a28e1 <unknown>
#4 0x5b3fb19f0b94 <unknown>
#5 0x5b3fb19c81cd <unknown>
#6 0x5b3fb19edfee <unknown>
#7 0x5b3fb19c7f73 <unknown>
#8 0x5b3fb1994aeb <unknown>
#9 0x5b3fb1995751 <unknown>
#10 0x5b3fb1e6aaeb <unknown>
#11 0x5b3fb1e6e8c9 <unknown>
#12 0x5b3fb1e518c9 <unknown>
#13 0x5b3fb1e6f488 <unknown>
#14 0x5b3fb1e3607f <unknown>
#15 0x5b3fb1e93888 <unknown>
#16 0x5b3fb1e93a66 <unknown>
#17 0x5b3fb1ea54f6 <unknown>
#18 0x7b8aa8b72609 start_thread

2025-07-05 23:46:20,556 - INFO - ➡️ Đang truy cập: https://thuvienphapluat.vn/page/tim-van-ban.aspx?keyword=&area=0&type=26&status=1&lan=1&org=0&signer=0&match=True&sort=1&bdate=05/07/1945&edate=06/07/2025&chlbg=06/07/1945&chlend=06/07/2035&page=24
2025-07-05 23:46:21,429 - INFO - ⏳ Chờ 3.06s giả lập người dùng...
2025-07-05 23:46:26,713 - INFO - 🧭 Tiêu đề trang: THƯ VIỆN PHÁP LUẬT _ Tra cứu, Nắm bắt Pháp Luật Việt Nam
2025-07-05 23:46:47,279 - ERROR - ❌ Lỗi tại trang 24: Message: 
Stacktrace:
#0 0x5b3fb1ea61da <unknown>
#1 0x5b3fb1950ab0 <unknown>
#2 0x5b3fb19a26f0 <unknown>
#3 0x5b3fb19a28e1 <unknown>
#4 0x5b3fb19f0b94 <unknown>
#5 0x5b3fb19c81cd <unknown>
#6 0x5b3fb19edfee <unknown>
#7 0x5b3fb19c7f73 <unknown>
#8 0x5b3fb1994aeb <unknown>
#9 0x5b3fb1995751 <unknown>
#10 0x5b3fb1e6aaeb <unknown>
#11 0x5b3fb1e6e8c9 <unknown>
#12 0x5b3fb1e518c9 <unknown>
#13 0x5b3fb1e6f488 <unknown>
#14 0x5b3fb1e3607f <unknown>
#15 0x5b3fb1e93888 <unknown>
#16 0x5b3fb1e93a66 <unknown>
#17 0x5b3fb1ea54f6 <unknown>
#18 0x7b8aa8b72609 start_thread

2025-07-05 23:46:47,294 - INFO - ➡️ Đang truy cập: https://thuvienphapluat.vn/page/tim-van-ban.aspx?keyword=&area=0&type=26&status=1&lan=1&org=0&signer=0&match=True&sort=1&bdate=05/07/1945&edate=06/07/2025&chlbg=06/07/1945&chlend=06/07/2035&page=25
2025-07-05 23:46:48,337 - INFO - ⏳ Chờ 3.80s giả lập người dùng...
2025-07-05 23:46:54,360 - INFO - 🧭 Tiêu đề trang: THƯ VIỆN PHÁP LUẬT _ Tra cứu, Nắm bắt Pháp Luật Việt Nam
2025-07-05 23:46:54,480 - WARNING - Retrying (Retry(total=2, connect=None, read=None, redirect=None, status=None)) after connection broken by 'ConnectionResetError(104, 'Connection reset by peer')': /session/386b488796f6a8eb7741f428c9ca4288
2025-07-05 23:46:54,482 - WARNING - Retrying (Retry(total=1, connect=None, read=None, redirect=None, status=None)) after connection broken by 'NewConnectionError('<urllib3.connection.HTTPConnection object at 0x73fe2ed1aab0>: Failed to establish a new connection: [Errno 111] Connection refused')': /session/386b488796f6a8eb7741f428c9ca4288
2025-07-05 23:46:54,483 - WARNING - Retrying (Retry(total=0, connect=None, read=None, redirect=None, status=None)) after connection broken by 'NewConnectionError('<urllib3.connection.HTTPConnection object at 0x73fe2ed1ac30>: Failed to establish a new connection: [Errno 111] Connection refused')': /session/386b488796f6a8eb7741f428c9ca4288
