2025-07-05 23:47:54,207 - INFO - ➡️ Đang truy cập: https://thuvienphapluat.vn/page/tim-van-ban.aspx?keyword=&area=0&type=26&status=1&lan=1&org=0&signer=0&match=True&sort=1&bdate=05/07/1945&edate=06/07/2025&chlbg=06/07/1945&chlend=06/07/2035&page=1
2025-07-05 23:47:55,640 - INFO - ⏳ Chờ 4.94s giả lập người dùng...
2025-07-05 23:48:02,659 - INFO - 🧭 Tiêu đề trang: Tra cứu Văn Bản Pháp Luật
2025-07-05 23:48:02,684 - INFO - ✅ Đã lấy link: https://thuvienphapluat.vn/van-ban/Thue-Phi-Le-Phi/Cong-dien-102-CD-CT-2025-thuc-hien-Nghi-dinh-175-2025-ND-CP-663744.aspx
2025-07-05 23:48:02,689 - INFO - ✅ Đã lấy link: https://thuvienphapluat.vn/van-ban/Bo-may-hanh-chinh/Cong-dien-04-CD-KBNN-2025-sap-xep-to-chuc-lai-he-thong-Kho-bac-Nha-nuoc-663236.aspx
2025-07-05 23:48:02,693 - INFO - ✅ Đã lấy link: https://thuvienphapluat.vn/van-ban/Van-hoa-Xa-hoi/Cong-dien-102-CD-TTg-2025-cham-lo-doi-song-nguoi-co-cong-ky-niem-78-nam-Ngay-Thuong-binh-Liet-si-663235.aspx
2025-07-05 23:48:02,697 - INFO - ✅ Đã lấy link: https://thuvienphapluat.vn/van-ban/Cong-nghe-thong-tin/Cong-dien-103-CD-TTg-2025-tang-cuong-chia-se-du-lieu-co-so-du-lieu-quoc-gia-khong-gian-doan-663202.aspx
2025-07-05 23:48:02,702 - INFO - ✅ Đã lấy link: https://thuvienphapluat.vn/van-ban/Bo-may-hanh-chinh/Cong-dien-101-CD-TTg%e2%80%8b-2025-dam-bao-khong-gian-doan-thong-tin-du-lieu-hoat-dong-cong-vu-662957.aspx
2025-07-05 23:48:02,706 - INFO - ✅ Đã lấy link: https://thuvienphapluat.vn/van-ban/Tien-te-Ngan-hang/Cong-dien-98-CD-TTg-2025-bao-dam-nhiem-vu-linh-vuc-tai-chinh-hieu-qua-sap-xep-don-vi-hanh-chinh-662986.aspx
2025-07-05 23:48:02,711 - INFO - ✅ Đã lấy link: https://thuvienphapluat.vn/van-ban/Tai-nguyen-Moi-truong/Cong-dien-97-CD-TTg-2025-chu-dong-ung-pho-voi-mua-lon-o-Bac-Bo-662985.aspx
2025-07-05 23:48:02,716 - INFO - ✅ Đã lấy link: https://thuvienphapluat.vn/van-ban/Bo-may-hanh-chinh/Cong-dien-99-CD-TTg-2025-bao-dam-van-hanh-mo-hinh-to-chuc-chinh-quyen-02-cap-thong-suot-662987.aspx
2025-07-05 23:48:02,721 - INFO - ✅ Đã lấy link: https://thuvienphapluat.vn/van-ban/Cong-nghe-thong-tin/Cong-dien-96-CD-TTg-2025-nang-cap-he-thong-thong-tin-phuc-vu-chi-dao-khi-sap-xep-don-vi-hanh-chinh-662704.aspx
2025-07-05 23:48:02,725 - INFO - ✅ Đã lấy link: https://thuvienphapluat.vn/van-ban/Bo-may-hanh-chinh/Cong-dien-03-CD-BTC-2025-chuan-bi-cong-tac-quan-ly-no-cho-vay-lai-chinh-quyen-dia-phuong-662919.aspx
2025-07-05 23:48:02,729 - INFO - ✅ Đã lấy link: https://thuvienphapluat.vn/van-ban/Bo-may-hanh-chinh/Cong-dien-95-CD-TTg-2025-dam-bao-co-so-vat-chat-khi-thuc-hien-sap-xep-tinh-gon-bo-may-662038.aspx
2025-07-05 23:48:02,733 - INFO - ✅ Đã lấy link: https://thuvienphapluat.vn/van-ban/Lao-dong-Tien-luong/Cong-dien-93-CD-TTg-2025-day-manh-tien-do-thuc-hien-chinh-sach-doi-voi-can-bo-trong-sap-xep-bo-may-661909.aspx
2025-07-05 23:48:02,738 - INFO - ✅ Đã lấy link: https://thuvienphapluat.vn/van-ban/Giao-duc/Cong-dien-838-CD-BGDDT-2025-ung-pho-thien-tai-trong-thoi-gian-to-chuc-Ky-thi-tot-nghiep-pho-thong-662007.aspx
2025-07-05 23:48:02,742 - INFO - ✅ Đã lấy link: https://thuvienphapluat.vn/van-ban/Bo-may-hanh-chinh/Cong-dien-92-CD-TTg-2025-thuc-hien-nhiem-vu-trong-tam-mo-hinh-chinh-quyen-dia-phuong-02-cap-661979.aspx
2025-07-05 23:48:02,746 - INFO - ✅ Đã lấy link: https://thuvienphapluat.vn/van-ban/Bo-may-hanh-chinh/Cong-dien-26-CD-BXD-2025-thu-tuc-hanh-chinh-thong-suot-khi-sap-xep-don-vi-hanh-chinh-661716.aspx
2025-07-05 23:48:02,751 - INFO - ✅ Đã lấy link: https://thuvienphapluat.vn/van-ban/Bo-may-hanh-chinh/Cong-dien-90-CD-TTg-2025-bao-dam-thu-tuc-hanh-chinh-thong-suot-khi-sap-xep-don-vi-hanh-chinh-661380.aspx
2025-07-05 23:48:02,755 - INFO - ✅ Đã lấy link: https://thuvienphapluat.vn/van-ban/Cong-nghe-thong-tin/Cong-dien-89-CD-TTg-2025-trien-khai-He-thong-thong-tin-tiep-nhan-kien-nghi-van-ban-quy-pham-phap-luat-661025.aspx
2025-07-05 23:48:02,759 - INFO - ✅ Đã lấy link: https://thuvienphapluat.vn/van-ban/Bo-may-hanh-chinh/Cong-dien-02-CD-BTC-2025-danh-gia-tinh-hinh-thuc-hien-Nghi-dinh-178-2024-ND-CP-660964.aspx
2025-07-05 23:48:02,763 - INFO - ✅ Đã lấy link: https://thuvienphapluat.vn/van-ban/Bo-may-hanh-chinh/Cong-dien-87-CD-TTg-2025-day-manh-phan-cap-phan-quyen-phan-dinh-tham-quyen-cac-nganh-linh-vuc-660719.aspx
2025-07-05 23:48:02,768 - INFO - ✅ Đã lấy link: https://thuvienphapluat.vn/van-ban/Thuong-mai/Cong-dien-88-CD-TTg-2025-tang-cuong-quan-ly-su-dung-hoa-don-dien-tu-khoi-tao-tu-may-tinh-tien-660718.aspx
2025-07-05 23:48:02,768 - INFO - ➡️ Đang truy cập: https://thuvienphapluat.vn/page/tim-van-ban.aspx?keyword=&area=0&type=26&status=1&lan=1&org=0&signer=0&match=True&sort=1&bdate=05/07/1945&edate=06/07/2025&chlbg=06/07/1945&chlend=06/07/2035&page=2
2025-07-05 23:48:03,753 - INFO - ⏳ Chờ 4.64s giả lập người dùng...
2025-07-05 23:48:10,511 - INFO - 🧭 Tiêu đề trang: Tra cứu Văn Bản Pháp Luật
2025-07-05 23:48:10,528 - INFO - ✅ Đã lấy link: https://thuvienphapluat.vn/van-ban/Xay-dung-Do-thi/Cong-dien-85-CD-TTg-2025-tang-cuong-giai-phap-quan-ly-binh-on-gia-vat-lieu-xay-dung-660291.aspx
2025-07-05 23:48:10,532 - INFO - ✅ Đã lấy link: https://thuvienphapluat.vn/van-ban/Tai-nguyen-Moi-truong/Cong-dien-86-CD-TTg-2025-chu-dong-ung-pho-ap-thap-nhiet-doi-kha-nang-manh-len-thanh-bao-660455.aspx
2025-07-05 23:48:10,536 - INFO - ✅ Đã lấy link: https://thuvienphapluat.vn/van-ban/Tai-nguyen-Moi-truong/Cong-dien-4152-CD-PCTT-2025-chu-dong-ung-pho-voi-mua-lon-nang-nong-va-ap-thap-nhiet-doi-660334.aspx
2025-07-05 23:48:10,540 - INFO - ✅ Đã lấy link: https://thuvienphapluat.vn/van-ban/Van-hoa-Xa-hoi/Cong-dien-84-CD-TTg-2025-tap-trung-hoan-thanh-muc-tieu-xoa-nha-tam-nha-dot-nat-660290.aspx
2025-07-05 23:48:10,544 - INFO - ✅ Đã lấy link: https://thuvienphapluat.vn/van-ban/Bo-may-hanh-chinh/Cong-dien-83-CD-TTg-2025-day-manh-phan-cap-phan-quyen-phan-dinh-tham-quyen-cac-nganh-linh-vuc-660172.aspx
2025-07-05 23:48:10,548 - INFO - ✅ Đã lấy link: https://thuvienphapluat.vn/van-ban/Thuong-mai/Cong-dien-82-CD-TTg-2025-dau-tranh-ngan-chan-day-lui-tinh-trang-buon-lau-gian-lan-thuong-mai-659784.aspx
2025-07-05 23:48:10,552 - INFO - ✅ Đã lấy link: https://thuvienphapluat.vn/van-ban/Thuong-mai/Cong-dien-81-CD-TTg-2025-tinh-hinh-giai-phap-bao-dam-cung-ung-dien-trong-cac-thang-cao-diem-659613.aspx
2025-07-05 23:48:10,555 - INFO - ✅ Đã lấy link: https://thuvienphapluat.vn/van-ban/Thuong-mai/Cong-dien-4010-CD-BCT-2025-bao-dam-cung-ung-dien-trong-cac-thang-cao-diem-659678.aspx
2025-07-05 23:48:10,559 - INFO - ✅ Đã lấy link: https://thuvienphapluat.vn/van-ban/Bo-may-hanh-chinh/Cong-dien-80-CD-TTg-2025-cong-tac-thuc-hien-phuong-an-xu-ly-tai-san-sau-sap-xep-bo-may-659268.aspx
2025-07-05 23:48:10,563 - INFO - ✅ Đã lấy link: https://thuvienphapluat.vn/van-ban/Thue-Phi-Le-Phi/Cong-dien-72-CD-CT-2025-thuc-hien-Thong-tu-31-2025-TT-BTC-32-2025-TT-BTC-659118.aspx
2025-07-05 23:48:10,567 - INFO - ✅ Đã lấy link: https://thuvienphapluat.vn/van-ban/Xuat-nhap-khau/Cong-dien-79-CD-TTg-2025-trien-khai-bien-phap-bao-dam-san-xuat-xuat-khau-nong-san-659252.aspx
2025-07-05 23:48:10,571 - INFO - ✅ Đã lấy link: https://thuvienphapluat.vn/van-ban/Thue-Phi-Le-Phi/Cong-dien-71-CD-CT-2025-ho-tro-doanh-nghiep-su-dung-hoa-don-dien-tu-khoi-tao-tu-may-tinh-tien-659117.aspx
2025-07-05 23:48:10,575 - INFO - ✅ Đã lấy link: https://thuvienphapluat.vn/van-ban/Tai-nguyen-Moi-truong/Cong-dien-06-CD-UBND-2025-tap-trung-ung-pho-nguy-co-mua-lon-sat-lo-dat-lu-quet-Ha-Noi-659328.aspx
2025-07-05 23:48:10,579 - INFO - ✅ Đã lấy link: https://thuvienphapluat.vn/van-ban/Tai-nguyen-Moi-truong/Cong-dien-23-CD-BXD-2025-tap-trung-ung-pho-nguy-co-mua-lon-sat-lo-dat-lu-quet-658929.aspx
2025-07-05 23:48:10,583 - INFO - ✅ Đã lấy link: https://thuvienphapluat.vn/van-ban/Doanh-nghiep/Cong-dien-77-CD-TTg-2025-thuc-day-san-xuat-kinh-doanh-hieu-qua-doanh-nghiep-nha-nuoc-658932.aspx
2025-07-05 23:48:10,587 - INFO - ✅ Đã lấy link: https://thuvienphapluat.vn/van-ban/Tai-nguyen-Moi-truong/Cong-dien-3848-CD-BCT-2025-tap-trung-ung-pho-nguy-co-mua-lon-sat-lo-dat-lu-quet-658848.aspx
2025-07-05 23:48:10,591 - INFO - ✅ Đã lấy link: https://thuvienphapluat.vn/van-ban/Bo-may-hanh-chinh/Cong-dien-78-CD-TTg-2025-cat-giam-don-gian-hoa-thu-tuc-hanh-chinh-linh-vuc-xay-dung-658931.aspx
2025-07-05 23:48:10,596 - INFO - ✅ Đã lấy link: https://thuvienphapluat.vn/van-ban/Tai-nguyen-Moi-truong/Cong-dien-76-CD-TTg-2025-tap-trung-ung-pho-nguy-co-mua-lon-sat-lo-dat-lu-quet-658785.aspx
2025-07-05 23:48:10,600 - INFO - ✅ Đã lấy link: https://thuvienphapluat.vn/van-ban/Xay-dung-Do-thi/Cong-dien-21-CD-BXD-2025-khan-truong-hoan-thien-cong-trinh-Nha-ga-hanh-khach-T3-Cang-Tan-Son-Nhat-658261.aspx
2025-07-05 23:48:10,604 - INFO - ✅ Đã lấy link: https://thuvienphapluat.vn/van-ban/Bo-may-hanh-chinh/Cong-dien-22-CD-BXD-2025-thuc-hien-phan-cap-tham-quyen-thuc-hien-mo-hinh-chinh-quyen-02-cap-658241.aspx
2025-07-05 23:48:10,604 - INFO - ➡️ Đang truy cập: https://thuvienphapluat.vn/page/tim-van-ban.aspx?keyword=&area=0&type=26&status=1&lan=1&org=0&signer=0&match=True&sort=1&bdate=05/07/1945&edate=06/07/2025&chlbg=06/07/1945&chlend=06/07/2035&page=3
2025-07-05 23:48:11,758 - INFO - ⏳ Chờ 3.16s giả lập người dùng...
2025-07-05 23:48:17,044 - INFO - 🧭 Tiêu đề trang: Tra cứu Văn Bản Pháp Luật
2025-07-05 23:48:17,064 - INFO - ✅ Đã lấy link: https://thuvienphapluat.vn/van-ban/Thuong-mai/Cong-dien-72-CD-TTg-2025-tiep-tuc-day-manh-cao-diem-dau-tranh-ngan-chan-buon-lau-hang-gia-658180.aspx
2025-07-05 23:48:17,070 - INFO - ✅ Đã lấy link: https://thuvienphapluat.vn/van-ban/Linh-vuc-khac/Cong-dien-71-CD-TTg-2025-nhiem-vu-thuc-day-san-xuat-va-xuat-khau-sau-rieng-ben-vung-658259.aspx
2025-07-05 23:48:17,075 - INFO - ✅ Đã lấy link: https://thuvienphapluat.vn/van-ban/Tai-nguyen-Moi-truong/Cong-dien-70-CD-TTg-2025-tap-trung-ung-pho-nguy-co-sat-lo-dat-lu-quet-o-Bac-Bo-658201.aspx
2025-07-05 23:48:17,079 - INFO - ✅ Đã lấy link: https://thuvienphapluat.vn/van-ban/Bo-may-hanh-chinh/Cong-dien-69-CD-TTg-2025-tap-trung-hoan-thanh-cat-giam-don-gian-hoa-thu-tuc-hanh-chinh-657992.aspx
2025-07-05 23:48:17,084 - INFO - ✅ Đã lấy link: https://thuvienphapluat.vn/van-ban/Xay-dung-Do-thi/Cong-dien-19-CD-BXD-2025-don-doc-thuc-hien-dau-tu-xay-dung-nha-o-xa-hoi-657884.aspx
2025-07-05 23:48:17,088 - INFO - ✅ Đã lấy link: https://thuvienphapluat.vn/van-ban/Dau-tu/Cong-dien-18-CD-BXD-2025-don-doc-day-nhanh-tien-do-thuc-hien-giai-ngan-von-dau-tu-cong-657885.aspx
2025-07-05 23:48:17,093 - INFO - ✅ Đã lấy link: https://thuvienphapluat.vn/van-ban/Bo-may-hanh-chinh/Cong-dien-68-CD-TTg-2025-sap-xep-tru-so-co-so-vat-chat-khi-sap-xep-don-vi-hanh-chinh-cac-cap-657641.aspx
2025-07-05 23:48:17,098 - INFO - ✅ Đã lấy link: https://thuvienphapluat.vn/van-ban/Tai-nguyen-Moi-truong/Cong-dien-3535-CD-BCT-2025-tang-cuong-cong-tac-dam-bao-an-toan-dap-ho-chua-thuy-dien-657456.aspx
2025-07-05 23:48:17,103 - INFO - ✅ Đã lấy link: https://thuvienphapluat.vn/van-ban/Thuong-mai/Cong-dien-65-CD-TTg-2025-mo-dot-cao-diem-dau-tranh-ngan-chan-buon-lau-gian-lan-thuong-mai-656873.aspx
2025-07-05 23:48:17,107 - INFO - ✅ Đã lấy link: https://thuvienphapluat.vn/van-ban/Thuong-mai/Cong-dien-64-CD-TTg-2025-trien-khai-cac-bien-phap-quan-ly-hieu-qua-thi-truong-vang-656630.aspx
2025-07-05 23:48:17,111 - INFO - ✅ Đã lấy link: https://thuvienphapluat.vn/van-ban/Lao-dong-Tien-luong/Cong-dien-62-CD-TTg-2025-thuc-hien-chinh-sach-can-bo-sap-xep-to-chuc-bo-may-chinh-tri-656526.aspx
2025-07-05 23:48:17,117 - INFO - ✅ Đã lấy link: https://thuvienphapluat.vn/van-ban/Doanh-nghiep/Cong-dien-63-CD-TTg-2025-tang-cuong-tao-lap-moi-truong-dau-tu-kinh-doanh-thuan-loi-doanh-nghiep-656524.aspx
2025-07-05 23:48:17,122 - INFO - ✅ Đã lấy link: https://thuvienphapluat.vn/van-ban/Lao-dong-Tien-luong/Cong-dien-15-CD-BXD-2025-bao-dam-an-toan-giao-thong-thi-cong-xay-dung-ket-cau-ha-tang-giao-thong-656204.aspx
2025-07-05 23:48:17,127 - INFO - ✅ Đã lấy link: https://thuvienphapluat.vn/van-ban/Giao-thong-Van-tai/Cong-dien-14-CD-BXD-2025-tang-cuong-cong-tac-bao-dam-an-toan-giao-thong-duong-bo-cao-toc-656273.aspx
2025-07-05 23:48:17,131 - INFO - ✅ Đã lấy link: https://thuvienphapluat.vn/van-ban/Giao-duc/Cong-dien-61-CD-TTg-2025-to-chuc-Ky-thi-tot-nghiep-trung-hoc-pho-thong-656240.aspx
2025-07-05 23:48:17,136 - INFO - ✅ Đã lấy link: https://thuvienphapluat.vn/van-ban/Xay-dung-Do-thi/Cong-dien-13-CD-BXD-2025-dang-ky-cong-trinh-chao-mung-ky-niem-80-nam-Quoc-khanh-656397.aspx
2025-07-05 23:48:17,141 - INFO - ✅ Đã lấy link: https://thuvienphapluat.vn/van-ban/Dau-tu/Cong-dien-60-CD-TTg-2025-don-doc-day-nhanh-tien-do-phan-bo-va-giai-ngan-von-dau-tu-cong-656295.aspx
2025-07-05 23:48:17,145 - INFO - ✅ Đã lấy link: https://thuvienphapluat.vn/van-ban/Giao-duc/Cong-dien-58-CD-TTg-2025-to-chuc-ky-thi-tot-nghiep-trung-hoc-pho-thong-655926.aspx
2025-07-05 23:48:17,151 - INFO - ✅ Đã lấy link: https://thuvienphapluat.vn/van-ban/Thuong-mai/Cong-dien-59-CD-TTg-2025-chi-dao-bao-dam-san-xuat-tieu-thu-xuat-khau-nong-lam-thuy-san-656055.aspx
2025-07-05 23:48:17,156 - INFO - ✅ Đã lấy link: https://thuvienphapluat.vn/van-ban/Van-hoa-Xa-hoi/Cong-dien-57-CD-TTg-2025-chuan-bi-to-chuc-Le-khoi-cong-khanh-thanh-cong-trinh-quy-mo-lon-655588.aspx
2025-07-05 23:48:17,156 - INFO - ➡️ Đang truy cập: https://thuvienphapluat.vn/page/tim-van-ban.aspx?keyword=&area=0&type=26&status=1&lan=1&org=0&signer=0&match=True&sort=1&bdate=05/07/1945&edate=06/07/2025&chlbg=06/07/1945&chlend=06/07/2035&page=4
2025-07-05 23:48:18,220 - INFO - ⏳ Chờ 4.13s giả lập người dùng...
2025-07-05 23:48:24,476 - INFO - 🧭 Tiêu đề trang: Tra cứu Văn Bản Pháp Luật
2025-07-05 23:48:24,492 - INFO - ✅ Đã lấy link: https://thuvienphapluat.vn/van-ban/Bo-may-hanh-chinh/Cong-dien-56-CD-TTg-2025-cat-giam-don-gian-hoa-thu-tuc-hanh-chinh-theo-Nghi-quyet-66-NQ-CP-655305.aspx
2025-07-05 23:48:24,496 - INFO - ✅ Đã lấy link: https://thuvienphapluat.vn/van-ban/Thuong-mai/Cong-dien-55-CD-TTg-2025-xu-ly-nghiem-to-chuc-ca-nhan-san-xuat-buon-ban-thuoc-chua-benh-gia-655169.aspx
2025-07-05 23:48:24,500 - INFO - ✅ Đã lấy link: https://thuvienphapluat.vn/van-ban/Giao-thong-Van-tai/Cong-dien-54-CD-TTg-2025-day-nhanh-tien-do-du-an-tuyen-duong-sat-Lao-Cai-Ha-Noi-Hai-Phong-655293.aspx
2025-07-05 23:48:24,504 - INFO - ✅ Đã lấy link: https://thuvienphapluat.vn/van-ban/Van-hoa-Xa-hoi/Cong-dien-50-CD-TTg-2025-tang-cuong-bao-dam-an-ninh-trat-tu-dip-Le-30-4-654106.aspx
2025-07-05 23:48:24,508 - INFO - ✅ Đã lấy link: https://thuvienphapluat.vn/van-ban/Xay-dung-Do-thi/Cong-dien-51-CD-TTg-2025-khan-truong-ra-soat-sua-chua-khac-phuc-ngay-he-thong-cau-treo-654105.aspx
2025-07-05 23:48:24,512 - INFO - ✅ Đã lấy link: https://thuvienphapluat.vn/van-ban/Tai-nguyen-Moi-truong/Cong-dien-49-CD-TTg-2025-trien-khai-quyet-liet-giai-phap-cung-ung-dien-thoi-gian-cao-diem-653965.aspx
2025-07-05 23:48:24,516 - INFO - ✅ Đã lấy link: https://thuvienphapluat.vn/van-ban/Thuong-mai/Cong-dien-47-CD-TTg-2025-nhiem-vu-giai-phap-trong-tam-thuc-day-tang-truong-kinh-te-653781.aspx
2025-07-05 23:48:24,520 - INFO - ✅ Đã lấy link: https://thuvienphapluat.vn/van-ban/Xay-dung-Do-thi/Cong-dien-48-CD-TTg-2025-day-nhanh-tien-do-giai-phong-mat-bang-hoan-thanh-3000-km-cao-toc-653966.aspx
2025-07-05 23:48:24,524 - INFO - ✅ Đã lấy link: https://thuvienphapluat.vn/van-ban/Bat-dong-san/Cong-dien-04-CD-UBND-2025-tang-cuong-cong-tac-quan-ly-xu-ly-tinh-trang-lan-chiem-dat-dai-Ha-Noi-653924.aspx
2025-07-05 23:48:24,528 - INFO - ✅ Đã lấy link: https://thuvienphapluat.vn/van-ban/Thuong-mai/Cong-dien-2755-CD-BCT-2025-tang-cuong-cong-tac-giam-sat-kiem-tra-kiem-soat-thi-truong-652388.aspx
2025-07-05 23:48:24,532 - INFO - ✅ Đã lấy link: https://thuvienphapluat.vn/van-ban/Van-hoa-Xa-hoi/Cong-dien-43-CD-TTg-2025-to-chuc-le-khoi-cong-ky-niem-50-nam-ngay-Giai-phong-mien-Nam-652387.aspx
2025-07-05 23:48:24,536 - INFO - ✅ Đã lấy link: https://thuvienphapluat.vn/van-ban/Thuong-mai/Cong-dien-41-CD-TTg-2025-xu-ly-vu-viec-san-xuat-buon-ban-hang-gia-la-thuoc-chua-benh-652261.aspx
2025-07-05 23:48:24,540 - INFO - ✅ Đã lấy link: https://thuvienphapluat.vn/van-ban/Giao-thong-Van-tai/Cong-dien-39-CD-TTg-2025-bao-dam-an-toan-giao-thong-phuc-vu-nhu-cau-di-lai-dip-nghi-le-652159.aspx
2025-07-05 23:48:24,543 - INFO - ✅ Đã lấy link: https://thuvienphapluat.vn/van-ban/Thuong-mai/Cong-dien-40-CD-TTg-2025-xu-ly-vu-viec-san-xuat-phan-phoi-sua-gia-652294.aspx
2025-07-05 23:48:24,548 - INFO - ✅ Đã lấy link: https://thuvienphapluat.vn/van-ban/Dau-tu/Cong-dien-38-CD-TTg-2025-cap-nhat-du-an-to-chuc-le-khoi-cong-nhan-dip-50-nam-Giai-phong-mien-Nam-652157.aspx
2025-07-05 23:48:24,553 - INFO - ✅ Đã lấy link: https://thuvienphapluat.vn/van-ban/Thuong-mai/Cong-dien-34-CD-TTg-2025-thuc-day-phat-trien-du-lich-tang-truong-kinh-te-hai-con-so-651071.aspx
2025-07-05 23:48:24,558 - INFO - ✅ Đã lấy link: https://thuvienphapluat.vn/van-ban/Dau-tu/Cong-dien-33-CD-TTg-2025-to-chuc-le-khoi-cong-du-an-trong-diem-ky-niem-ngay-Giai-phong-mien-Nam-650746.aspx
2025-07-05 23:48:24,562 - INFO - ✅ Đã lấy link: https://thuvienphapluat.vn/van-ban/Dau-tu/Cong-dien-32-CD-TTg-2025-don-doc-day-manh-giai-ngan-von-dau-tu-cong-650756.aspx
2025-07-05 23:48:24,567 - INFO - ✅ Đã lấy link: https://thuvienphapluat.vn/van-ban/Linh-vuc-khac/Cong-dien-31-CD-TTg-2025-trien-khai-co-hieu-qua-giai-phap-phong-chong-dich-benh-gia-suc-650663.aspx
2025-07-05 23:48:24,571 - INFO - ✅ Đã lấy link: https://thuvienphapluat.vn/van-ban/Trach-nhiem-hinh-su/Cong-dien-28-CD-TTg-2025-thuc-hien-cong-tac-dac-xa-650472.aspx
2025-07-05 23:48:24,571 - INFO - ➡️ Đang truy cập: https://thuvienphapluat.vn/page/tim-van-ban.aspx?keyword=&area=0&type=26&status=1&lan=1&org=0&signer=0&match=True&sort=1&bdate=05/07/1945&edate=06/07/2025&chlbg=06/07/1945&chlend=06/07/2035&page=5
2025-07-05 23:48:25,666 - INFO - ⏳ Chờ 4.95s giả lập người dùng...
2025-07-05 23:48:32,740 - INFO - 🧭 Tiêu đề trang: Tra cứu Văn Bản Pháp Luật
2025-07-05 23:48:32,758 - INFO - ✅ Đã lấy link: https://thuvienphapluat.vn/van-ban/Cong-nghe-thong-tin/Cong-dien-29-CD-TTg-2025-phong-ngua-su-dung-cong-nghe-cao-khong-gian-mang-lua-dao-650471.aspx
2025-07-05 23:48:32,763 - INFO - ✅ Đã lấy link: https://thuvienphapluat.vn/van-ban/Thue-Phi-Le-Phi/Cong-dien-09-CD-CT-2025-gia-han-thoi-han-nop-thue-tieu-thu-dac-biet-o-to-san-xuat-trong-nuoc-650255.aspx
2025-07-05 23:48:32,768 - INFO - ✅ Đã lấy link: https://thuvienphapluat.vn/van-ban/Dau-tu/Cong-dien-26-CD-TTg-2025-bao-cao-du-an-dau-tu-co-kho-khan-tren-he-thong-dau-tu-cong-quoc-gia-649758.aspx
2025-07-05 23:48:32,773 - INFO - ✅ Đã lấy link: https://thuvienphapluat.vn/van-ban/Tai-nguyen-Moi-truong/Cong-dien-25-CD-TTg-2025-khac-phuc-hau-qua-vu-chay-rung-tai-xa-Hoang-Khai-huyen-Yen-Son-Tuyen-Quang-648520.aspx
2025-07-05 23:48:32,777 - INFO - ✅ Đã lấy link: https://thuvienphapluat.vn/van-ban/The-thao-Y-te/Cong-dien-23-CD-TTg-2025-day-nhanh-tiem-chung-vac-xin-phong-chong-benh-Soi-647338.aspx
2025-07-05 23:48:32,783 - INFO - ✅ Đã lấy link: https://thuvienphapluat.vn/van-ban/Tai-nguyen-Moi-truong/Cong-dien-1822-CD-BCT-2025-bao-dam-van-hanh-an-toan-on-dinh-cac-nha-may-dien-thoi-gian-toi-649452.aspx
2025-07-05 23:48:32,788 - INFO - ✅ Đã lấy link: https://thuvienphapluat.vn/van-ban/Bo-may-hanh-chinh/Cong-dien-22-CD-TTg-2025-nhiem-vu-cat-giam-thu-tuc-hanh-chinh-thuc-day-phat-trien-kinh-te-xa-hoi-646607.aspx
2025-07-05 23:48:32,793 - INFO - ✅ Đã lấy link: https://thuvienphapluat.vn/van-ban/Bo-may-hanh-chinh/Cong-dien-02-CD-UBND-2025-tiep-tuc-day-manh-thuc-hien-sap-xep-tinh-gon-to-chuc-bo-may-Ha-Noi-646332.aspx
2025-07-05 23:48:32,799 - INFO - ✅ Đã lấy link: https://thuvienphapluat.vn/van-ban/Linh-vuc-khac/Cong-dien-21-CD-TTg-2025-dam-bao-can-doi-cung-cau-lua-gao-truoc-dien-bien-thi-truong-trong-nuoc-645833.aspx
2025-07-05 23:48:32,806 - INFO - ✅ Đã lấy link: https://thuvienphapluat.vn/van-ban/Bo-may-hanh-chinh/Cong-dien-20-CD-TTg-2025-thuc-hien-Nghi-quyet-190-2025-QH15-sap-xep-to-chuc-bo-may-nha-nuoc-644662.aspx
2025-07-05 23:48:32,812 - INFO - ✅ Đã lấy link: https://thuvienphapluat.vn/van-ban/Tien-te-Ngan-hang/Cong-dien-19-CD-TTg-2025-tang-cuong-thuc-hien-giai-phap-giam-lai-suat-646637.aspx
2025-07-05 23:48:32,819 - INFO - ✅ Đã lấy link: https://thuvienphapluat.vn/van-ban/Thuong-mai/Cong-dien-17-CD-TTg-2025-thuc-day-kinh-te-tuan-hoan-dap-ung-chinh-sach-xanh-cua-Lien-Minh-Chau-Au-643890.aspx
2025-07-05 23:48:32,824 - INFO - ✅ Đã lấy link: https://thuvienphapluat.vn/van-ban/Dau-tu/Cong-dien-16-CD-TTg-2025-don-doc-dia-phuong-day-manh-phan-bo-giai-ngan-von-dau-tu-cong-643665.aspx
2025-07-05 23:48:32,829 - INFO - ✅ Đã lấy link: https://thuvienphapluat.vn/van-ban/Tai-nguyen-Moi-truong/Cong-dien-15-CD-TTg-2025-ung-pho-dot-xam-nhap-man-cao-diem-o-Dong-bang-song-Cuu-Long-643520.aspx
2025-07-05 23:48:32,834 - INFO - ✅ Đã lấy link: https://thuvienphapluat.vn/van-ban/Thuong-mai/Cong-dien-14-CD-TTg-2025-to-chuc-doan-cong-tac-Thanh-vien-Chinh-phu-thuc-day-san-xuat-kinh-doanh-642817.aspx
2025-07-05 23:48:32,839 - INFO - ✅ Đã lấy link: https://thuvienphapluat.vn/van-ban/Dau-tu/Cong-dien-13-CD-TTg-2025-khan-truong-ra-soat-du-an-dau-tu-co-kho-khan-kip-thoi-trien-khai-ngay-du-an-642528.aspx
2025-07-05 23:48:32,843 - INFO - ✅ Đã lấy link: https://thuvienphapluat.vn/van-ban/Tai-nguyen-Moi-truong/Cong-dien-11-CD-TTg-2025-chu-dong-ung-pho-dot-ret-dam-ret-hai-keo-dai-642527.aspx
2025-07-05 23:48:32,848 - INFO - ✅ Đã lấy link: https://thuvienphapluat.vn/van-ban/Giao-duc/Cong-dien-10-CD-TTg-2025-tang-cuong-chi-dao-tuyen-sinh-trung-hoc-co-so-trung-hoc-pho-thong-642112.aspx
2025-07-05 23:48:32,852 - INFO - ✅ Đã lấy link: https://thuvienphapluat.vn/van-ban/Van-hoa-Xa-hoi/Cong-dien-09-CD-TTg-2025-bao-dam-thuc-hien-nep-song-van-minh-trong-hoat-dong-le-hoi-sau-Tet-641828.aspx
2025-07-05 23:48:32,857 - INFO - ✅ Đã lấy link: https://thuvienphapluat.vn/van-ban/Tai-nguyen-Moi-truong/Cong-dien-07-CD-TTg-2025-chu-dong-phong-chong-ret-dam-ret-hai-keo-dai-641665.aspx
2025-07-05 23:48:32,857 - INFO - ➡️ Đang truy cập: https://thuvienphapluat.vn/page/tim-van-ban.aspx?keyword=&area=0&type=26&status=1&lan=1&org=0&signer=0&match=True&sort=1&bdate=05/07/1945&edate=06/07/2025&chlbg=06/07/1945&chlend=06/07/2035&page=6
2025-07-05 23:48:34,084 - INFO - ⏳ Chờ 5.28s giả lập người dùng...
2025-07-05 23:48:41,454 - INFO - 🧭 Tiêu đề trang: Tra cứu Văn Bản Pháp Luật
2025-07-05 23:48:41,471 - INFO - ✅ Đã lấy link: https://thuvienphapluat.vn/van-ban/Lao-dong-Tien-luong/Cong-dien-06-CD-TTg-2025-ho-tro-nguoi-lao-dong-lam-viec-tren-cong-truong-Tet-At-Ty-641567.aspx
2025-07-05 23:48:41,474 - INFO - ✅ Đã lấy link: https://thuvienphapluat.vn/van-ban/Bo-may-hanh-chinh/Cong-dien-01-CD-UBND-2025-tang-cuong-tuyen-truyen-phong-chong-toi-pham-ve-vu-khi-vat-lieu-no-Ha-Noi-641576.aspx
2025-07-05 23:48:41,479 - INFO - ✅ Đã lấy link: https://thuvienphapluat.vn/van-ban/The-thao-Y-te/Cong-dien-05-CD-TTg-2025-bao-dam-an-toan-thuc-pham-dip-Tet-Nguyen-dan-va-Le-hoi-xuan-641237.aspx
2025-07-05 23:48:41,483 - INFO - ✅ Đã lấy link: https://thuvienphapluat.vn/van-ban/Giao-thong-Van-tai/Cong-dien-4-CD-TTg-2025-tang-cuong-bao-dam-trat-tu-an-toan-giao-thong-dip-Tet-At-Ty-640118.aspx
2025-07-05 23:48:41,487 - INFO - ✅ Đã lấy link: https://thuvienphapluat.vn/van-ban/Bat-dong-san/Cong-dien-03-CD-TTg-2025-tap-trung-chan-chinh-xu-ly-viec-thao-tung-gia-dau-co-bat-dong-san-640021.aspx
2025-07-05 23:48:41,491 - INFO - ✅ Đã lấy link: https://thuvienphapluat.vn/van-ban/Thuong-mai/Cong-dien-02-CD-TTg-2025-tiep-tuc-day-manh-phat-trien-thi-truong-trong-nuoc-dip-Tet-At-Ty-640020.aspx
2025-07-05 23:48:41,495 - INFO - ✅ Đã lấy link: https://thuvienphapluat.vn/van-ban/Tai-chinh-nha-nuoc/Cong-dien-01-CD-BKHDT-2025-don-doc-phan-bo-chi-tiet-ke-hoach-dau-tu-von-ngan-sach-nha-nuoc-639603.aspx
2025-07-05 23:48:41,499 - INFO - ✅ Đã lấy link: https://thuvienphapluat.vn/van-ban/Thue-Phi-Le-Phi/Cong-dien-07-CD-TCT-2024-ap-dung-thue-bao-ve-moi-truong-xang-dau-theo-60-2024-UBTVQH15-638064.aspx
2025-07-05 23:48:41,504 - INFO - ✅ Đã lấy link: https://thuvienphapluat.vn/van-ban/Thuong-mai/Cong-dien-140-CD-TTg-2024-phan-dau-tang-truong-kinh-te-hai-con-so-nam-2025-637650.aspx
2025-07-05 23:48:41,507 - INFO - ✅ Đã lấy link: https://thuvienphapluat.vn/van-ban/Cong-nghe-thong-tin/Cong-dien-139-CD-TTg-2024-tang-cuong-phong-ngua-lua-dao-chiem-doat-tai-san-su-dung-cong-nghe-cao-637067.aspx
2025-07-05 23:48:41,511 - INFO - ✅ Đã lấy link: https://thuvienphapluat.vn/van-ban/Thuong-mai/Cong-dien-137-CD-TTg-2024-thuc-day-tang-truong-kinh-te-2025-636733.aspx
2025-07-05 23:48:41,515 - INFO - ✅ Đã lấy link: https://thuvienphapluat.vn/van-ban/Tai-chinh-nha-nuoc/Cong-dien-138-CD-TTg-2024-Tong-kiem-ke-tai-san-cong-tai-co-quan-to-chuc-don-vi-636732.aspx
2025-07-05 23:48:41,519 - INFO - ✅ Đã lấy link: https://thuvienphapluat.vn/van-ban/Tien-te-Ngan-hang/Cong-dien-135-CD-TTg-2024-tiep-tuc-tang-cuong-cac-giai-phap-dieu-hanh-lai-suat-635828.aspx
2025-07-05 23:48:41,523 - INFO - ✅ Đã lấy link: https://thuvienphapluat.vn/van-ban/Cong-nghe-thong-tin/Cong-dien-133-CD-TTg-2024-day-manh-thuc-hien-nhiem-vu-trien-khai-De-an-06-phuc-vu-nguoi-dan-635662.aspx
2025-07-05 23:48:41,527 - INFO - ✅ Đã lấy link: https://thuvienphapluat.vn/van-ban/Bat-dong-san/Cong-dien-134-CD-TTg-2024-kip-thoi-chan-chinh-cong-tac-dau-gia-quyen-su-dung-dat-635664.aspx
2025-07-05 23:48:41,532 - INFO - ✅ Đã lấy link: https://thuvienphapluat.vn/van-ban/Giao-thong-Van-tai/Cong-dien-132-CD-TTg-2024-Nang-cao-hieu-qua-cong-tac-bao-dam-trat-tu-an-toan-giao-thong-635372.aspx
2025-07-05 23:48:41,536 - INFO - ✅ Đã lấy link: https://thuvienphapluat.vn/van-ban/Bo-may-hanh-chinh/Cong-dien-131-CD-TTg-2024-don-gian-hoa-thu-tuc-hanh-chinh-giam-phien-ha-cho-nguoi-dan-635056.aspx
2025-07-05 23:48:41,539 - INFO - ✅ Đã lấy link: https://thuvienphapluat.vn/van-ban/Bat-dong-san/Cong-dien-130-CD-TTg-2024-thao-go-kip-thoi-kho-khan-thuc-day-trien-khai-du-an-nha-o-xa-hoi-635060.aspx
2025-07-05 23:48:41,543 - INFO - ✅ Đã lấy link: https://thuvienphapluat.vn/van-ban/Thuong-mai/Cong-dien-129-CD-TTg-2024-tang-cuong-quan-ly-su-dung-hoa-don-dien-tu-634889.aspx
2025-07-05 23:48:41,547 - INFO - ✅ Đã lấy link: https://thuvienphapluat.vn/van-ban/Tai-nguyen-Moi-truong/Cong-dien-128-CD-TTg-2024-chu-dong-phong-chong-han-han-thieu-nuoc-xam-nhap-man-634802.aspx
2025-07-05 23:48:41,547 - INFO - ➡️ Đang truy cập: https://thuvienphapluat.vn/page/tim-van-ban.aspx?keyword=&area=0&type=26&status=1&lan=1&org=0&signer=0&match=True&sort=1&bdate=05/07/1945&edate=06/07/2025&chlbg=06/07/1945&chlend=06/07/2035&page=7
2025-07-05 23:48:42,610 - INFO - ⏳ Chờ 5.52s giả lập người dùng...
2025-07-05 23:48:50,242 - INFO - 🧭 Tiêu đề trang: Tra cứu Văn Bản Pháp Luật
2025-07-05 23:48:50,259 - INFO - ✅ Đã lấy link: https://thuvienphapluat.vn/van-ban/Linh-vuc-khac/Cong-dien-127-CD-TTg-2024-chan-chinh-cong-tac-cap-giay-xac-nhan-nguyen-lieu-thuy-san-khai-thac-634515.aspx
2025-07-05 23:48:50,263 - INFO - ✅ Đã lấy link: https://thuvienphapluat.vn/van-ban/Tai-chinh-nha-nuoc/Cong-dien-125-CD-TTg-2024-day-manh-thuc-hanh-tiet-kiem-chong-lang-phi-633734.aspx
2025-07-05 23:48:50,267 - INFO - ✅ Đã lấy link: https://thuvienphapluat.vn/van-ban/Bat-dong-san/Cong-dien-124-CD-TTg-2024-don-doc-thu-ngan-sach-nha-nuoc-cac-khoan-thu-lien-quan-den-dat-dai-633672.aspx
2025-07-05 23:48:50,270 - INFO - ✅ Đã lấy link: https://thuvienphapluat.vn/van-ban/Tien-te-Ngan-hang/Cong-dien-122-CD-TTg-2024-tang-cuong-giai-phap-dieu-hanh-tin-dung-633231.aspx
2025-07-05 23:48:50,275 - INFO - ✅ Đã lấy link: https://thuvienphapluat.vn/van-ban/Thuong-mai/Cong-dien-121-CD-TTg-2024-tiep-tuc-day-manh-phat-trien-thi-truong-trong-nuoc-633120.aspx
2025-07-05 23:48:50,278 - INFO - ✅ Đã lấy link: https://thuvienphapluat.vn/van-ban/Tai-nguyen-Moi-truong/Cong-dien-120-CD-TTg-2024-chu-dong-ung-pho-mua-lu-o-Trung-Bo-632990.aspx
2025-07-05 23:48:50,282 - INFO - ✅ Đã lấy link: https://thuvienphapluat.vn/van-ban/Thuong-mai/Cong-dien-119-CD-TTg-2024-tiep-tuc-day-manh-quan-ly-nha-nuoc-ve-thuong-mai-dien-tu-632821.aspx
2025-07-05 23:48:50,286 - INFO - ✅ Đã lấy link: https://thuvienphapluat.vn/van-ban/Giao-duc/Cong-dien-118-CD-TTg-2024-tang-cuong-phong-chong-duoi-nuoc-doi-voi-tre-em-hoc-sinh-632247.aspx
2025-07-05 23:48:50,290 - INFO - ✅ Đã lấy link: https://thuvienphapluat.vn/van-ban/Van-hoa-Xa-hoi/Cong-dien-117-CD-TTg-2024-day-manh-trien-khai-xoa-nha-tam-nha-dot-nat-tren-pham-vi-ca-nuoc-632123.aspx
2025-07-05 23:48:50,294 - INFO - ✅ Đã lấy link: https://thuvienphapluat.vn/van-ban/The-thao-Y-te/Cong-dien-116-CD-TTg-2024-tang-cuong-cong-tac-phong-chong-benh-soi-631660.aspx
2025-07-05 23:48:50,298 - INFO - ✅ Đã lấy link: https://thuvienphapluat.vn/van-ban/Dau-tu/Cong-dien-115-CD-TTg-2024-quyet-liet-thuc-hien-giai-phap-day-manh-giai-ngan-von-dau-tu-cong-630774.aspx
2025-07-05 23:48:50,302 - INFO - ✅ Đã lấy link: https://thuvienphapluat.vn/van-ban/Tai-nguyen-Moi-truong/Cong-dien-114-CD-TTg-2024-chu-dong-ung-pho-bao-YINXING-630754.aspx
2025-07-05 23:48:50,306 - INFO - ✅ Đã lấy link: https://thuvienphapluat.vn/van-ban/Dau-tu/Cong-dien-112-CD-TTg-2024-tap-trung-giai-quyet-dut-diem-cac-du-an-ton-dong-chong-lang-phi-630602.aspx
2025-07-05 23:48:50,310 - INFO - ✅ Đã lấy link: https://thuvienphapluat.vn/van-ban/Tai-nguyen-Moi-truong/Cong-dien-111-CD-TTg-2024-thuc-hien-nhiem-vu-cap-bach-chong-khai-thac-hai-san-bat-hop-phap-630113.aspx
2025-07-05 23:48:50,315 - INFO - ✅ Đã lấy link: https://thuvienphapluat.vn/van-ban/Tai-nguyen-Moi-truong/Cong-dien-110-CD-TTg-2024-chu-dong-ung-pho-bao-TRAMI-628931.aspx
2025-07-05 23:48:50,319 - INFO - ✅ Đã lấy link: https://thuvienphapluat.vn/van-ban/Bat-dong-san/Cong-dien-109-CD-TTg-2024-tang-cuong-tap-trung-trien-khai-thi-hanh-Luat-Dat-dai-628477.aspx
2025-07-05 23:48:50,323 - INFO - ✅ Đã lấy link: https://thuvienphapluat.vn/van-ban/Linh-vuc-khac/Cong-dien-108-CD-TTg-2024-day-manh-khoi-phuc-san-xuat-nong-nghiep-sau-bao-so-3-628266.aspx
2025-07-05 23:48:50,327 - INFO - ✅ Đã lấy link: https://thuvienphapluat.vn/van-ban/Tai-chinh-nha-nuoc/Cong-dien-107-CD-TTg-2024-cho-y-kien-dieu-chinh-lien-quan-den-Luat-Ngan-sach-Nha-nuoc-628264.aspx
2025-07-05 23:48:50,331 - INFO - ✅ Đã lấy link: https://thuvienphapluat.vn/van-ban/Bat-dong-san/Cong-dien-105-CD-TTg-2024-tap-trung-trien-khai-thi-hanh-Luat-Dat-dai-627049.aspx
2025-07-05 23:48:50,335 - INFO - ✅ Đã lấy link: https://thuvienphapluat.vn/van-ban/Dau-tu/Cong-dien-104-CD-TTg-2024-don-doc-day-manh-giai-ngan-von-dau-tu-cong-nhung-thang-cuoi-nam-626789.aspx
2025-07-05 23:48:50,335 - INFO - ➡️ Đang truy cập: https://thuvienphapluat.vn/page/tim-van-ban.aspx?keyword=&area=0&type=26&status=1&lan=1&org=0&signer=0&match=True&sort=1&bdate=05/07/1945&edate=06/07/2025&chlbg=06/07/1945&chlend=06/07/2035&page=8
2025-07-05 23:48:51,297 - INFO - ⏳ Chờ 3.55s giả lập người dùng...
2025-07-05 23:48:56,968 - INFO - 🧭 Tiêu đề trang: Tra cứu Văn Bản Pháp Luật
2025-07-05 23:48:56,985 - INFO - ✅ Đã lấy link: https://thuvienphapluat.vn/van-ban/Doanh-nghiep/Cong-dien-103-CD-TTg-2024-ho-tro-doanh-nghiep-thao-go-kho-khan-cuoi-nam-626787.aspx
2025-07-05 23:48:56,989 - INFO - ✅ Đã lấy link: https://thuvienphapluat.vn/van-ban/Xay-dung-Do-thi/Cong-dien-102-CD-TTg-2024-day-manh-trien-khai-xoa-nha-tam-nha-dot-nat-tren-pham-vi-ca-nuoc-626602.aspx
2025-07-05 23:48:56,993 - INFO - ✅ Đã lấy link: https://thuvienphapluat.vn/van-ban/Linh-vuc-khac/Cong-dien-100-CD-TTg-2024-chi-dao-bien-phap-phuc-hoi-san-xuat-nong-nghiep-sau-bao-so-3-625934.aspx
2025-07-05 23:48:56,998 - INFO - ✅ Đã lấy link: https://thuvienphapluat.vn/van-ban/Tai-nguyen-Moi-truong/Cong-dien-99-CD-TTg-2024-thuc-hien-giai-phap-bao-dam-cung-ung-xang-dau-cho-san-xuat-kinh-doanh-625372.aspx
2025-07-05 23:48:57,002 - INFO - ✅ Đã lấy link: https://thuvienphapluat.vn/van-ban/Tai-nguyen-Moi-truong/Cong-dien-1157-CD-BYT-2024-chu-dong-trien-khai-cong-tac-y-te-ung-pho-bao-so-4-624934.aspx
2025-07-05 23:48:57,006 - INFO - ✅ Đã lấy link: https://thuvienphapluat.vn/van-ban/Tai-nguyen-Moi-truong/Cong-dien-98-CD-TTg-2024-ung-pho-ap-thap-nhiet-doi-co-kha-nang-manh-len-thanh-bao-624980.aspx
2025-07-05 23:48:57,011 - INFO - ✅ Đã lấy link: https://thuvienphapluat.vn/van-ban/Tai-nguyen-Moi-truong/Cong-dien-97-CD-TTg-2024-chu-dong-ung-pho-ap-thap-nhiet-doi-co-kha-nang-manh-len-thanh-bao-624689.aspx
2025-07-05 23:48:57,015 - INFO - ✅ Đã lấy link: https://thuvienphapluat.vn/van-ban/Tai-chinh-nha-nuoc/Cong-dien-03-CD-BTC-2024-tang-cuong-bien-phap-quan-ly-dieu-hanh-gia-sau-bao-Yagi-625063.aspx
2025-07-05 23:48:57,019 - INFO - ✅ Đã lấy link: https://thuvienphapluat.vn/van-ban/Tai-nguyen-Moi-truong/Cong-dien-95-CD-TTg-2024-cung-ung-hang-hoa-thiet-yeu-phuc-vu-Nhan-dan-bi-anh-huong-bao-so-3-624582.aspx
2025-07-05 23:48:57,023 - INFO - ✅ Đã lấy link: https://thuvienphapluat.vn/van-ban/Tai-nguyen-Moi-truong/Cong-dien-94-CD-TTg-2024-dieu-tiet-cac-ho-chua-thuy-dien-o-cac-tinh-phia-Bac-dam-bao-an-toan-624283.aspx
2025-07-05 23:48:57,027 - INFO - ✅ Đã lấy link: https://thuvienphapluat.vn/van-ban/Tai-nguyen-Moi-truong/Cong-dien-15-CD-UBND-2024-tap-trung-khac-phuc-hau-qua-bao-so-3-Ha-Noi-624177.aspx
2025-07-05 23:48:57,031 - INFO - ✅ Đã lấy link: https://thuvienphapluat.vn/van-ban/Tai-nguyen-Moi-truong/Cong-dien-14-CD-UBND-2024-an-toan-khai-thac-cong-trinh-cau-do-anh-huong-cua-con-bao-so-3-Ha-Noi-623851.aspx
2025-07-05 23:48:57,035 - INFO - ✅ Đã lấy link: https://thuvienphapluat.vn/van-ban/Tai-nguyen-Moi-truong/Cong-dien-1200-CD-BGDDT-2024-chi-dao-cong-tac-khac-phuc-sau-bao-so-3-623955.aspx
2025-07-05 23:48:57,038 - INFO - ✅ Đã lấy link: https://thuvienphapluat.vn/van-ban/Tai-nguyen-Moi-truong/Cong-dien-92-CD-TTg-2024-tap-trung-khac-phuc-hau-qua-bao-so-3-mua-lu-sau-bao-623813.aspx
2025-07-05 23:48:57,043 - INFO - ✅ Đã lấy link: https://thuvienphapluat.vn/van-ban/Tai-nguyen-Moi-truong/Cong-dien-13-CD-UBND-2024-tap-trung-ung-pho-lu-lon-tren-cac-tuyen-song-Ha-Noi-623839.aspx
2025-07-05 23:48:57,048 - INFO - ✅ Đã lấy link: https://thuvienphapluat.vn/van-ban/Van-hoa-Xa-hoi/Cong-dien-90-CD-TTg-2024-khan-truong-cung-cap-luong-thuc-phuc-vu-nguoi-dan-bi-anh-huong-bao-so-3-623765.aspx
2025-07-05 23:48:57,052 - INFO - ✅ Đã lấy link: https://thuvienphapluat.vn/van-ban/Tai-nguyen-Moi-truong/Cong-dien-02-CD-BTC-2024-khac-phuc-thiet-hai-va-cac-su-co-do-bao-so-3-gay-ra-624123.aspx
2025-07-05 23:48:57,056 - INFO - ✅ Đã lấy link: https://thuvienphapluat.vn/van-ban/Tai-nguyen-Moi-truong/Cong-dien-1116-CD-BYT-2024-chu-dong-khac-phuc-hau-qua-sau-bao-so-3-623665.aspx
2025-07-05 23:48:57,061 - INFO - ✅ Đã lấy link: https://thuvienphapluat.vn/van-ban/Tai-nguyen-Moi-truong/Cong-dien-12-CD-UBND-2024-tap-trung-khac-phuc-hau-qua-do-anh-huong-cua-bao-so-3-Ha-Noi-623838.aspx
2025-07-05 23:48:57,065 - INFO - ✅ Đã lấy link: https://thuvienphapluat.vn/van-ban/Tai-nguyen-Moi-truong/Cong-dien-02-CD-BXD-2024-khac-phuc-hau-qua-sau-bao-so-3-623800.aspx
2025-07-05 23:48:57,065 - INFO - ➡️ Đang truy cập: https://thuvienphapluat.vn/page/tim-van-ban.aspx?keyword=&area=0&type=26&status=1&lan=1&org=0&signer=0&match=True&sort=1&bdate=05/07/1945&edate=06/07/2025&chlbg=06/07/1945&chlend=06/07/2035&page=9
2025-07-05 23:48:58,924 - INFO - ⏳ Chờ 4.20s giả lập người dùng...
2025-07-05 23:49:05,214 - INFO - 🧭 Tiêu đề trang: Tra cứu Văn Bản Pháp Luật
2025-07-05 23:49:05,234 - INFO - ✅ Đã lấy link: https://thuvienphapluat.vn/van-ban/Tai-nguyen-Moi-truong/Cong-dien-5676-CD-NHCS-2024-to-chuc-phong-chong-Con-bao-so-3-623725.aspx
2025-07-05 23:49:05,239 - INFO - ✅ Đã lấy link: https://thuvienphapluat.vn/van-ban/Tai-nguyen-Moi-truong/Cong-dien-87-CD-TTg-2024-tap-trung-ung-pho-khan-cap-bao-so-3-623199.aspx
2025-07-05 23:49:05,246 - INFO - ✅ Đã lấy link: https://thuvienphapluat.vn/van-ban/Tai-nguyen-Moi-truong/Cong-dien-1101-CD-BYT-2024-chu-dong-trien-khai-cong-tac-y-te-ung-pho-bao-so-so-03-623187.aspx
2025-07-05 23:49:05,251 - INFO - ✅ Đã lấy link: https://thuvienphapluat.vn/van-ban/Tai-nguyen-Moi-truong/Cong-dien-01-CD-BXD-2024-ung-pho-khan-cap-bao-so-3-623140.aspx
2025-07-05 23:49:05,256 - INFO - ✅ Đã lấy link: https://thuvienphapluat.vn/van-ban/Tai-nguyen-Moi-truong/Cong-dien-1170-CD-BGDDT-2024-chu-dong-ung-pho-Bao-so-3-623076.aspx
2025-07-05 23:49:05,260 - INFO - ✅ Đã lấy link: https://thuvienphapluat.vn/van-ban/Tai-nguyen-Moi-truong/Cong-dien-86-CD-TTg-2024-khan-truong-trien-khai-ung-pho-bao-so-3-622939.aspx
2025-07-05 23:49:05,265 - INFO - ✅ Đã lấy link: https://thuvienphapluat.vn/van-ban/Tai-chinh-nha-nuoc/Cong-dien-85-CD-TTg-2024-dieu-hanh-du-toan-ngan-sach-nha-nuoc-623077.aspx
2025-07-05 23:49:05,269 - INFO - ✅ Đã lấy link: https://thuvienphapluat.vn/van-ban/Thue-Phi-Le-Phi/Cong-dien-06-CD-TCT-2024-ap-dung-muc-thu-le-phi-truoc-ba-xe-o-to-theo-Nghi-dinh-109-2024-ND-CP-622896.aspx
2025-07-05 23:49:05,273 - INFO - ✅ Đã lấy link: https://thuvienphapluat.vn/van-ban/So-huu-tri-tue/Cong-dien-83-CD-TTg-2024-dao-tao-nhan-luc-chat-luong-cao-linh-vuc-vi-mach-ban-dan-tri-tue-nhan-tao-622423.aspx
2025-07-05 23:49:05,277 - INFO - ✅ Đã lấy link: https://thuvienphapluat.vn/van-ban/Bat-dong-san/Cong-dien-82-CD-TTg-2024-kip-thoi-chan-chinh-cong-tac-dau-gia-quyen-su-dung-dat-621957.aspx
2025-07-05 23:49:05,282 - INFO - ✅ Đã lấy link: https://thuvienphapluat.vn/van-ban/Giao-thong-Van-tai/Cong-dien-81-CD-TTg-2024-bao-dam-trat-tu-an-toan-giao-thong-trong-dip-le-Quoc-khanh-621804.aspx
2025-07-05 23:49:05,286 - INFO - ✅ Đã lấy link: https://thuvienphapluat.vn/van-ban/Dau-tu/Cong-dien-80-CD-TTg-2024-day-nhanh-tien-do-giai-phong-mat-bang-du-an-quan-trong-nganh-Giao-thong-621556.aspx
2025-07-05 23:49:05,289 - INFO - ✅ Đã lấy link: https://thuvienphapluat.vn/van-ban/Bat-dong-san/Cong-dien-79-CD-TTg-2024-to-chuc-trien-khai-co-hieu-qua-viec-thi-hanh-Luat-Dat-dai-621966.aspx
2025-07-05 23:49:05,294 - INFO - ✅ Đã lấy link: https://thuvienphapluat.vn/van-ban/Tai-nguyen-Moi-truong/Cong-dien-09-CD-UBND-2024-tap-trung-ung-pho-nguy-co-mua-lu-sat-lo-dat-lu-ong-lu-quet-Ha-Noi-621310.aspx
2025-07-05 23:49:05,298 - INFO - ✅ Đã lấy link: https://thuvienphapluat.vn/van-ban/Tai-nguyen-Moi-truong/Cong-dien-78-CD-TTg-2024-tap-trung-ung-pho-nguy-co-mua-lu-sat-lo-dat-tai-khu-vuc-Bac-Bo-620753.aspx
2025-07-05 23:49:05,302 - INFO - ✅ Đã lấy link: https://thuvienphapluat.vn/van-ban/Tai-nguyen-Moi-truong/Cong-dien-08-CD-UBND-2024-chu-dong-phong-chong-khac-phuc-hau-qua-thien-tai-Ha-Noi-620688.aspx
2025-07-05 23:49:05,306 - INFO - ✅ Đã lấy link: https://thuvienphapluat.vn/van-ban/Tai-chinh-nha-nuoc/Cong-dien-77-CD-TTg-2024-quan-ly-tien-cong-duc-tien-tai-tro-tai-cac-di-tich-lich-su-van-hoa-620530.aspx
2025-07-05 23:49:05,310 - INFO - ✅ Đã lấy link: https://thuvienphapluat.vn/van-ban/Dau-tu/Cong-dien-04-CD-BKHDT-2024-day-manh-giai-ngan-du-an-thuoc-chuong-trinh-phat-trien-kinh-te-xa-hoi-622308.aspx
2025-07-05 23:49:05,314 - INFO - ✅ Đã lấy link: https://thuvienphapluat.vn/van-ban/Tai-nguyen-Moi-truong/Cong-dien-04-CD-BTTTT-2024-chu-dong-phong-chong-khac-phuc-hau-qua-thien-tai-620389.aspx
2025-07-05 23:49:05,318 - INFO - ✅ Đã lấy link: https://thuvienphapluat.vn/van-ban/Trach-nhiem-hinh-su/Cong-dien-76-CD-TTg-2024-thuc-hien-cong-tac-dac-xa-620360.aspx
2025-07-05 23:49:05,318 - INFO - ➡️ Đang truy cập: https://thuvienphapluat.vn/page/tim-van-ban.aspx?keyword=&area=0&type=26&status=1&lan=1&org=0&signer=0&match=True&sort=1&bdate=05/07/1945&edate=06/07/2025&chlbg=06/07/1945&chlend=06/07/2035&page=10
2025-07-05 23:49:06,521 - INFO - ⏳ Chờ 5.76s giả lập người dùng...
2025-07-05 23:49:14,420 - INFO - 🧭 Tiêu đề trang: Tra cứu Văn Bản Pháp Luật
2025-07-05 23:49:14,443 - INFO - ✅ Đã lấy link: https://thuvienphapluat.vn/van-ban/Tai-nguyen-Moi-truong/Cong-dien-75-CD-TTg-2024-chu-dong-phong-chong-khac-phuc-hau-qua-thien-tai-thoi-gian-toi-619828.aspx
2025-07-05 23:49:14,448 - INFO - ✅ Đã lấy link: https://thuvienphapluat.vn/van-ban/Tai-nguyen-Moi-truong/Cong-dien-5515-CD-BNN-DD-2024-tap-trung-chu-dong-ung-pho-mua-lu-sat-lo-dat-622198.aspx
2025-07-05 23:49:14,452 - INFO - ✅ Đã lấy link: https://thuvienphapluat.vn/van-ban/Bat-dong-san/Cong-dien-05-CD-TCT-2024-thuc-hien-Luat-Dat-dai-31-2024-QH15-va-Nghi-dinh-103-2024-ND-CP-619496.aspx
2025-07-05 23:49:14,456 - INFO - ✅ Đã lấy link: https://thuvienphapluat.vn/van-ban/Bo-may-hanh-chinh/Cong-dien-07-CD-UBND-2024-ngung-hoat-dong-giai-tri-Le-Quoc-tang-Tong-Bi-thu-Nguyen-Phu-Trong-Ha-Noi-618046.aspx
2025-07-05 23:49:14,461 - INFO - ✅ Đã lấy link: https://thuvienphapluat.vn/van-ban/Tai-chinh-nha-nuoc/Cong-dien-71-CD-TTg-2024-nhiem-vu-trong-tam-thuc-day-tang-truong-kiem-soat-lam-phat-618052.aspx
2025-07-05 23:49:14,465 - INFO - ✅ Đã lấy link: https://thuvienphapluat.vn/van-ban/Tai-nguyen-Moi-truong/Cong-dien-70-CD-TTg-2024-tap-trung-ung-pho-bao-so-2-va-mua-lu-618042.aspx
2025-07-05 23:49:14,469 - INFO - ✅ Đã lấy link: https://thuvienphapluat.vn/van-ban/Tai-nguyen-Moi-truong/Cong-dien-06-CD-UBND-2024-nang-cao-trach-nhiem-cac-cap-chinh-quyen-trong-phong-chua-chay-Ha-Noi-617694.aspx
2025-07-05 23:49:14,473 - INFO - ✅ Đã lấy link: https://thuvienphapluat.vn/van-ban/The-thao-Y-te/Cong-dien-68-CD-TTg-2024-tang-cuong-cong-tac-phong-chong-benh-bach-hau-617135.aspx
2025-07-05 23:49:14,479 - INFO - ✅ Đã lấy link: https://thuvienphapluat.vn/van-ban/The-thao-Y-te/Cong-dien-840-CD-BYT-2024-tang-cuong-cong-tac-phong-chong-dich-benh-mua-he-616548.aspx
2025-07-05 23:49:14,483 - INFO - ✅ Đã lấy link: https://thuvienphapluat.vn/van-ban/Cong-nghe-thong-tin/Cong-dien-05-CD-UBND-2024-tuong-tac-truc-tuyen-moi-truong-so-qua-nen-tang-iHanoi-Ha-Noi-616187.aspx
2025-07-05 23:49:14,487 - INFO - ✅ Đã lấy link: https://thuvienphapluat.vn/van-ban/Tai-nguyen-Moi-truong/Cong-dien-65-CD-TTg-2024-chu-dong-ung-pho-voi-dot-mua-lon-tai-khu-vuc-Bac-Bo-615723.aspx
2025-07-05 23:49:14,491 - INFO - ✅ Đã lấy link: https://thuvienphapluat.vn/van-ban/Thue-Phi-Le-Phi/Cong-dien-04-CD-TCT-2024-trien-khai-Nghi-dinh-72-2024-ND-CP-giam-thue-gia-tri-gia-tang-615346.aspx
2025-07-05 23:49:14,496 - INFO - ✅ Đã lấy link: https://thuvienphapluat.vn/van-ban/Bo-may-hanh-chinh/Cong-dien-64-CD-TTg-2024-phan-cong-giai-quyet-cong-viec-cap-bach-615339.aspx
2025-07-05 23:49:14,500 - INFO - ✅ Đã lấy link: https://thuvienphapluat.vn/van-ban/Giao-duc/Cong-dien-60-CD-TTg-2024-to-chuc-Ky-thi-tot-nghiep-trung-hoc-pho-thong-614503.aspx
2025-07-05 23:49:14,504 - INFO - ✅ Đã lấy link: https://thuvienphapluat.vn/van-ban/Doanh-nghiep/Cong-dien-03-CD-TCT-2024-thuc-hien-gia-han-nop-thue-tieu-thu-dac-biet-o-to-san-xuat-trong-nuoc-614082.aspx
2025-07-05 23:49:14,508 - INFO - ✅ Đã lấy link: https://thuvienphapluat.vn/van-ban/Doanh-nghiep/Cong-dien-02-CD-TCT-2024-trien-khai-Nghi-dinh-64-2024-ND-CP-gia-han-thoi-han-nop-thue-gia-tri-gia-tang-614065.aspx
2025-07-05 23:49:14,512 - INFO - ✅ Đã lấy link: https://thuvienphapluat.vn/van-ban/Linh-vuc-khac/Cong-dien-58-CD-TTg-2024-trien-khai-dong-bo-giai-phap-phong-chong-dich-benh-gia-suc-gia-cam-613785.aspx
2025-07-05 23:49:14,516 - INFO - ✅ Đã lấy link: https://thuvienphapluat.vn/van-ban/Tai-nguyen-Moi-truong/Cong-dien-57-CD-TTg-2024-tap-trung-khac-phuc-hau-qua-mua-lu-cac-tinh-mien-nui-trung-du-Bac-Bo-613054.aspx
2025-07-05 23:49:14,520 - INFO - ✅ Đã lấy link: https://thuvienphapluat.vn/van-ban/Tai-nguyen-Moi-truong/Cong-dien-3955-CD-PCTT-2024-chu-dong-ung-pho-mua-lu-sat-lo-dat-ngap-ung-613181.aspx
2025-07-05 23:49:14,525 - INFO - ✅ Đã lấy link: https://thuvienphapluat.vn/van-ban/Thuong-mai/Cong-dien-56-CD-TTg-2024-tang-cuong-quan-ly-nha-nuoc-linh-vuc-thuong-mai-dien-tu-612678.aspx
2025-07-05 23:49:14,525 - INFO - 🎉 Hoàn tất! Tổng cộng 200 link đã lưu vào link_downloads/file_link_download_congdien1_10.txt
