2025-07-09 10:38:46,341 - INFO - ➡️ Đang truy cập: https://thuvienphapluat.vn/page/searchlegal.aspx?keyword=&area=0&match=True&type=0&status=1&signer=0&sort=1&lan=1&scan=0&org=0&fields=15&chlbg=09/07/1945&chlend=09/07/2035&page=1
2025-07-09 10:38:46,988 - INFO - ⏳ Chờ 7.28s giả lập người dùng...
2025-07-09 10:38:58,067 - INFO - 🧭 Tiêu đề trang: Tra cứu Văn Bản Pháp Luật
2025-07-09 10:38:58,090 - INFO - ✅ Đã lấy link: https://thuvienphapluat.vn/van-ban/Bo-may-hanh-chinh/Quyet-dinh-2257-QD-BYT-2025-cong-bo-thu-tuc-hanh-chinh-bai-bo-linh-vuc-duoc-pham-664218.aspx
2025-07-09 10:38:58,094 - INFO - ✅ Đã lấy link: https://thuvienphapluat.vn/van-ban/Bo-may-hanh-chinh/Quyet-dinh-2244-QD-BYT-2025-sua-doi-Quyet-dinh-3562-QD-BYT-cong-bo-thu-tuc-hanh-chinh-663990.aspx
2025-07-09 10:38:58,098 - INFO - ✅ Đã lấy link: https://thuvienphapluat.vn/van-ban/Bo-may-hanh-chinh/Quyet-dinh-293-QD-UBND-2025-cong-bo-thu-tuc-hanh-chinh-linh-vuc-Du-lich-cac-cap-chinh-quyen-Phu-Tho-664167.aspx
2025-07-09 10:38:58,102 - INFO - ✅ Đã lấy link: https://thuvienphapluat.vn/van-ban/Bo-may-hanh-chinh/Quyet-dinh-295-QD-UBND-2025-cong-bo-thu-tuc-hanh-chinh-Bao-tro-xa-hoi-cac-cap-chinh-quyen-Phu-Tho-664166.aspx
2025-07-09 10:38:58,106 - INFO - ✅ Đã lấy link: https://thuvienphapluat.vn/van-ban/Bao-hiem/Nghi-dinh-197-2025-ND-CP-thu-tuc-thanh-lap-bo-may-giup-viec-cua-Hoi-dong-quan-ly-bao-hiem-xa-hoi-664283.aspx
2025-07-09 10:38:58,109 - INFO - ✅ Đã lấy link: https://thuvienphapluat.vn/van-ban/Bo-may-hanh-chinh/Van-ban-hop-nhat-01-VBHN-VPCP-2025-Thong-tu-chuc-nang-Van-phong-Uy-ban-nhan-dan-tinh-664254.aspx
2025-07-09 10:38:58,113 - INFO - ✅ Đã lấy link: https://thuvienphapluat.vn/van-ban/Bo-may-hanh-chinh/Quyet-dinh-113-QD-UBND-2025-cong-bo-thu-tuc-hanh-chinh-tra-ket-qua-Bo-phan-Mot-cua-Ho-Chi-Minh-664056.aspx
2025-07-09 10:38:58,116 - INFO - ✅ Đã lấy link: https://thuvienphapluat.vn/van-ban/Bo-may-hanh-chinh/Quyet-dinh-1030-QD-BXD-2025-cong-bo-thu-tuc-hanh-chinh-bai-bo-linh-vuc-hoat-dong-xay-dung-664145.aspx
2025-07-09 10:38:58,120 - INFO - ✅ Đã lấy link: https://thuvienphapluat.vn/van-ban/Cong-nghe-thong-tin/Quyet-dinh-96-QD-BCDCP-2025-Quy-che-to-chuc-va-hoat-dong-Ban-Chi-dao-phat-trien-khoa-hoc-664082.aspx
2025-07-09 10:38:58,125 - INFO - ✅ Đã lấy link: https://thuvienphapluat.vn/van-ban/Bo-may-hanh-chinh/Quyet-dinh-2238-QD-BYT-2025-cong-bo-thu-tuc-hanh-chinh-Y-Duoc-co-truyen-tai-29-2025-TT-BYT-664024.aspx
2025-07-09 10:38:58,131 - INFO - ✅ Đã lấy link: https://thuvienphapluat.vn/van-ban/Bo-may-hanh-chinh/Quyet-dinh-1016-QD-BXD-2025-cong-bo-thu-tuc-hanh-chinh-tiep-nhan-Bo-phan-Mot-cua-663730.aspx
2025-07-09 10:38:58,135 - INFO - ✅ Đã lấy link: https://thuvienphapluat.vn/van-ban/Bo-may-hanh-chinh/Quyet-dinh-1015-QD-BXD-2025-cong-bo-thu-tuc-hanh-chinh-tiep-nhan-ho-so-tai-Bo-phan-Mot-cua-663731.aspx
2025-07-09 10:38:58,141 - INFO - ✅ Đã lấy link: https://thuvienphapluat.vn/van-ban/Cong-nghe-thong-tin/Quyet-dinh-2304-QD-BTP-2025-Quy-che-tam-thoi-quan-ly-van-hanh-Cong-Phap-luat-quoc-gia-663963.aspx
2025-07-09 10:38:58,144 - INFO - ✅ Đã lấy link: https://thuvienphapluat.vn/van-ban/Cong-nghe-thong-tin/Quyet-dinh-1625-QD-BKHCN-2025-cong-bo-thu-tuc-hanh-chinh-linh-vuc-Tan-so-vo-tuyen-dien-664044.aspx
2025-07-09 10:38:58,148 - INFO - ✅ Đã lấy link: https://thuvienphapluat.vn/van-ban/Xuat-nhap-khau/Quyet-dinh-2371-QD-BTC-2025-cong-bo-thu-tuc-hanh-chinh-duoc-sua-doi-linh-vuc-hai-quan-664041.aspx
2025-07-09 10:38:58,152 - INFO - ✅ Đã lấy link: https://thuvienphapluat.vn/van-ban/Bo-may-hanh-chinh/Quyet-dinh-2369-QD-BVHTTDL-2025-thuc-hien-66-NQ-TW-doi-moi-cong-tac-xay-dung-phap-luat-664141.aspx
2025-07-09 10:38:58,156 - INFO - ✅ Đã lấy link: https://thuvienphapluat.vn/van-ban/Thue-Phi-Le-Phi/Quyet-dinh-2345-QD-BTC-2025-cong-bo-thu-tuc-hanh-chinh-linh-vuc-quan-ly-thue-663619.aspx
2025-07-09 10:38:58,160 - INFO - ✅ Đã lấy link: https://thuvienphapluat.vn/van-ban/Bo-may-hanh-chinh/Thong-tu-68-2025-TT-BQP-sua-doi-Thong-tu-148-2018-TT-BQP-goi-cong-dan-nhap-ngu-664036.aspx
2025-07-09 10:38:58,164 - INFO - ✅ Đã lấy link: https://thuvienphapluat.vn/van-ban/Doanh-nghiep/Quyet-dinh-2354-QD-BTC-2025-cong-bo-thu-tuc-hanh-chinh-thanh-lap-va-hoat-dong-doanh-nghiep-664037.aspx
2025-07-09 10:38:58,169 - INFO - ✅ Đã lấy link: https://thuvienphapluat.vn/van-ban/Cong-nghe-thong-tin/Quyet-dinh-1600-QD-BKHCN-2025-ma-dinh-danh-dien-tu-cac-co-quan-don-vi-thuoc-Bo-Khoa-hoc-663956.aspx
2025-07-09 10:38:58,169 - INFO - ➡️ Đang truy cập: https://thuvienphapluat.vn/page/searchlegal.aspx?keyword=&area=0&match=True&type=0&status=1&signer=0&sort=1&lan=1&scan=0&org=0&fields=15&chlbg=09/07/1945&chlend=09/07/2035&page=2
2025-07-09 10:38:58,836 - INFO - ⏳ Chờ 6.65s giả lập người dùng...
2025-07-09 10:39:09,741 - INFO - 🧭 Tiêu đề trang: Tra cứu Văn Bản Pháp Luật
2025-07-09 10:39:09,757 - INFO - ✅ Đã lấy link: https://thuvienphapluat.vn/van-ban/Doanh-nghiep/Quyet-dinh-2353-QD-BTC-2025-cong-bo-thu-tuc-hanh-chinh-thanh-lap-ho-kinh-doanh-663922.aspx
2025-07-09 10:39:09,760 - INFO - ✅ Đã lấy link: https://thuvienphapluat.vn/van-ban/Bo-may-hanh-chinh/Van-ban-hop-nhat-10-VBHN-NHNN-2025-Thong-tu-cong-tac-thi-dua-khen-thuong-nganh-Ngan-hang-664256.aspx
2025-07-09 10:39:09,764 - INFO - ✅ Đã lấy link: https://thuvienphapluat.vn/van-ban/Bo-may-hanh-chinh/Thong-tu-65-2025-TT-BQP-sua-doi-Thong-tu-tinh-tuoi-quan-cap-Giay-chung-minh-quan-nhan-chuyen-nghiep-663694.aspx
2025-07-09 10:39:09,768 - INFO - ✅ Đã lấy link: https://thuvienphapluat.vn/van-ban/Bo-may-hanh-chinh/Huong-dan-18-HD-BTGDVTW-BCD-2025-lay-y-kien-Nhan-dan-du-thao-van-kien-trinh-Dai-hoi-dai-bieu-lan-thu-XIV-664149.aspx
2025-07-09 10:39:09,772 - INFO - ✅ Đã lấy link: https://thuvienphapluat.vn/van-ban/Bo-may-hanh-chinh/Thong-tu-64-2025-TT-BQP-che-do-bao-cao-hoat-dong-o-vanh-dai-bien-gioi-khu-vuc-bien-gioi-663693.aspx
2025-07-09 10:39:09,775 - INFO - ✅ Đã lấy link: https://thuvienphapluat.vn/van-ban/Giao-thong-Van-tai/Quyet-dinh-997-QD-BXD-2025-cong-bo-thu-tuc-hanh-chinh-sua-doi-linh-vuc-duong-bo-663737.aspx
2025-07-09 10:39:09,779 - INFO - ✅ Đã lấy link: https://thuvienphapluat.vn/van-ban/Bo-may-hanh-chinh/Quyet-dinh-2302-QD-BVHTTDL-2025-cong-bo-thu-tuc-hanh-chinh-linh-vuc-Du-lich-663745.aspx
2025-07-09 10:39:09,783 - INFO - ✅ Đã lấy link: https://thuvienphapluat.vn/van-ban/Cong-nghe-thong-tin/Quyet-dinh-1928-QD-BCT-2025-thu-tuc-hanh-chinh-thuc-hien-dich-vu-cong-truc-tuyen-toan-trinh-664147.aspx
2025-07-09 10:39:09,787 - INFO - ✅ Đã lấy link: https://thuvienphapluat.vn/van-ban/Bo-may-hanh-chinh/Thong-tu-33-2025-TT-BYT-thoi-han-luu-tru-ho-so-tai-lieu-nganh-y-te-663505.aspx
2025-07-09 10:39:09,790 - INFO - ✅ Đã lấy link: https://thuvienphapluat.vn/van-ban/Bo-may-hanh-chinh/Thong-tu-56-2025-TT-BCA-luu-tru-so-tai-lieu-hinh-thanh-pho-bien-trong-Cong-an-nhan-dan-663705.aspx
2025-07-09 10:39:09,794 - INFO - ✅ Đã lấy link: https://thuvienphapluat.vn/van-ban/Bo-may-hanh-chinh/Quyet-dinh-06-2025-QD-UBND-chuc-nang-nhiem-vu-quyen-han-So-Cong-thuong-Dong-Nai-663247.aspx
2025-07-09 10:39:09,798 - INFO - ✅ Đã lấy link: https://thuvienphapluat.vn/van-ban/Thuong-mai/Quyet-dinh-07-2025-QD-UBND-chuc-nang-nhiem-vu-Chi-cuc-Quan-ly-thi-truong-Dong-Nai-663248.aspx
2025-07-09 10:39:09,801 - INFO - ✅ Đã lấy link: https://thuvienphapluat.vn/van-ban/Bo-may-hanh-chinh/Quyet-dinh-58-2025-QD-UBND-chuc-nang-nhiem-vu-quyen-han-Thanh-tra-tinh-Son-La-663363.aspx
2025-07-09 10:39:09,805 - INFO - ✅ Đã lấy link: https://thuvienphapluat.vn/van-ban/Dau-tu/Thong-tu-66-2025-TT-BTC-phan-cap-tham-quyen-quan-ly-noi-nganh-quan-ly-ngan-sach-663671.aspx
2025-07-09 10:39:09,809 - INFO - ✅ Đã lấy link: https://thuvienphapluat.vn/van-ban/Bo-may-hanh-chinh/Thong-tu-55-2025-TT-BCA-cong-tac-luu-tru-tai-lieu-hinh-thanh-pho-bien-trong-Cong-an-nhan-dan-663704.aspx
2025-07-09 10:39:09,812 - INFO - ✅ Đã lấy link: https://thuvienphapluat.vn/van-ban/Bo-may-hanh-chinh/Quyet-dinh-02-2025-QD-UBND-chuc-nang-nhiem-vu-quyen-han-So-Tu-phap-Dong-Nai-663216.aspx
2025-07-09 10:39:09,816 - INFO - ✅ Đã lấy link: https://thuvienphapluat.vn/van-ban/Cong-nghe-thong-tin/Quyet-dinh-2342-QD-UBND-2025-cong-bo-thu-tuc-hanh-chinh-dich-vu-cong-truc-tuyen-So-Tu-phap-Thanh-Hoa-663344.aspx
2025-07-09 10:39:09,820 - INFO - ✅ Đã lấy link: https://thuvienphapluat.vn/van-ban/Doanh-nghiep/Quyet-dinh-2346-QD-UBND-2025-cong-bo-thu-tuc-hanh-chinh-ho-tro-phap-ly-doanh-nghiep-So-Tu-phap-Thanh-Hoa-663343.aspx
2025-07-09 10:39:09,824 - INFO - ✅ Đã lấy link: https://thuvienphapluat.vn/van-ban/Bo-may-hanh-chinh/Nghi-dinh-184-2025-ND-CP-phan-dinh-tham-quyen-khi-to-chuc-chinh-quyen-dia-phuong-02-cap-664032.aspx
2025-07-09 10:39:09,827 - INFO - ✅ Đã lấy link: https://thuvienphapluat.vn/van-ban/Bo-may-hanh-chinh/Quyet-dinh-3454-QD-UBND-2025-cong-bo-thu-tuc-hanh-chinh-linh-vuc-Moi-truong-So-Nong-nghiep-Ho-Chi-Minh-663655.aspx
2025-07-09 10:39:09,827 - INFO - ➡️ Đang truy cập: https://thuvienphapluat.vn/page/searchlegal.aspx?keyword=&area=0&match=True&type=0&status=1&signer=0&sort=1&lan=1&scan=0&org=0&fields=15&chlbg=09/07/1945&chlend=09/07/2035&page=3
2025-07-09 10:39:10,386 - INFO - ⏳ Chờ 5.37s giả lập người dùng...
2025-07-09 10:39:20,266 - INFO - 🧭 Tiêu đề trang: Tra cứu Văn Bản Pháp Luật
2025-07-09 10:39:20,281 - INFO - ✅ Đã lấy link: https://thuvienphapluat.vn/van-ban/Xuat-nhap-khau/Quyet-dinh-824-QD-CHQ-2025-chuc-nang-nhiem-vu-cac-Phong-thuoc-Chi-cuc-Dieu-tra-chong-buon-lau-663239.aspx
2025-07-09 10:39:20,284 - INFO - ✅ Đã lấy link: https://thuvienphapluat.vn/van-ban/Bo-may-hanh-chinh/Quyet-dinh-1458-QD-TTg-2025-thanh-lap-Ban-Quan-ly-Khu-cong-nghiep-Bac-Ninh-663334.aspx
2025-07-09 10:39:20,288 - INFO - ✅ Đã lấy link: https://thuvienphapluat.vn/van-ban/Xuat-nhap-khau/Quyet-dinh-822-QD-CHQ-2025-nhiem-vu-quyen-han-Chi-cuc-Kiem-dinh-hai-quan-663238.aspx
2025-07-09 10:39:20,292 - INFO - ✅ Đã lấy link: https://thuvienphapluat.vn/van-ban/Xuat-nhap-khau/Quyet-dinh-819-QD-CHQ-2025-nhiem-vu-quyen-han-Chi-cuc-Hai-quan-khu-vuc-663552.aspx
2025-07-09 10:39:20,296 - INFO - ✅ Đã lấy link: https://thuvienphapluat.vn/van-ban/Xuat-nhap-khau/Quyet-dinh-820-QD-CHQ-2025-nhiem-vu-quyen-han-Chi-cuc-Dieu-tra-chong-buon-lau-663241.aspx
2025-07-09 10:39:20,300 - INFO - ✅ Đã lấy link: https://thuvienphapluat.vn/van-ban/Xuat-nhap-khau/Quyet-dinh-821-QD-CHQ-2025-nhiem-vu-quyen-han-Chi-cuc-Kiem-tra-sau-thong-quan-663240.aspx
2025-07-09 10:39:20,304 - INFO - ✅ Đã lấy link: https://thuvienphapluat.vn/van-ban/Bo-may-hanh-chinh/Thong-tu-04-2025-TT-TANDTC-co-cau-to-chuc-bo-may-giup-viec-Toa-an-nhan-dan-cap-tinh-663638.aspx
2025-07-09 10:39:20,307 - INFO - ✅ Đã lấy link: https://thuvienphapluat.vn/van-ban/Bo-may-hanh-chinh/Thong-tu-03-2025-TT-TANDTC-thanh-lap-Toa-Phuc-tham-cuc-vu-cua-Toa-an-nhan-dan-toi-cao-663711.aspx
2025-07-09 10:39:20,311 - INFO - ✅ Đã lấy link: https://thuvienphapluat.vn/van-ban/Bo-may-hanh-chinh/Quyet-dinh-85-QD-BCDCTMTQG-2025-Quy-che-hoat-dong-Ban-Chi-dao-Trung-uong-chuong-trinh-muc-tieu-quoc-gia-663262.aspx
2025-07-09 10:39:20,314 - INFO - ✅ Đã lấy link: https://thuvienphapluat.vn/van-ban/Bo-may-hanh-chinh/Nghi-dinh-166-2025-ND-CP-sua-doi-Nghi-dinh-29-2025-ND-CP-chuc-nang-nhiem-vu-Bo-Tai-chinh-662962.aspx
2025-07-09 10:39:20,318 - INFO - ✅ Đã lấy link: https://thuvienphapluat.vn/van-ban/Bo-may-hanh-chinh/Cong-dien-04-CD-KBNN-2025-sap-xep-to-chuc-lai-he-thong-Kho-bac-Nha-nuoc-663236.aspx
2025-07-09 10:39:20,322 - INFO - ✅ Đã lấy link: https://thuvienphapluat.vn/van-ban/Bo-may-hanh-chinh/Quyet-dinh-672-QD-BNV-2025-cong-bo-thu-tuc-hanh-chinh-dich-vu-cong-truc-tuyen-toan-trinh-663330.aspx
2025-07-09 10:39:20,326 - INFO - ✅ Đã lấy link: https://thuvienphapluat.vn/van-ban/Bo-may-hanh-chinh/Thong-tu-05-2025-TT-TANDTC-sua-doi-bai-bo-Thong-tu-cua-Chanh-an-Toa-an-nhan-dan-toi-cao-663342.aspx
2025-07-09 10:39:20,329 - INFO - ✅ Đã lấy link: https://thuvienphapluat.vn/van-ban/Bo-may-hanh-chinh/Quyet-dinh-1417-QD-TTg-2025-thanh-lap-Ban-Chi-dao-ve-cai-cach-thu-tuc-hanh-chinh-663264.aspx
2025-07-09 10:39:20,333 - INFO - ✅ Đã lấy link: https://thuvienphapluat.vn/van-ban/Thue-Phi-Le-Phi/Quyet-dinh-1378-QD-CT-2025-ten-goi-tru-so-dia-ban-quan-ly-cua-cac-Thue-co-so-thuoc-Thue-tinh-663004.aspx
2025-07-09 10:39:20,337 - INFO - ✅ Đã lấy link: https://thuvienphapluat.vn/van-ban/Cong-nghe-thong-tin/Quyet-dinh-668-QD-BNV-2025-Quy-che-hoat-dong-Cong-thong-tin-dien-tu-moi-truong-mang-663882.aspx
2025-07-09 10:39:20,341 - INFO - ✅ Đã lấy link: https://thuvienphapluat.vn/van-ban/Bo-may-hanh-chinh/Quyet-dinh-825-QD-CHQ-2025-nhiem-vu-quyen-han-cac-Doi-Kiem-soat-chong-buon-lau-ma-tuy-663535.aspx
2025-07-09 10:39:20,345 - INFO - ✅ Đã lấy link: https://thuvienphapluat.vn/van-ban/Bo-may-hanh-chinh/Quyet-dinh-49-2025-QD-UBND-bai-bo-cac-van-ban-quy-pham-phap-luat-cua-Uy-ban-nhan-dan-Lang-Son-663218.aspx
2025-07-09 10:39:20,350 - INFO - ✅ Đã lấy link: https://thuvienphapluat.vn/van-ban/Bo-may-hanh-chinh/Quyet-dinh-45-2025-QD-UBND-chuc-nang-nhiem-vu-quyen-han-Thanh-tra-tinh-Lang-Son-663519.aspx
2025-07-09 10:39:20,354 - INFO - ✅ Đã lấy link: https://thuvienphapluat.vn/van-ban/Bo-may-hanh-chinh/Nghi-dinh-171-2025-ND-CP-quy-dinh-ve-dao-tao-boi-duong-cong-chuc-663215.aspx
2025-07-09 10:39:20,354 - INFO - ➡️ Đang truy cập: https://thuvienphapluat.vn/page/searchlegal.aspx?keyword=&area=0&match=True&type=0&status=1&signer=0&sort=1&lan=1&scan=0&org=0&fields=15&chlbg=09/07/1945&chlend=09/07/2035&page=4
2025-07-09 10:39:20,880 - INFO - ⏳ Chờ 6.87s giả lập người dùng...
2025-07-09 10:39:32,206 - INFO - 🧭 Tiêu đề trang: Tra cứu Văn Bản Pháp Luật
2025-07-09 10:39:32,221 - INFO - ✅ Đã lấy link: https://thuvienphapluat.vn/van-ban/Bo-may-hanh-chinh/Nghi-dinh-172-2025-ND-CP-quy-dinh-ve-xu-ly-ky-luat-can-bo-cong-chuc-663214.aspx
2025-07-09 10:39:32,224 - INFO - ✅ Đã lấy link: https://thuvienphapluat.vn/van-ban/Bo-may-hanh-chinh/Quyet-dinh-37-2025-QD-UBND-chuc-nang-nhiem-vu-quyen-han-So-Y-te-Dak-Lak-663245.aspx
2025-07-09 10:39:32,228 - INFO - ✅ Đã lấy link: https://thuvienphapluat.vn/van-ban/Bo-may-hanh-chinh/Quyet-dinh-19-2025-QD-TTg-Bang-danh-muc-va-ma-so-cac-don-vi-hanh-chinh-Viet-Nam-663707.aspx
2025-07-09 10:39:32,232 - INFO - ✅ Đã lấy link: https://thuvienphapluat.vn/van-ban/Bo-may-hanh-chinh/Quyet-dinh-2277-QD-BVHTTDL-2025-Quy-che-tiep-cong-dan-663617.aspx
2025-07-09 10:39:32,235 - INFO - ✅ Đã lấy link: https://thuvienphapluat.vn/van-ban/Bo-may-hanh-chinh/Quyet-dinh-2179-QD-BYT-2025-cong-bo-thu-tuc-hanh-chinh-sua-doi-linh-vuc-Phong-chong-te-nan-xa-hoi-663333.aspx
2025-07-09 10:39:32,239 - INFO - ✅ Đã lấy link: https://thuvienphapluat.vn/van-ban/Bo-may-hanh-chinh/Thong-tu-09-2025-TT-BNG-nhiem-vu-ve-cong-tac-doi-ngoai-co-quan-chuyen-mon-thuoc-Uy-ban-tinh-664052.aspx
2025-07-09 10:39:32,243 - INFO - ✅ Đã lấy link: https://thuvienphapluat.vn/van-ban/Cong-nghe-thong-tin/Quyet-dinh-2254-QD-BVHTTDL-2025-ung-dung-du-lieu-so-hoa-ho-so-thu-tuc-hanh-chinh-663258.aspx
2025-07-09 10:39:32,246 - INFO - ✅ Đã lấy link: https://thuvienphapluat.vn/van-ban/Bo-may-hanh-chinh/Thong-tu-10-2025-TT-BNG-huong-dan-Dieu-13-Dieu-14-Nghi-dinh-134-2025-ND-CP-664053.aspx
2025-07-09 10:39:32,250 - INFO - ✅ Đã lấy link: https://thuvienphapluat.vn/van-ban/Xuat-nhap-khau/Quyet-dinh-823-QD-CHQ-2025-sua-doi-Quyet-dinh-chuc-nang-nhiem-vu-don-vi-Cuc-Hai-quan-663237.aspx
2025-07-09 10:39:32,254 - INFO - ✅ Đã lấy link: https://thuvienphapluat.vn/van-ban/Thue-Phi-Le-Phi/Quyet-dinh-1376-QD-BTC-2025-chuc-nang-nhiem-vu-quyen-han-co-cau-to-chuc-Thue-tinh-663152.aspx
2025-07-09 10:39:32,257 - INFO - ✅ Đã lấy link: https://thuvienphapluat.vn/van-ban/Bo-may-hanh-chinh/Quyet-dinh-1452-QD-TTg-2025-Ke-hoach-trien-khai-thi-hanh-Bo-luat-Hinh-su-sua-doi-663331.aspx
2025-07-09 10:39:32,261 - INFO - ✅ Đã lấy link: https://thuvienphapluat.vn/van-ban/Bat-dong-san/Quyet-dinh-56-2025-QD-UBND-bai-bo-Quyet-dinh-41-2022-QD-UBND-Son-La-663087.aspx
2025-07-09 10:39:32,265 - INFO - ✅ Đã lấy link: https://thuvienphapluat.vn/van-ban/Bo-may-hanh-chinh/Quyet-dinh-39-2025-QD-UBND-Quy-che-lam-viec-cua-Uy-ban-thanh-pho-Ha-Noi-664002.aspx
2025-07-09 10:39:32,268 - INFO - ✅ Đã lấy link: https://thuvienphapluat.vn/van-ban/Thue-Phi-Le-Phi/Quyet-dinh-2229-QD-BTC-2025-sua-doi-Quyet-dinh-381-QD-BTC-chuc-nang-nhiem-vu-Cuc-Thue-663079.aspx
2025-07-09 10:39:32,272 - INFO - ✅ Đã lấy link: https://thuvienphapluat.vn/van-ban/Bo-may-hanh-chinh/Quyet-dinh-39-2025-QD-UBND-chuc-nang-nhiem-vu-quyen-han-So-Noi-vu-Lang-Son-663561.aspx
2025-07-09 10:39:32,275 - INFO - ✅ Đã lấy link: https://thuvienphapluat.vn/van-ban/Bo-may-hanh-chinh/Quyet-dinh-40-2025-QD-UBND-chuc-nang-nhiem-vu-quyen-han-So-Cong-Thuong-Lang-Son-663560.aspx
2025-07-09 10:39:32,279 - INFO - ✅ Đã lấy link: https://thuvienphapluat.vn/van-ban/Bo-may-hanh-chinh/Quyet-dinh-38-2025-QD-UBND-chuc-nang-nhiem-vu-quyen-han-So-Y-te-Lang-Son-663559.aspx
2025-07-09 10:39:32,283 - INFO - ✅ Đã lấy link: https://thuvienphapluat.vn/van-ban/Bo-may-hanh-chinh/Nghi-dinh-177-2025-ND-CP-sua-doi-cac-Nghi-dinh-trong-linh-vuc-thoa-thuan-quoc-te-663358.aspx
2025-07-09 10:39:32,287 - INFO - ✅ Đã lấy link: https://thuvienphapluat.vn/van-ban/Bo-may-hanh-chinh/Nghi-dinh-170-2025-ND-CP-su-dung-va-quan-ly-cong-chuc-663212.aspx
2025-07-09 10:39:32,290 - INFO - ✅ Đã lấy link: https://thuvienphapluat.vn/van-ban/Lao-dong-Tien-luong/Nghi-dinh-173-2025-ND-CP-hop-dong-thuc-hien-nhiem-vu-cua-cong-chuc-663213.aspx
2025-07-09 10:39:32,290 - INFO - ➡️ Đang truy cập: https://thuvienphapluat.vn/page/searchlegal.aspx?keyword=&area=0&match=True&type=0&status=1&signer=0&sort=1&lan=1&scan=0&org=0&fields=15&chlbg=09/07/1945&chlend=09/07/2035&page=5
2025-07-09 10:39:32,814 - INFO - ⏳ Chờ 7.71s giả lập người dùng...
2025-07-09 10:39:44,001 - INFO - 🧭 Tiêu đề trang: Tra cứu Văn Bản Pháp Luật
2025-07-09 10:39:44,024 - INFO - ✅ Đã lấy link: https://thuvienphapluat.vn/van-ban/Bo-may-hanh-chinh/Quyet-dinh-1641-QD-UBND-2025-cong-bo-thu-tuc-hanh-chinh-linh-vuc-Duong-bo-So-Xay-dung-Son-La-663051.aspx
2025-07-09 10:39:44,031 - INFO - ✅ Đã lấy link: https://thuvienphapluat.vn/van-ban/Bo-may-hanh-chinh/Quyet-dinh-294-QD-VP-2025-cong-bo-thu-tuc-hanh-chinh-So-Dan-toc-Ton-giao-Tuyen-Quang-663049.aspx
2025-07-09 10:39:44,037 - INFO - ✅ Đã lấy link: https://thuvienphapluat.vn/van-ban/Lao-dong-Tien-luong/Quyet-dinh-80-2025-QD-UBND-bai-bo-Quyet-dinh-199-2003-QD-UB-Ho-Chi-Minh-664267.aspx
2025-07-09 10:39:44,043 - INFO - ✅ Đã lấy link: https://thuvienphapluat.vn/van-ban/Bo-may-hanh-chinh/Quyet-dinh-2180-QD-BYT-2025-cong-bo-thu-tuc-hanh-chinh-moi-linh-vuc-Bao-tro-xa-hoi-664222.aspx
2025-07-09 10:39:44,048 - INFO - ✅ Đã lấy link: https://thuvienphapluat.vn/van-ban/Bo-may-hanh-chinh/Cong-dien-101-CD-TTg%e2%80%8b-2025-dam-bao-khong-gian-doan-thong-tin-du-lieu-hoat-dong-cong-vu-662957.aspx
2025-07-09 10:39:44,053 - INFO - ✅ Đã lấy link: https://thuvienphapluat.vn/van-ban/Bo-may-hanh-chinh/Nghi-dinh-161-2025-ND-CP-huong-dan-Phap-lenh-Quan-ly-bao-ve-Khu-Di-tich-Lang-Chu-tich-Ho-Chi-Minh-662889.aspx
2025-07-09 10:39:44,057 - INFO - ✅ Đã lấy link: https://thuvienphapluat.vn/van-ban/Bo-may-hanh-chinh/Quyet-dinh-2255-QD-UBND-2025-cong-bo-thu-tuc-hanh-chinh-So-Cong-Thuong-Thanh-Hoa-663346.aspx
2025-07-09 10:39:44,062 - INFO - ✅ Đã lấy link: https://thuvienphapluat.vn/van-ban/Bo-may-hanh-chinh/Quyet-dinh-2280-QD-UBND-2025-cong-bo-thu-tuc-hanh-chinh-chuan-hoa-So-Giao-duc-Thanh-Hoa-663345.aspx
2025-07-09 10:39:44,067 - INFO - ✅ Đã lấy link: https://thuvienphapluat.vn/van-ban/Bo-may-hanh-chinh/Quyet-dinh-946-QD-BXD-2025-thuc-hien-Nghi-quyet-140-NQ-CP-doi-moi-cong-tac-xay-dung-phap-luat-663553.aspx
2025-07-09 10:39:44,073 - INFO - ✅ Đã lấy link: https://thuvienphapluat.vn/van-ban/Bo-may-hanh-chinh/Quyet-dinh-1400-QD-TTg-2025-thanh-lap-Ban-Quan-ly-Khu-kinh-te-khu-cong-nghiep-Ninh-Binh-662976.aspx
2025-07-09 10:39:44,077 - INFO - ✅ Đã lấy link: https://thuvienphapluat.vn/van-ban/Bo-may-hanh-chinh/Quyet-dinh-1980-QD-BTP2025-cong-bo-thu-tuc-hanh-chinh-linh-vuc-pho-bien-giao-duc-phap-luat-663883.aspx
2025-07-09 10:39:44,081 - INFO - ✅ Đã lấy link: https://thuvienphapluat.vn/van-ban/Bo-may-hanh-chinh/Quyet-dinh-36-2025-QD-UBND-bai-bo-Chi-thi-03-2014-CT-UBND-Quang-Nam-662989.aspx
2025-07-09 10:39:44,086 - INFO - ✅ Đã lấy link: https://thuvienphapluat.vn/van-ban/Bat-dong-san/Quyet-dinh-2418-QD-BNNMT-2025-dinh-chinh-Nghi-dinh-151-2025-ND-CP-664111.aspx
2025-07-09 10:39:44,092 - INFO - ✅ Đã lấy link: https://thuvienphapluat.vn/van-ban/Bo-may-hanh-chinh/Quyet-dinh-60-2025-QD-UBND-thuc-hien-co-che-mot-cua-lien-thong-cap-dien-qua-luoi-dien-trung-ap-Thanh-Hoa-663181.aspx
2025-07-09 10:39:44,097 - INFO - ✅ Đã lấy link: https://thuvienphapluat.vn/van-ban/Dau-tu/Nghi-quyet-13-2025-NQ-HDND-bai-bo-Nghi-quyet-16-2023-NQ-HDND-Ho-Chi-Minh-663645.aspx
2025-07-09 10:39:44,102 - INFO - ✅ Đã lấy link: https://thuvienphapluat.vn/van-ban/Dich-vu-phap-ly/Quyet-dinh-35-2025-QD-UBND-bai-bo-Quyet-dinh-29-2021-QD-UBND-Quang-Nam-662988.aspx
2025-07-09 10:39:44,106 - INFO - ✅ Đã lấy link: https://thuvienphapluat.vn/van-ban/Thuong-mai/Quyet-dinh-59-2025-QD-UBND-uy-quyen-So-Cong-Thuong-thuc-hien-nhiem-vu-cong-nghiep-Thanh-Hoa-663183.aspx
2025-07-09 10:39:44,111 - INFO - ✅ Đã lấy link: https://thuvienphapluat.vn/van-ban/Bo-may-hanh-chinh/Quyet-dinh-1709-QD-BGDDT-2025-cong-bo-thu-tuc-hanh-chinh-noi-bo-moi-duoc-sua-doi-662879.aspx
2025-07-09 10:39:44,115 - INFO - ✅ Đã lấy link: https://thuvienphapluat.vn/van-ban/Bo-may-hanh-chinh/Nghi-quyet-1745-NQ-UBTVQH15-2025-phe-chuan-de-nghi-ve-bo-may-lam-viec-cua-Vien-kiem-sat-toi-cao-662876.aspx
2025-07-09 10:39:44,120 - INFO - ✅ Đã lấy link: https://thuvienphapluat.vn/van-ban/Bo-may-hanh-chinh/Thong-tu-10-2025-TT-BKHCN-huong-dan-chuc-nang-co-quan-chuyen-mon-Uy-ban-nhan-dan-cap-tinh-662839.aspx
2025-07-09 10:39:44,120 - INFO - ➡️ Đang truy cập: https://thuvienphapluat.vn/page/searchlegal.aspx?keyword=&area=0&match=True&type=0&status=1&signer=0&sort=1&lan=1&scan=0&org=0&fields=15&chlbg=09/07/1945&chlend=09/07/2035&page=6
2025-07-09 10:39:44,797 - INFO - ⏳ Chờ 7.27s giả lập người dùng...
2025-07-09 10:39:55,822 - INFO - 🧭 Tiêu đề trang: Tra cứu Văn Bản Pháp Luật
2025-07-09 10:39:55,837 - INFO - ✅ Đã lấy link: https://thuvienphapluat.vn/van-ban/Tien-te-Ngan-hang/Cong-dien-98-CD-TTg-2025-bao-dam-nhiem-vu-linh-vuc-tai-chinh-hieu-qua-sap-xep-don-vi-hanh-chinh-662986.aspx
2025-07-09 10:39:55,841 - INFO - ✅ Đã lấy link: https://thuvienphapluat.vn/van-ban/Bo-may-hanh-chinh/Nghi-quyet-85-2025-UBTVQH15-phe-chuan-thanh-lap-Toa-Phuc-tham-Toa-an-nhan-dan-toi-cao-663716.aspx
2025-07-09 10:39:55,845 - INFO - ✅ Đã lấy link: https://thuvienphapluat.vn/van-ban/Bo-may-hanh-chinh/Quyet-dinh-2391-QD-BNNMT-2025-cong-bo-thu-tuc-hanh-chinh-sua-doi-linh-vuc-lam-nghiep-663513.aspx
2025-07-09 10:39:55,848 - INFO - ✅ Đã lấy link: https://thuvienphapluat.vn/van-ban/Bo-may-hanh-chinh/Thong-tu-48-2025-TT-BCA-sua-doi-Thong-tu-09-2024-TT-BCA-cong-tac-dan-van-Cong-an-nhan-dan-663450.aspx
2025-07-09 10:39:55,853 - INFO - ✅ Đã lấy link: https://thuvienphapluat.vn/van-ban/Bo-may-hanh-chinh/Nghi-quyet-84-2025-UBTVQH15-thanh-lap-Vien-kiem-sat-nhan-dan-cap-tinh-Vien-kiem-sat-nhan-dan-khu-vuc-663715.aspx
2025-07-09 10:39:55,856 - INFO - ✅ Đã lấy link: https://thuvienphapluat.vn/van-ban/Thuong-mai/Quyet-dinh-1393-QD-TTg-2025-thanh-lap-Ban-Quan-ly-Khu-kinh-te-tinh-Quang-Tri-662978.aspx
2025-07-09 10:39:55,860 - INFO - ✅ Đã lấy link: https://thuvienphapluat.vn/van-ban/Bo-may-hanh-chinh/Quyet-dinh-1392-QD-TTg-2025-thanh-lap-Ban-Quan-ly-cac-khu-cong-nghiep-tinh-Thai-Nguyen-662977.aspx
2025-07-09 10:39:55,864 - INFO - ✅ Đã lấy link: https://thuvienphapluat.vn/van-ban/Doanh-nghiep/Quyet-dinh-1753-QD-BGDDT-2025-Phuong-an-cat-giam-07-thu-tuc-hanh-chinh-san-xuat-kinh-doanh-663614.aspx
2025-07-09 10:39:55,867 - INFO - ✅ Đã lấy link: https://thuvienphapluat.vn/van-ban/Bo-may-hanh-chinh/Quyet-dinh-26-2025-QD-UBND-bai-bo-cac-van-ban-quy-pham-phap-luat-Tuyen-Quang-662742.aspx
2025-07-09 10:39:55,871 - INFO - ✅ Đã lấy link: https://thuvienphapluat.vn/van-ban/Bo-may-hanh-chinh/Quyet-dinh-1629-QD-UBND-2025-cong-bo-thu-tuc-hanh-chinh-khoa-hoc-cong-nghe-So-Khoa-hoc-Lai-Chau-662823.aspx
2025-07-09 10:39:55,875 - INFO - ✅ Đã lấy link: https://thuvienphapluat.vn/van-ban/Bo-may-hanh-chinh/Quyet-dinh-1755-QD-BGDDT-2025-cong-bo-thu-tuc-hanh-chinh-chuan-hoa-thuoc-Bo-Giao-duc-Dao-tao-663329.aspx
2025-07-09 10:39:55,878 - INFO - ✅ Đã lấy link: https://thuvienphapluat.vn/van-ban/Bo-may-hanh-chinh/Nghi-quyet-82-2025-UBTVQH15-sua-doi-Nghi-quyet-dieu-kien-cua-tung-bac-Tham-phan-Toa-an-nhan-dan-623011.aspx
2025-07-09 10:39:55,882 - INFO - ✅ Đã lấy link: https://thuvienphapluat.vn/van-ban/Bo-may-hanh-chinh/Cong-dien-99-CD-TTg-2025-bao-dam-van-hanh-mo-hinh-to-chuc-chinh-quyen-02-cap-thong-suot-662987.aspx
2025-07-09 10:39:55,885 - INFO - ✅ Đã lấy link: https://thuvienphapluat.vn/van-ban/Bao-hiem/Quyet-dinh-2194-QD-BTC-2025-cong-bo-thu-tuc-hanh-chinh-linh-vuc-kinh-doanh-bao-hiem-663206.aspx
2025-07-09 10:39:55,889 - INFO - ✅ Đã lấy link: https://thuvienphapluat.vn/van-ban/Thuong-mai/Quyet-dinh-383-QD-BDTTG-2025-dinh-chinh-Thong-tu-04-2025-TT-BDTTG-sua-doi-Thong-tu-01-2022-TT-UBDT-663362.aspx
2025-07-09 10:39:55,893 - INFO - ✅ Đã lấy link: https://thuvienphapluat.vn/van-ban/Bo-may-hanh-chinh/Nghi-quyet-81-2025-UBTVQH15-thanh-lap-Toa-an-nhan-dan-cap-tinh-Toa-an-nhan-dan-khu-vuc-662791.aspx
2025-07-09 10:39:55,896 - INFO - ✅ Đã lấy link: https://thuvienphapluat.vn/van-ban/Lao-dong-Tien-luong/Luat-sua-doi-Luat-Mat-tran-To-quoc-Viet-Nam-Luat-Cong-doan-Luat-Thanh-nien-2025-663709.aspx
2025-07-09 10:39:55,900 - INFO - ✅ Đã lấy link: https://thuvienphapluat.vn/van-ban/Bo-may-hanh-chinh/Nghi-quyet-193-NQ-CP-2025-phong-chong-tham-nhung-trong-quan-ly-su-dung-tai-san-cong-662982.aspx
2025-07-09 10:39:55,904 - INFO - ✅ Đã lấy link: https://thuvienphapluat.vn/van-ban/Bo-may-hanh-chinh/Quyet-dinh-5461-QD-BCA-C07-2025-cong-bo-thu-tuc-hanh-chinh-linh-vuc-phong-chay-chua-chay-663884.aspx
2025-07-09 10:39:55,907 - INFO - ✅ Đã lấy link: https://thuvienphapluat.vn/van-ban/Bo-may-hanh-chinh/Quyet-dinh-382-QD-BDTTG-2025-dinh-chinh-Thong-tu-06-2025-TT-BDTTG-663706.aspx
2025-07-09 10:39:55,907 - INFO - ➡️ Đang truy cập: https://thuvienphapluat.vn/page/searchlegal.aspx?keyword=&area=0&match=True&type=0&status=1&signer=0&sort=1&lan=1&scan=0&org=0&fields=15&chlbg=09/07/1945&chlend=09/07/2035&page=7
2025-07-09 10:39:56,400 - INFO - ⏳ Chờ 7.21s giả lập người dùng...
2025-07-09 10:40:06,932 - INFO - 🧭 Tiêu đề trang: Tra cứu Văn Bản Pháp Luật
2025-07-09 10:40:06,947 - INFO - ✅ Đã lấy link: https://thuvienphapluat.vn/van-ban/Bo-may-hanh-chinh/Quyet-dinh-46-2025-QD-UBND-chuc-nang-nhiem-vu-Trung-tam-Giao-duc-Thuong-xuyen-Hai-Phong-663001.aspx
2025-07-09 10:40:06,951 - INFO - ✅ Đã lấy link: https://thuvienphapluat.vn/van-ban/Bo-may-hanh-chinh/Quyet-dinh-45-2025-QD-UBND-chuc-nang-nhiem-vu-Ban-Quan-ly-cang-ca-ben-ca-Hai-Phong-662994.aspx
2025-07-09 10:40:06,955 - INFO - ✅ Đã lấy link: https://thuvienphapluat.vn/van-ban/Bo-may-hanh-chinh/Quyet-dinh-43-2025-QD-UBND-chuc-nang-nhiem-vu-quyen-han-Trung-tam-Khuyen-nong-Hai-Phong-662996.aspx
2025-07-09 10:40:06,958 - INFO - ✅ Đã lấy link: https://thuvienphapluat.vn/van-ban/Bo-may-hanh-chinh/Quyet-dinh-44-2025-QD-UBND-chuc-nang-nhiem-vu-Trung-tam-Quan-trac-moi-truong-Hai-Phong-662995.aspx
2025-07-09 10:40:06,962 - INFO - ✅ Đã lấy link: https://thuvienphapluat.vn/van-ban/Bat-dong-san/Quyet-dinh-42-2025-QD-UBND-chuc-nang-nhiem-vu-Van-phong-Dang-ky-dat-dai-Hai-Phong-662993.aspx
2025-07-09 10:40:06,966 - INFO - ✅ Đã lấy link: https://thuvienphapluat.vn/van-ban/Bo-may-hanh-chinh/Quyet-dinh-50-2025-QD-UBND-chuc-nang-nhiem-vu-Ban-Quan-ly-du-an-dau-tu-xay-dung-Nam-Dinh-663003.aspx
2025-07-09 10:40:06,970 - INFO - ✅ Đã lấy link: https://thuvienphapluat.vn/van-ban/Bo-may-hanh-chinh/Quyet-dinh-52-2025-QD-UBND-chuc-nang-nhiem-vu-Benh-vien-Da-khoa-Nam-Dinh-thuoc-So-Y-te-Nam-Dinh-663000.aspx
2025-07-09 10:40:06,973 - INFO - ✅ Đã lấy link: https://thuvienphapluat.vn/van-ban/Bo-may-hanh-chinh/Quyet-dinh-1069-QD-UBND-2025-cong-bo-thu-tuc-hanh-chinh-boi-thuong-nha-nuoc-So-Tu-phap-Quang-Ngai-663313.aspx
2025-07-09 10:40:06,977 - INFO - ✅ Đã lấy link: https://thuvienphapluat.vn/van-ban/Doanh-nghiep/Quyet-dinh-1097-QD-UBND-2025-cong-bo-thu-tuc-hanh-chinh-hoat-dong-to-hop-tac-Uy-ban-xa-Quang-Ngai-663314.aspx
2025-07-09 10:40:06,981 - INFO - ✅ Đã lấy link: https://thuvienphapluat.vn/van-ban/Bat-dong-san/Quyet-dinh-60-2025-QD-UBND-bai-bo-cac-Quyet-dinh-Quy-che-quan-ly-Quy-phat-trien-dat-Tay-Ninh-662850.aspx
2025-07-09 10:40:06,985 - INFO - ✅ Đã lấy link: https://thuvienphapluat.vn/van-ban/Bo-may-hanh-chinh/Quyet-dinh-62-2025-QD-UBND-sua-doi-Quy-dinh-chuc-nang-nhiem-vu-Thanh-tra-Tay-Ninh-662848.aspx
2025-07-09 10:40:06,988 - INFO - ✅ Đã lấy link: https://thuvienphapluat.vn/van-ban/Bo-may-hanh-chinh/Quyet-dinh-51-2025-QD-UBND-chuc-nang-Ban-Quan-ly-du-an-xay-dung-chuyen-nganh-Nong-nghiep-Nam-Dinh-663002.aspx
2025-07-09 10:40:06,992 - INFO - ✅ Đã lấy link: https://thuvienphapluat.vn/van-ban/Bo-may-hanh-chinh/Quyet-dinh-1113-QD-UBND-2025-cong-bo-thu-tuc-hanh-chinh-Quan-ly-cong-san-So-Tai-chinh-Quang-Ngai-663307.aspx
2025-07-09 10:40:06,995 - INFO - ✅ Đã lấy link: https://thuvienphapluat.vn/van-ban/Bo-may-hanh-chinh/Quyet-dinh-1125-QD-UBND-2025-cong-bo-thu-tuc-hanh-chinh-linh-vuc-tiep-cong-dan-Quang-Ngai-663308.aspx
2025-07-09 10:40:06,999 - INFO - ✅ Đã lấy link: https://thuvienphapluat.vn/van-ban/Bo-may-hanh-chinh/Quyet-dinh-37-2025-QD-UBND-chuc-nang-nhiem-vu-quyen-han-Thanh-tra-thanh-pho-Ha-Noi-664213.aspx
2025-07-09 10:40:07,002 - INFO - ✅ Đã lấy link: https://thuvienphapluat.vn/van-ban/Bo-may-hanh-chinh/Quyet-dinh-46-2025-QD-UBND-chuc-nang-Trung-tam-Quan-ly-Du-lieu-tai-nguyen-moi-truong-Da-Nang-663243.aspx
2025-07-09 10:40:07,006 - INFO - ✅ Đã lấy link: https://thuvienphapluat.vn/van-ban/Bo-may-hanh-chinh/Quyet-dinh-1126-QD-UBND-2025-cong-bo-thu-tuc-hanh-chinh-So-Giao-duc-Quang-Ngai-664097.aspx
2025-07-09 10:40:07,010 - INFO - ✅ Đã lấy link: https://thuvienphapluat.vn/van-ban/Bo-may-hanh-chinh/Nghi-quyet-225-2025-QH15-thi-hanh-Luat-To-chuc-Toa-an-nhan-dan-sua-doi-662842.aspx
2025-07-09 10:40:07,014 - INFO - ✅ Đã lấy link: https://thuvienphapluat.vn/van-ban/Bo-may-hanh-chinh/Luat-sua-doi-11-Luat-ve-quan-su-quoc-phong-2025-so-98-2025-QH15-662116.aspx
2025-07-09 10:40:07,017 - INFO - ✅ Đã lấy link: https://thuvienphapluat.vn/van-ban/Bo-may-hanh-chinh/Nghi-quyet-83-2025-UBTVQH15-Quy-che-hoat-dong-Hoi-dong-tuyen-chon-Tham-phan-quoc-gia-663714.aspx
2025-07-09 10:40:07,017 - INFO - ➡️ Đang truy cập: https://thuvienphapluat.vn/page/searchlegal.aspx?keyword=&area=0&match=True&type=0&status=1&signer=0&sort=1&lan=1&scan=0&org=0&fields=15&chlbg=09/07/1945&chlend=09/07/2035&page=8
2025-07-09 10:40:07,552 - INFO - ⏳ Chờ 6.20s giả lập người dùng...
2025-07-09 10:40:17,397 - INFO - 🧭 Tiêu đề trang: Tra cứu Văn Bản Pháp Luật
2025-07-09 10:40:17,412 - INFO - ✅ Đã lấy link: https://thuvienphapluat.vn/van-ban/Bo-may-hanh-chinh/Nghi-quyet-02-2025-NQ-HDTP-sua-doi-mot-so-Nghi-quyet-cua-Hoi-dong-Tham-phan-Toa-an-toi-cao-663113.aspx
2025-07-09 10:40:17,416 - INFO - ✅ Đã lấy link: https://thuvienphapluat.vn/van-ban/Bo-may-hanh-chinh/Quyet-dinh-57-2025-QD-UBND-bai-bo-Quyet-dinh-10-2024-QD-UBND-Thanh-Hoa-663185.aspx
2025-07-09 10:40:17,420 - INFO - ✅ Đã lấy link: https://thuvienphapluat.vn/van-ban/Bo-may-hanh-chinh/Quyet-dinh-58-2025-QD-UBND-to-chuc-lai-Trung-tam-Phuc-vu-Hanh-chinh-cong-Thanh-Hoa-663188.aspx
2025-07-09 10:40:17,424 - INFO - ✅ Đã lấy link: https://thuvienphapluat.vn/van-ban/Bo-may-hanh-chinh/Quyet-dinh-27-2025-QD-UBND-bai-bo-Quyet-dinh-02-2014-QD-UBND-Quang-Binh-663027.aspx
2025-07-09 10:40:17,428 - INFO - ✅ Đã lấy link: https://thuvienphapluat.vn/van-ban/Bo-may-hanh-chinh/Quyet-dinh-1081-QD-UBND-2025-thu-tuc-hanh-chinh-quan-ly-de-dieu-So-Nong-nghiep-Quang-Ngai-663059.aspx
2025-07-09 10:40:17,432 - INFO - ✅ Đã lấy link: https://thuvienphapluat.vn/van-ban/Cong-nghe-thong-tin/Quy-dinh-337-QD-TW%e2%80%8b-2025-gui-nhan-van-ban-dien-tu-tren-mang-thong-tin-dien-rong-cua-Dang-662959.aspx
2025-07-09 10:40:17,436 - INFO - ✅ Đã lấy link: https://thuvienphapluat.vn/van-ban/Bo-may-hanh-chinh/Phap-lenh-08-2025-UBTVQH15-sua-doi-Phap-lenh-Thu-tuc-bat-giu-tau-bien-662841.aspx
2025-07-09 10:40:17,439 - INFO - ✅ Đã lấy link: https://thuvienphapluat.vn/van-ban/Bat-dong-san/Quyet-dinh-1700-QD-UBND-2025-thu-tuc-hanh-chinh-dat-dai-khong-phu-thuoc-dia-gioi-hanh-chinh-Can-Tho-663347.aspx
2025-07-09 10:40:17,443 - INFO - ✅ Đã lấy link: https://thuvienphapluat.vn/van-ban/Bo-may-hanh-chinh/Quyet-dinh-34-2025-QD-UBND-bai-bo-cac-Quyet-dinh-cua-Uy-ban-nhan-dan-Quang-Nam-662998.aspx
2025-07-09 10:40:17,446 - INFO - ✅ Đã lấy link: https://thuvienphapluat.vn/van-ban/Bo-may-hanh-chinh/Quyet-dinh-1501-QD-UBND-2025-cong-bo-thu-tuc-hanh-chinh-noi-bo-So-Khoa-hoc-Dak-Lak-662736.aspx
2025-07-09 10:40:17,450 - INFO - ✅ Đã lấy link: https://thuvienphapluat.vn/van-ban/Doanh-nghiep/Quyet-dinh-1504-QD-UBND-2025-cong-bo-thu-tuc-hanh-chinh-thanh-lap-Ho-kinh-doanh-Uy-ban-xa-Dak-Lak-662739.aspx
2025-07-09 10:40:17,454 - INFO - ✅ Đã lấy link: https://thuvienphapluat.vn/van-ban/Doanh-nghiep/Quyet-dinh-1503-QD-UBND-2025-cong-bo-thu-tuc-hanh-chinh-ho-tro-To-hop-tac-Uy-ban-xa-Dak-Lak-662738.aspx
2025-07-09 10:40:17,457 - INFO - ✅ Đã lấy link: https://thuvienphapluat.vn/van-ban/Bo-may-hanh-chinh/Quyet-dinh-1502-QD-UBND-2025-cong-bo-thu-tuc-hanh-chinh-An-toan-thuc-pham-So-Y-te-Dak-Lak-662737.aspx
2025-07-09 10:40:17,461 - INFO - ✅ Đã lấy link: https://thuvienphapluat.vn/van-ban/Bo-may-hanh-chinh/Quyet-dinh-1509-QD-UBND-2025-cong-bo-thu-tuc-hanh-chinh-linh-vuc-hang-hai-So-Xay-dung-Dak-Lak-662740.aspx
2025-07-09 10:40:17,465 - INFO - ✅ Đã lấy link: https://thuvienphapluat.vn/van-ban/Bo-may-hanh-chinh/Quyet-dinh-1567-QD-UBND-2025-cong-bo-thu-tuc-hanh-chinh-linh-vuc-Thuy-san-So-Nong-nghiep-Son-La-662676.aspx
2025-07-09 10:40:17,468 - INFO - ✅ Đã lấy link: https://thuvienphapluat.vn/van-ban/Bo-may-hanh-chinh/Quyet-dinh-1568-QD-UBND-2025-cong-bo-thu-tuc-hanh-chinh-Lam-nghiep-So-Nong-nghiep-Son-La-662677.aspx
2025-07-09 10:40:17,472 - INFO - ✅ Đã lấy link: https://thuvienphapluat.vn/van-ban/Bo-may-hanh-chinh/Quyet-dinh-1569-QD-UBND-2025-cong-bo-thu-tuc-hanh-chinh-Kinh-te-hop-tac-So-Nong-nghiep-Son-La-662678.aspx
2025-07-09 10:40:17,476 - INFO - ✅ Đã lấy link: https://thuvienphapluat.vn/van-ban/Bo-may-hanh-chinh/Quyet-dinh-1571-QD-UBND-2025-cong-bo-thu-tuc-hanh-chinh-linh-vuc-Thuy-loi-So-Nong-nghiep-Son-La-662680.aspx
2025-07-09 10:40:17,479 - INFO - ✅ Đã lấy link: https://thuvienphapluat.vn/van-ban/Bo-may-hanh-chinh/Quyet-dinh-1098-QD-UBND-2025-cong-bo-thu-tuc-hanh-chinh-giao-duc-dao-tao-So-Giao-duc-Quang-Ngai-663062.aspx
2025-07-09 10:40:17,483 - INFO - ✅ Đã lấy link: https://thuvienphapluat.vn/van-ban/Bo-may-hanh-chinh/Quyet-dinh-948-QD-TTPVHCC-2025-cong-bo-thu-tuc-hanh-chinh-hoat-dong-xay-dung-So-Xay-dung-Ha-Noi-664277.aspx
2025-07-09 10:40:17,483 - INFO - ➡️ Đang truy cập: https://thuvienphapluat.vn/page/searchlegal.aspx?keyword=&area=0&match=True&type=0&status=1&signer=0&sort=1&lan=1&scan=0&org=0&fields=15&chlbg=09/07/1945&chlend=09/07/2035&page=9
2025-07-09 10:40:18,086 - INFO - ⏳ Chờ 5.25s giả lập người dùng...
2025-07-09 10:40:27,726 - INFO - 🧭 Tiêu đề trang: Tra cứu Văn Bản Pháp Luật
2025-07-09 10:40:27,742 - INFO - ✅ Đã lấy link: https://thuvienphapluat.vn/van-ban/Bo-may-hanh-chinh/Quyet-dinh-1570-QD-UBND-2025-cong-bo-thu-tuc-hanh-chinh-Tai-nguyen-nuoc-So-Nong-nghiep-Son-La-662679.aspx
2025-07-09 10:40:27,746 - INFO - ✅ Đã lấy link: https://thuvienphapluat.vn/van-ban/Bo-may-hanh-chinh/Quyet-dinh-2405-QD-BNNMT-2025-cong-bo-thu-tuc-hanh-chinh-linh-vuc-lam-nghiep-kiem-lam-663205.aspx
2025-07-09 10:40:27,750 - INFO - ✅ Đã lấy link: https://thuvienphapluat.vn/van-ban/Bo-may-hanh-chinh/Quyet-dinh-1626-QD-UBND-2025-cong-bo-thu-tuc-hanh-chinh-Hoa-giai-o-co-so-So-Tu-phap-Lai-Chau-663054.aspx
2025-07-09 10:40:27,753 - INFO - ✅ Đã lấy link: https://thuvienphapluat.vn/van-ban/Bo-may-hanh-chinh/Quyet-dinh-1625-QD-UBND-2025-cong-bo-thu-tuc-hanh-chinh-Nuoi-con-nuoi-So-Tu-phap-Lai-Chau-663055.aspx
2025-07-09 10:40:27,757 - INFO - ✅ Đã lấy link: https://thuvienphapluat.vn/van-ban/Thuong-mai/Quyet-dinh-1623-QD-UBND-2025-cong-bo-thu-tuc-hanh-chinh-Trong-tai-thuong-mai-So-Tu-phap-Lai-Chau-663056.aspx
2025-07-09 10:40:27,761 - INFO - ✅ Đã lấy link: https://thuvienphapluat.vn/van-ban/Dich-vu-phap-ly/Quyet-dinh-1577-QD-UBND-2025-cong-bo-thu-tuc-hanh-chinh-linh-vuc-chung-thuc-So-Tu-phap-Son-La-662674.aspx
2025-07-09 10:40:27,765 - INFO - ✅ Đã lấy link: https://thuvienphapluat.vn/van-ban/Bo-may-hanh-chinh/Quyet-dinh-1574-QD-UBND-2025-cong-bo-thu-tuc-hanh-chinh-linh-vuc-duong-bo-So-Xay-dung-Son-La-662683.aspx
2025-07-09 10:40:27,768 - INFO - ✅ Đã lấy link: https://thuvienphapluat.vn/van-ban/Tai-chinh-nha-nuoc/Thong-tu-60-2025-TT-BTC-quy-trinh-trinh-tu-phan-cap-linh-vuc-du-tru-quoc-gia-de-vien-tro-663549.aspx
2025-07-09 10:40:27,772 - INFO - ✅ Đã lấy link: https://thuvienphapluat.vn/van-ban/Bo-may-hanh-chinh/Quyet-dinh-1356-QD-TTg-2025-thuc-hien-Nghi-dinh-118-2025-ND-CP-thu-tuc-hanh-chinh-theo-co-che-mot-cua-662582.aspx
2025-07-09 10:40:27,776 - INFO - ✅ Đã lấy link: https://thuvienphapluat.vn/van-ban/Bo-may-hanh-chinh/Quyet-dinh-2123-QD-BYT-2025-cong-bo-thu-tuc-hanh-chinh-linh-vuc-Kham-benh-chua-benh-662579.aspx
2025-07-09 10:40:27,780 - INFO - ✅ Đã lấy link: https://thuvienphapluat.vn/van-ban/Cong-nghe-thong-tin/Cong-dien-96-CD-TTg-2025-nang-cap-he-thong-thong-tin-phuc-vu-chi-dao-khi-sap-xep-don-vi-hanh-chinh-662704.aspx
2025-07-09 10:40:27,783 - INFO - ✅ Đã lấy link: https://thuvienphapluat.vn/van-ban/Bo-may-hanh-chinh/Quyet-dinh-1546-QD-UBND-2025-cong-bo-thu-tuc-hanh-chinh-Bao-ton-thien-nhien-So-Nong-nghiep-Son-La-662568.aspx
2025-07-09 10:40:27,787 - INFO - ✅ Đã lấy link: https://thuvienphapluat.vn/van-ban/Doanh-nghiep/Quyet-dinh-1547-QD-UBND-2025-thu-tuc-hanh-chinh-ho-tro-phap-ly-doanh-nghiep-nho-So-Tu-phap-Son-La-662567.aspx
2025-07-09 10:40:27,790 - INFO - ✅ Đã lấy link: https://thuvienphapluat.vn/van-ban/Bo-may-hanh-chinh/Quyet-dinh-1543-QD-UBND-2025-cong-bo-thu-tuc-hanh-chinh-dau-gia-tai-san-So-Tu-phap-Son-La-662569.aspx
2025-07-09 10:40:27,794 - INFO - ✅ Đã lấy link: https://thuvienphapluat.vn/van-ban/Dich-vu-phap-ly/Quyet-dinh-1548-QD-UBND-2025-cong-bo-thu-tuc-hanh-chinh-luat-su-So-Tu-phap-Son-La-662566.aspx
2025-07-09 10:40:27,798 - INFO - ✅ Đã lấy link: https://thuvienphapluat.vn/van-ban/Bo-may-hanh-chinh/Quyet-dinh-1544-QD-UBND-2025-cong-bo-thu-tuc-hanh-chinh-Phong-chong-thien-tai-So-Nong-nghiep-Son-La-662565.aspx
2025-07-09 10:40:27,801 - INFO - ✅ Đã lấy link: https://thuvienphapluat.vn/van-ban/Bo-may-hanh-chinh/Quyet-dinh-1545-QD-UBND-2025-cong-bo-bai-bo-Danh-muc-thu-tuc-hanh-chinh-Thanh-tra-Son-La-662570.aspx
2025-07-09 10:40:27,805 - INFO - ✅ Đã lấy link: https://thuvienphapluat.vn/van-ban/Bo-may-hanh-chinh/Quyet-dinh-2119-QD-BYT-2025-cong-bo-thu-tuc-hanh-chinh-bi-bai-bo-linh-vuc-giam-dinh-y-khoa-662495.aspx
2025-07-09 10:40:27,809 - INFO - ✅ Đã lấy link: https://thuvienphapluat.vn/van-ban/Bo-may-hanh-chinh/Quyet-dinh-2117-QD-BYT-2025-cong-bo-thu-tuc-hanh-chinh-bi-bai-bo-linh-vuc-Y-Duoc-co-truyen-662494.aspx
2025-07-09 10:40:27,813 - INFO - ✅ Đã lấy link: https://thuvienphapluat.vn/van-ban/Bo-may-hanh-chinh/Nghi-quyet-191-NQ-CP-2025-phien-hop-chuyen-de-xay-dung-phap-luat-thang-6-662705.aspx
2025-07-09 10:40:27,813 - INFO - ➡️ Đang truy cập: https://thuvienphapluat.vn/page/searchlegal.aspx?keyword=&area=0&match=True&type=0&status=1&signer=0&sort=1&lan=1&scan=0&org=0&fields=15&chlbg=09/07/1945&chlend=09/07/2035&page=10
2025-07-09 10:40:28,365 - INFO - ⏳ Chờ 7.16s giả lập người dùng...
2025-07-09 10:40:39,040 - INFO - 🧭 Tiêu đề trang: Tra cứu Văn Bản Pháp Luật
2025-07-09 10:40:39,056 - INFO - ✅ Đã lấy link: https://thuvienphapluat.vn/van-ban/Thuong-mai/Quyet-dinh-1940-QD-BTP-2025-cong-bo-thu-tuc-hang-chinh-sua-doi-linh-vuc-hoa-giai-thuong-mai-663556.aspx
2025-07-09 10:40:39,060 - INFO - ✅ Đã lấy link: https://thuvienphapluat.vn/van-ban/Bat-dong-san/Quyet-dinh-2267-QD-UBND-2025-cong-bo-thu-tuc-hanh-chinh-linh-vuc-dat-dai-So-Nong-nghiep-Da-Nang-663669.aspx
2025-07-09 10:40:39,064 - INFO - ✅ Đã lấy link: https://thuvienphapluat.vn/van-ban/Bo-may-hanh-chinh/Quyet-dinh-2153-QD-UBND-2025-cong-bo-thu-tuc-hanh-chinh-Nguoi-co-cong-So-Noi-vu-Thanh-Hoa-662698.aspx
2025-07-09 10:40:39,067 - INFO - ✅ Đã lấy link: https://thuvienphapluat.vn/van-ban/Bo-may-hanh-chinh/Quyet-dinh-2138-QD-UBND-2025-cong-bo-thu-tuc-hanh-chinh-giao-duc-phap-luat-Uy-ban-xa-Thanh-Hoa-662697.aspx
2025-07-09 10:40:39,071 - INFO - ✅ Đã lấy link: https://thuvienphapluat.vn/van-ban/Bo-may-hanh-chinh/Quyet-dinh-2154-QD-UBND-2025-cong-bo-thu-tuc-hanh-chinh-So-Khoa-hoc-Cong-nghe-Thanh-Hoa-662700.aspx
2025-07-09 10:40:39,075 - INFO - ✅ Đã lấy link: https://thuvienphapluat.vn/van-ban/Bo-may-hanh-chinh/Cong-dien-03-CD-BTC-2025-chuan-bi-cong-tac-quan-ly-no-cho-vay-lai-chinh-quyen-dia-phuong-662919.aspx
2025-07-09 10:40:39,079 - INFO - ✅ Đã lấy link: https://thuvienphapluat.vn/van-ban/Bo-may-hanh-chinh/Huong-dan-16-HD-BTGDVTW-2025-bao-chi-tuyen-truyen-viec-sap-xep-don-vi-hanh-chinh-cac-cap-662638.aspx
2025-07-09 10:40:39,082 - INFO - ✅ Đã lấy link: https://thuvienphapluat.vn/van-ban/Tien-te-Ngan-hang/Quyet-dinh-2504-QD-NHNN-2025-cong-bo-thu-tuc-hanh-chinh-linh-vuc-hoat-dong-khac-tai-Bo-phan-mot-cua-663204.aspx
2025-07-09 10:40:39,085 - INFO - ✅ Đã lấy link: https://thuvienphapluat.vn/van-ban/Bo-may-hanh-chinh/Quyet-dinh-2140-QD-UBND-2025-cong-bo-thu-tuc-hanh-chinh-dau-gia-tai-san-So-Tu-phap-Thanh-Hoa-662699.aspx
2025-07-09 10:40:39,089 - INFO - ✅ Đã lấy link: https://thuvienphapluat.vn/van-ban/Lao-dong-Tien-luong/Quyet-dinh-2133-QD-UBND-2025-cong-bo-thu-tuc-hanh-chinh-linh-vuc-Viec-lam-So-Noi-vu-Thanh-Hoa-662741.aspx
2025-07-09 10:40:39,093 - INFO - ✅ Đã lấy link: https://thuvienphapluat.vn/van-ban/Thuong-mai/Quyet-dinh-2139-QD-UBND-2025-cong-bo-thu-tuc-hanh-chinh-trong-tai-thuong-mai-So-Tu-phap-Thanh-Hoa-662702.aspx
2025-07-09 10:40:39,096 - INFO - ✅ Đã lấy link: https://thuvienphapluat.vn/van-ban/Bo-may-hanh-chinh/Quyet-dinh-2146-QD-UBND-2025-cong-bo-thu-tuc-hanh-chinh-Di-san-van-hoa-So-Van-hoa-Thanh-Hoa-662701.aspx
2025-07-09 10:40:39,100 - INFO - ✅ Đã lấy link: https://thuvienphapluat.vn/van-ban/Bao-hiem/Quyet-dinh-2171-QD-BTC-2025-cong-bo-thu-tuc-hanh-chinh-bai-bo-linh-vuc-kinh-doanh-bao-hiem-662984.aspx
2025-07-09 10:40:39,103 - INFO - ✅ Đã lấy link: https://thuvienphapluat.vn/van-ban/Bo-may-hanh-chinh/Nghi-quyet-190-NQ-CP-2025-con-dau-cac-co-quan-chuyen-mon-thuoc-Uy-ban-nhan-dan-xa-662725.aspx
2025-07-09 10:40:39,107 - INFO - ✅ Đã lấy link: https://thuvienphapluat.vn/van-ban/Bat-dong-san/Quyet-dinh-56-2025-QD-UBND-chuc-nang-nhiem-vu-Trung-tam-phat-trien-quy-dat-Tay-Ninh-662854.aspx
2025-07-09 10:40:39,110 - INFO - ✅ Đã lấy link: https://thuvienphapluat.vn/van-ban/Bo-may-hanh-chinh/Quyet-dinh-2344-QD-UBND-2025-cong-bo-thu-tuc-hanh-chinh-linh-vuc-trong-trot-Uy-ban-xa-Ben-Tre-664022.aspx
2025-07-09 10:40:39,114 - INFO - ✅ Đã lấy link: https://thuvienphapluat.vn/van-ban/Lao-dong-Tien-luong/Thong-tu-56-2025-TT-BQP-che-do-nghi-cua-si-quan-quan-nhan-chuyen-nghiep-663163.aspx
2025-07-09 10:40:39,118 - INFO - ✅ Đã lấy link: https://thuvienphapluat.vn/van-ban/Bo-may-hanh-chinh/Quyet-dinh-2343-QD-UBND-2025-phuong-an-don-gian-hoa-thu-tuc-hanh-chinh-xay-dung-Ben-Tre-664021.aspx
2025-07-09 10:40:39,122 - INFO - ✅ Đã lấy link: https://thuvienphapluat.vn/van-ban/Bo-may-hanh-chinh/Quyet-dinh-2342-QD-UBND-2025-Phuong-an-don-gian-hoa-thu-tuc-hanh-chinh-linh-vuc-Cong-Thuong-Ben-Tre-664020.aspx
2025-07-09 10:40:39,125 - INFO - ✅ Đã lấy link: https://thuvienphapluat.vn/van-ban/Bo-may-hanh-chinh/Quyet-dinh-55-2025-QD-UBND-chuc-nang-nhiem-vu-Trung-tam-Giam-dinh-Y-khoa-Phap-y-Tay-Ninh-662856.aspx
2025-07-09 10:40:39,126 - INFO - ➡️ Đang truy cập: https://thuvienphapluat.vn/page/searchlegal.aspx?keyword=&area=0&match=True&type=0&status=1&signer=0&sort=1&lan=1&scan=0&org=0&fields=15&chlbg=09/07/1945&chlend=09/07/2035&page=11
2025-07-09 10:40:39,665 - INFO - ⏳ Chờ 7.15s giả lập người dùng...
2025-07-09 10:40:50,194 - INFO - 🧭 Tiêu đề trang: Tra cứu Văn Bản Pháp Luật
2025-07-09 10:40:50,210 - INFO - ✅ Đã lấy link: https://thuvienphapluat.vn/van-ban/Bo-may-hanh-chinh/Quyet-dinh-2341-QD-UBND-2025-cong-bo-thu-tuc-hanh-chinh-bao-ve-thuc-vat-So-Nong-nghiep-Ben-Tre-664019.aspx
2025-07-09 10:40:50,213 - INFO - ✅ Đã lấy link: https://thuvienphapluat.vn/van-ban/Bo-may-hanh-chinh/Quyet-dinh-1603-QD-UBND-2025-cong-bo-Danh-muc-thu-tuc-hanh-chinh-So-Xay-dung-Lai-Chau-662696.aspx
2025-07-09 10:40:50,217 - INFO - ✅ Đã lấy link: https://thuvienphapluat.vn/van-ban/Bo-may-hanh-chinh/Quyet-dinh-1600-QD-UBND-2025-cong-bo-thu-tuc-hanh-chinh-An-toan-thuc-pham-So-Y-te-Lai-Chau-663058.aspx
2025-07-09 10:40:50,221 - INFO - ✅ Đã lấy link: https://thuvienphapluat.vn/van-ban/Dich-vu-phap-ly/Thong-tu-11-2025-TT-BTP-sua-doi-Thong-tu-linh-vuc-quan-ly-nha-nuoc-cua-Bo-Tu-phap-662710.aspx
2025-07-09 10:40:50,225 - INFO - ✅ Đã lấy link: https://thuvienphapluat.vn/van-ban/Bo-may-hanh-chinh/Thong-tu-02-2025-TT-TTCP-thuc-hien-quy-dinh-quan-ly-nha-nuoc-cua-Thanh-tra-Chinh-phu-662807.aspx
2025-07-09 10:40:50,228 - INFO - ✅ Đã lấy link: https://thuvienphapluat.vn/van-ban/Bo-may-hanh-chinh/Thong-tu-57-2025-TT-BTC-huong-dan-chuc-nang-nhiem-vu-So-Tai-chinh-thuoc-Uy-ban-cap-tinh-662965.aspx
2025-07-09 10:40:50,232 - INFO - ✅ Đã lấy link: https://thuvienphapluat.vn/van-ban/Bo-may-hanh-chinh/Quyet-dinh-1693-QD-BGDDT-2025-cong-bo-thu-tuc-hanh-chinh-sua-doi-linh-vuc-giao-duc-trung-hoc-662877.aspx
2025-07-09 10:40:50,236 - INFO - ✅ Đã lấy link: https://thuvienphapluat.vn/van-ban/Bo-may-hanh-chinh/Quyet-dinh-1466-QD-BKHCN-2025-cong-bo-thu-tuc-hanh-chinh-Tieu-chuan-Do-luong-Chat-luong-662983.aspx
2025-07-09 10:40:50,239 - INFO - ✅ Đã lấy link: https://thuvienphapluat.vn/van-ban/Lao-dong-Tien-luong/Quyet-dinh-594-QD-UBND-2025-cong-bo-thu-tuc-hanh-chinh-linh-vuc-viec-lam-So-Noi-vu-Gia-Lai-662452.aspx
2025-07-09 10:40:50,243 - INFO - ✅ Đã lấy link: https://thuvienphapluat.vn/van-ban/Bo-may-hanh-chinh/Quyet-dinh-598-QD-UBND-2025-cong-bo-thu-tuc-hanh-chinhlinh-vuc-Bao-chi-So-Van-hoa-Gia-Lai-662451.aspx
2025-07-09 10:40:50,246 - INFO - ✅ Đã lấy link: https://thuvienphapluat.vn/van-ban/Bo-may-hanh-chinh/Luat-Thanh-tra-2025-so-84-2025-QH15-655378.aspx
2025-07-09 10:40:50,250 - INFO - ✅ Đã lấy link: https://thuvienphapluat.vn/van-ban/Bo-may-hanh-chinh/Quyet-dinh-1340-QD-TTg-2025-giai-the-to-chuc-phoi-hop-lien-nganh-662499.aspx
2025-07-09 10:40:50,254 - INFO - ✅ Đã lấy link: https://thuvienphapluat.vn/van-ban/Bo-may-hanh-chinh/Thong-tu-06-2025-TT-BDTTG-he-thong-chi-tieu-thong-ke-cong-tac-dan-toc-tin-nguong-ton-giao-663699.aspx
2025-07-09 10:40:50,258 - INFO - ✅ Đã lấy link: https://thuvienphapluat.vn/van-ban/Bo-may-hanh-chinh/Luat-Ban-hanh-van-ban-quy-pham-phap-luat-sua-doi-2025-so-87-2025-QH15-662673.aspx
2025-07-09 10:40:50,262 - INFO - ✅ Đã lấy link: https://thuvienphapluat.vn/van-ban/Bo-may-hanh-chinh/Quyet-dinh-587-QD-TTCP-2025-cong-bo-thu-tuc-hanh-chinh-cap-xa-sua-doi-cua-Thanh-tra-Chinh-phu-663554.aspx
2025-07-09 10:40:50,265 - INFO - ✅ Đã lấy link: https://thuvienphapluat.vn/van-ban/Cong-nghe-thong-tin/Quyet-dinh-1877-QD-BTP-2025-cong-bo-thu-tuc-hanh-chinh-thuc-hien-dich-vu-cong-truc-tuyen-toan-trinh-663555.aspx
2025-07-09 10:40:50,269 - INFO - ✅ Đã lấy link: https://thuvienphapluat.vn/van-ban/Bo-may-hanh-chinh/Quyet-dinh-2145-QD-BVHTTDL-2025-cong-bo-thu-tuc-hanh-chinh-phan-dinh-tham-quyen-cua-Bo-Van-hoa-662666.aspx
2025-07-09 10:40:50,273 - INFO - ✅ Đã lấy link: https://thuvienphapluat.vn/van-ban/Lao-dong-Tien-luong/Quyet-dinh-593-QD-UBND-2025-%e2%80%8bcong-bo-thu-tuc-hanh-chinh-linh-vuc-lao-dong-So-Noi-vu-Gia-Lai-662449.aspx
2025-07-09 10:40:50,276 - INFO - ✅ Đã lấy link: https://thuvienphapluat.vn/van-ban/Bo-may-hanh-chinh/Nghi-quyet-572-2025-NQ-HDND-chinh-sach-ho-tro-mot-lan-ve-cong-tac-tai-tinh-Phu-Tho-sau-sap-xep-Hoa-Binh-662867.aspx
2025-07-09 10:40:50,280 - INFO - ✅ Đã lấy link: https://thuvienphapluat.vn/van-ban/Lao-dong-Tien-luong/Quyet-dinh-53-2025-QD-UBND-chuc-nang-nhiem-vu-Truong-Cao-dang-nghe-Tay-Ninh-662822.aspx
2025-07-09 10:40:50,280 - INFO - ➡️ Đang truy cập: https://thuvienphapluat.vn/page/searchlegal.aspx?keyword=&area=0&match=True&type=0&status=1&signer=0&sort=1&lan=1&scan=0&org=0&fields=15&chlbg=09/07/1945&chlend=09/07/2035&page=12
2025-07-09 10:40:50,814 - INFO - ⏳ Chờ 5.20s giả lập người dùng...
2025-07-09 10:40:59,201 - INFO - 🧭 Tiêu đề trang: Tra cứu Văn Bản Pháp Luật
2025-07-09 10:40:59,216 - INFO - ✅ Đã lấy link: https://thuvienphapluat.vn/van-ban/Bo-may-hanh-chinh/Quyet-dinh-52-2025-QD-UBND-chuc-nang-nhiem-vu-Truong-Trung-cap-Kinh-te-Ky-thuat-Tay-Ninh-662821.aspx
2025-07-09 10:40:59,220 - INFO - ✅ Đã lấy link: https://thuvienphapluat.vn/van-ban/Bao-hiem/Nghi-dinh-159-2025-ND-CP-huong-dan-Luat-Bao-hiem-xa-hoi-ve-bao-hiem-xa-hoi-tu-nguyen-634788.aspx
2025-07-09 10:40:59,224 - INFO - ✅ Đã lấy link: https://thuvienphapluat.vn/van-ban/Bo-may-hanh-chinh/Nghi-quyet-208-2025-QH15-sua-doi-Nghi-quyet-71-2022-QH15-Noi-quy-ky-hop-Quoc-hoi-662769.aspx
2025-07-09 10:40:59,227 - INFO - ✅ Đã lấy link: https://thuvienphapluat.vn/van-ban/Bo-may-hanh-chinh/Luat-sua-doi-Bo-luat-To-tung-dan-su-Luat-To-tung-hanh-chinh-Luat-Tu-phap-nguoi-chua-thanh-nien-2025-651570.aspx
2025-07-09 10:40:59,231 - INFO - ✅ Đã lấy link: https://thuvienphapluat.vn/van-ban/Bo-may-hanh-chinh/Nghi-quyet-210-2025-QH15-so-thanh-vien-Uy-ban-Thuong-vu-Quoc-hoi-khoa-XV-662911.aspx
2025-07-09 10:40:59,234 - INFO - ✅ Đã lấy link: https://thuvienphapluat.vn/van-ban/Bo-may-hanh-chinh/Thong-tu-01-2025-TT-VPCP-sua-doi-Thong-tu-01-2022-TT-VPCP-chuc-nang-Van-phong-Uy-ban-tinh-662726.aspx
2025-07-09 10:40:59,238 - INFO - ✅ Đã lấy link: https://thuvienphapluat.vn/van-ban/Bo-may-hanh-chinh/Quyet-dinh-599-QD-UBND-2025-cong-bo-thu-tuc-hanh-chinh-nguoi-co-cong-So-Noi-vu-Gia-Lai-662450.aspx
2025-07-09 10:40:59,242 - INFO - ✅ Đã lấy link: https://thuvienphapluat.vn/van-ban/Bao-hiem/Nghi-dinh-157-2025-ND-CP-huong-dan-Luat-Bao-hiem-xa-hoi-ve-bao-hiem-xa-hoi-bat-buoc-quan-nhan-662578.aspx
2025-07-09 10:40:59,245 - INFO - ✅ Đã lấy link: https://thuvienphapluat.vn/van-ban/Cong-nghe-thong-tin/Quyet-dinh-1013-QD-UBND-2025-dich-vu-cong-truc-tuyen-toan-trinh-Ban-Quan-ly-Khu-cong-nghiep-Quang-Ngai-662643.aspx
2025-07-09 10:40:59,249 - INFO - ✅ Đã lấy link: https://thuvienphapluat.vn/van-ban/Bo-may-hanh-chinh/Thong-tu-07-2025-TT-BDTTG-che-do-bao-cao-thong-ke-cong-tac-dan-toc-tin-nguong-ton-giao-663517.aspx
2025-07-09 10:40:59,253 - INFO - ✅ Đã lấy link: https://thuvienphapluat.vn/van-ban/Bo-may-hanh-chinh/Quyet-dinh-2352-QD-BNNMT-2025-cong-bo-chuan-hoa-thu-tuc-hanh-chinh-linh-vuc-quan-ly-de-dieu-662594.aspx
2025-07-09 10:40:59,256 - INFO - ✅ Đã lấy link: https://thuvienphapluat.vn/van-ban/Bo-may-hanh-chinh/Quyet-dinh-1898-QD-BTP-2025-nhiem-vu-quyen-han-Cuc-Quan-ly-Thi-hanh-an-dan-su-663249.aspx
2025-07-09 10:40:59,260 - INFO - ✅ Đã lấy link: https://thuvienphapluat.vn/van-ban/Lao-dong-Tien-luong/Nghi-quyet-571-2025-NQ-HDND-muc-tro-cap-dac-thu-si-quan-lam-viec-tai-co-so-cai-nghien-ma-tuy-Hoa-Binh-662614.aspx
2025-07-09 10:40:59,263 - INFO - ✅ Đã lấy link: https://thuvienphapluat.vn/van-ban/Bo-may-hanh-chinh/Quyet-dinh-41-2025-QD-UBND-bai-bo-Quyet-dinh-02-2021-QD-UBND-Hai-Phong-663010.aspx
2025-07-09 10:40:59,267 - INFO - ✅ Đã lấy link: https://thuvienphapluat.vn/van-ban/Lao-dong-Tien-luong/Nghi-quyet-03-2025-NQ-HDND-chinh-sach-ho-tro-can-bo-tai-Trung-tam-hanh-chinh-Dong-Nai-663007.aspx
2025-07-09 10:40:59,271 - INFO - ✅ Đã lấy link: https://thuvienphapluat.vn/van-ban/Bo-may-hanh-chinh/Quyet-dinh-36-2025-QD-UBND-chuc-nang-nhiem-vu-quyen-han-co-cau-to-chuc-Thanh-tra-Ha-Tinh-663191.aspx
2025-07-09 10:40:59,275 - INFO - ✅ Đã lấy link: https://thuvienphapluat.vn/van-ban/Bo-may-hanh-chinh/Quyet-dinh-1270-QD-TTg-2025-danh-sach-don-vi-su-nghiep-cong-lap-truc-thuoc-Bo-Van-hoa-662468.aspx
2025-07-09 10:40:59,278 - INFO - ✅ Đã lấy link: https://thuvienphapluat.vn/van-ban/Bo-may-hanh-chinh/Quyet-dinh-1672-QD-BGDDT-2025-cong-bo-thu-tuc-hanh-chinh-sua-doi-linh-vuc-giao-duc-giao-duc-662884.aspx
2025-07-09 10:40:59,282 - INFO - ✅ Đã lấy link: https://thuvienphapluat.vn/van-ban/Bo-may-hanh-chinh/Quyet-dinh-1674-QD-BGDDT-2025-cong-bo-thu-tuc-hanh-chinh-sua-doi-linh-vuc-giao-duc-nghe-nghiep-662880.aspx
2025-07-09 10:40:59,286 - INFO - ✅ Đã lấy link: https://thuvienphapluat.vn/van-ban/Bo-may-hanh-chinh/Quyet-dinh-364-QD-BDTTG-2025-cong-bo-thu-tuc-hanh-chinh-sua-doi-thuoc-Bo-Dan-toc-Ton-giao-662885.aspx
2025-07-09 10:40:59,286 - INFO - ➡️ Đang truy cập: https://thuvienphapluat.vn/page/searchlegal.aspx?keyword=&area=0&match=True&type=0&status=1&signer=0&sort=1&lan=1&scan=0&org=0&fields=15&chlbg=09/07/1945&chlend=09/07/2035&page=13
2025-07-09 10:40:59,785 - INFO - ⏳ Chờ 6.32s giả lập người dùng...
2025-07-09 10:41:10,610 - INFO - 🧭 Tiêu đề trang: Tra cứu Văn Bản Pháp Luật
2025-07-09 10:41:10,626 - INFO - ✅ Đã lấy link: https://thuvienphapluat.vn/van-ban/Bo-may-hanh-chinh/Quyet-dinh-900-QD-BXD-2025-cong-bo-thu-tuc-hanh-chinh-sua-doi-linh-vuc-duong-sat-662692.aspx
2025-07-09 10:41:10,629 - INFO - ✅ Đã lấy link: https://thuvienphapluat.vn/van-ban/Xuat-nhap-khau/Quyet-dinh-2122-QD-BTC-2025-cong-bo-thu-tuc-hanh-chinh-linh-vuc-quan-ly-thue-hai-quan-662250.aspx
2025-07-09 10:41:10,634 - INFO - ✅ Đã lấy link: https://thuvienphapluat.vn/van-ban/Bo-may-hanh-chinh/Quyet-dinh-1254-QD-TTg-2025-kien-toan-Ban-Quan-ly-Quy-Den-on-dap-nghia-Trung-uong-662433.aspx
2025-07-09 10:41:10,637 - INFO - ✅ Đã lấy link: https://thuvienphapluat.vn/van-ban/Bo-may-hanh-chinh/Chi-thi-08-CT-UBND-2025-to-chuc-thuc-hien-Tong-dieu-tra-nong-thon-nong-nghiep-Bac-Ninh-662376.aspx
2025-07-09 10:41:10,641 - INFO - ✅ Đã lấy link: https://thuvienphapluat.vn/van-ban/Bo-may-hanh-chinh/Quyet-dinh-267-QD-VP-2025-cong-bo-thu-tuc-hanh-chinh-dau-gia-tai-san-So-Tu-phap-Tuyen-Quang-662224.aspx
2025-07-09 10:41:10,644 - INFO - ✅ Đã lấy link: https://thuvienphapluat.vn/van-ban/Bo-may-hanh-chinh/Quyet-dinh-2113-QD-UBND-2025-cong-bo-thu-tuc-hanh-chinh-truc-tuyen-toan-trinh-So-Nong-nghiep-Thanh-Hoa-662456.aspx
2025-07-09 10:41:10,648 - INFO - ✅ Đã lấy link: https://thuvienphapluat.vn/van-ban/Bo-may-hanh-chinh/Quyet-dinh-2117-QD-UBND-2025-cong-bo-thu-tuc-hanh-chinh-linh-vuc-Kham-benh-So-Y-te-Thanh-Hoa-662454.aspx
2025-07-09 10:41:10,652 - INFO - ✅ Đã lấy link: https://thuvienphapluat.vn/van-ban/Lao-dong-Tien-luong/Quyet-dinh-2096-QD-UBND-2025-cong-bo-thu-tuc-hanh-chinh-linh-vuc-Lao-dong-So-Noi-vu-Thanh-Hoa-662223.aspx
2025-07-09 10:41:10,655 - INFO - ✅ Đã lấy link: https://thuvienphapluat.vn/van-ban/Bo-may-hanh-chinh/Quyet-dinh-2074-QD-BYT-2025-cong-bo-thu-tuc-hanh-chinh-linh-vuc-Y-Duoc-co-truyen-662256.aspx
2025-07-09 10:41:10,659 - INFO - ✅ Đã lấy link: https://thuvienphapluat.vn/van-ban/Bo-may-hanh-chinh/Quyet-dinh-2075-QD-BYT-2025-cong-bo-thu-tuc-hanh-chinh-Thiet-bi-y-te-tai-Nghi-dinh-148-2025-ND-CP-662255.aspx
2025-07-09 10:41:10,663 - INFO - ✅ Đã lấy link: https://thuvienphapluat.vn/van-ban/Bo-may-hanh-chinh/Quyet-dinh-2075-QD-BYT-2025-cong-bo-thu-tuc-hanh-chinh-moi-bi-bai-bo-linh-vuc-thiet-bi-y-te-662508.aspx
2025-07-09 10:41:10,666 - INFO - ✅ Đã lấy link: https://thuvienphapluat.vn/van-ban/Bo-may-hanh-chinh/Quyet-dinh-5919-QD-KBNN-2025-chuc-nang-Phong-Giao-dich-thuoc-Kho-bac-Nha-nuoc-khu-vuc-663654.aspx
2025-07-09 10:41:10,669 - INFO - ✅ Đã lấy link: https://thuvienphapluat.vn/van-ban/Tien-te-Ngan-hang/Thong-tu-09-2025-TT-NHNN-sua-doi-Thong-tu-25-2023-TT-NHNN-thi-dua-khen-thuong-nganh-Ngan-hang-662553.aspx
2025-07-09 10:41:10,673 - INFO - ✅ Đã lấy link: https://thuvienphapluat.vn/van-ban/Bo-may-hanh-chinh/Quyet-dinh-2093-QD-BYT-2025-cong-bo-thu-tuc-hanh-chinh-linh-vuc-phong-benh-tai-148-2025-ND-CP-662415.aspx
2025-07-09 10:41:10,677 - INFO - ✅ Đã lấy link: https://thuvienphapluat.vn/van-ban/Thuong-mai/Quyet-dinh-736-QD-UBND-2025-Phuong-an-cat-giam-thu-tuc-hanh-chinh-hoat-dong-san-xuat-Tuyen-Quang-662176.aspx
2025-07-09 10:41:10,680 - INFO - ✅ Đã lấy link: https://thuvienphapluat.vn/van-ban/Bo-may-hanh-chinh/Quyet-dinh-1547-QD-UBND-2025-cong-bo-thu-tuc-hanh-chinh-Kham-benh-chua-benh-So-Y-te-Lai-Chau-662453.aspx
2025-07-09 10:41:10,684 - INFO - ✅ Đã lấy link: https://thuvienphapluat.vn/van-ban/Bo-may-hanh-chinh/Quyet-dinh-965-QD-UBND-2025-cong-bo-thu-tuc-hanh-chinh-linh-vuc-duoc-pham-So-Y-te-Quang-Ngai-662457.aspx
2025-07-09 10:41:10,688 - INFO - ✅ Đã lấy link: https://thuvienphapluat.vn/van-ban/Bo-may-hanh-chinh/Quyet-dinh-2205-QD-UBND-2025-cong-bo-thu-tuc-hanh-chinh-linh-vuc-Duoc-pham-So-Y-te-Quang-Binh-662455.aspx
2025-07-09 10:41:10,692 - INFO - ✅ Đã lấy link: https://thuvienphapluat.vn/van-ban/Bo-may-hanh-chinh/Quyet-dinh-903-QD-BXD-2025-cong-bo-thu-tuc-hanh-chinh-nha-o-lien-quan-den-sap-xep-to-chuc-bo-may-663557.aspx
2025-07-09 10:41:10,696 - INFO - ✅ Đã lấy link: https://thuvienphapluat.vn/van-ban/Bo-may-hanh-chinh/Thong-tu-02-2025-TT-BDTTG-huong-dan-chuc-nang-So-Dan-toc-va-Ton-giao-thuoc-Uy-ban-tinh-662559.aspx
2025-07-09 10:41:10,696 - INFO - ➡️ Đang truy cập: https://thuvienphapluat.vn/page/searchlegal.aspx?keyword=&area=0&match=True&type=0&status=1&signer=0&sort=1&lan=1&scan=0&org=0&fields=15&chlbg=09/07/1945&chlend=09/07/2035&page=14
2025-07-09 10:41:11,212 - INFO - ⏳ Chờ 7.29s giả lập người dùng...
2025-07-09 10:41:22,850 - INFO - 🧭 Tiêu đề trang: Tra cứu Văn Bản Pháp Luật
2025-07-09 10:41:22,866 - INFO - ✅ Đã lấy link: https://thuvienphapluat.vn/van-ban/Bo-may-hanh-chinh/Quyet-dinh-897-QD-TTPVHCC-2025-cong-bo-thu-tuc-hanh-chinh-linh-vuc-Tai-chinh-Uy-ban-Thanh-pho-Ha-Noi-662153.aspx
2025-07-09 10:41:22,869 - INFO - ✅ Đã lấy link: https://thuvienphapluat.vn/van-ban/Bo-may-hanh-chinh/Quyet-dinh-49-2025-QD-UBND-bai-bo-Quyet-dinh-51-2016-QD-UBND-Lao-Cai-663023.aspx
2025-07-09 10:41:22,873 - INFO - ✅ Đã lấy link: https://thuvienphapluat.vn/van-ban/Bo-may-hanh-chinh/Quyet-dinh-44-2025-QD-UBND-bai-bo-cac-Quyet-dinh-cua-Uy-ban-nhan-dan-Bac-Ninh-662375.aspx
2025-07-09 10:41:22,877 - INFO - ✅ Đã lấy link: https://thuvienphapluat.vn/van-ban/Bo-may-hanh-chinh/Nghi-quyet-206-2025-QH15-co-che-dac-biet-xu-ly-kho-khan-vuong-mac-do-quy-dinh-cua-phap-luat-662225.aspx
2025-07-09 10:41:22,881 - INFO - ✅ Đã lấy link: https://thuvienphapluat.vn/van-ban/Bo-may-hanh-chinh/Nghi-quyet-03-2025-NQ-HDND-bai-bo-mot-so-Nghi-quyet-cua-Hoi-dong-nhan-dan-tinh-Tien-Giang-662869.aspx
2025-07-09 10:41:22,884 - INFO - ✅ Đã lấy link: https://thuvienphapluat.vn/van-ban/Lao-dong-Tien-luong/Nghi-quyet-11-2025-NQ-HDND-bai-bo-Nghi-quyet-03-2025-NQ-HDND-Thai-Binh-663017.aspx
2025-07-09 10:41:22,888 - INFO - ✅ Đã lấy link: https://thuvienphapluat.vn/van-ban/Bo-may-hanh-chinh/Luat-To-chuc-Toa-an-nhan-dan-sua-doi-2025-so-81-2025-QH15-660533.aspx
2025-07-09 10:41:22,891 - INFO - ✅ Đã lấy link: https://thuvienphapluat.vn/van-ban/Bo-may-hanh-chinh/Quyet-dinh-34-2025-QD-UBND-chuc-nang-nhiem-vu-quyen-han-So-Noi-vu-Dak-Lak-663112.aspx
2025-07-09 10:41:22,895 - INFO - ✅ Đã lấy link: https://thuvienphapluat.vn/van-ban/Bo-may-hanh-chinh/Quyet-dinh-902-QD-BXD-2025-cong-bo-thu-tuc-hanh-chinh-linh-vuc-hang-hai-duong-thuy-noi-dia-662365.aspx
2025-07-09 10:41:22,899 - INFO - ✅ Đã lấy link: https://thuvienphapluat.vn/van-ban/Bo-may-hanh-chinh/Thong-tu-03-2025-TT-BDTTG-huong-dan-Luat-Thi-dua-khen-thuong-linh-vuc-cong-tac-dan-toc-663713.aspx
2025-07-09 10:41:22,903 - INFO - ✅ Đã lấy link: https://thuvienphapluat.vn/van-ban/Bo-may-hanh-chinh/Luat-To-chuc-Vien-kiem-sat-nhan-dan-sua-doi-2025-so-82-2025-QH15-660530.aspx
2025-07-09 10:41:22,906 - INFO - ✅ Đã lấy link: https://thuvienphapluat.vn/van-ban/Bo-may-hanh-chinh/Luat-Can-bo-cong-chuc-2025-so-80-2025-QH15-649688.aspx
2025-07-09 10:41:22,910 - INFO - ✅ Đã lấy link: https://thuvienphapluat.vn/van-ban/Bo-may-hanh-chinh/Quyet-dinh-2082-QD-BYT-2025-cong-bo-thu-tuc-hanh-chinh-linh-vuc-Dan-so-663207.aspx
2025-07-09 10:41:22,913 - INFO - ✅ Đã lấy link: https://thuvienphapluat.vn/van-ban/Bo-may-hanh-chinh/Quyet-dinh-35-2025-QD-UBND-chuc-nang-nhiem-vu-quyen-han-Thanh-tra-tinh-Dien-Bien-662870.aspx
2025-07-09 10:41:22,917 - INFO - ✅ Đã lấy link: https://thuvienphapluat.vn/van-ban/Bo-may-hanh-chinh/Nghi-quyet-117-2025-NQ-HDND-bai-bo-cac-Nghi-quyet-cua-Hoi-dong-nhan-dan-tinh-Gia-Lai-662694.aspx
2025-07-09 10:41:22,921 - INFO - ✅ Đã lấy link: https://thuvienphapluat.vn/van-ban/Bo-may-hanh-chinh/Quyet-dinh-2209-QD-UBND-2025-Phuong-an-don-gian-hoa-thu-tuc-hanh-chinh-nong-nghiep-Ben-Tre-664018.aspx
2025-07-09 10:41:22,924 - INFO - ✅ Đã lấy link: https://thuvienphapluat.vn/van-ban/Bat-dong-san/Quyet-dinh-266-QD-VP-2025-quy-trinh-thu-tuc-hanh-chinh-linh-vuc-dat-dai-So-Nong-nghiep-Tuyen-Quang-662151.aspx
2025-07-09 10:41:22,928 - INFO - ✅ Đã lấy link: https://thuvienphapluat.vn/van-ban/Bo-may-hanh-chinh/Quyet-dinh-1442-QD-BKHCN-2025-cong-bo-thu-tuc-hanh-chinh-theo-quy-dinh-phan-quyen-662252.aspx
2025-07-09 10:41:22,932 - INFO - ✅ Đã lấy link: https://thuvienphapluat.vn/van-ban/Bo-may-hanh-chinh/Quyet-dinh-2069-QD-BYT-2025-bai-bo-quy-dinh-cap-huyen-tai-Thong-tu-48-2015-TT-BYT-662253.aspx
2025-07-09 10:41:22,935 - INFO - ✅ Đã lấy link: https://thuvienphapluat.vn/van-ban/Bo-may-hanh-chinh/Quyet-dinh-2305-QD-BNNMT-2025-cong-bo-thu-tuc-hanh-chinh-moi-linh-vuc-thuy-loi-662249.aspx
2025-07-09 10:41:22,936 - INFO - ➡️ Đang truy cập: https://thuvienphapluat.vn/page/searchlegal.aspx?keyword=&area=0&match=True&type=0&status=1&signer=0&sort=1&lan=1&scan=0&org=0&fields=15&chlbg=09/07/1945&chlend=09/07/2035&page=15
2025-07-09 10:41:23,467 - INFO - ⏳ Chờ 6.45s giả lập người dùng...
2025-07-09 10:41:34,011 - INFO - 🧭 Tiêu đề trang: Tra cứu Văn Bản Pháp Luật
2025-07-09 10:41:34,028 - INFO - ✅ Đã lấy link: https://thuvienphapluat.vn/van-ban/Bo-may-hanh-chinh/Quyet-dinh-2310-QD-BNNMT-2025-cong-bo-thu-tuc-hanh-chinh-linh-vuc-thuy-san-duoc-sua-doi-662592.aspx
2025-07-09 10:41:34,032 - INFO - ✅ Đã lấy link: https://thuvienphapluat.vn/van-ban/Bo-may-hanh-chinh/Quyet-dinh-2301-QD-BNNMT-2025-cong-bo-thu-tuc-hanh-chinh-linh-vuc-tai-nguyen-nuoc-662914.aspx
2025-07-09 10:41:34,036 - INFO - ✅ Đã lấy link: https://thuvienphapluat.vn/van-ban/Doanh-nghiep/Quyet-dinh-2103-QD-BTC-2025-cong-bo-thu-tuc-hanh-chinh-linh-vuc-thanh-lap-ho-tro-hop-tac-xa-662691.aspx
2025-07-09 10:41:34,039 - INFO - ✅ Đã lấy link: https://thuvienphapluat.vn/van-ban/Bo-may-hanh-chinh/Quyet-dinh-439-QD-UBND-2025-tru-so-lam-viec-co-quan-hanh-chinh-cap-tinh-sau-sap-xep-Quang-Ngai-662086.aspx
2025-07-09 10:41:34,043 - INFO - ✅ Đã lấy link: https://thuvienphapluat.vn/van-ban/Bo-may-hanh-chinh/Quyet-dinh-2045-QD-BYT-2025-cong-bo-thu-tuc-hanh-chinh-linh-vuc-Kham-benh-chua-benh-662930.aspx
2025-07-09 10:41:34,047 - INFO - ✅ Đã lấy link: https://thuvienphapluat.vn/van-ban/Bo-may-hanh-chinh/Quyet-dinh-1568-QD-UBND-2025-quy-trinh-thu-tuc-hanh-chinh-So-Xay-dung-Thanh-pho-Can-Tho-662051.aspx
2025-07-09 10:41:34,051 - INFO - ✅ Đã lấy link: https://thuvienphapluat.vn/van-ban/Bat-dong-san/Quyet-dinh-2072-QD-UBND-2025-cong-bo-thu-tuc-hanh-chinh-linh-vuc-Nha-o-So-Xay-dung-Thanh-Hoa-662460.aspx
2025-07-09 10:41:34,054 - INFO - ✅ Đã lấy link: https://thuvienphapluat.vn/van-ban/Bo-may-hanh-chinh/Quyet-dinh-2071-QD-UBND-2025-cong-bo-thu-tuc-hanh-chinh-linh-vuc-Hang-hai-So-Xay-dung-Thanh-Hoa-662459.aspx
2025-07-09 10:41:34,058 - INFO - ✅ Đã lấy link: https://thuvienphapluat.vn/van-ban/Bo-may-hanh-chinh/Quyet-dinh-2064-QD-UBND-2025-cong-bo-thu-tuc-hanh-chinh-Bao-chi-Xuat-ban-So-Van-hoa-Thanh-Hoa-662159.aspx
2025-07-09 10:41:34,062 - INFO - ✅ Đã lấy link: https://thuvienphapluat.vn/van-ban/Bo-may-hanh-chinh/Quyet-dinh-2063-QD-UBND-2025-cong-bo-thu-tuc-hanh-chinh-Quan-ly-ve-hoi-So-Noi-vu-Thanh-Hoa-662157.aspx
2025-07-09 10:41:34,065 - INFO - ✅ Đã lấy link: https://thuvienphapluat.vn/van-ban/Bo-may-hanh-chinh/Quyet-dinh-2286-QD-BNNMT-2025-cong-bo-thu-tuc-hanh-chinh-bi-bai-bo-linh-vuc-trong-trot-662208.aspx
2025-07-09 10:41:34,069 - INFO - ✅ Đã lấy link: https://thuvienphapluat.vn/van-ban/Thue-Phi-Le-Phi/Quyet-dinh-2113-QD-BTC-2025-cong-bo-thu-tuc-hanh-chinh-sua-doi-linh-vuc-phi-le-phi-662417.aspx
2025-07-09 10:41:34,072 - INFO - ✅ Đã lấy link: https://thuvienphapluat.vn/van-ban/Bo-may-hanh-chinh/Quyet-dinh-2096-QD-BTC-2025-cong-bo-thu-tuc-hanh-chinh-duoc-sua-doi-linh-vuc-quan-ly-cong-san-662416.aspx
2025-07-09 10:41:34,076 - INFO - ✅ Đã lấy link: https://thuvienphapluat.vn/van-ban/Bo-may-hanh-chinh/Quyet-dinh-2303-QD-BNNMT-2025-cong-bo-thu-tuc-hanh-chinh-linh-vuc-Chan-nuoi-va-Thu-y-662528.aspx
2025-07-09 10:41:34,080 - INFO - ✅ Đã lấy link: https://thuvienphapluat.vn/van-ban/Bo-may-hanh-chinh/Quyet-dinh-2309-QD-BNNMT-2025-cong-bo-thu-tuc-hanh-chinh-Quan-ly-chat-luong-nong-lam-san-662527.aspx
2025-07-09 10:41:34,083 - INFO - ✅ Đã lấy link: https://thuvienphapluat.vn/van-ban/Thue-Phi-Le-Phi/Quyet-dinh-2108-QD-BTC-2025-cong-bo-thu-tuc-hanh-chinh-duoc-sua-doi-bo-sung-linh-vuc-thue-662554.aspx
2025-07-09 10:41:34,087 - INFO - ✅ Đã lấy link: https://thuvienphapluat.vn/van-ban/Bo-may-hanh-chinh/Quyet-dinh-2298-QD-BNNMT-2025-cong-bo-thu-tuc-hanh-chinh-linh-vuc-bien-va-hai-dao-662534.aspx
2025-07-09 10:41:34,091 - INFO - ✅ Đã lấy link: https://thuvienphapluat.vn/van-ban/Bo-may-hanh-chinh/Quyet-dinh-2062-QD-UBND-2025-cong-bo-thu-tuc-hanh-chinh-Thong-tin-doi-ngoai-Uy-ban-Thanh-Hoa-662158.aspx
2025-07-09 10:41:34,095 - INFO - ✅ Đã lấy link: https://thuvienphapluat.vn/van-ban/Doanh-nghiep/Quyet-dinh-1844-QD-BTP-2025-cong-bo-thu-tuc-hanh-chinh-ho-tro-phap-ly-doanh-nghiep-nho-va-vua-662077.aspx
2025-07-09 10:41:34,098 - INFO - ✅ Đã lấy link: https://thuvienphapluat.vn/van-ban/Bo-may-hanh-chinh/Quyet-dinh-519-QD-UBND-2025-cong-bo-thu-tuc-hanh-chinh-Giao-duc-va-Dao-tao-Kon-Tum-662573.aspx
2025-07-09 10:41:34,098 - INFO - ➡️ Đang truy cập: https://thuvienphapluat.vn/page/searchlegal.aspx?keyword=&area=0&match=True&type=0&status=1&signer=0&sort=1&lan=1&scan=0&org=0&fields=15&chlbg=09/07/1945&chlend=09/07/2035&page=16
2025-07-09 10:41:34,643 - INFO - ⏳ Chờ 6.34s giả lập người dùng...
2025-07-09 10:41:44,104 - INFO - 🧭 Tiêu đề trang: Tra cứu Văn Bản Pháp Luật
2025-07-09 10:41:44,120 - INFO - ✅ Đã lấy link: https://thuvienphapluat.vn/van-ban/Bo-may-hanh-chinh/Quyet-dinh-2299-QD-BNNMT-2025-cong-bo-thu-tuc-hanh-chinh-Kinh-te-hop-tac-va-Phat-trien-nong-thon-662883.aspx
2025-07-09 10:41:44,123 - INFO - ✅ Đã lấy link: https://thuvienphapluat.vn/van-ban/Bo-may-hanh-chinh/Quyet-dinh-2114-QD-BVHTTDL-2025-cong-bo-thu-tuc-hanh-chinh-moi-linh-vuc-Di-san-van-hoa-662485.aspx
2025-07-09 10:41:44,127 - INFO - ✅ Đã lấy link: https://thuvienphapluat.vn/van-ban/Bo-may-hanh-chinh/Quyet-dinh-1436-QD-BKHCN-2025-chuc-nang-nhiem-vu-Vien-Phat-trien-Khoa-hoc-va-Cong-nghe-Vung-662442.aspx
2025-07-09 10:41:44,130 - INFO - ✅ Đã lấy link: https://thuvienphapluat.vn/van-ban/Bat-dong-san/Quyet-dinh-2304-QD-BNNMT-2025-cong-bo-thu-tuc-hanh-chinh-linh-vuc-dat-dai-662509.aspx
2025-07-09 10:41:44,134 - INFO - ✅ Đã lấy link: https://thuvienphapluat.vn/van-ban/Bo-may-hanh-chinh/Quyet-dinh-36-2025-QD-UBND-bai-bo-cac-Quyet-dinh-cua-Uy-ban-nhan-dan-Dong-Nai-662402.aspx
2025-07-09 10:41:44,137 - INFO - ✅ Đã lấy link: https://thuvienphapluat.vn/van-ban/Bo-may-hanh-chinh/Quyet-dinh-1833-QD-BTP-2025-cong-bo-thu-tuc-hanh-chinh-ho-tich-tai-co-quan-dang-ky-ho-tich-trong-nuoc-663019.aspx
2025-07-09 10:41:44,141 - INFO - ✅ Đã lấy link: https://thuvienphapluat.vn/van-ban/Lao-dong-Tien-luong/Nghi-quyet-09-2025-NQ-HDND-muc-phu-cap-hang-thang-doi-voi-Thon-ap-khu-doi-truong-Vung-Tau-662514.aspx
2025-07-09 10:41:44,145 - INFO - ✅ Đã lấy link: https://thuvienphapluat.vn/van-ban/Thue-Phi-Le-Phi/Nghi-quyet-08-2025-NQ-HDND-muc-thu-le-phi-cung-cap-dich-vu-cong-bang-hinh-thuc-truc-tuyen-Vung-Tau-662513.aspx
2025-07-09 10:41:44,149 - INFO - ✅ Đã lấy link: https://thuvienphapluat.vn/van-ban/Bo-may-hanh-chinh/Quyet-dinh-33-2025-QD-UBND-bai-bo-Quyet-dinh-16-2019-QD-UBND-Quang-Nam-663013.aspx
2025-07-09 10:41:44,152 - INFO - ✅ Đã lấy link: https://thuvienphapluat.vn/van-ban/Bo-may-hanh-chinh/Nghi-quyet-09-2025-NQ-HDND-bai-bo-mot-so-nghi-quyet-cua-Hoi-dong-nhan-dan-tinh-Bac-Kan-662617.aspx
2025-07-09 10:41:44,156 - INFO - ✅ Đã lấy link: https://thuvienphapluat.vn/van-ban/Dich-vu-phap-ly/Quyet-dinh-1836-QD-BTP-2025-cong-bo-thu-tuc-hanh-chinh-sua-doi-linh-vuc-thua-phat-lai-663889.aspx
2025-07-09 10:41:44,159 - INFO - ✅ Đã lấy link: https://thuvienphapluat.vn/van-ban/Dau-tu/Nghi-quyet-113-2025-NQ-HDND-bai-bo-Nghi-quyet-130-2020-NQ-HDND-Son-La-662522.aspx
2025-07-09 10:41:44,163 - INFO - ✅ Đã lấy link: https://thuvienphapluat.vn/van-ban/Bo-may-hanh-chinh/Nghi-quyet-13-2025-NQ-HDND-sua-doi-Nghi-quyet-21-2018-NQ-HDND-09-2023-NQ-HDND-Bac-Kan-662621.aspx
2025-07-09 10:41:44,166 - INFO - ✅ Đã lấy link: https://thuvienphapluat.vn/van-ban/Bo-may-hanh-chinh/Quyet-dinh-2308-QD-BNNMT-2025-cong-bo-thu-tuc-hanh-chinh-linh-vuc-bao-ton-thien-nhien-662533.aspx
2025-07-09 10:41:44,170 - INFO - ✅ Đã lấy link: https://thuvienphapluat.vn/van-ban/Bo-may-hanh-chinh/Quyet-dinh-2307-QD-BNNMT-2025-cong-bo-thu-tuc-hanh-chinh-sua-doi-linh-vuc-nong-thon-moi-662591.aspx
2025-07-09 10:41:44,174 - INFO - ✅ Đã lấy link: https://thuvienphapluat.vn/van-ban/Bo-may-hanh-chinh/Thong-tu-20-2025-TT-BYT-chuc-nang-nhiem-vu-co-quan-chuyen-mon-ve-y-te-thuoc-Uy-ban-tinh-662105.aspx
2025-07-09 10:41:44,177 - INFO - ✅ Đã lấy link: https://thuvienphapluat.vn/van-ban/Bo-may-hanh-chinh/Quyet-dinh-642-QD-BNV-2025-Quy-che-to-chuc-thi-hanh-van-ban-quy-pham-phap-luat-662133.aspx
2025-07-09 10:41:44,181 - INFO - ✅ Đã lấy link: https://thuvienphapluat.vn/van-ban/Bo-may-hanh-chinh/Quyet-dinh-588-QD-UBND-2025-cong-bo-thu-tuc-hanh-chinh-linh-vuc-trong-trot-Gia-Lai-662461.aspx
2025-07-09 10:41:44,185 - INFO - ✅ Đã lấy link: https://thuvienphapluat.vn/van-ban/Bo-may-hanh-chinh/Cong-dien-95-CD-TTg-2025-dam-bao-co-so-vat-chat-khi-thuc-hien-sap-xep-tinh-gon-bo-may-662038.aspx
2025-07-09 10:41:44,188 - INFO - ✅ Đã lấy link: https://thuvienphapluat.vn/van-ban/Lao-dong-Tien-luong/Cong-dien-93-CD-TTg-2025-day-manh-tien-do-thuc-hien-chinh-sach-doi-voi-can-bo-trong-sap-xep-bo-may-661909.aspx
2025-07-09 10:41:44,188 - INFO - ➡️ Đang truy cập: https://thuvienphapluat.vn/page/searchlegal.aspx?keyword=&area=0&match=True&type=0&status=1&signer=0&sort=1&lan=1&scan=0&org=0&fields=15&chlbg=09/07/1945&chlend=09/07/2035&page=17
2025-07-09 10:41:44,707 - INFO - ⏳ Chờ 5.32s giả lập người dùng...
2025-07-09 10:41:54,695 - INFO - 🧭 Tiêu đề trang: Tra cứu Văn Bản Pháp Luật
2025-07-09 10:41:54,711 - INFO - ✅ Đã lấy link: https://thuvienphapluat.vn/van-ban/Bo-may-hanh-chinh/Thong-tu-08-2025-TT-BKHCN-phan-cap-chung-nhan-doanh-nghiep-thanh-lap-moi-tu-du-an-san-xuat-cong-nghe-cao-662186.aspx
2025-07-09 10:41:54,715 - INFO - ✅ Đã lấy link: https://thuvienphapluat.vn/van-ban/Thuong-mai/Quyet-dinh-514-QD-UBND-2025-quy-trinh-thu-tuc-hanh-chinh-Tai-san-ket-cau-ha-tang-cho-Kon-Tum-661840.aspx
2025-07-09 10:41:54,719 - INFO - ✅ Đã lấy link: https://thuvienphapluat.vn/van-ban/Bo-may-hanh-chinh/Quyet-dinh-1562-QD-UBND-2025-cong-bo-thu-tuc-hanh-chinh-noi-bo-Uy-ban-nhan-dan-Can-Tho-661847.aspx
2025-07-09 10:41:54,722 - INFO - ✅ Đã lấy link: https://thuvienphapluat.vn/van-ban/Bo-may-hanh-chinh/Quyet-dinh-1645-QD-BGDDT-2025-Danh-muc-co-so-du-lieu-dung-chung-cua-Bo-Giao-duc-661991.aspx
2025-07-09 10:41:54,726 - INFO - ✅ Đã lấy link: https://thuvienphapluat.vn/van-ban/Bo-may-hanh-chinh/Quyet-dinh-1647-QD-BGDDT-2025-Chuong-trinh-hanh-dong-thuc-hien-Nghi-quyet-66-NQ-TW-140-NQ-CP-661990.aspx
2025-07-09 10:41:54,730 - INFO - ✅ Đã lấy link: https://thuvienphapluat.vn/van-ban/Bo-may-hanh-chinh/Cong-dien-92-CD-TTg-2025-thuc-hien-nhiem-vu-trong-tam-mo-hinh-chinh-quyen-dia-phuong-02-cap-661979.aspx
2025-07-09 10:41:54,734 - INFO - ✅ Đã lấy link: https://thuvienphapluat.vn/van-ban/Bo-may-hanh-chinh/Quyet-dinh-635-QD-BNV-2025-cong-bo-thu-tuc-hanh-chinh-noi-bo-linh-vuc-Thi-dua-khen-thuong-662887.aspx
2025-07-09 10:41:54,737 - INFO - ✅ Đã lấy link: https://thuvienphapluat.vn/van-ban/Bo-may-hanh-chinh/Quyet-dinh-31-2025-QD-UBND-nhiem-vu-quyen-han-co-cau-to-chuc-Thanh-tra-Binh-Duong-662048.aspx
2025-07-09 10:41:54,741 - INFO - ✅ Đã lấy link: https://thuvienphapluat.vn/van-ban/Bo-may-hanh-chinh/Quyet-dinh-2053-QD-UBND-2025-Danh-muc-dich-vu-cong-truc-tuyen-toan-trinh-So-Van-hoa-Thanh-Hoa-662009.aspx
2025-07-09 10:41:54,744 - INFO - ✅ Đã lấy link: https://thuvienphapluat.vn/van-ban/Bo-may-hanh-chinh/Thong-tu-47-2025-TT-BTC-bai-bo-Thong-tu-thu-tuc-hai-quan-hang-hoa-xuat-khau-boi-canh-dich-Covid19-662226.aspx
2025-07-09 10:41:54,748 - INFO - ✅ Đã lấy link: https://thuvienphapluat.vn/van-ban/Bo-may-hanh-chinh/Quyet-dinh-5774-QD-KBNN-2025-so-luong-phong-tham-muu-phong-giao-dich-thuoc-Kho-bac-Nha-nuoc-XX-663653.aspx
2025-07-09 10:41:54,752 - INFO - ✅ Đã lấy link: https://thuvienphapluat.vn/van-ban/Bo-may-hanh-chinh/Quyet-dinh-5771-QD-KBNN-2025-so-luong-phong-tham-muu-phong-giao-dich-thuoc-Kho-bac-Nha-nuoc-XVII-663652.aspx
2025-07-09 10:41:54,757 - INFO - ✅ Đã lấy link: https://thuvienphapluat.vn/van-ban/Bo-may-hanh-chinh/Quyet-dinh-5770-QD-KBNN-2025-so-luong-phong-tham-muu-Phong-giao-dich-thuoc-Kho-bac-Nha-nuoc-XVI-663651.aspx
2025-07-09 10:41:54,760 - INFO - ✅ Đã lấy link: https://thuvienphapluat.vn/van-ban/Bo-may-hanh-chinh/Quyet-dinh-5769-QD-KBNN-2025-so-luong-phong-tham-muu-Phong-giao-dich-thuoc-Kho-bac-Nha-nuoc-XV-663650.aspx
2025-07-09 10:41:54,764 - INFO - ✅ Đã lấy link: https://thuvienphapluat.vn/van-ban/Bo-may-hanh-chinh/Quyet-dinh-5768-QD-KBNN-2025-so-luong-phong-tham-muu-Phong-giao-dich-thuoc-Kho-bac-Nha-nuoc-XIV-663649.aspx
2025-07-09 10:41:54,767 - INFO - ✅ Đã lấy link: https://thuvienphapluat.vn/van-ban/Bo-may-hanh-chinh/Quyet-dinh-5767-QD-KBNN-2025-so-luong-phong-tham-muu-Phong-giao-dich-thuoc-Kho-bac-Nha-nuoc-XIII-663648.aspx
2025-07-09 10:41:54,771 - INFO - ✅ Đã lấy link: https://thuvienphapluat.vn/van-ban/Bo-may-hanh-chinh/Quyet-dinh-5766-QD-KBNN-2025-so-luong-phong-tham-muu-phong-giao-dich-thuoc-Kho-bac-Nha-nuoc-XII-663647.aspx
2025-07-09 10:41:54,775 - INFO - ✅ Đã lấy link: https://thuvienphapluat.vn/van-ban/Bo-may-hanh-chinh/Quyet-dinh-5773-QD-KBNN-2025-tru-so-Phong-giao-dich-thuoc-Kho-bac-Nha-nuoc-khu-vuc-XIX-663636.aspx
2025-07-09 10:41:54,778 - INFO - ✅ Đã lấy link: https://thuvienphapluat.vn/van-ban/Bo-may-hanh-chinh/Quyet-dinh-5772-QD-KBNN-2025-tru-so-Phong-giao-dich-thuoc-Kho-bac-Nha-nuoc-khu-vuc-XVIII-663635.aspx
2025-07-09 10:41:54,782 - INFO - ✅ Đã lấy link: https://thuvienphapluat.vn/van-ban/Bo-may-hanh-chinh/Quyet-dinh-5765-QD-KBNN-2025-tru-so-Phong-giao-dich-thuoc-Kho-bac-Nha-nuoc-khu-vuc-XI-663634.aspx
2025-07-09 10:41:54,782 - INFO - ➡️ Đang truy cập: https://thuvienphapluat.vn/page/searchlegal.aspx?keyword=&area=0&match=True&type=0&status=1&signer=0&sort=1&lan=1&scan=0&org=0&fields=15&chlbg=09/07/1945&chlend=09/07/2035&page=18
2025-07-09 10:41:55,280 - INFO - ⏳ Chờ 7.04s giả lập người dùng...
2025-07-09 10:42:06,605 - INFO - 🧭 Tiêu đề trang: Tra cứu Văn Bản Pháp Luật
2025-07-09 10:42:06,622 - INFO - ✅ Đã lấy link: https://thuvienphapluat.vn/van-ban/Bo-may-hanh-chinh/Thong-tu-07-2025-TT-BKHCN-phan-cap-chinh-quyen-dia-phuong-02-cap-linh-vuc-tieu-chuan-do-luong-662181.aspx
2025-07-09 10:42:06,625 - INFO - ✅ Đã lấy link: https://thuvienphapluat.vn/van-ban/Bo-may-hanh-chinh/Quyet-dinh-32-2025-QD-UBND-sua-doi-Dieu-3-cua-Quy-dinh-chuc-nang-Truong-Cao-dang-Dak-Lak-661759.aspx
2025-07-09 10:42:06,629 - INFO - ✅ Đã lấy link: https://thuvienphapluat.vn/van-ban/Bo-may-hanh-chinh/Quyet-dinh-638-QD-BNV-2025-cong-bo-thu-tuc-hanh-chinh-noi-bo-giua-cac-co-quan-hanh-chinh-Nha-nuoc-661915.aspx
2025-07-09 10:42:06,633 - INFO - ✅ Đã lấy link: https://thuvienphapluat.vn/van-ban/Bo-may-hanh-chinh/Quyet-dinh-637-QD-BNV-2025-cong-bo-thu-tuc-hanh-chinh-sua-doi-linh-vuc-Thi-dua-khen-thuong-661914.aspx
2025-07-09 10:42:06,636 - INFO - ✅ Đã lấy link: https://thuvienphapluat.vn/van-ban/Lao-dong-Tien-luong/Quyet-dinh-636-QD-BNV-2025-cong-bo-thu-tuc-hanh-chinh-linh-vuc-viec-lam-661913.aspx
2025-07-09 10:42:06,640 - INFO - ✅ Đã lấy link: https://thuvienphapluat.vn/van-ban/Lao-dong-Tien-luong/Quyet-dinh-628-QD-BNV-2025-cong-bo-thu-tuc-hanh-chinh-sua-doi-linh-vuc-lao-dong-tien-luong-661912.aspx
2025-07-09 10:42:06,644 - INFO - ✅ Đã lấy link: https://thuvienphapluat.vn/van-ban/Lao-dong-Tien-luong/Quyet-dinh-640-QD-BNV-2025-cong-bo-thu-tuc-hanh-chinh-linh-vuc-quan-ly-lao-dong-ngoai-nuoc-661918.aspx
2025-07-09 10:42:06,647 - INFO - ✅ Đã lấy link: https://thuvienphapluat.vn/van-ban/Bo-may-hanh-chinh/Quyet-dinh-1650-QD-BGDDT-2025-cong-bo-thu-tuc-hanh-chinh-sua-doi-thuoc-quan-ly-cua-Bo-Giao-duc-662037.aspx
2025-07-09 10:42:06,651 - INFO - ✅ Đã lấy link: https://thuvienphapluat.vn/van-ban/Lao-dong-Tien-luong/Quyet-dinh-1649-QD-BGDDT-2025-cong-bo-thu-tuc-hanh-chinh-sua-doi-giao-duc-dao-tao-nuoc-ngoai-662036.aspx
2025-07-09 10:42:06,654 - INFO - ✅ Đã lấy link: https://thuvienphapluat.vn/van-ban/Bo-may-hanh-chinh/Quyet-dinh-949-QD-UBND-2025-cong-bo-dich-vu-cong-truc-tuyen-toan-trinh-So-Khoa-hoc-Quang-Ngai-662221.aspx
2025-07-09 10:42:06,658 - INFO - ✅ Đã lấy link: https://thuvienphapluat.vn/van-ban/Bo-may-hanh-chinh/Quyet-dinh-5732-QD-KBNN-2025-nhiem-vu-quyen-han-Kho-bac-Nha-nuoc-khu-vuc-663621.aspx
2025-07-09 10:42:06,662 - INFO - ✅ Đã lấy link: https://thuvienphapluat.vn/van-ban/Bo-may-hanh-chinh/Quyet-dinh-5756-QD-KBNN-2025-tru-so-cua-phong-giao-dich-thuoc-Kho-bac-Nha-nuoc-khu-vuc-II-663618.aspx
2025-07-09 10:42:06,666 - INFO - ✅ Đã lấy link: https://thuvienphapluat.vn/van-ban/Bat-dong-san/Thong-tu-23-2025-TT-BNNMT-phan-cap-phan-dinh-tham-quyen-quan-ly-Nha-nuoc-linh-vuc-dat-dai-662243.aspx
2025-07-09 10:42:06,670 - INFO - ✅ Đã lấy link: https://thuvienphapluat.vn/van-ban/Bo-may-hanh-chinh/Quyet-dinh-5763-QD-KBNN-2025-so-luong-phong-tham-muu-phong-giao-dich-Kho-bac-khu-vuc-IX-663632.aspx
2025-07-09 10:42:06,673 - INFO - ✅ Đã lấy link: https://thuvienphapluat.vn/van-ban/Bo-may-hanh-chinh/Quyet-dinh-5762-QD-KBNN-2025-tru-so-Phong-giao-dich-thuoc-Kho-bac-Nha-nuoc-khu-vuc-VIII-663631.aspx
2025-07-09 10:42:06,677 - INFO - ✅ Đã lấy link: https://thuvienphapluat.vn/van-ban/Bo-may-hanh-chinh/Quyet-dinh-5764-QD-KBNN-2025-tru-so-Phong-giao-dich-thuoc-Kho-bac-Nha-nuoc-khu-vuc-X-663633.aspx
2025-07-09 10:42:06,681 - INFO - ✅ Đã lấy link: https://thuvienphapluat.vn/van-ban/Bo-may-hanh-chinh/Quyet-dinh-5761-QD-KBNN-2025-tru-so-Phong-giao-dich-thuoc-Kho-bac-Nha-nuoc-khu-vuc-VII-663630.aspx
2025-07-09 10:42:06,684 - INFO - ✅ Đã lấy link: https://thuvienphapluat.vn/van-ban/Bo-may-hanh-chinh/Quyet-dinh-5759-QD-KBNN-2025-so-luong-phong-tham-muu-Phong-giao-dich-Kho-bac-khu-vuc-V-663624.aspx
2025-07-09 10:42:06,688 - INFO - ✅ Đã lấy link: https://thuvienphapluat.vn/van-ban/Bo-may-hanh-chinh/Quyet-dinh-5758-QD-KBNN-2025-tru-so-Phong-giao-dich-thuoc-Kho-bac-Nha-nuoc-khu-vuc-IV-663623.aspx
2025-07-09 10:42:06,692 - INFO - ✅ Đã lấy link: https://thuvienphapluat.vn/van-ban/Bo-may-hanh-chinh/Quyet-dinh-5757-QD-KBNN-2025-so-luong-phong-tham-muu-phong-giao-dich-Kho-bac-khu-vuc-III-663622.aspx
2025-07-09 10:42:06,692 - INFO - ➡️ Đang truy cập: https://thuvienphapluat.vn/page/searchlegal.aspx?keyword=&area=0&match=True&type=0&status=1&signer=0&sort=1&lan=1&scan=0&org=0&fields=15&chlbg=09/07/1945&chlend=09/07/2035&page=19
2025-07-09 10:42:07,224 - INFO - ⏳ Chờ 7.27s giả lập người dùng...
2025-07-09 10:42:19,108 - INFO - 🧭 Tiêu đề trang: Tra cứu Văn Bản Pháp Luật
2025-07-09 10:42:19,124 - INFO - ✅ Đã lấy link: https://thuvienphapluat.vn/van-ban/Bo-may-hanh-chinh/Quyet-dinh-5760-QD-KBNN-2025-tru-so-phong-giao-dich-thuoc-Kho-bac-Nha-nuoc-khu-vuc-VI-663625.aspx
2025-07-09 10:42:19,127 - INFO - ✅ Đã lấy link: https://thuvienphapluat.vn/van-ban/Bo-may-hanh-chinh/Quyet-dinh-5755-QD-KBNN-2025-tru-so-Phong-giao-dich-thuoc-Kho-bac-Nha-nuoc-khu-vuc-I-663629.aspx
2025-07-09 10:42:19,131 - INFO - ✅ Đã lấy link: https://thuvienphapluat.vn/van-ban/Bo-may-hanh-chinh/%e2%80%8bNghi-quyet-10-2025-NQ-HDND-bai-bo-Nghi-quyet-13-2024-NQ-HDND-Binh-Duong-662353.aspx
2025-07-09 10:42:19,135 - INFO - ✅ Đã lấy link: https://thuvienphapluat.vn/van-ban/Bo-may-hanh-chinh/Quyet-dinh-79-2025-QD-UBND-bai-bo-toan-bo-cac-Quyet-dinh-cua-Uy-ban-tinh-Vinh-Long-663016.aspx
2025-07-09 10:42:19,139 - INFO - ✅ Đã lấy link: https://thuvienphapluat.vn/van-ban/Bo-may-hanh-chinh/Quyet-dinh-30-2025-QD-UBND-bai-bo-Quyet-dinh-43-2023-QD-UBND-Binh-Duong%e2%80%8b-662689.aspx
2025-07-09 10:42:19,142 - INFO - ✅ Đã lấy link: https://thuvienphapluat.vn/van-ban/Bo-may-hanh-chinh/Quyet-dinh-639-QD-BNV-2025-cong-bo-thu-tuc-hanh-chinh-linh-vuc-nguoi-co-cong-661917.aspx
2025-07-09 10:42:19,146 - INFO - ✅ Đã lấy link: https://thuvienphapluat.vn/van-ban/Bo-may-hanh-chinh/Quyet-dinh-38-2025-QD-UBND-bai-bo-cac-Quyet-dinh-cua-Uy-ban-nhan-dan-Dong-Thap-663014.aspx
2025-07-09 10:42:19,149 - INFO - ✅ Đã lấy link: https://thuvienphapluat.vn/van-ban/Ke-toan-Kiem-toan/Thong-tu-46-2025-TT-BTC-sua-doi-cac-Thong-tu-linh-vuc-ke-toan-kiem-toan-de-day-manh-phan-cap-phan-quyen-662484.aspx
2025-07-09 10:42:19,153 - INFO - ✅ Đã lấy link: https://thuvienphapluat.vn/van-ban/Bo-may-hanh-chinh/Quyet-dinh-35-2025-QD-UBND-bai-bo-Quyet-dinh-11-2018-QD-UBND-bao-ve-moi-truong-Ha-Tinh-662520.aspx
2025-07-09 10:42:19,156 - INFO - ✅ Đã lấy link: https://thuvienphapluat.vn/van-ban/Bo-may-hanh-chinh/Nghi-quyet-50-2025-NQ-HDND-sua-doi-Dieu-1-Nghi-quyet-43-2024-NQ-HDND-Yen-Bai-662519.aspx
2025-07-09 10:42:19,161 - INFO - ✅ Đã lấy link: https://thuvienphapluat.vn/van-ban/Bo-may-hanh-chinh/Quyet-dinh-627-QD-BNV-2025-cong-bo-thu-tuc-hanh-chinh-sua-doi-linh-vuc-quan-ly-hoi-quy-661911.aspx
2025-07-09 10:42:19,165 - INFO - ✅ Đã lấy link: https://thuvienphapluat.vn/van-ban/Dau-tu/Quyet-dinh-512-QD-UBND-2025-Quy-trinh-thu-tuc-hanh-chinh-linh-vuc-dau-thau-So-Tai-chinh-Kon-Tum-661827.aspx
2025-07-09 10:42:19,169 - INFO - ✅ Đã lấy link: https://thuvienphapluat.vn/van-ban/Bo-may-hanh-chinh/Quyet-dinh-1286-QD-UBND-2025-cong-bo-thu-tuc-hanh-chinh-Nong-nghiep-Moi-truong-Uy-ban-xa-Bac-Lieu-661826.aspx
2025-07-09 10:42:19,172 - INFO - ✅ Đã lấy link: https://thuvienphapluat.vn/van-ban/Bo-may-hanh-chinh/Quyet-dinh-1752-QD-BCT-2025-cong-bo-thu-tuc-hanh-chinh-sua-doi-linh-vuc-Bo-Cong-Thuong-661835.aspx
2025-07-09 10:42:19,176 - INFO - ✅ Đã lấy link: https://thuvienphapluat.vn/van-ban/Bo-may-hanh-chinh/Quyet-dinh-2215-QD-BNNMT-2025-Ke-hoach-danh-gia-hieu-qua-cong-tac-pho-bien-giao-duc-phap-luat-662446.aspx
2025-07-09 10:42:19,179 - INFO - ✅ Đã lấy link: https://thuvienphapluat.vn/van-ban/Bo-may-hanh-chinh/Thong-tu-38-2025-TT-BCT-sua-doi-quy-dinh-ve-phan-cap-thuc-hien-thu-tuc-hanh-chinh-662076.aspx
2025-07-09 10:42:19,183 - INFO - ✅ Đã lấy link: https://thuvienphapluat.vn/van-ban/Bo-may-hanh-chinh/Thong-tu-18-2025-TT-BNNMT-phan-quyen-quan-ly-Nha-nuoc-trong-linh-vuc-de-dieu-662385.aspx
2025-07-09 10:42:19,187 - INFO - ✅ Đã lấy link: https://thuvienphapluat.vn/van-ban/Bo-may-hanh-chinh/Quyet-dinh-1913-QD-UBND-2025-sap-xep-tai-san-don-vi-hanh-chinh-cap-xa-khi-sap-nhap-dia-phuong-Hai-Phong-662008.aspx
2025-07-09 10:42:19,191 - INFO - ✅ Đã lấy link: https://thuvienphapluat.vn/van-ban/Bo-may-hanh-chinh/Quyet-dinh-40-2025-QD-UBND-bai-bo-Quyet-dinh-14-2017-QD-UBND-Hai-Phong-661933.aspx
2025-07-09 10:42:19,194 - INFO - ✅ Đã lấy link: https://thuvienphapluat.vn/van-ban/Bo-may-hanh-chinh/Quyet-dinh-3090-QD-UBND-2025-bai-bo-Quyet-dinh-81-2008-QD-UBND-Ho-Chi-Minh-661828.aspx
2025-07-09 10:42:19,194 - INFO - ➡️ Đang truy cập: https://thuvienphapluat.vn/page/searchlegal.aspx?keyword=&area=0&match=True&type=0&status=1&signer=0&sort=1&lan=1&scan=0&org=0&fields=15&chlbg=09/07/1945&chlend=09/07/2035&page=20
2025-07-09 10:42:19,636 - INFO - ⏳ Chờ 5.97s giả lập người dùng...
2025-07-09 10:42:28,667 - INFO - 🧭 Tiêu đề trang: THƯ VIỆN PHÁP LUẬT _ Tra cứu, Nắm bắt Pháp Luật Việt Nam
2025-07-09 10:42:46,819 - ERROR - ❌ Lỗi tại trang 20: Message: 
Stacktrace:
#0 0x5846800a523a <unknown>
#1 0x58467fb4fab0 <unknown>
#2 0x58467fba16f0 <unknown>
#3 0x58467fba18e1 <unknown>
#4 0x58467fbefb94 <unknown>
#5 0x58467fbc71cd <unknown>
#6 0x58467fbecfee <unknown>
#7 0x58467fbc6f73 <unknown>
#8 0x58467fb93aeb <unknown>
#9 0x58467fb94751 <unknown>
#10 0x584680069b4b <unknown>
#11 0x58468006d929 <unknown>
#12 0x584680050929 <unknown>
#13 0x58468006e4e8 <unknown>
#14 0x5846800350df <unknown>
#15 0x5846800928e8 <unknown>
#16 0x584680092ac6 <unknown>
#17 0x5846800a4556 <unknown>
#18 0x7a5b81c14609 start_thread

2025-07-09 10:42:46,831 - INFO - ➡️ Đang truy cập: https://thuvienphapluat.vn/page/searchlegal.aspx?keyword=&area=0&match=True&type=0&status=1&signer=0&sort=1&lan=1&scan=0&org=0&fields=15&chlbg=09/07/1945&chlend=09/07/2035&page=21
2025-07-09 10:42:47,255 - INFO - ⏳ Chờ 6.88s giả lập người dùng...
2025-07-09 10:42:58,554 - INFO - 🧭 Tiêu đề trang: THƯ VIỆN PHÁP LUẬT _ Tra cứu, Nắm bắt Pháp Luật Việt Nam
2025-07-09 10:43:16,675 - ERROR - ❌ Lỗi tại trang 21: Message: 
Stacktrace:
#0 0x5846800a523a <unknown>
#1 0x58467fb4fab0 <unknown>
#2 0x58467fba16f0 <unknown>
#3 0x58467fba18e1 <unknown>
#4 0x58467fbefb94 <unknown>
#5 0x58467fbc71cd <unknown>
#6 0x58467fbecfee <unknown>
#7 0x58467fbc6f73 <unknown>
#8 0x58467fb93aeb <unknown>
#9 0x58467fb94751 <unknown>
#10 0x584680069b4b <unknown>
#11 0x58468006d929 <unknown>
#12 0x584680050929 <unknown>
#13 0x58468006e4e8 <unknown>
#14 0x5846800350df <unknown>
#15 0x5846800928e8 <unknown>
#16 0x584680092ac6 <unknown>
#17 0x5846800a4556 <unknown>
#18 0x7a5b81c14609 start_thread

2025-07-09 10:43:16,687 - INFO - ➡️ Đang truy cập: https://thuvienphapluat.vn/page/searchlegal.aspx?keyword=&area=0&match=True&type=0&status=1&signer=0&sort=1&lan=1&scan=0&org=0&fields=15&chlbg=09/07/1945&chlend=09/07/2035&page=22
2025-07-09 10:43:17,097 - INFO - ⏳ Chờ 7.00s giả lập người dùng...
2025-07-09 10:43:28,653 - INFO - 🧭 Tiêu đề trang: THƯ VIỆN PHÁP LUẬT _ Tra cứu, Nắm bắt Pháp Luật Việt Nam
2025-07-09 10:43:46,788 - ERROR - ❌ Lỗi tại trang 22: Message: 
Stacktrace:
#0 0x5846800a523a <unknown>
#1 0x58467fb4fab0 <unknown>
#2 0x58467fba16f0 <unknown>
#3 0x58467fba18e1 <unknown>
#4 0x58467fbefb94 <unknown>
#5 0x58467fbc71cd <unknown>
#6 0x58467fbecfee <unknown>
#7 0x58467fbc6f73 <unknown>
#8 0x58467fb93aeb <unknown>
#9 0x58467fb94751 <unknown>
#10 0x584680069b4b <unknown>
#11 0x58468006d929 <unknown>
#12 0x584680050929 <unknown>
#13 0x58468006e4e8 <unknown>
#14 0x5846800350df <unknown>
#15 0x5846800928e8 <unknown>
#16 0x584680092ac6 <unknown>
#17 0x5846800a4556 <unknown>
#18 0x7a5b81c14609 start_thread

2025-07-09 10:43:46,808 - INFO - ➡️ Đang truy cập: https://thuvienphapluat.vn/page/searchlegal.aspx?keyword=&area=0&match=True&type=0&status=1&signer=0&sort=1&lan=1&scan=0&org=0&fields=15&chlbg=09/07/1945&chlend=09/07/2035&page=23
2025-07-09 10:43:47,188 - INFO - ⏳ Chờ 7.67s giả lập người dùng...
2025-07-09 10:43:58,598 - INFO - 🧭 Tiêu đề trang: THƯ VIỆN PHÁP LUẬT _ Tra cứu, Nắm bắt Pháp Luật Việt Nam
2025-07-09 10:44:16,751 - ERROR - ❌ Lỗi tại trang 23: Message: 
Stacktrace:
#0 0x5846800a523a <unknown>
#1 0x58467fb4fab0 <unknown>
#2 0x58467fba16f0 <unknown>
#3 0x58467fba18e1 <unknown>
#4 0x58467fbefb94 <unknown>
#5 0x58467fbc71cd <unknown>
#6 0x58467fbecfee <unknown>
#7 0x58467fbc6f73 <unknown>
#8 0x58467fb93aeb <unknown>
#9 0x58467fb94751 <unknown>
#10 0x584680069b4b <unknown>
#11 0x58468006d929 <unknown>
#12 0x584680050929 <unknown>
#13 0x58468006e4e8 <unknown>
#14 0x5846800350df <unknown>
#15 0x5846800928e8 <unknown>
#16 0x584680092ac6 <unknown>
#17 0x5846800a4556 <unknown>
#18 0x7a5b81c14609 start_thread

2025-07-09 10:44:16,762 - INFO - ➡️ Đang truy cập: https://thuvienphapluat.vn/page/searchlegal.aspx?keyword=&area=0&match=True&type=0&status=1&signer=0&sort=1&lan=1&scan=0&org=0&fields=15&chlbg=09/07/1945&chlend=09/07/2035&page=24
2025-07-09 10:44:17,188 - INFO - ⏳ Chờ 7.22s giả lập người dùng...
2025-07-09 10:44:29,067 - INFO - 🧭 Tiêu đề trang: THƯ VIỆN PHÁP LUẬT _ Tra cứu, Nắm bắt Pháp Luật Việt Nam
2025-07-09 10:44:47,209 - ERROR - ❌ Lỗi tại trang 24: Message: 
Stacktrace:
#0 0x5846800a523a <unknown>
#1 0x58467fb4fab0 <unknown>
#2 0x58467fba16f0 <unknown>
#3 0x58467fba18e1 <unknown>
#4 0x58467fbefb94 <unknown>
#5 0x58467fbc71cd <unknown>
#6 0x58467fbecfee <unknown>
#7 0x58467fbc6f73 <unknown>
#8 0x58467fb93aeb <unknown>
#9 0x58467fb94751 <unknown>
#10 0x584680069b4b <unknown>
#11 0x58468006d929 <unknown>
#12 0x584680050929 <unknown>
#13 0x58468006e4e8 <unknown>
#14 0x5846800350df <unknown>
#15 0x5846800928e8 <unknown>
#16 0x584680092ac6 <unknown>
#17 0x5846800a4556 <unknown>
#18 0x7a5b81c14609 start_thread

2025-07-09 10:44:47,220 - INFO - ➡️ Đang truy cập: https://thuvienphapluat.vn/page/searchlegal.aspx?keyword=&area=0&match=True&type=0&status=1&signer=0&sort=1&lan=1&scan=0&org=0&fields=15&chlbg=09/07/1945&chlend=09/07/2035&page=25
2025-07-09 10:44:47,594 - INFO - ⏳ Chờ 7.88s giả lập người dùng...
2025-07-09 10:44:59,406 - INFO - 🧭 Tiêu đề trang: THƯ VIỆN PHÁP LUẬT _ Tra cứu, Nắm bắt Pháp Luật Việt Nam
2025-07-09 10:45:17,579 - ERROR - ❌ Lỗi tại trang 25: Message: 
Stacktrace:
#0 0x5846800a523a <unknown>
#1 0x58467fb4fab0 <unknown>
#2 0x58467fba16f0 <unknown>
#3 0x58467fba18e1 <unknown>
#4 0x58467fbefb94 <unknown>
#5 0x58467fbc71cd <unknown>
#6 0x58467fbecfee <unknown>
#7 0x58467fbc6f73 <unknown>
#8 0x58467fb93aeb <unknown>
#9 0x58467fb94751 <unknown>
#10 0x584680069b4b <unknown>
#11 0x58468006d929 <unknown>
#12 0x584680050929 <unknown>
#13 0x58468006e4e8 <unknown>
#14 0x5846800350df <unknown>
#15 0x5846800928e8 <unknown>
#16 0x584680092ac6 <unknown>
#17 0x5846800a4556 <unknown>
#18 0x7a5b81c14609 start_thread

2025-07-09 10:45:17,590 - INFO - ➡️ Đang truy cập: https://thuvienphapluat.vn/page/searchlegal.aspx?keyword=&area=0&match=True&type=0&status=1&signer=0&sort=1&lan=1&scan=0&org=0&fields=15&chlbg=09/07/1945&chlend=09/07/2035&page=26
2025-07-09 10:45:17,961 - INFO - ⏳ Chờ 7.00s giả lập người dùng...
2025-07-09 10:45:28,880 - INFO - 🧭 Tiêu đề trang: THƯ VIỆN PHÁP LUẬT _ Tra cứu, Nắm bắt Pháp Luật Việt Nam
2025-07-09 10:45:47,038 - ERROR - ❌ Lỗi tại trang 26: Message: 
Stacktrace:
#0 0x5846800a523a <unknown>
#1 0x58467fb4fab0 <unknown>
#2 0x58467fba16f0 <unknown>
#3 0x58467fba18e1 <unknown>
#4 0x58467fbefb94 <unknown>
#5 0x58467fbc71cd <unknown>
#6 0x58467fbecfee <unknown>
#7 0x58467fbc6f73 <unknown>
#8 0x58467fb93aeb <unknown>
#9 0x58467fb94751 <unknown>
#10 0x584680069b4b <unknown>
#11 0x58468006d929 <unknown>
#12 0x584680050929 <unknown>
#13 0x58468006e4e8 <unknown>
#14 0x5846800350df <unknown>
#15 0x5846800928e8 <unknown>
#16 0x584680092ac6 <unknown>
#17 0x5846800a4556 <unknown>
#18 0x7a5b81c14609 start_thread

2025-07-09 10:45:47,060 - INFO - ➡️ Đang truy cập: https://thuvienphapluat.vn/page/searchlegal.aspx?keyword=&area=0&match=True&type=0&status=1&signer=0&sort=1&lan=1&scan=0&org=0&fields=15&chlbg=09/07/1945&chlend=09/07/2035&page=27
2025-07-09 10:45:47,431 - INFO - ⏳ Chờ 5.90s giả lập người dùng...
2025-07-09 10:45:56,716 - INFO - 🧭 Tiêu đề trang: THƯ VIỆN PHÁP LUẬT _ Tra cứu, Nắm bắt Pháp Luật Việt Nam
2025-07-09 10:46:14,883 - ERROR - ❌ Lỗi tại trang 27: Message: 
Stacktrace:
#0 0x5846800a523a <unknown>
#1 0x58467fb4fab0 <unknown>
#2 0x58467fba16f0 <unknown>
#3 0x58467fba18e1 <unknown>
#4 0x58467fbefb94 <unknown>
#5 0x58467fbc71cd <unknown>
#6 0x58467fbecfee <unknown>
#7 0x58467fbc6f73 <unknown>
#8 0x58467fb93aeb <unknown>
#9 0x58467fb94751 <unknown>
#10 0x584680069b4b <unknown>
#11 0x58468006d929 <unknown>
#12 0x584680050929 <unknown>
#13 0x58468006e4e8 <unknown>
#14 0x5846800350df <unknown>
#15 0x5846800928e8 <unknown>
#16 0x584680092ac6 <unknown>
#17 0x5846800a4556 <unknown>
#18 0x7a5b81c14609 start_thread

2025-07-09 10:46:14,894 - INFO - ➡️ Đang truy cập: https://thuvienphapluat.vn/page/searchlegal.aspx?keyword=&area=0&match=True&type=0&status=1&signer=0&sort=1&lan=1&scan=0&org=0&fields=15&chlbg=09/07/1945&chlend=09/07/2035&page=28
2025-07-09 10:46:15,250 - INFO - ⏳ Chờ 5.37s giả lập người dùng...
2025-07-09 10:46:24,626 - INFO - 🧭 Tiêu đề trang: THƯ VIỆN PHÁP LUẬT _ Tra cứu, Nắm bắt Pháp Luật Việt Nam
2025-07-09 10:46:32,548 - WARNING - Retrying (Retry(total=2, connect=None, read=None, redirect=None, status=None)) after connection broken by 'ConnectionResetError(104, 'Connection reset by peer')': /session/f40d949d461bca0b504126a0324803f5
2025-07-09 10:46:32,549 - WARNING - Retrying (Retry(total=1, connect=None, read=None, redirect=None, status=None)) after connection broken by 'NewConnectionError('<urllib3.connection.HTTPConnection object at 0x7f3827ca2de0>: Failed to establish a new connection: [Errno 111] Connection refused')': /session/f40d949d461bca0b504126a0324803f5
2025-07-09 10:46:32,550 - WARNING - Retrying (Retry(total=0, connect=None, read=None, redirect=None, status=None)) after connection broken by 'NewConnectionError('<urllib3.connection.HTTPConnection object at 0x7f3827ca2f60>: Failed to establish a new connection: [Errno 111] Connection refused')': /session/f40d949d461bca0b504126a0324803f5
